<?xml version="1.0"?>
<link_info>
   <banner>TMS320C6x Linker PC v7.4.20</banner>
   <copyright>Copyright (c) 1996-2015 Texas Instruments Incorporated</copyright>
   <link_time>0x58ba2efd</link_time>
   <output_file>InputMic.out</output_file>
   <entry_point>
      <name>_c_int00</name>
      <address>0x3900</address>
   </entry_point>
   <input_file_list>
      <input_file id="fl-2">
         <path>.\Source\</path>
         <kind>object</kind>
         <file>Vectors_intr.obj</file>
         <name>Vectors_intr.obj</name>
      </input_file>
      <input_file id="fl-3">
         <path>.\Source\</path>
         <kind>object</kind>
         <file>asmfunc.obj</file>
         <name>asmfunc.obj</name>
      </input_file>
      <input_file id="fl-4">
         <path>.\Source\</path>
         <kind>object</kind>
         <file>c6713dskinit.obj</file>
         <name>c6713dskinit.obj</name>
      </input_file>
      <input_file id="fl-5">
         <path>.\Source\</path>
         <kind>object</kind>
         <file>main.obj</file>
         <name>main.obj</name>
      </input_file>
      <input_file id="fl-83">
         <path>C:\ti\ccsv7\tools\compiler\c6000_7.4.20\lib\</path>
         <kind>archive</kind>
         <file>rts6200.lib</file>
         <name>addd.obj</name>
      </input_file>
      <input_file id="fl-84">
         <path>C:\ti\ccsv7\tools\compiler\c6000_7.4.20\lib\</path>
         <kind>archive</kind>
         <file>rts6200.lib</file>
         <name>boot.obj</name>
      </input_file>
      <input_file id="fl-85">
         <path>C:\ti\ccsv7\tools\compiler\c6000_7.4.20\lib\</path>
         <kind>archive</kind>
         <file>rts6200.lib</file>
         <name>exit.obj</name>
      </input_file>
      <input_file id="fl-86">
         <path>C:\ti\ccsv7\tools\compiler\c6000_7.4.20\lib\</path>
         <kind>archive</kind>
         <file>rts6200.lib</file>
         <name>fixdi.obj</name>
      </input_file>
      <input_file id="fl-87">
         <path>C:\ti\ccsv7\tools\compiler\c6000_7.4.20\lib\</path>
         <kind>archive</kind>
         <file>rts6200.lib</file>
         <name>fltid.obj</name>
      </input_file>
      <input_file id="fl-88">
         <path>C:\ti\ccsv7\tools\compiler\c6000_7.4.20\lib\</path>
         <kind>archive</kind>
         <file>rts6200.lib</file>
         <name>frcaddd.obj</name>
      </input_file>
      <input_file id="fl-89">
         <path>C:\ti\ccsv7\tools\compiler\c6000_7.4.20\lib\</path>
         <kind>archive</kind>
         <file>rts6200.lib</file>
         <name>mpyd.obj</name>
      </input_file>
      <input_file id="fl-8a">
         <path>C:\ti\ccsv7\tools\compiler\c6000_7.4.20\lib\</path>
         <kind>archive</kind>
         <file>rts6200.lib</file>
         <name>renormd.obj</name>
      </input_file>
      <input_file id="fl-8b">
         <path>C:\ti\ccsv7\tools\compiler\c6000_7.4.20\lib\</path>
         <kind>archive</kind>
         <file>rts6200.lib</file>
         <name>args_main.obj</name>
      </input_file>
      <input_file id="fl-8c">
         <path>C:\ti\ccsv7\tools\compiler\c6000_7.4.20\lib\</path>
         <kind>archive</kind>
         <file>rts6200.lib</file>
         <name>autoinit.obj</name>
      </input_file>
      <input_file id="fl-8d">
         <path>C:\ti\ccsv7\tools\compiler\c6000_7.4.20\lib\</path>
         <kind>archive</kind>
         <file>rts6200.lib</file>
         <name>cpp_init.obj</name>
      </input_file>
      <input_file id="fl-8e">
         <path>C:\ti\ccsv7\tools\compiler\c6000_7.4.20\lib\</path>
         <kind>archive</kind>
         <file>rts6200.lib</file>
         <name>cpy_tbl.obj</name>
      </input_file>
      <input_file id="fl-8f">
         <path>C:\ti\ccsv7\tools\compiler\c6000_7.4.20\lib\</path>
         <kind>archive</kind>
         <file>rts6200.lib</file>
         <name>frcmpyd.obj</name>
      </input_file>
      <input_file id="fl-90">
         <path>C:\ti\ccsv7\tools\compiler\c6000_7.4.20\lib\</path>
         <kind>archive</kind>
         <file>rts6200.lib</file>
         <name>memcpy62.obj</name>
      </input_file>
      <input_file id="fl-91">
         <path>C:\ti\ccsv7\ccs_base\C6xCSL\lib_3x\</path>
         <kind>archive</kind>
         <file>csl6713.lib</file>
         <name>csl_irq.obj</name>
      </input_file>
      <input_file id="fl-92">
         <path>C:\ti\ccsv7\ccs_base\C6xCSL\lib_3x\</path>
         <kind>archive</kind>
         <file>csl6713.lib</file>
         <name>csl_mcbsp.obj</name>
      </input_file>
      <input_file id="fl-93">
         <path>C:\ti\dsk6713\lib\</path>
         <kind>archive</kind>
         <file>dsk6713bsl.lib</file>
         <name>dsk6713.obj</name>
      </input_file>
      <input_file id="fl-94">
         <path>C:\ti\dsk6713\lib\</path>
         <kind>archive</kind>
         <file>dsk6713bsl.lib</file>
         <name>dsk6713_aic23_opencodec.obj</name>
      </input_file>
      <input_file id="fl-95">
         <path>C:\ti\dsk6713\lib\</path>
         <kind>archive</kind>
         <file>dsk6713bsl.lib</file>
         <name>dsk6713_aic23_registers.obj</name>
      </input_file>
      <input_file id="fl-96">
         <path>C:\ti\dsk6713\lib\</path>
         <kind>archive</kind>
         <file>dsk6713bsl.lib</file>
         <name>dsk6713_aic23_setfreq.obj</name>
      </input_file>
      <input_file id="fl-97">
         <path>C:\ti\ccsv7\tools\compiler\c6000_7.4.20\lib\</path>
         <kind>archive</kind>
         <file>rts6200.lib</file>
         <name>strasg.obj</name>
      </input_file>
   </input_file_list>
   <object_component_list>
      <object_component id="oc-10">
         <name>.vectors</name>
         <load_address>0x0</load_address>
         <run_address>0x0</run_address>
         <size>0x200</size>
         <input_file_ref idref="fl-2"/>
      </object_component>
      <object_component id="oc-7f">
         <name>.text</name>
         <load_address>0x220</load_address>
         <run_address>0x220</run_address>
         <size>0x7e0</size>
         <input_file_ref idref="fl-4"/>
      </object_component>
      <object_component id="oc-21">
         <name>.text:retain</name>
         <load_address>0xa00</load_address>
         <run_address>0xa00</run_address>
         <size>0x680</size>
         <input_file_ref idref="fl-5"/>
      </object_component>
      <object_component id="oc-86">
         <name>.text</name>
         <load_address>0x1080</load_address>
         <run_address>0x1080</run_address>
         <size>0x580</size>
         <input_file_ref idref="fl-5"/>
      </object_component>
      <object_component id="oc-5d">
         <name>.text</name>
         <load_address>0x1600</load_address>
         <run_address>0x1600</run_address>
         <size>0x480</size>
         <input_file_ref idref="fl-93"/>
      </object_component>
      <object_component id="oc-89">
         <name>.text:__frcaddd</name>
         <load_address>0x1a80</load_address>
         <run_address>0x1a80</run_address>
         <size>0x320</size>
         <input_file_ref idref="fl-88"/>
      </object_component>
      <object_component id="oc-63">
         <name>.text</name>
         <load_address>0x1da0</load_address>
         <run_address>0x1da0</run_address>
         <size>0x320</size>
         <input_file_ref idref="fl-94"/>
      </object_component>
      <object_component id="oc-7d">
         <name>.text:__addd</name>
         <load_address>0x20c0</load_address>
         <run_address>0x20c0</run_address>
         <size>0x300</size>
         <input_file_ref idref="fl-83"/>
      </object_component>
      <object_component id="oc-7c">
         <name>.text:__mpyd</name>
         <load_address>0x23c0</load_address>
         <run_address>0x23c0</run_address>
         <size>0x2e0</size>
         <input_file_ref idref="fl-89"/>
      </object_component>
      <object_component id="oc-84">
         <name>.text:_memcpy</name>
         <load_address>0x26a0</load_address>
         <run_address>0x26a0</run_address>
         <size>0x240</size>
         <input_file_ref idref="fl-90"/>
      </object_component>
      <object_component id="oc-8e">
         <name>.text:_IRQ_map</name>
         <load_address>0x28e0</load_address>
         <run_address>0x28e0</run_address>
         <size>0x1c0</size>
         <input_file_ref idref="fl-91"/>
      </object_component>
      <object_component id="oc-97">
         <name>.text:_MCBSP_reset</name>
         <load_address>0x2aa0</load_address>
         <run_address>0x2aa0</run_address>
         <size>0x1a0</size>
         <input_file_ref idref="fl-92"/>
      </object_component>
      <object_component id="oc-69">
         <name>.text</name>
         <load_address>0x2c40</load_address>
         <run_address>0x2c40</run_address>
         <size>0x160</size>
         <input_file_ref idref="fl-95"/>
      </object_component>
      <object_component id="oc-88">
         <name>.text:__frcmpyd</name>
         <load_address>0x2da0</load_address>
         <run_address>0x2da0</run_address>
         <size>0x140</size>
         <input_file_ref idref="fl-8f"/>
      </object_component>
      <object_component id="oc-81">
         <name>.text:_MCBSP_open</name>
         <load_address>0x2ee0</load_address>
         <run_address>0x2ee0</run_address>
         <size>0x100</size>
         <input_file_ref idref="fl-92"/>
      </object_component>
      <object_component id="oc-82">
         <name>.text:_MCBSP_start</name>
         <load_address>0x2fe0</load_address>
         <run_address>0x2fe0</run_address>
         <size>0x100</size>
         <input_file_ref idref="fl-92"/>
      </object_component>
      <object_component id="oc-78">
         <name>.text:__auto_init</name>
         <load_address>0x30e0</load_address>
         <run_address>0x30e0</run_address>
         <size>0x100</size>
         <input_file_ref idref="fl-8c"/>
      </object_component>
      <object_component id="oc-80">
         <name>.text:__strasg</name>
         <load_address>0x31e0</load_address>
         <run_address>0x31e0</run_address>
         <size>0xe0</size>
         <input_file_ref idref="fl-97"/>
      </object_component>
      <object_component id="oc-7a">
         <name>.text:_exit</name>
         <load_address>0x32c0</load_address>
         <run_address>0x32c0</run_address>
         <size>0xe0</size>
         <input_file_ref idref="fl-85"/>
      </object_component>
      <object_component id="oc-14">
         <name>.text</name>
         <load_address>0x33a0</load_address>
         <run_address>0x33a0</run_address>
         <size>0xe0</size>
         <input_file_ref idref="fl-3"/>
      </object_component>
      <object_component id="oc-83">
         <name>.text:_copy_in</name>
         <load_address>0x3480</load_address>
         <run_address>0x3480</run_address>
         <size>0xc0</size>
         <input_file_ref idref="fl-8e"/>
      </object_component>
      <object_component id="oc-6f">
         <name>.text</name>
         <load_address>0x3540</load_address>
         <run_address>0x3540</run_address>
         <size>0xc0</size>
         <input_file_ref idref="fl-96"/>
      </object_component>
      <object_component id="oc-8a">
         <name>.text:_MCBSP_config</name>
         <load_address>0x3600</load_address>
         <run_address>0x3600</run_address>
         <size>0xa0</size>
         <input_file_ref idref="fl-92"/>
      </object_component>
      <object_component id="oc-7e">
         <name>.text:__fixdi</name>
         <load_address>0x36a0</load_address>
         <run_address>0x36a0</run_address>
         <size>0xa0</size>
         <input_file_ref idref="fl-86"/>
      </object_component>
      <object_component id="oc-98">
         <name>.text:__renormd</name>
         <load_address>0x3740</load_address>
         <run_address>0x3740</run_address>
         <size>0xa0</size>
         <input_file_ref idref="fl-8a"/>
      </object_component>
      <object_component id="oc-99">
         <name>.text:_setMux</name>
         <load_address>0x37e0</load_address>
         <run_address>0x37e0</run_address>
         <size>0xa0</size>
         <input_file_ref idref="fl-91"/>
      </object_component>
      <object_component id="oc-85">
         <name>.text:___TI_cpp_init</name>
         <load_address>0x3880</load_address>
         <run_address>0x3880</run_address>
         <size>0x80</size>
         <input_file_ref idref="fl-8d"/>
      </object_component>
      <object_component id="oc-e">
         <name>.text:_c_int00</name>
         <load_address>0x3900</load_address>
         <run_address>0x3900</run_address>
         <size>0x80</size>
         <input_file_ref idref="fl-84"/>
      </object_component>
      <object_component id="oc-7b">
         <name>.text:__fltid</name>
         <load_address>0x3980</load_address>
         <run_address>0x3980</run_address>
         <size>0x60</size>
         <input_file_ref idref="fl-87"/>
      </object_component>
      <object_component id="oc-92">
         <name>.text:_IRQ_enable</name>
         <load_address>0x39e0</load_address>
         <run_address>0x39e0</run_address>
         <size>0x40</size>
         <input_file_ref idref="fl-91"/>
      </object_component>
      <object_component id="oc-8f">
         <name>.text:_IRQ_reset</name>
         <load_address>0x3a20</load_address>
         <run_address>0x3a20</run_address>
         <size>0x40</size>
         <input_file_ref idref="fl-91"/>
      </object_component>
      <object_component id="oc-79">
         <name>.text:__args_main</name>
         <load_address>0x3a60</load_address>
         <run_address>0x3a60</run_address>
         <size>0x40</size>
         <input_file_ref idref="fl-8b"/>
      </object_component>
      <object_component id="oc-f">
         <name>.text</name>
         <load_address>0x3aa0</load_address>
         <run_address>0x3aa0</run_address>
         <size>0x20</size>
         <input_file_ref idref="fl-2"/>
      </object_component>
      <object_component id="oc-8b">
         <name>.text:_IRQ_globalDisable</name>
         <load_address>0x3ac0</load_address>
         <run_address>0x3ac0</run_address>
         <size>0x20</size>
         <input_file_ref idref="fl-91"/>
      </object_component>
      <object_component id="oc-90">
         <name>.text:_IRQ_globalEnable</name>
         <load_address>0x3ae0</load_address>
         <run_address>0x3ae0</run_address>
         <size>0x20</size>
         <input_file_ref idref="fl-91"/>
      </object_component>
      <object_component id="oc-91">
         <name>.text:_IRQ_nmiEnable</name>
         <load_address>0x3b00</load_address>
         <run_address>0x3b00</run_address>
         <size>0x20</size>
         <input_file_ref idref="fl-91"/>
      </object_component>
      <object_component id="oc-8d">
         <name>.text:_IRQ_setVecs</name>
         <load_address>0x3b20</load_address>
         <run_address>0x3b20</run_address>
         <size>0x20</size>
         <input_file_ref idref="fl-91"/>
      </object_component>
      <object_component id="oc-8c">
         <name>.text:_MCBSP_getXmtEventId</name>
         <load_address>0x3b40</load_address>
         <run_address>0x3b40</run_address>
         <size>0x20</size>
         <input_file_ref idref="fl-92"/>
      </object_component>
      <object_component id="oc-96">
         <name>.text:_MCBSP_read</name>
         <load_address>0x3b60</load_address>
         <run_address>0x3b60</run_address>
         <size>0x20</size>
         <input_file_ref idref="fl-92"/>
      </object_component>
      <object_component id="oc-95">
         <name>.text:_MCBSP_rrdy</name>
         <load_address>0x3b80</load_address>
         <run_address>0x3b80</run_address>
         <size>0x20</size>
         <input_file_ref idref="fl-92"/>
      </object_component>
      <object_component id="oc-94">
         <name>.text:_MCBSP_write</name>
         <load_address>0x3ba0</load_address>
         <run_address>0x3ba0</run_address>
         <size>0x20</size>
         <input_file_ref idref="fl-92"/>
      </object_component>
      <object_component id="oc-93">
         <name>.text:_MCBSP_xrdy</name>
         <load_address>0x3bc0</load_address>
         <run_address>0x3bc0</run_address>
         <size>0x20</size>
         <input_file_ref idref="fl-92"/>
      </object_component>
      <object_component id="oc-87">
         <name>.text:_abort</name>
         <load_address>0x3be0</load_address>
         <run_address>0x3be0</run_address>
         <size>0x20</size>
         <input_file_ref idref="fl-85"/>
      </object_component>
      <object_component id="oc-52">
         <name>.text</name>
         <load_address>0x3c00</load_address>
         <run_address>0x3c00</run_address>
         <size>0x20</size>
         <input_file_ref idref="fl-91"/>
      </object_component>
      <object_component id="oc-1f">
         <name>.cinit</name>
         <load_address>0x4c20</load_address>
         <run_address>0x4c20</run_address>
         <size>0x260</size>
         <input_file_ref idref="fl-5"/>
      </object_component>
      <object_component id="oc-53">
         <name>.cinit</name>
         <load_address>0x4e80</load_address>
         <run_address>0x4e80</run_address>
         <size>0x12c</size>
         <input_file_ref idref="fl-91"/>
      </object_component>
      <object_component id="oc-19">
         <name>.cinit</name>
         <load_address>0x4fb0</load_address>
         <run_address>0x4fb0</run_address>
         <size>0x58</size>
         <input_file_ref idref="fl-4"/>
      </object_component>
      <object_component id="oc-58">
         <name>.cinit</name>
         <load_address>0x5008</load_address>
         <run_address>0x5008</run_address>
         <size>0x54</size>
         <input_file_ref idref="fl-92"/>
      </object_component>
      <object_component id="oc-6a">
         <name>.cinit</name>
         <load_address>0x5060</load_address>
         <run_address>0x5060</run_address>
         <size>0x30</size>
         <input_file_ref idref="fl-95"/>
      </object_component>
      <object_component id="oc-2d">
         <name>.cinit</name>
         <load_address>0x5090</load_address>
         <run_address>0x5090</run_address>
         <size>0x2c</size>
         <input_file_ref idref="fl-85"/>
      </object_component>
      <object_component id="oc-70">
         <name>.cinit</name>
         <load_address>0x50c0</load_address>
         <run_address>0x50c0</run_address>
         <size>0x28</size>
         <input_file_ref idref="fl-96"/>
      </object_component>
      <object_component id="oc-29">
         <name>.stack</name>
         <uninitialized>true</uninitialized>
         <run_address>0x3c20</run_address>
         <size>0x8</size>
         <input_file_ref idref="fl-84"/>
      </object_component>
      <object_component id="oc-af">
         <name>.stack</name>
         <uninitialized>true</uninitialized>
         <run_address>0x3c20</run_address>
         <size>0x0</size>
      </object_component>
      <object_component id="oc-65">
         <name>.const</name>
         <load_address>0x54a8</load_address>
         <run_address>0x54a8</run_address>
         <size>0x40</size>
         <input_file_ref idref="fl-94"/>
      </object_component>
      <object_component id="oc-5f">
         <name>.const</name>
         <load_address>0x54e8</load_address>
         <run_address>0x54e8</run_address>
         <size>0x20</size>
         <input_file_ref idref="fl-93"/>
      </object_component>
      <object_component id="oc-1a">
         <name>.far</name>
         <uninitialized>true</uninitialized>
         <run_address>0x53b8</run_address>
         <size>0x58</size>
         <input_file_ref idref="fl-4"/>
      </object_component>
      <object_component id="oc-20">
         <name>.far</name>
         <uninitialized>true</uninitialized>
         <run_address>0x50f0</run_address>
         <size>0x1d4</size>
         <input_file_ref idref="fl-5"/>
      </object_component>
      <object_component id="oc-2e">
         <name>.far</name>
         <uninitialized>true</uninitialized>
         <run_address>0x5490</run_address>
         <size>0xc</size>
         <input_file_ref idref="fl-85"/>
      </object_component>
      <object_component id="oc-54">
         <name>.far</name>
         <uninitialized>true</uninitialized>
         <run_address>0x52c4</run_address>
         <size>0xf4</size>
         <input_file_ref idref="fl-91"/>
      </object_component>
      <object_component id="oc-59">
         <name>.far</name>
         <uninitialized>true</uninitialized>
         <run_address>0x5410</run_address>
         <size>0x38</size>
         <input_file_ref idref="fl-92"/>
      </object_component>
      <object_component id="oc-5e">
         <name>.far</name>
         <uninitialized>true</uninitialized>
         <run_address>0x54a4</run_address>
         <size>0x2</size>
         <input_file_ref idref="fl-93"/>
      </object_component>
      <object_component id="oc-64">
         <name>.far</name>
         <uninitialized>true</uninitialized>
         <run_address>0x549c</run_address>
         <size>0x8</size>
         <input_file_ref idref="fl-94"/>
      </object_component>
      <object_component id="oc-6b">
         <name>.far</name>
         <uninitialized>true</uninitialized>
         <run_address>0x5448</run_address>
         <size>0x28</size>
         <input_file_ref idref="fl-95"/>
      </object_component>
      <object_component id="oc-71">
         <name>.far</name>
         <uninitialized>true</uninitialized>
         <run_address>0x5470</run_address>
         <size>0x20</size>
         <input_file_ref idref="fl-96"/>
      </object_component>
      <object_component id="oc-11">
         <name>.debug_info</name>
         <load_address>0x0</load_address>
         <run_address>0x0</run_address>
         <size>0x10a</size>
         <input_file_ref idref="fl-2"/>
      </object_component>
      <object_component id="oc-15">
         <name>.debug_info</name>
         <load_address>0x10a</load_address>
         <run_address>0x10a</run_address>
         <size>0x1c3</size>
         <input_file_ref idref="fl-3"/>
      </object_component>
      <object_component id="oc-18">
         <name>.debug_info</name>
         <load_address>0x2cd</load_address>
         <run_address>0x2cd</run_address>
         <size>0x1641</size>
         <input_file_ref idref="fl-4"/>
      </object_component>
      <object_component id="oc-1e">
         <name>.debug_info</name>
         <load_address>0x190e</load_address>
         <run_address>0x190e</run_address>
         <size>0x133f</size>
         <input_file_ref idref="fl-5"/>
      </object_component>
      <object_component id="oc-25">
         <name>.debug_info</name>
         <load_address>0x2c4d</load_address>
         <run_address>0x2c4d</run_address>
         <size>0x721</size>
         <input_file_ref idref="fl-83"/>
      </object_component>
      <object_component id="oc-28">
         <name>.debug_info</name>
         <load_address>0x336e</load_address>
         <run_address>0x336e</run_address>
         <size>0x73c</size>
         <input_file_ref idref="fl-84"/>
      </object_component>
      <object_component id="oc-2c">
         <name>.debug_info</name>
         <load_address>0x3aaa</load_address>
         <run_address>0x3aaa</run_address>
         <size>0x877</size>
         <input_file_ref idref="fl-85"/>
      </object_component>
      <object_component id="oc-31">
         <name>.debug_info</name>
         <load_address>0x4321</load_address>
         <run_address>0x4321</run_address>
         <size>0x6bf</size>
         <input_file_ref idref="fl-86"/>
      </object_component>
      <object_component id="oc-34">
         <name>.debug_info</name>
         <load_address>0x49e0</load_address>
         <run_address>0x49e0</run_address>
         <size>0x6d8</size>
         <input_file_ref idref="fl-87"/>
      </object_component>
      <object_component id="oc-37">
         <name>.debug_info</name>
         <load_address>0x50b8</load_address>
         <run_address>0x50b8</run_address>
         <size>0x727</size>
         <input_file_ref idref="fl-88"/>
      </object_component>
      <object_component id="oc-3a">
         <name>.debug_info</name>
         <load_address>0x57df</load_address>
         <run_address>0x57df</run_address>
         <size>0x716</size>
         <input_file_ref idref="fl-89"/>
      </object_component>
      <object_component id="oc-3d">
         <name>.debug_info</name>
         <load_address>0x5ef5</load_address>
         <run_address>0x5ef5</run_address>
         <size>0x7a0</size>
         <input_file_ref idref="fl-8a"/>
      </object_component>
      <object_component id="oc-40">
         <name>.debug_info</name>
         <load_address>0x6695</load_address>
         <run_address>0x6695</run_address>
         <size>0x712</size>
         <input_file_ref idref="fl-8b"/>
      </object_component>
      <object_component id="oc-43">
         <name>.debug_info</name>
         <load_address>0x6da7</load_address>
         <run_address>0x6da7</run_address>
         <size>0x8e9</size>
         <input_file_ref idref="fl-8c"/>
      </object_component>
      <object_component id="oc-46">
         <name>.debug_info</name>
         <load_address>0x7690</load_address>
         <run_address>0x7690</run_address>
         <size>0x761</size>
         <input_file_ref idref="fl-8d"/>
      </object_component>
      <object_component id="oc-49">
         <name>.debug_info</name>
         <load_address>0x7df1</load_address>
         <run_address>0x7df1</run_address>
         <size>0x857</size>
         <input_file_ref idref="fl-8e"/>
      </object_component>
      <object_component id="oc-4c">
         <name>.debug_info</name>
         <load_address>0x8648</load_address>
         <run_address>0x8648</run_address>
         <size>0x763</size>
         <input_file_ref idref="fl-8f"/>
      </object_component>
      <object_component id="oc-4f">
         <name>.debug_info</name>
         <load_address>0x8dab</load_address>
         <run_address>0x8dab</run_address>
         <size>0x851</size>
         <input_file_ref idref="fl-90"/>
      </object_component>
      <object_component id="oc-56">
         <name>.debug_info</name>
         <load_address>0x95fc</load_address>
         <run_address>0x95fc</run_address>
         <size>0xd61</size>
         <input_file_ref idref="fl-91"/>
      </object_component>
      <object_component id="oc-5b">
         <name>.debug_info</name>
         <load_address>0xa35d</load_address>
         <run_address>0xa35d</run_address>
         <size>0xec5</size>
         <input_file_ref idref="fl-92"/>
      </object_component>
      <object_component id="oc-61">
         <name>.debug_info</name>
         <load_address>0xb222</load_address>
         <run_address>0xb222</run_address>
         <size>0xa4e</size>
         <input_file_ref idref="fl-93"/>
      </object_component>
      <object_component id="oc-67">
         <name>.debug_info</name>
         <load_address>0xbc70</load_address>
         <run_address>0xbc70</run_address>
         <size>0xa20</size>
         <input_file_ref idref="fl-94"/>
      </object_component>
      <object_component id="oc-6d">
         <name>.debug_info</name>
         <load_address>0xc690</load_address>
         <run_address>0xc690</run_address>
         <size>0xaa0</size>
         <input_file_ref idref="fl-95"/>
      </object_component>
      <object_component id="oc-73">
         <name>.debug_info</name>
         <load_address>0xd130</load_address>
         <run_address>0xd130</run_address>
         <size>0x723</size>
         <input_file_ref idref="fl-96"/>
      </object_component>
      <object_component id="oc-75">
         <name>.debug_info</name>
         <load_address>0xd853</load_address>
         <run_address>0xd853</run_address>
         <size>0x107</size>
         <input_file_ref idref="fl-97"/>
      </object_component>
      <object_component id="oc-b0">
         <name>.debug_info</name>
         <load_address>0xd95a</load_address>
         <run_address>0xd95a</run_address>
         <size>0x6e</size>
      </object_component>
      <object_component id="oc-12">
         <name>.debug_line</name>
         <load_address>0x0</load_address>
         <run_address>0x0</run_address>
         <size>0xd4</size>
         <input_file_ref idref="fl-2"/>
      </object_component>
      <object_component id="oc-16">
         <name>.debug_line</name>
         <load_address>0xd4</load_address>
         <run_address>0xd4</run_address>
         <size>0xa6</size>
         <input_file_ref idref="fl-3"/>
      </object_component>
      <object_component id="oc-1c">
         <name>.debug_line</name>
         <load_address>0x17a</load_address>
         <run_address>0x17a</run_address>
         <size>0x162</size>
         <input_file_ref idref="fl-4"/>
      </object_component>
      <object_component id="oc-23">
         <name>.debug_line</name>
         <load_address>0x2dc</load_address>
         <run_address>0x2dc</run_address>
         <size>0x257</size>
         <input_file_ref idref="fl-5"/>
      </object_component>
      <object_component id="oc-26">
         <name>.debug_line</name>
         <load_address>0x533</load_address>
         <run_address>0x533</run_address>
         <size>0x3c</size>
         <input_file_ref idref="fl-83"/>
      </object_component>
      <object_component id="oc-2a">
         <name>.debug_line</name>
         <load_address>0x56f</load_address>
         <run_address>0x56f</run_address>
         <size>0x3d</size>
         <input_file_ref idref="fl-84"/>
      </object_component>
      <object_component id="oc-2f">
         <name>.debug_line</name>
         <load_address>0x5ac</load_address>
         <run_address>0x5ac</run_address>
         <size>0x4f</size>
         <input_file_ref idref="fl-85"/>
      </object_component>
      <object_component id="oc-32">
         <name>.debug_line</name>
         <load_address>0x5fb</load_address>
         <run_address>0x5fb</run_address>
         <size>0x3d</size>
         <input_file_ref idref="fl-86"/>
      </object_component>
      <object_component id="oc-35">
         <name>.debug_line</name>
         <load_address>0x638</load_address>
         <run_address>0x638</run_address>
         <size>0x3d</size>
         <input_file_ref idref="fl-87"/>
      </object_component>
      <object_component id="oc-38">
         <name>.debug_line</name>
         <load_address>0x675</load_address>
         <run_address>0x675</run_address>
         <size>0x3f</size>
         <input_file_ref idref="fl-88"/>
      </object_component>
      <object_component id="oc-3b">
         <name>.debug_line</name>
         <load_address>0x6b4</load_address>
         <run_address>0x6b4</run_address>
         <size>0x3c</size>
         <input_file_ref idref="fl-89"/>
      </object_component>
      <object_component id="oc-3e">
         <name>.debug_line</name>
         <load_address>0x6f0</load_address>
         <run_address>0x6f0</run_address>
         <size>0x53</size>
         <input_file_ref idref="fl-8a"/>
      </object_component>
      <object_component id="oc-41">
         <name>.debug_line</name>
         <load_address>0x743</load_address>
         <run_address>0x743</run_address>
         <size>0x41</size>
         <input_file_ref idref="fl-8b"/>
      </object_component>
      <object_component id="oc-44">
         <name>.debug_line</name>
         <load_address>0x784</load_address>
         <run_address>0x784</run_address>
         <size>0x47</size>
         <input_file_ref idref="fl-8c"/>
      </object_component>
      <object_component id="oc-47">
         <name>.debug_line</name>
         <load_address>0x7cb</load_address>
         <run_address>0x7cb</run_address>
         <size>0x45</size>
         <input_file_ref idref="fl-8d"/>
      </object_component>
      <object_component id="oc-4a">
         <name>.debug_line</name>
         <load_address>0x810</load_address>
         <run_address>0x810</run_address>
         <size>0x44</size>
         <input_file_ref idref="fl-8e"/>
      </object_component>
      <object_component id="oc-4d">
         <name>.debug_line</name>
         <load_address>0x854</load_address>
         <run_address>0x854</run_address>
         <size>0x3a</size>
         <input_file_ref idref="fl-8f"/>
      </object_component>
      <object_component id="oc-50">
         <name>.debug_line</name>
         <load_address>0x88e</load_address>
         <run_address>0x88e</run_address>
         <size>0x4e</size>
         <input_file_ref idref="fl-90"/>
      </object_component>
      <object_component id="oc-57">
         <name>.debug_line</name>
         <load_address>0x8dc</load_address>
         <run_address>0x8dc</run_address>
         <size>0x120</size>
         <input_file_ref idref="fl-91"/>
      </object_component>
      <object_component id="oc-5c">
         <name>.debug_line</name>
         <load_address>0x9fc</load_address>
         <run_address>0x9fc</run_address>
         <size>0x141</size>
         <input_file_ref idref="fl-92"/>
      </object_component>
      <object_component id="oc-62">
         <name>.debug_line</name>
         <load_address>0xb3d</load_address>
         <run_address>0xb3d</run_address>
         <size>0xb2</size>
         <input_file_ref idref="fl-93"/>
      </object_component>
      <object_component id="oc-68">
         <name>.debug_line</name>
         <load_address>0xbef</load_address>
         <run_address>0xbef</run_address>
         <size>0x4f</size>
         <input_file_ref idref="fl-94"/>
      </object_component>
      <object_component id="oc-6e">
         <name>.debug_line</name>
         <load_address>0xc3e</load_address>
         <run_address>0xc3e</run_address>
         <size>0x7e</size>
         <input_file_ref idref="fl-95"/>
      </object_component>
      <object_component id="oc-74">
         <name>.debug_line</name>
         <load_address>0xcbc</load_address>
         <run_address>0xcbc</run_address>
         <size>0x50</size>
         <input_file_ref idref="fl-96"/>
      </object_component>
      <object_component id="oc-76">
         <name>.debug_line</name>
         <load_address>0xd0c</load_address>
         <run_address>0xd0c</run_address>
         <size>0x48</size>
         <input_file_ref idref="fl-97"/>
      </object_component>
      <object_component id="oc-13">
         <name>.debug_abbrev</name>
         <load_address>0x0</load_address>
         <run_address>0x0</run_address>
         <size>0x21</size>
         <input_file_ref idref="fl-2"/>
      </object_component>
      <object_component id="oc-17">
         <name>.debug_abbrev</name>
         <load_address>0x21</load_address>
         <run_address>0x21</run_address>
         <size>0x27</size>
         <input_file_ref idref="fl-3"/>
      </object_component>
      <object_component id="oc-1d">
         <name>.debug_abbrev</name>
         <load_address>0x48</load_address>
         <run_address>0x48</run_address>
         <size>0x195</size>
         <input_file_ref idref="fl-4"/>
      </object_component>
      <object_component id="oc-24">
         <name>.debug_abbrev</name>
         <load_address>0x1dd</load_address>
         <run_address>0x1dd</run_address>
         <size>0x1cb</size>
         <input_file_ref idref="fl-5"/>
      </object_component>
      <object_component id="oc-27">
         <name>.debug_abbrev</name>
         <load_address>0x3a8</load_address>
         <run_address>0x3a8</run_address>
         <size>0xda</size>
         <input_file_ref idref="fl-83"/>
      </object_component>
      <object_component id="oc-2b">
         <name>.debug_abbrev</name>
         <load_address>0x482</load_address>
         <run_address>0x482</run_address>
         <size>0xfe</size>
         <input_file_ref idref="fl-84"/>
      </object_component>
      <object_component id="oc-30">
         <name>.debug_abbrev</name>
         <load_address>0x580</load_address>
         <run_address>0x580</run_address>
         <size>0x119</size>
         <input_file_ref idref="fl-85"/>
      </object_component>
      <object_component id="oc-33">
         <name>.debug_abbrev</name>
         <load_address>0x699</load_address>
         <run_address>0x699</run_address>
         <size>0xac</size>
         <input_file_ref idref="fl-86"/>
      </object_component>
      <object_component id="oc-36">
         <name>.debug_abbrev</name>
         <load_address>0x745</load_address>
         <run_address>0x745</run_address>
         <size>0xc3</size>
         <input_file_ref idref="fl-87"/>
      </object_component>
      <object_component id="oc-39">
         <name>.debug_abbrev</name>
         <load_address>0x808</load_address>
         <run_address>0x808</run_address>
         <size>0xda</size>
         <input_file_ref idref="fl-88"/>
      </object_component>
      <object_component id="oc-3c">
         <name>.debug_abbrev</name>
         <load_address>0x8e2</load_address>
         <run_address>0x8e2</run_address>
         <size>0xda</size>
         <input_file_ref idref="fl-89"/>
      </object_component>
      <object_component id="oc-3f">
         <name>.debug_abbrev</name>
         <load_address>0x9bc</load_address>
         <run_address>0x9bc</run_address>
         <size>0xe9</size>
         <input_file_ref idref="fl-8a"/>
      </object_component>
      <object_component id="oc-42">
         <name>.debug_abbrev</name>
         <load_address>0xaa5</load_address>
         <run_address>0xaa5</run_address>
         <size>0xe1</size>
         <input_file_ref idref="fl-8b"/>
      </object_component>
      <object_component id="oc-45">
         <name>.debug_abbrev</name>
         <load_address>0xb86</load_address>
         <run_address>0xb86</run_address>
         <size>0x13f</size>
         <input_file_ref idref="fl-8c"/>
      </object_component>
      <object_component id="oc-48">
         <name>.debug_abbrev</name>
         <load_address>0xcc5</load_address>
         <run_address>0xcc5</run_address>
         <size>0xdd</size>
         <input_file_ref idref="fl-8d"/>
      </object_component>
      <object_component id="oc-4b">
         <name>.debug_abbrev</name>
         <load_address>0xda2</load_address>
         <run_address>0xda2</run_address>
         <size>0x10c</size>
         <input_file_ref idref="fl-8e"/>
      </object_component>
      <object_component id="oc-4e">
         <name>.debug_abbrev</name>
         <load_address>0xeae</load_address>
         <run_address>0xeae</run_address>
         <size>0xcc</size>
         <input_file_ref idref="fl-8f"/>
      </object_component>
      <object_component id="oc-51">
         <name>.debug_abbrev</name>
         <load_address>0xf7a</load_address>
         <run_address>0xf7a</run_address>
         <size>0xd5</size>
         <input_file_ref idref="fl-90"/>
      </object_component>
      <object_component id="oc-55">
         <name>.debug_abbrev</name>
         <load_address>0x104f</load_address>
         <run_address>0x104f</run_address>
         <size>0x1b7</size>
         <input_file_ref idref="fl-91"/>
      </object_component>
      <object_component id="oc-5a">
         <name>.debug_abbrev</name>
         <load_address>0x1206</load_address>
         <run_address>0x1206</run_address>
         <size>0x1a3</size>
         <input_file_ref idref="fl-92"/>
      </object_component>
      <object_component id="oc-60">
         <name>.debug_abbrev</name>
         <load_address>0x13a9</load_address>
         <run_address>0x13a9</run_address>
         <size>0x19a</size>
         <input_file_ref idref="fl-93"/>
      </object_component>
      <object_component id="oc-66">
         <name>.debug_abbrev</name>
         <load_address>0x1543</load_address>
         <run_address>0x1543</run_address>
         <size>0x12a</size>
         <input_file_ref idref="fl-94"/>
      </object_component>
      <object_component id="oc-6c">
         <name>.debug_abbrev</name>
         <load_address>0x166d</load_address>
         <run_address>0x166d</run_address>
         <size>0x152</size>
         <input_file_ref idref="fl-95"/>
      </object_component>
      <object_component id="oc-72">
         <name>.debug_abbrev</name>
         <load_address>0x17bf</load_address>
         <run_address>0x17bf</run_address>
         <size>0xf5</size>
         <input_file_ref idref="fl-96"/>
      </object_component>
      <object_component id="oc-77">
         <name>.debug_abbrev</name>
         <load_address>0x18b4</load_address>
         <run_address>0x18b4</run_address>
         <size>0x3b</size>
         <input_file_ref idref="fl-97"/>
      </object_component>
      <object_component id="oc-b1">
         <name>.debug_abbrev</name>
         <load_address>0x18ef</load_address>
         <run_address>0x18ef</run_address>
         <size>0xd</size>
      </object_component>
      <object_component id="oc-1b">
         <name>.debug_frame</name>
         <load_address>0x0</load_address>
         <run_address>0x0</run_address>
         <size>0x34e</size>
         <input_file_ref idref="fl-4"/>
      </object_component>
      <object_component id="oc-22">
         <name>.debug_frame</name>
         <load_address>0x34e</load_address>
         <run_address>0x34e</run_address>
         <size>0x4a1</size>
         <input_file_ref idref="fl-5"/>
      </object_component>
   </object_component_list>
   <logical_group_list>
      <logical_group id="lg-2">
         <name>.EXT_RAM</name>
         <run_address>0x0</run_address>
         <size>0x0</size>
         <contents>
         </contents>
      </logical_group>
      <logical_group id="lg-3">
         <name>.vectors</name>
         <load_address>0x0</load_address>
         <run_address>0x0</run_address>
         <size>0x200</size>
         <contents>
            <object_component_ref idref="oc-10"/>
         </contents>
      </logical_group>
      <logical_group id="lg-4">
         <name>.text</name>
         <load_address>0x220</load_address>
         <run_address>0x220</run_address>
         <size>0x3a00</size>
         <contents>
            <object_component_ref idref="oc-7f"/>
            <object_component_ref idref="oc-21"/>
            <object_component_ref idref="oc-86"/>
            <object_component_ref idref="oc-5d"/>
            <object_component_ref idref="oc-89"/>
            <object_component_ref idref="oc-63"/>
            <object_component_ref idref="oc-7d"/>
            <object_component_ref idref="oc-7c"/>
            <object_component_ref idref="oc-84"/>
            <object_component_ref idref="oc-8e"/>
            <object_component_ref idref="oc-97"/>
            <object_component_ref idref="oc-69"/>
            <object_component_ref idref="oc-88"/>
            <object_component_ref idref="oc-81"/>
            <object_component_ref idref="oc-82"/>
            <object_component_ref idref="oc-78"/>
            <object_component_ref idref="oc-80"/>
            <object_component_ref idref="oc-7a"/>
            <object_component_ref idref="oc-14"/>
            <object_component_ref idref="oc-83"/>
            <object_component_ref idref="oc-6f"/>
            <object_component_ref idref="oc-8a"/>
            <object_component_ref idref="oc-7e"/>
            <object_component_ref idref="oc-98"/>
            <object_component_ref idref="oc-99"/>
            <object_component_ref idref="oc-85"/>
            <object_component_ref idref="oc-e"/>
            <object_component_ref idref="oc-7b"/>
            <object_component_ref idref="oc-92"/>
            <object_component_ref idref="oc-8f"/>
            <object_component_ref idref="oc-79"/>
            <object_component_ref idref="oc-f"/>
            <object_component_ref idref="oc-8b"/>
            <object_component_ref idref="oc-90"/>
            <object_component_ref idref="oc-91"/>
            <object_component_ref idref="oc-8d"/>
            <object_component_ref idref="oc-8c"/>
            <object_component_ref idref="oc-96"/>
            <object_component_ref idref="oc-95"/>
            <object_component_ref idref="oc-94"/>
            <object_component_ref idref="oc-93"/>
            <object_component_ref idref="oc-87"/>
            <object_component_ref idref="oc-52"/>
         </contents>
      </logical_group>
      <logical_group id="lg-5">
         <name>.bss</name>
         <run_address>0x220</run_address>
         <size>0x0</size>
         <contents>
         </contents>
      </logical_group>
      <logical_group id="lg-6">
         <name>.cinit</name>
         <load_address>0x4c20</load_address>
         <run_address>0x4c20</run_address>
         <size>0x4cc</size>
         <contents>
            <object_component_ref idref="oc-1f"/>
            <object_component_ref idref="oc-53"/>
            <object_component_ref idref="oc-19"/>
            <object_component_ref idref="oc-58"/>
            <object_component_ref idref="oc-6a"/>
            <object_component_ref idref="oc-2d"/>
            <object_component_ref idref="oc-70"/>
         </contents>
      </logical_group>
      <logical_group id="lg-7">
         <name>.stack</name>
         <run_address>0x3c20</run_address>
         <size>0x1000</size>
         <contents>
            <object_component_ref idref="oc-29"/>
            <object_component_ref idref="oc-af"/>
         </contents>
      </logical_group>
      <logical_group id="lg-8">
         <name>.sysmem</name>
         <run_address>0x0</run_address>
         <size>0x0</size>
         <contents>
         </contents>
      </logical_group>
      <logical_group id="lg-9">
         <name>.const</name>
         <load_address>0x54a8</load_address>
         <run_address>0x54a8</run_address>
         <size>0x60</size>
         <contents>
            <object_component_ref idref="oc-65"/>
            <object_component_ref idref="oc-5f"/>
         </contents>
      </logical_group>
      <logical_group id="lg-a">
         <name>.switch</name>
         <run_address>0x0</run_address>
         <size>0x0</size>
         <contents>
         </contents>
      </logical_group>
      <logical_group id="lg-b">
         <name>.far</name>
         <run_address>0x50f0</run_address>
         <size>0x3b6</size>
         <contents>
            <object_component_ref idref="oc-1a"/>
            <object_component_ref idref="oc-20"/>
            <object_component_ref idref="oc-2e"/>
            <object_component_ref idref="oc-54"/>
            <object_component_ref idref="oc-59"/>
            <object_component_ref idref="oc-5e"/>
            <object_component_ref idref="oc-64"/>
            <object_component_ref idref="oc-6b"/>
            <object_component_ref idref="oc-71"/>
         </contents>
      </logical_group>
      <logical_group id="lg-c">
         <name>.cio</name>
         <run_address>0x0</run_address>
         <size>0x0</size>
         <contents>
         </contents>
      </logical_group>
      <logical_group id="lg-d">
         <name>.csldata</name>
         <run_address>0x0</run_address>
         <size>0x0</size>
         <contents>
         </contents>
      </logical_group>
      <logical_group id="lg-a6">
         <name>.debug_info</name>
         <load_address>0x0</load_address>
         <run_address>0x0</run_address>
         <size>0xd9c8</size>
         <contents>
            <object_component_ref idref="oc-11"/>
            <object_component_ref idref="oc-15"/>
            <object_component_ref idref="oc-18"/>
            <object_component_ref idref="oc-1e"/>
            <object_component_ref idref="oc-25"/>
            <object_component_ref idref="oc-28"/>
            <object_component_ref idref="oc-2c"/>
            <object_component_ref idref="oc-31"/>
            <object_component_ref idref="oc-34"/>
            <object_component_ref idref="oc-37"/>
            <object_component_ref idref="oc-3a"/>
            <object_component_ref idref="oc-3d"/>
            <object_component_ref idref="oc-40"/>
            <object_component_ref idref="oc-43"/>
            <object_component_ref idref="oc-46"/>
            <object_component_ref idref="oc-49"/>
            <object_component_ref idref="oc-4c"/>
            <object_component_ref idref="oc-4f"/>
            <object_component_ref idref="oc-56"/>
            <object_component_ref idref="oc-5b"/>
            <object_component_ref idref="oc-61"/>
            <object_component_ref idref="oc-67"/>
            <object_component_ref idref="oc-6d"/>
            <object_component_ref idref="oc-73"/>
            <object_component_ref idref="oc-75"/>
            <object_component_ref idref="oc-b0"/>
         </contents>
      </logical_group>
      <logical_group id="lg-a8">
         <name>.debug_line</name>
         <load_address>0x0</load_address>
         <run_address>0x0</run_address>
         <size>0xd54</size>
         <contents>
            <object_component_ref idref="oc-12"/>
            <object_component_ref idref="oc-16"/>
            <object_component_ref idref="oc-1c"/>
            <object_component_ref idref="oc-23"/>
            <object_component_ref idref="oc-26"/>
            <object_component_ref idref="oc-2a"/>
            <object_component_ref idref="oc-2f"/>
            <object_component_ref idref="oc-32"/>
            <object_component_ref idref="oc-35"/>
            <object_component_ref idref="oc-38"/>
            <object_component_ref idref="oc-3b"/>
            <object_component_ref idref="oc-3e"/>
            <object_component_ref idref="oc-41"/>
            <object_component_ref idref="oc-44"/>
            <object_component_ref idref="oc-47"/>
            <object_component_ref idref="oc-4a"/>
            <object_component_ref idref="oc-4d"/>
            <object_component_ref idref="oc-50"/>
            <object_component_ref idref="oc-57"/>
            <object_component_ref idref="oc-5c"/>
            <object_component_ref idref="oc-62"/>
            <object_component_ref idref="oc-68"/>
            <object_component_ref idref="oc-6e"/>
            <object_component_ref idref="oc-74"/>
            <object_component_ref idref="oc-76"/>
         </contents>
      </logical_group>
      <logical_group id="lg-aa">
         <name>.debug_abbrev</name>
         <load_address>0x0</load_address>
         <run_address>0x0</run_address>
         <size>0x18fc</size>
         <contents>
            <object_component_ref idref="oc-13"/>
            <object_component_ref idref="oc-17"/>
            <object_component_ref idref="oc-1d"/>
            <object_component_ref idref="oc-24"/>
            <object_component_ref idref="oc-27"/>
            <object_component_ref idref="oc-2b"/>
            <object_component_ref idref="oc-30"/>
            <object_component_ref idref="oc-33"/>
            <object_component_ref idref="oc-36"/>
            <object_component_ref idref="oc-39"/>
            <object_component_ref idref="oc-3c"/>
            <object_component_ref idref="oc-3f"/>
            <object_component_ref idref="oc-42"/>
            <object_component_ref idref="oc-45"/>
            <object_component_ref idref="oc-48"/>
            <object_component_ref idref="oc-4b"/>
            <object_component_ref idref="oc-4e"/>
            <object_component_ref idref="oc-51"/>
            <object_component_ref idref="oc-55"/>
            <object_component_ref idref="oc-5a"/>
            <object_component_ref idref="oc-60"/>
            <object_component_ref idref="oc-66"/>
            <object_component_ref idref="oc-6c"/>
            <object_component_ref idref="oc-72"/>
            <object_component_ref idref="oc-77"/>
            <object_component_ref idref="oc-b1"/>
         </contents>
      </logical_group>
      <logical_group id="lg-ac">
         <name>.debug_frame</name>
         <load_address>0x0</load_address>
         <run_address>0x0</run_address>
         <size>0x7ef</size>
         <contents>
            <object_component_ref idref="oc-1b"/>
            <object_component_ref idref="oc-22"/>
         </contents>
      </logical_group>
   </logical_group_list>
   <placement_map>
      <memory_area>
         <name>IVECS</name>
         <page_id>0x0</page_id>
         <origin>0x0</origin>
         <length>0x220</length>
         <used_space>0x200</used_space>
         <unused_space>0x20</unused_space>
         <attributes>RWIX</attributes>
         <usage_details>
            <allocated_space>
               <start_address>0x0</start_address>
               <size>0x200</size>
               <logical_group_ref idref="lg-3"/>
            </allocated_space>
            <available_space>
               <start_address>0x200</start_address>
               <size>0x20</size>
            </available_space>
         </usage_details>
      </memory_area>
      <memory_area>
         <name>IRAM</name>
         <page_id>0x0</page_id>
         <origin>0x220</origin>
         <length>0x2fde0</length>
         <used_space>0x52e2</used_space>
         <unused_space>0x2aafe</unused_space>
         <attributes>RWIX</attributes>
         <usage_details>
            <allocated_space>
               <start_address>0x220</start_address>
               <size>0x0</size>
               <logical_group_ref idref="lg-5"/>
            </allocated_space>
            <allocated_space>
               <start_address>0x220</start_address>
               <size>0x3a00</size>
               <logical_group_ref idref="lg-4"/>
            </allocated_space>
            <allocated_space>
               <start_address>0x3c20</start_address>
               <size>0x1000</size>
               <logical_group_ref idref="lg-7"/>
            </allocated_space>
            <allocated_space>
               <start_address>0x4c20</start_address>
               <size>0x4cc</size>
               <logical_group_ref idref="lg-6"/>
            </allocated_space>
            <available_space>
               <start_address>0x50ec</start_address>
               <size>0x4</size>
            </available_space>
            <allocated_space>
               <start_address>0x50f0</start_address>
               <size>0x3b6</size>
               <logical_group_ref idref="lg-b"/>
            </allocated_space>
            <available_space>
               <start_address>0x54a6</start_address>
               <size>0x2</size>
            </available_space>
            <allocated_space>
               <start_address>0x54a8</start_address>
               <size>0x60</size>
               <logical_group_ref idref="lg-9"/>
            </allocated_space>
            <available_space>
               <start_address>0x5508</start_address>
               <size>0x2aaf8</size>
            </available_space>
         </usage_details>
      </memory_area>
      <memory_area>
         <name>SDRAM</name>
         <page_id>0x0</page_id>
         <origin>0x80000000</origin>
         <length>0x1000000</length>
         <used_space>0x0</used_space>
         <unused_space>0x1000000</unused_space>
         <attributes>RWIX</attributes>
         <usage_details>
         </usage_details>
      </memory_area>
      <memory_area>
         <name>FLASH</name>
         <page_id>0x0</page_id>
         <origin>0x90000000</origin>
         <length>0x20000</length>
         <used_space>0x0</used_space>
         <unused_space>0x20000</unused_space>
         <attributes>RWIX</attributes>
         <usage_details>
         </usage_details>
      </memory_area>
   </placement_map>
   <symbol_table>
      <symbol id="sm-0">
         <name>cinit</name>
         <value>0x4c20</value>
      </symbol>
      <symbol id="sm-1">
         <name>___cinit__</name>
         <value>0x4c20</value>
      </symbol>
      <symbol id="sm-2">
         <name>pinit</name>
         <value>0xffffffff</value>
      </symbol>
      <symbol id="sm-3">
         <name>___pinit__</name>
         <value>0xffffffff</value>
      </symbol>
      <symbol id="sm-4">
         <name>binit</name>
         <value>0xffffffff</value>
      </symbol>
      <symbol id="sm-5">
         <name>___binit__</name>
         <value>0xffffffff</value>
      </symbol>
      <symbol id="sm-6">
         <name>__STACK_SIZE</name>
         <value>0x1000</value>
      </symbol>
      <symbol id="sm-7">
         <name>__STACK_END</name>
         <value>0x4c20</value>
      </symbol>
      <symbol id="sm-8">
         <name>___c_args__</name>
         <value>0xffffffff</value>
      </symbol>
      <symbol id="sm-9">
         <name>.text</name>
         <value>0x220</value>
      </symbol>
      <symbol id="sm-a">
         <name>___text__</name>
         <value>0x220</value>
      </symbol>
      <symbol id="sm-b">
         <name>etext</name>
         <value>0x3c20</value>
      </symbol>
      <symbol id="sm-c">
         <name>___etext__</name>
         <value>0x3c20</value>
      </symbol>
      <symbol id="sm-d">
         <name>.bss</name>
         <value>0x220</value>
      </symbol>
      <symbol id="sm-e">
         <name>___bss__</name>
         <value>0x220</value>
      </symbol>
      <symbol id="sm-f">
         <name>end</name>
         <value>0x220</value>
      </symbol>
      <symbol id="sm-10">
         <name>___end__</name>
         <value>0x220</value>
      </symbol>
      <symbol id="sm-11">
         <name>___TI_pprof_out_hndl</name>
         <value>0xffffffff</value>
      </symbol>
      <symbol id="sm-12">
         <name>___TI_prof_data_start</name>
         <value>0xffffffff</value>
      </symbol>
      <symbol id="sm-13">
         <name>___TI_prof_data_size</name>
         <value>0xffffffff</value>
      </symbol>
      <symbol id="sm-14">
         <name>$bss</name>
         <value>0x220</value>
      </symbol>
      <symbol id="sm-43">
         <name>_vector10</name>
         <value>0x140</value>
         <object_component_ref idref="oc-10"/>
      </symbol>
      <symbol id="sm-44">
         <name>_vector12</name>
         <value>0x180</value>
         <object_component_ref idref="oc-10"/>
      </symbol>
      <symbol id="sm-45">
         <name>_vector13</name>
         <value>0x1a0</value>
         <object_component_ref idref="oc-10"/>
      </symbol>
      <symbol id="sm-46">
         <name>_vector14</name>
         <value>0x1c0</value>
         <object_component_ref idref="oc-10"/>
      </symbol>
      <symbol id="sm-47">
         <name>_vectors</name>
         <value>0x0</value>
         <object_component_ref idref="oc-10"/>
      </symbol>
      <symbol id="sm-48">
         <name>_vector1</name>
         <value>0x20</value>
         <object_component_ref idref="oc-10"/>
      </symbol>
      <symbol id="sm-49">
         <name>_vector3</name>
         <value>0x60</value>
         <object_component_ref idref="oc-10"/>
      </symbol>
      <symbol id="sm-4a">
         <name>_vector2</name>
         <value>0x40</value>
         <object_component_ref idref="oc-10"/>
      </symbol>
      <symbol id="sm-4b">
         <name>_vector5</name>
         <value>0xa0</value>
         <object_component_ref idref="oc-10"/>
      </symbol>
      <symbol id="sm-4c">
         <name>_vector7</name>
         <value>0xe0</value>
         <object_component_ref idref="oc-10"/>
      </symbol>
      <symbol id="sm-4d">
         <name>_vector6</name>
         <value>0xc0</value>
         <object_component_ref idref="oc-10"/>
      </symbol>
      <symbol id="sm-4e">
         <name>_vector9</name>
         <value>0x120</value>
         <object_component_ref idref="oc-10"/>
      </symbol>
      <symbol id="sm-4f">
         <name>_vector8</name>
         <value>0x100</value>
         <object_component_ref idref="oc-10"/>
      </symbol>
      <symbol id="sm-57">
         <name>_enableInterruptDAC</name>
         <value>0x341c</value>
         <object_component_ref idref="oc-14"/>
      </symbol>
      <symbol id="sm-58">
         <name>_enableInterruptGPIO4</name>
         <value>0x33ec</value>
         <object_component_ref idref="oc-14"/>
      </symbol>
      <symbol id="sm-59">
         <name>_disableInterruptTIMER1</name>
         <value>0x33d0</value>
         <object_component_ref idref="oc-14"/>
      </symbol>
      <symbol id="sm-5a">
         <name>_disableInterruptDAC</name>
         <value>0x344c</value>
         <object_component_ref idref="oc-14"/>
      </symbol>
      <symbol id="sm-5b">
         <name>_enableInterruptTIMER1</name>
         <value>0x33a0</value>
         <object_component_ref idref="oc-14"/>
      </symbol>
      <symbol id="sm-a6">
         <name>_comm_poll</name>
         <value>0x30c</value>
         <object_component_ref idref="oc-7f"/>
      </symbol>
      <symbol id="sm-a7">
         <name>_output_left_sample</name>
         <value>0x594</value>
         <object_component_ref idref="oc-7f"/>
      </symbol>
      <symbol id="sm-a8">
         <name>_comm_intr</name>
         <value>0x340</value>
         <object_component_ref idref="oc-7f"/>
      </symbol>
      <symbol id="sm-a9">
         <name>_input_left_sample</name>
         <value>0x858</value>
         <object_component_ref idref="oc-7f"/>
      </symbol>
      <symbol id="sm-aa">
         <name>_output_sample</name>
         <value>0x494</value>
         <object_component_ref idref="oc-7f"/>
      </symbol>
      <symbol id="sm-ab">
         <name>_c6713_dsk_init</name>
         <value>0x220</value>
         <object_component_ref idref="oc-7f"/>
      </symbol>
      <symbol id="sm-ac">
         <name>_config</name>
         <value>0x53e4</value>
         <object_component_ref idref="oc-1a"/>
      </symbol>
      <symbol id="sm-ad">
         <name>_input_right_sample</name>
         <value>0x920</value>
         <object_component_ref idref="oc-7f"/>
      </symbol>
      <symbol id="sm-ae">
         <name>_AIC_data</name>
         <value>0x53b8</value>
         <object_component_ref idref="oc-1a"/>
      </symbol>
      <symbol id="sm-af">
         <name>_hAIC23_handle</name>
         <value>0x540c</value>
         <object_component_ref idref="oc-1a"/>
      </symbol>
      <symbol id="sm-b0">
         <name>_AIC23CfgData</name>
         <value>0x53c4</value>
         <object_component_ref idref="oc-1a"/>
      </symbol>
      <symbol id="sm-b1">
         <name>_input_sample</name>
         <value>0x754</value>
         <object_component_ref idref="oc-7f"/>
      </symbol>
      <symbol id="sm-b2">
         <name>_output_right_sample</name>
         <value>0x674</value>
         <object_component_ref idref="oc-7f"/>
      </symbol>
      <symbol id="sm-fc">
         <name>_main</name>
         <value>0x1080</value>
         <object_component_ref idref="oc-86"/>
      </symbol>
      <symbol id="sm-fd">
         <name>_etatDIP0</name>
         <value>0x14a8</value>
         <object_component_ref idref="oc-86"/>
      </symbol>
      <symbol id="sm-fe">
         <name>_etatDIP1</name>
         <value>0x14f4</value>
         <object_component_ref idref="oc-86"/>
      </symbol>
      <symbol id="sm-ff">
         <name>_etatDIP2</name>
         <value>0x1540</value>
         <object_component_ref idref="oc-86"/>
      </symbol>
      <symbol id="sm-100">
         <name>_etatDIP3</name>
         <value>0x158c</value>
         <object_component_ref idref="oc-86"/>
      </symbol>
      <symbol id="sm-101">
         <name>_ValSon</name>
         <value>0x50f8</value>
         <object_component_ref idref="oc-20"/>
      </symbol>
      <symbol id="sm-102">
         <name>_bufferFiltre</name>
         <value>0x5178</value>
         <object_component_ref idref="oc-20"/>
      </symbol>
      <symbol id="sm-103">
         <name>_SetEMIFRegister</name>
         <value>0x1270</value>
         <object_component_ref idref="oc-86"/>
      </symbol>
      <symbol id="sm-104">
         <name>_IsADCconvTermine</name>
         <value>0x513c</value>
         <object_component_ref idref="oc-20"/>
      </symbol>
      <symbol id="sm-105">
         <name>_BuffFiltre</name>
         <value>0x5270</value>
         <object_component_ref idref="oc-20"/>
      </symbol>
      <symbol id="sm-106">
         <name>_ledBool</name>
         <value>0x5100</value>
         <object_component_ref idref="oc-20"/>
      </symbol>
      <symbol id="sm-107">
         <name>_ISROUTDAC</name>
         <value>0xa00</value>
         <object_component_ref idref="oc-21"/>
      </symbol>
      <symbol id="sm-108">
         <name>_SetupAll</name>
         <value>0x133c</value>
         <object_component_ref idref="oc-86"/>
      </symbol>
      <symbol id="sm-109">
         <name>_initialiseLED</name>
         <value>0x15d8</value>
         <object_component_ref idref="oc-86"/>
      </symbol>
      <symbol id="sm-10a">
         <name>_inputsource</name>
         <value>0x50f4</value>
         <object_component_ref idref="oc-20"/>
      </symbol>
      <symbol id="sm-10b">
         <name>_ISRConvTermine</name>
         <value>0x1068</value>
         <object_component_ref idref="oc-21"/>
      </symbol>
      <symbol id="sm-10c">
         <name>_IsDACreadtermine</name>
         <value>0x5140</value>
         <object_component_ref idref="oc-20"/>
      </symbol>
      <symbol id="sm-10d">
         <name>_configAndStartTimer1</name>
         <value>0x11ec</value>
         <object_component_ref idref="oc-86"/>
      </symbol>
      <symbol id="sm-10e">
         <name>_StartADCConversion</name>
         <value>0x1324</value>
         <object_component_ref idref="oc-86"/>
      </symbol>
      <symbol id="sm-10f">
         <name>_GainNum</name>
         <value>0x5170</value>
         <object_component_ref idref="oc-20"/>
      </symbol>
      <symbol id="sm-110">
         <name>_firstPlay</name>
         <value>0x5168</value>
         <object_component_ref idref="oc-20"/>
      </symbol>
      <symbol id="sm-111">
         <name>_ISRTimer1</name>
         <value>0xea4</value>
         <object_component_ref idref="oc-21"/>
      </symbol>
      <symbol id="sm-112">
         <name>_enableenregistrement</name>
         <value>0x5138</value>
         <object_component_ref idref="oc-20"/>
      </symbol>
      <symbol id="sm-113">
         <name>_etat1</name>
         <value>0x5154</value>
         <object_component_ref idref="oc-20"/>
      </symbol>
      <symbol id="sm-114">
         <name>_etat3</name>
         <value>0x515c</value>
         <object_component_ref idref="oc-20"/>
      </symbol>
      <symbol id="sm-115">
         <name>_etat2</name>
         <value>0x5158</value>
         <object_component_ref idref="oc-20"/>
      </symbol>
      <symbol id="sm-116">
         <name>_etat4</name>
         <value>0x5160</value>
         <object_component_ref idref="oc-20"/>
      </symbol>
      <symbol id="sm-117">
         <name>_enablerejouer</name>
         <value>0x5134</value>
         <object_component_ref idref="oc-20"/>
      </symbol>
      <symbol id="sm-118">
         <name>_ActualPos</name>
         <value>0x516c</value>
         <object_component_ref idref="oc-20"/>
      </symbol>
      <symbol id="sm-119">
         <name>_ValADCIn</name>
         <value>0x50f6</value>
         <object_component_ref idref="oc-20"/>
      </symbol>
      <symbol id="sm-11a">
         <name>_fs</name>
         <value>0x50f0</value>
         <object_component_ref idref="oc-20"/>
      </symbol>
      <symbol id="sm-11b">
         <name>_compLED</name>
         <value>0x5164</value>
         <object_component_ref idref="oc-20"/>
      </symbol>
      <symbol id="sm-11c">
         <name>_tabTest</name>
         <value>0x5104</value>
         <object_component_ref idref="oc-20"/>
      </symbol>
      <symbol id="sm-11d">
         <name>_SetGainNum</name>
         <value>0x109c</value>
         <object_component_ref idref="oc-86"/>
      </symbol>
      <symbol id="sm-11e">
         <name>_ReadADCConversion</name>
         <value>0x1300</value>
         <object_component_ref idref="oc-86"/>
      </symbol>
      <symbol id="sm-11f">
         <name>_setGPIO</name>
         <value>0x12b4</value>
         <object_component_ref idref="oc-86"/>
      </symbol>
      <symbol id="sm-120">
         <name>_oldDIP1</name>
         <value>0x5148</value>
         <object_component_ref idref="oc-20"/>
      </symbol>
      <symbol id="sm-121">
         <name>_oldDIP0</name>
         <value>0x5144</value>
         <object_component_ref idref="oc-20"/>
      </symbol>
      <symbol id="sm-122">
         <name>_oldDIP3</name>
         <value>0x5150</value>
         <object_component_ref idref="oc-20"/>
      </symbol>
      <symbol id="sm-123">
         <name>_oldDIP2</name>
         <value>0x514c</value>
         <object_component_ref idref="oc-20"/>
      </symbol>
      <symbol id="sm-124">
         <name>_Addr_SDRAM</name>
         <value>0x5130</value>
         <object_component_ref idref="oc-20"/>
      </symbol>
      <symbol id="sm-125">
         <name>_nbEchADC</name>
         <value>0x512c</value>
         <object_component_ref idref="oc-20"/>
      </symbol>
      <symbol id="sm-126">
         <name>_FIRCoe</name>
         <value>0x51c8</value>
         <object_component_ref idref="oc-20"/>
      </symbol>
      <symbol id="sm-127">
         <name>_i</name>
         <value>0x50fc</value>
         <object_component_ref idref="oc-20"/>
      </symbol>
      <symbol id="sm-128">
         <name>_filterON</name>
         <value>0x5174</value>
         <object_component_ref idref="oc-20"/>
      </symbol>
      <symbol id="sm-132">
         <name>__addd</name>
         <value>0x20c0</value>
         <object_component_ref idref="oc-7d"/>
      </symbol>
      <symbol id="sm-13e">
         <name>_c_int00</name>
         <value>0x3900</value>
         <object_component_ref idref="oc-e"/>
      </symbol>
      <symbol id="sm-13f">
         <name>__stack</name>
         <value>0x3c20</value>
         <object_component_ref idref="oc-29"/>
      </symbol>
      <symbol id="sm-14f">
         <name>C$$EXIT</name>
         <value>0x3be0</value>
         <object_component_ref idref="oc-87"/>
      </symbol>
      <symbol id="sm-150">
         <name>_exit</name>
         <value>0x32c0</value>
         <object_component_ref idref="oc-7a"/>
      </symbol>
      <symbol id="sm-151">
         <name>___TI_enable_exit_profile_output</name>
         <value>0x5498</value>
         <object_component_ref idref="oc-2e"/>
      </symbol>
      <symbol id="sm-152">
         <name>_abort</name>
         <value>0x3be0</value>
         <object_component_ref idref="oc-87"/>
      </symbol>
      <symbol id="sm-153">
         <name>__cleanup_ptr</name>
         <value>0x5490</value>
         <object_component_ref idref="oc-2e"/>
      </symbol>
      <symbol id="sm-154">
         <name>__dtors_ptr</name>
         <value>0x5494</value>
         <object_component_ref idref="oc-2e"/>
      </symbol>
      <symbol id="sm-15e">
         <name>__fixdi</name>
         <value>0x36a0</value>
         <object_component_ref idref="oc-7e"/>
      </symbol>
      <symbol id="sm-168">
         <name>__fltid</name>
         <value>0x3980</value>
         <object_component_ref idref="oc-7b"/>
      </symbol>
      <symbol id="sm-172">
         <name>__frcaddd</name>
         <value>0x1a80</value>
         <object_component_ref idref="oc-89"/>
      </symbol>
      <symbol id="sm-17c">
         <name>__mpyd</name>
         <value>0x23c0</value>
         <object_component_ref idref="oc-7c"/>
      </symbol>
      <symbol id="sm-186">
         <name>__renormd</name>
         <value>0x3740</value>
         <object_component_ref idref="oc-98"/>
      </symbol>
      <symbol id="sm-190">
         <name>__args_main</name>
         <value>0x3a60</value>
         <object_component_ref idref="oc-79"/>
      </symbol>
      <symbol id="sm-191">
         <name>__TI_args_main</name>
         <value>0x1</value>
      </symbol>
      <symbol id="sm-19b">
         <name>__auto_init</name>
         <value>0x30e0</value>
         <object_component_ref idref="oc-78"/>
      </symbol>
      <symbol id="sm-1a5">
         <name>___TI_cpp_init</name>
         <value>0x3880</value>
         <object_component_ref idref="oc-85"/>
      </symbol>
      <symbol id="sm-1af">
         <name>_copy_in</name>
         <value>0x3480</value>
         <object_component_ref idref="oc-83"/>
      </symbol>
      <symbol id="sm-1b9">
         <name>__frcmpyd</name>
         <value>0x2da0</value>
         <object_component_ref idref="oc-88"/>
      </symbol>
      <symbol id="sm-1c3">
         <name>_memcpy</name>
         <value>0x26a0</value>
         <object_component_ref idref="oc-84"/>
      </symbol>
      <symbol id="sm-1e1">
         <name>_IRQ_setVecs</name>
         <value>0x3b20</value>
         <object_component_ref idref="oc-8d"/>
      </symbol>
      <symbol id="sm-1e2">
         <name>__IRQ_eventTable</name>
         <value>0x52ec</value>
         <object_component_ref idref="oc-54"/>
      </symbol>
      <symbol id="sm-1e3">
         <name>_IRQ_nmiEnable</name>
         <value>0x3b00</value>
         <object_component_ref idref="oc-91"/>
      </symbol>
      <symbol id="sm-1e4">
         <name>_IRQ_reset</name>
         <value>0x3a20</value>
         <object_component_ref idref="oc-8f"/>
      </symbol>
      <symbol id="sm-1e5">
         <name>__IRQ_intTable</name>
         <value>0x5370</value>
         <object_component_ref idref="oc-54"/>
      </symbol>
      <symbol id="sm-1e6">
         <name>_IRQ_globalEnable</name>
         <value>0x3ae0</value>
         <object_component_ref idref="oc-90"/>
      </symbol>
      <symbol id="sm-1e7">
         <name>_IRQ_globalDisable</name>
         <value>0x3ac0</value>
         <object_component_ref idref="oc-8b"/>
      </symbol>
      <symbol id="sm-1e8">
         <name>_IRQ_map</name>
         <value>0x28e0</value>
         <object_component_ref idref="oc-8e"/>
      </symbol>
      <symbol id="sm-1e9">
         <name>_IRQ_enable</name>
         <value>0x39e0</value>
         <object_component_ref idref="oc-92"/>
      </symbol>
      <symbol id="sm-1ea">
         <name>__IRQ_dispatchTable</name>
         <value>0x53b0</value>
         <object_component_ref idref="oc-54"/>
      </symbol>
      <symbol id="sm-1eb">
         <name>__IRQ_hookFetchPacket</name>
         <value>0x3c00</value>
         <object_component_ref idref="oc-52"/>
      </symbol>
      <symbol id="sm-209">
         <name>_MCBSP_reset</name>
         <value>0x2aa0</value>
         <object_component_ref idref="oc-97"/>
      </symbol>
      <symbol id="sm-20a">
         <name>_MCBSP_read</name>
         <value>0x3b60</value>
         <object_component_ref idref="oc-96"/>
      </symbol>
      <symbol id="sm-20b">
         <name>_MCBSP_getXmtEventId</name>
         <value>0x3b40</value>
         <object_component_ref idref="oc-8c"/>
      </symbol>
      <symbol id="sm-20c">
         <name>_MCBSP_open</name>
         <value>0x2ee0</value>
         <object_component_ref idref="oc-81"/>
      </symbol>
      <symbol id="sm-20d">
         <name>__MCBSP_hDev0</name>
         <value>0x5440</value>
         <object_component_ref idref="oc-59"/>
      </symbol>
      <symbol id="sm-20e">
         <name>__MCBSP_hDev1</name>
         <value>0x5444</value>
         <object_component_ref idref="oc-59"/>
      </symbol>
      <symbol id="sm-20f">
         <name>_MCBSP_start</name>
         <value>0x2fe0</value>
         <object_component_ref idref="oc-82"/>
      </symbol>
      <symbol id="sm-210">
         <name>_MCBSP_rrdy</name>
         <value>0x3b80</value>
         <object_component_ref idref="oc-95"/>
      </symbol>
      <symbol id="sm-211">
         <name>_MCBSP_config</name>
         <value>0x3600</value>
         <object_component_ref idref="oc-8a"/>
      </symbol>
      <symbol id="sm-212">
         <name>_MCBSP_xrdy</name>
         <value>0x3bc0</value>
         <object_component_ref idref="oc-93"/>
      </symbol>
      <symbol id="sm-213">
         <name>_MCBSP_write</name>
         <value>0x3ba0</value>
         <object_component_ref idref="oc-94"/>
      </symbol>
      <symbol id="sm-221">
         <name>_DSK6713_init</name>
         <value>0x164c</value>
         <object_component_ref idref="oc-5d"/>
      </symbol>
      <symbol id="sm-222">
         <name>_DSK6713_version</name>
         <value>0x54a4</value>
         <object_component_ref idref="oc-5e"/>
      </symbol>
      <symbol id="sm-223">
         <name>_DSK6713_rget</name>
         <value>0x1968</value>
         <object_component_ref idref="oc-5d"/>
      </symbol>
      <symbol id="sm-224">
         <name>_DSK6713_wait</name>
         <value>0x1990</value>
         <object_component_ref idref="oc-5d"/>
      </symbol>
      <symbol id="sm-225">
         <name>_DSK6713_rset</name>
         <value>0x197c</value>
         <object_component_ref idref="oc-5d"/>
      </symbol>
      <symbol id="sm-226">
         <name>_DSK6713_waitusec</name>
         <value>0x19e8</value>
         <object_component_ref idref="oc-5d"/>
      </symbol>
      <symbol id="sm-227">
         <name>_DSK6713_getVersion</name>
         <value>0x1a14</value>
         <object_component_ref idref="oc-5d"/>
      </symbol>
      <symbol id="sm-235">
         <name>_DSK6713_AIC23_codeccontrolhandle</name>
         <value>0x549c</value>
         <object_component_ref idref="oc-64"/>
      </symbol>
      <symbol id="sm-236">
         <name>_DSK6713_AIC23_codecdatahandle</name>
         <value>0x54a0</value>
         <object_component_ref idref="oc-64"/>
      </symbol>
      <symbol id="sm-237">
         <name>_DSK6713_AIC23_openCodec</name>
         <value>0x1da0</value>
         <object_component_ref idref="oc-63"/>
      </symbol>
      <symbol id="sm-245">
         <name>_DSK6713_AIC23_config</name>
         <value>0x2d00</value>
         <object_component_ref idref="oc-69"/>
      </symbol>
      <symbol id="sm-246">
         <name>_DSK6713_AIC23_rget</name>
         <value>0x2cdc</value>
         <object_component_ref idref="oc-69"/>
      </symbol>
      <symbol id="sm-247">
         <name>_DSK6713_AIC23_rset</name>
         <value>0x2c40</value>
         <object_component_ref idref="oc-69"/>
      </symbol>
      <symbol id="sm-255">
         <name>_DSK6713_AIC23_setFreq</name>
         <value>0x3540</value>
         <object_component_ref idref="oc-6f"/>
      </symbol>
      <symbol id="sm-25d">
         <name>__strasg</name>
         <value>0x31e0</value>
         <object_component_ref idref="oc-80"/>
      </symbol>
   </symbol_table>
</link_info>
