******************************************************************************
               TMS320C6x Linker PC v7.4.20                     
******************************************************************************
>> Linked Fri Mar 03 22:05:33 2017

OUTPUT FILE NAME:   <InputMic.out>
ENTRY POINT SYMBOL: "_c_int00"  address: 00003900


MEMORY CONFIGURATION

         name            origin    length      used     unused   attr    fill
----------------------  --------  ---------  --------  --------  ----  --------
  IVECS                 00000000   00000220  00000200  00000020  RWIX
  IRAM                  00000220   0002fde0  000052e2  0002aafe  RWIX
  SDRAM                 80000000   01000000  00000000  01000000  RWIX
  FLASH                 90000000   00020000  00000000  00020000  RWIX


SECTION ALLOCATION MAP

 output                                  attributes/
section   page    origin      length       input sections
--------  ----  ----------  ----------   ----------------
.vectors   0    00000000    00000200     
                  00000000    00000200     Vectors_intr.obj (.vectors)

.bss       0    00000220    00000000     UNINITIALIZED

.text      0    00000220    00003a00     
                  00000220    000007e0     c6713dskinit.obj (.text)
                  00000a00    00000680     main.obj (.text:retain)
                  00001080    00000580     main.obj (.text)
                  00001600    00000480     dsk6713bsl.lib : dsk6713.obj (.text)
                  00001a80    00000320     rts6200.lib : frcaddd.obj (.text:__frcaddd)
                  00001da0    00000320     dsk6713bsl.lib : dsk6713_aic23_opencodec.obj (.text)
                  000020c0    00000300     rts6200.lib : addd.obj (.text:__addd)
                  000023c0    000002e0                 : mpyd.obj (.text:__mpyd)
                  000026a0    00000240                 : memcpy62.obj (.text:_memcpy)
                  000028e0    000001c0     csl6713.lib : csl_irq.obj (.text:_IRQ_map)
                  00002aa0    000001a0                 : csl_mcbsp.obj (.text:_MCBSP_reset)
                  00002c40    00000160     dsk6713bsl.lib : dsk6713_aic23_registers.obj (.text)
                  00002da0    00000140     rts6200.lib : frcmpyd.obj (.text:__frcmpyd)
                  00002ee0    00000100     csl6713.lib : csl_mcbsp.obj (.text:_MCBSP_open)
                  00002fe0    00000100                 : csl_mcbsp.obj (.text:_MCBSP_start)
                  000030e0    00000100     rts6200.lib : autoinit.obj (.text:__auto_init)
                  000031e0    000000e0                 : strasg.obj (.text:__strasg)
                  000032c0    000000e0                 : exit.obj (.text:_exit)
                  000033a0    000000e0     asmfunc.obj (.text)
                  00003480    000000c0     rts6200.lib : cpy_tbl.obj (.text:_copy_in)
                  00003540    000000c0     dsk6713bsl.lib : dsk6713_aic23_setfreq.obj (.text)
                  00003600    000000a0     csl6713.lib : csl_mcbsp.obj (.text:_MCBSP_config)
                  000036a0    000000a0     rts6200.lib : fixdi.obj (.text:__fixdi)
                  00003740    000000a0                 : renormd.obj (.text:__renormd)
                  000037e0    000000a0     csl6713.lib : csl_irq.obj (.text:_setMux)
                  00003880    00000080     rts6200.lib : cpp_init.obj (.text:___TI_cpp_init)
                  00003900    00000080                 : boot.obj (.text:_c_int00)
                  00003980    00000060                 : fltid.obj (.text:__fltid)
                  000039e0    00000040     csl6713.lib : csl_irq.obj (.text:_IRQ_enable)
                  00003a20    00000040                 : csl_irq.obj (.text:_IRQ_reset)
                  00003a60    00000040     rts6200.lib : args_main.obj (.text:__args_main)
                  00003aa0    00000020     Vectors_intr.obj (.text)
                  00003ac0    00000020     csl6713.lib : csl_irq.obj (.text:_IRQ_globalDisable)
                  00003ae0    00000020                 : csl_irq.obj (.text:_IRQ_globalEnable)
                  00003b00    00000020                 : csl_irq.obj (.text:_IRQ_nmiEnable)
                  00003b20    00000020                 : csl_irq.obj (.text:_IRQ_setVecs)
                  00003b40    00000020                 : csl_mcbsp.obj (.text:_MCBSP_getXmtEventId)
                  00003b60    00000020                 : csl_mcbsp.obj (.text:_MCBSP_read)
                  00003b80    00000020                 : csl_mcbsp.obj (.text:_MCBSP_rrdy)
                  00003ba0    00000020                 : csl_mcbsp.obj (.text:_MCBSP_write)
                  00003bc0    00000020                 : csl_mcbsp.obj (.text:_MCBSP_xrdy)
                  00003be0    00000020     rts6200.lib : exit.obj (.text:_abort)
                  00003c00    00000020     csl6713.lib : csl_irq.obj (.text)

.stack     0    00003c20    00001000     UNINITIALIZED
                  00003c20    00000008     rts6200.lib : boot.obj (.stack)
                  00003c28    00000ff8     --HOLE--

.cinit     0    00004c20    000004cc     
                  00004c20    00000260     main.obj (.cinit)
                  00004e80    0000012c     csl6713.lib : csl_irq.obj (.cinit)
                  00004fac    00000004     --HOLE-- [fill = 0]
                  00004fb0    00000058     c6713dskinit.obj (.cinit)
                  00005008    00000054     csl6713.lib : csl_mcbsp.obj (.cinit)
                  0000505c    00000004     --HOLE-- [fill = 0]
                  00005060    00000030     dsk6713bsl.lib : dsk6713_aic23_registers.obj (.cinit)
                  00005090    0000002c     rts6200.lib : exit.obj (.cinit)
                  000050bc    00000004     --HOLE-- [fill = 0]
                  000050c0    00000028     dsk6713bsl.lib : dsk6713_aic23_setfreq.obj (.cinit)
                  000050e8    00000004     --HOLE-- [fill = 0]

.far       0    000050f0    000003b6     UNINITIALIZED
                  000050f0    000001d4     main.obj (.far)
                  000052c4    000000f4     csl6713.lib : csl_irq.obj (.far)
                  000053b8    00000058     c6713dskinit.obj (.far)
                  00005410    00000038     csl6713.lib : csl_mcbsp.obj (.far)
                  00005448    00000028     dsk6713bsl.lib : dsk6713_aic23_registers.obj (.far)
                  00005470    00000020                    : dsk6713_aic23_setfreq.obj (.far)
                  00005490    0000000c     rts6200.lib : exit.obj (.far)
                  0000549c    00000008     dsk6713bsl.lib : dsk6713_aic23_opencodec.obj (.far)
                  000054a4    00000002                    : dsk6713.obj (.far)

.const     0    000054a8    00000060     
                  000054a8    00000040     dsk6713bsl.lib : dsk6713_aic23_opencodec.obj (.const)
                  000054e8    00000020                    : dsk6713.obj (.const)


GLOBAL SYMBOLS: SORTED ALPHABETICALLY BY Name 

address    name
--------   ----
00000220   $bss
00000220   .bss
00000220   .text
00003be0   C$$EXIT
000053c4   _AIC23CfgData
000053b8   _AIC_data
0000516c   _ActualPos
00005130   _Addr_SDRAM
00005270   _BuffFiltre
0000549c   _DSK6713_AIC23_codeccontrolhandle
000054a0   _DSK6713_AIC23_codecdatahandle
00002d00   _DSK6713_AIC23_config
00001da0   _DSK6713_AIC23_openCodec
00002cdc   _DSK6713_AIC23_rget
00002c40   _DSK6713_AIC23_rset
00003540   _DSK6713_AIC23_setFreq
00001a14   _DSK6713_getVersion
0000164c   _DSK6713_init
00001968   _DSK6713_rget
0000197c   _DSK6713_rset
000054a4   _DSK6713_version
00001990   _DSK6713_wait
000019e8   _DSK6713_waitusec
000051c8   _FIRCoe
00005170   _GainNum
000039e0   _IRQ_enable
00003ac0   _IRQ_globalDisable
00003ae0   _IRQ_globalEnable
000028e0   _IRQ_map
00003b00   _IRQ_nmiEnable
00003a20   _IRQ_reset
00003b20   _IRQ_setVecs
00001068   _ISRConvTermine
00000a00   _ISROUTDAC
00000ea4   _ISRTimer1
0000513c   _IsADCconvTermine
00005140   _IsDACreadtermine
00003600   _MCBSP_config
00003b40   _MCBSP_getXmtEventId
00002ee0   _MCBSP_open
00003b60   _MCBSP_read
00002aa0   _MCBSP_reset
00003b80   _MCBSP_rrdy
00002fe0   _MCBSP_start
00003ba0   _MCBSP_write
00003bc0   _MCBSP_xrdy
00001300   _ReadADCConversion
00001270   _SetEMIFRegister
0000109c   _SetGainNum
0000133c   _SetupAll
00001324   _StartADCConversion
000050f6   _ValADCIn
000050f8   _ValSon
000053b0   __IRQ_dispatchTable
000052ec   __IRQ_eventTable
00003c00   __IRQ_hookFetchPacket
00005370   __IRQ_intTable
00005440   __MCBSP_hDev0
00005444   __MCBSP_hDev1
00004c20   __STACK_END
00001000   __STACK_SIZE
00000001   __TI_args_main
00003880   ___TI_cpp_init
00005498   ___TI_enable_exit_profile_output
ffffffff   ___TI_pprof_out_hndl
ffffffff   ___TI_prof_data_size
ffffffff   ___TI_prof_data_start
ffffffff   ___binit__
00000220   ___bss__
ffffffff   ___c_args__
00004c20   ___cinit__
00000220   ___end__
00003c20   ___etext__
ffffffff   ___pinit__
00000220   ___text__
000020c0   __addd
00003a60   __args_main
000030e0   __auto_init
00005490   __cleanup_ptr
00005494   __dtors_ptr
000036a0   __fixdi
00003980   __fltid
00001a80   __frcaddd
00002da0   __frcmpyd
000023c0   __mpyd
00003740   __renormd
00003c20   __stack
000031e0   __strasg
00003be0   _abort
00005178   _bufferFiltre
00000220   _c6713_dsk_init
00003900   _c_int00
00000340   _comm_intr
0000030c   _comm_poll
00005164   _compLED
000053e4   _config
000011ec   _configAndStartTimer1
00003480   _copy_in
0000344c   _disableInterruptDAC
000033d0   _disableInterruptTIMER1
0000341c   _enableInterruptDAC
000033ec   _enableInterruptGPIO4
000033a0   _enableInterruptTIMER1
00005138   _enableenregistrement
00005134   _enablerejouer
00005154   _etat1
00005158   _etat2
0000515c   _etat3
00005160   _etat4
000014a8   _etatDIP0
000014f4   _etatDIP1
00001540   _etatDIP2
0000158c   _etatDIP3
000032c0   _exit
00005174   _filterON
00005168   _firstPlay
000050f0   _fs
0000540c   _hAIC23_handle
000050fc   _i
000015d8   _initialiseLED
00000858   _input_left_sample
00000920   _input_right_sample
00000754   _input_sample
000050f4   _inputsource
00005100   _ledBool
00001080   _main
000026a0   _memcpy
0000512c   _nbEchADC
00005144   _oldDIP0
00005148   _oldDIP1
0000514c   _oldDIP2
00005150   _oldDIP3
00000594   _output_left_sample
00000674   _output_right_sample
00000494   _output_sample
000012b4   _setGPIO
00005104   _tabTest
00000020   _vector1
00000140   _vector10
00000180   _vector12
000001a0   _vector13
000001c0   _vector14
00000040   _vector2
00000060   _vector3
000000a0   _vector5
000000c0   _vector6
000000e0   _vector7
00000100   _vector8
00000120   _vector9
00000000   _vectors
ffffffff   binit
00004c20   cinit
00000220   end
00003c20   etext
ffffffff   pinit


GLOBAL SYMBOLS: SORTED BY Symbol Address 

address    name
--------   ----
00000000   _vectors
00000001   __TI_args_main
00000020   _vector1
00000040   _vector2
00000060   _vector3
000000a0   _vector5
000000c0   _vector6
000000e0   _vector7
00000100   _vector8
00000120   _vector9
00000140   _vector10
00000180   _vector12
000001a0   _vector13
000001c0   _vector14
00000220   $bss
00000220   .bss
00000220   .text
00000220   ___bss__
00000220   ___end__
00000220   ___text__
00000220   _c6713_dsk_init
00000220   end
0000030c   _comm_poll
00000340   _comm_intr
00000494   _output_sample
00000594   _output_left_sample
00000674   _output_right_sample
00000754   _input_sample
00000858   _input_left_sample
00000920   _input_right_sample
00000a00   _ISROUTDAC
00000ea4   _ISRTimer1
00001000   __STACK_SIZE
00001068   _ISRConvTermine
00001080   _main
0000109c   _SetGainNum
000011ec   _configAndStartTimer1
00001270   _SetEMIFRegister
000012b4   _setGPIO
00001300   _ReadADCConversion
00001324   _StartADCConversion
0000133c   _SetupAll
000014a8   _etatDIP0
000014f4   _etatDIP1
00001540   _etatDIP2
0000158c   _etatDIP3
000015d8   _initialiseLED
0000164c   _DSK6713_init
00001968   _DSK6713_rget
0000197c   _DSK6713_rset
00001990   _DSK6713_wait
000019e8   _DSK6713_waitusec
00001a14   _DSK6713_getVersion
00001a80   __frcaddd
00001da0   _DSK6713_AIC23_openCodec
000020c0   __addd
000023c0   __mpyd
000026a0   _memcpy
000028e0   _IRQ_map
00002aa0   _MCBSP_reset
00002c40   _DSK6713_AIC23_rset
00002cdc   _DSK6713_AIC23_rget
00002d00   _DSK6713_AIC23_config
00002da0   __frcmpyd
00002ee0   _MCBSP_open
00002fe0   _MCBSP_start
000030e0   __auto_init
000031e0   __strasg
000032c0   _exit
000033a0   _enableInterruptTIMER1
000033d0   _disableInterruptTIMER1
000033ec   _enableInterruptGPIO4
0000341c   _enableInterruptDAC
0000344c   _disableInterruptDAC
00003480   _copy_in
00003540   _DSK6713_AIC23_setFreq
00003600   _MCBSP_config
000036a0   __fixdi
00003740   __renormd
00003880   ___TI_cpp_init
00003900   _c_int00
00003980   __fltid
000039e0   _IRQ_enable
00003a20   _IRQ_reset
00003a60   __args_main
00003ac0   _IRQ_globalDisable
00003ae0   _IRQ_globalEnable
00003b00   _IRQ_nmiEnable
00003b20   _IRQ_setVecs
00003b40   _MCBSP_getXmtEventId
00003b60   _MCBSP_read
00003b80   _MCBSP_rrdy
00003ba0   _MCBSP_write
00003bc0   _MCBSP_xrdy
00003be0   C$$EXIT
00003be0   _abort
00003c00   __IRQ_hookFetchPacket
00003c20   ___etext__
00003c20   __stack
00003c20   etext
00004c20   __STACK_END
00004c20   ___cinit__
00004c20   cinit
000050f0   _fs
000050f4   _inputsource
000050f6   _ValADCIn
000050f8   _ValSon
000050fc   _i
00005100   _ledBool
00005104   _tabTest
0000512c   _nbEchADC
00005130   _Addr_SDRAM
00005134   _enablerejouer
00005138   _enableenregistrement
0000513c   _IsADCconvTermine
00005140   _IsDACreadtermine
00005144   _oldDIP0
00005148   _oldDIP1
0000514c   _oldDIP2
00005150   _oldDIP3
00005154   _etat1
00005158   _etat2
0000515c   _etat3
00005160   _etat4
00005164   _compLED
00005168   _firstPlay
0000516c   _ActualPos
00005170   _GainNum
00005174   _filterON
00005178   _bufferFiltre
000051c8   _FIRCoe
00005270   _BuffFiltre
000052ec   __IRQ_eventTable
00005370   __IRQ_intTable
000053b0   __IRQ_dispatchTable
000053b8   _AIC_data
000053c4   _AIC23CfgData
000053e4   _config
0000540c   _hAIC23_handle
00005440   __MCBSP_hDev0
00005444   __MCBSP_hDev1
00005490   __cleanup_ptr
00005494   __dtors_ptr
00005498   ___TI_enable_exit_profile_output
0000549c   _DSK6713_AIC23_codeccontrolhandle
000054a0   _DSK6713_AIC23_codecdatahandle
000054a4   _DSK6713_version
ffffffff   ___TI_pprof_out_hndl
ffffffff   ___TI_prof_data_size
ffffffff   ___TI_prof_data_start
ffffffff   ___binit__
ffffffff   ___c_args__
ffffffff   ___pinit__
ffffffff   binit
ffffffff   pinit

[155 symbols]
