******************************************************************************
               TMS320C6x Linker PC v7.4.20                     
******************************************************************************
>> Linked Wed Feb 01 17:06:34 2017

OUTPUT FILE NAME:   <LAB_APP3.out>
ENTRY POINT SYMBOL: "_c_int00"  address: 000019c0


MEMORY CONFIGURATION

         name            origin    length      used     unused   attr    fill
----------------------  --------  ---------  --------  --------  ----  --------
  IVECS                 00000000   00000220  00000200  00000020  RWIX
  IRAM                  00000220   0002fde0  00001948  0002e498  RWIX
  SDRAM                 80000000   01000000  00000000  01000000  RWIX
  FLASH                 90000000   00020000  00000000  00020000  RWIX


SECTION ALLOCATION MAP

 output                                  attributes/
section   page    origin      length       input sections
--------  ----  ----------  ----------   ----------------
.vectors   0    00000000    00000200     
                  00000000    00000200     Vectors_intr.obj (.vectors)

.bss       0    00000220    00000000     UNINITIALIZED

.stack     0    00000220    00001000     UNINITIALIZED
                  00000220    00000008     rts6200.lib : boot.obj (.stack)
                  00000228    00000ff8     --HOLE--

.text      0    00001220    000008e0     
                  00001220    00000240     rts6200.lib : memcpy62.obj (.text:_memcpy)
                  00001460    000001a0     main.obj (.text)
                  00001600    00000100     rts6200.lib : autoinit.obj (.text:__auto_init)
                  00001700    000000e0                 : exit.obj (.text:_exit)
                  000017e0    000000c0                 : cpy_tbl.obj (.text:_copy_in)
                  000018a0    000000a0     main.obj (.text:retain)
                  00001940    00000080     rts6200.lib : cpp_init.obj (.text:___TI_cpp_init)
                  000019c0    00000080                 : boot.obj (.text:_c_int00)
                  00001a40    00000040                 : args_main.obj (.text:__args_main)
                  00001a80    00000040     asmfunc.obj (.text)
                  00001ac0    00000020     Vectors_intr.obj (.text)
                  00001ae0    00000020     rts6200.lib : exit.obj (.text:_abort)

.cinit     0    00001b00    00000054     
                  00001b00    0000002c     rts6200.lib : exit.obj (.cinit)
                  00001b2c    00000004     --HOLE-- [fill = 0]
                  00001b30    0000001c     main.obj (.cinit)
                  00001b4c    00000004     --HOLE-- [fill = 0]
                  00001b50    00000004     (.pad.cinit) [fill = 0]

.far       0    00001b54    00000014     UNINITIALIZED
                  00001b54    0000000c     rts6200.lib : exit.obj (.far)
                  00001b60    00000008     main.obj (.far)


GLOBAL SYMBOLS: SORTED ALPHABETICALLY BY Name 

address    name
--------   ----
00000220   $bss
00000220   .bss
00001220   .text
00001ae0   C$$EXIT
000018a0   _ISR_FUNC
00001220   __STACK_END
00001000   __STACK_SIZE
00000001   __TI_args_main
00001940   ___TI_cpp_init
00001b5c   ___TI_enable_exit_profile_output
ffffffff   ___TI_pprof_out_hndl
ffffffff   ___TI_prof_data_size
ffffffff   ___TI_prof_data_start
ffffffff   ___binit__
00000220   ___bss__
ffffffff   ___c_args__
00001b00   ___cinit__
00000220   ___end__
00001b00   ___etext__
ffffffff   ___pinit__
00001220   ___text__
00001a40   __args_main
00001600   __auto_init
00001b54   __cleanup_ptr
00001b58   __dtors_ptr
00000220   __stack
00001ae0   _abort
000019c0   _c_int00
000014d4   _configAndStartTimer1
000017e0   _copy_in
00001a80   _enableInterrupts
00001700   _exit
00001b60   _i
00001b64   _ledBool
00001460   _main
00001220   _memcpy
0000155c   _prob1
0000149c   _setGPIO4
00000020   _vector1
00000140   _vector10
00000160   _vector11
00000180   _vector12
000001a0   _vector13
000001c0   _vector14
000001e0   _vector15
00000040   _vector2
00000060   _vector3
000000a0   _vector5
000000c0   _vector6
000000e0   _vector7
00000100   _vector8
00000120   _vector9
00000000   _vectors
ffffffff   binit
00001b00   cinit
00000220   end
00001b00   etext
ffffffff   pinit


GLOBAL SYMBOLS: SORTED BY Symbol Address 

address    name
--------   ----
00000000   _vectors
00000001   __TI_args_main
00000020   _vector1
00000040   _vector2
00000060   _vector3
000000a0   _vector5
000000c0   _vector6
000000e0   _vector7
00000100   _vector8
00000120   _vector9
00000140   _vector10
00000160   _vector11
00000180   _vector12
000001a0   _vector13
000001c0   _vector14
000001e0   _vector15
00000220   $bss
00000220   .bss
00000220   ___bss__
00000220   ___end__
00000220   __stack
00000220   end
00001000   __STACK_SIZE
00001220   .text
00001220   __STACK_END
00001220   ___text__
00001220   _memcpy
00001460   _main
0000149c   _setGPIO4
000014d4   _configAndStartTimer1
0000155c   _prob1
00001600   __auto_init
00001700   _exit
000017e0   _copy_in
000018a0   _ISR_FUNC
00001940   ___TI_cpp_init
000019c0   _c_int00
00001a40   __args_main
00001a80   _enableInterrupts
00001ae0   C$$EXIT
00001ae0   _abort
00001b00   ___cinit__
00001b00   ___etext__
00001b00   cinit
00001b00   etext
00001b54   __cleanup_ptr
00001b58   __dtors_ptr
00001b5c   ___TI_enable_exit_profile_output
00001b60   _i
00001b64   _ledBool
ffffffff   ___TI_pprof_out_hndl
ffffffff   ___TI_prof_data_size
ffffffff   ___TI_prof_data_start
ffffffff   ___binit__
ffffffff   ___c_args__
ffffffff   ___pinit__
ffffffff   binit
ffffffff   pinit

[58 symbols]
