<?xml version="1.0"?>
<link_info>
   <banner>TMS320C6x Linker PC v7.4.20</banner>
   <copyright>Copyright (c) 1996-2015 Texas Instruments Incorporated</copyright>
   <link_time>0x58d5483a</link_time>
   <output_file>CODE_BASE_PROJET_S5.out</output_file>
   <entry_point>
      <name>_c_int00</name>
      <address>0xd700</address>
   </entry_point>
   <input_file_list>
      <input_file id="fl-2">
         <path>.\source\asm\</path>
         <kind>object</kind>
         <file>IIR_2ndOrder_directII_ASM.obj</file>
         <name>IIR_2ndOrder_directII_ASM.obj</name>
      </input_file>
      <input_file id="fl-3">
         <path>.\source\asm\</path>
         <kind>object</kind>
         <file>Vectors_intr.obj</file>
         <name>Vectors_intr.obj</name>
      </input_file>
      <input_file id="fl-4">
         <path>.\source\asm\</path>
         <kind>object</kind>
         <file>corr.obj</file>
         <name>corr.obj</name>
      </input_file>
      <input_file id="fl-5">
         <path>.\source\c\</path>
         <kind>object</kind>
         <file>C6713Helper_UdeS.obj</file>
         <name>C6713Helper_UdeS.obj</name>
      </input_file>
      <input_file id="fl-6">
         <path>.\source\c\</path>
         <kind>object</kind>
         <file>bitrev_index.obj</file>
         <name>bitrev_index.obj</name>
      </input_file>
      <input_file id="fl-7">
         <path>.\source\c\</path>
         <kind>object</kind>
         <file>filtrerCascadeIIR.obj</file>
         <name>filtrerCascadeIIR.obj</name>
      </input_file>
      <input_file id="fl-8">
         <path>.\source\c\</path>
         <kind>object</kind>
         <file>gen_w_r2.obj</file>
         <name>gen_w_r2.obj</name>
      </input_file>
      <input_file id="fl-9">
         <path>.\source\c\</path>
         <kind>object</kind>
         <file>main_filtre_IIR_Biquad.obj</file>
         <name>main_filtre_IIR_Biquad.obj</name>
      </input_file>
      <input_file id="fl-a">
         <path>.\source\c\</path>
         <kind>object</kind>
         <file>traitement_audio.obj</file>
         <name>traitement_audio.obj</name>
      </input_file>
      <input_file id="fl-89">
         <path>C:\ti\ccsv7\tools\compiler\c6000_7.4.20\lib\</path>
         <kind>archive</kind>
         <file>rts6700.lib</file>
         <name>atan.obj</name>
      </input_file>
      <input_file id="fl-8a">
         <path>C:\ti\ccsv7\tools\compiler\c6000_7.4.20\lib\</path>
         <kind>archive</kind>
         <file>rts6700.lib</file>
         <name>boot.obj</name>
      </input_file>
      <input_file id="fl-8b">
         <path>C:\ti\ccsv7\tools\compiler\c6000_7.4.20\lib\</path>
         <kind>archive</kind>
         <file>rts6700.lib</file>
         <name>cos.obj</name>
      </input_file>
      <input_file id="fl-8c">
         <path>C:\ti\ccsv7\tools\compiler\c6000_7.4.20\lib\</path>
         <kind>archive</kind>
         <file>rts6700.lib</file>
         <name>divd.obj</name>
      </input_file>
      <input_file id="fl-8d">
         <path>C:\ti\ccsv7\tools\compiler\c6000_7.4.20\lib\</path>
         <kind>archive</kind>
         <file>rts6700.lib</file>
         <name>divi.obj</name>
      </input_file>
      <input_file id="fl-8e">
         <path>C:\ti\ccsv7\tools\compiler\c6000_7.4.20\lib\</path>
         <kind>archive</kind>
         <file>rts6700.lib</file>
         <name>exit.obj</name>
      </input_file>
      <input_file id="fl-8f">
         <path>C:\ti\ccsv7\tools\compiler\c6000_7.4.20\lib\</path>
         <kind>archive</kind>
         <file>rts6700.lib</file>
         <name>frcmpyd_div.obj</name>
      </input_file>
      <input_file id="fl-90">
         <path>C:\ti\ccsv7\tools\compiler\c6000_7.4.20\lib\</path>
         <kind>archive</kind>
         <file>rts6700.lib</file>
         <name>llshift.obj</name>
      </input_file>
      <input_file id="fl-91">
         <path>C:\ti\ccsv7\tools\compiler\c6000_7.4.20\lib\</path>
         <kind>archive</kind>
         <file>rts6700.lib</file>
         <name>modf.obj</name>
      </input_file>
      <input_file id="fl-92">
         <path>C:\ti\ccsv7\tools\compiler\c6000_7.4.20\lib\</path>
         <kind>archive</kind>
         <file>rts6700.lib</file>
         <name>mpyll.obj</name>
      </input_file>
      <input_file id="fl-93">
         <path>C:\ti\ccsv7\tools\compiler\c6000_7.4.20\lib\</path>
         <kind>archive</kind>
         <file>rts6700.lib</file>
         <name>pow.obj</name>
      </input_file>
      <input_file id="fl-94">
         <path>C:\ti\ccsv7\tools\compiler\c6000_7.4.20\lib\</path>
         <kind>archive</kind>
         <file>rts6700.lib</file>
         <name>printf.obj</name>
      </input_file>
      <input_file id="fl-95">
         <path>C:\ti\ccsv7\tools\compiler\c6000_7.4.20\lib\</path>
         <kind>archive</kind>
         <file>rts6700.lib</file>
         <name>round.obj</name>
      </input_file>
      <input_file id="fl-96">
         <path>C:\ti\ccsv7\tools\compiler\c6000_7.4.20\lib\</path>
         <kind>archive</kind>
         <file>rts6700.lib</file>
         <name>sin.obj</name>
      </input_file>
      <input_file id="fl-97">
         <path>C:\ti\ccsv7\tools\compiler\c6000_7.4.20\lib\</path>
         <kind>archive</kind>
         <file>rts6700.lib</file>
         <name>sqrt.obj</name>
      </input_file>
      <input_file id="fl-98">
         <path>C:\ti\ccsv7\tools\compiler\c6000_7.4.20\lib\</path>
         <kind>archive</kind>
         <file>rts6700.lib</file>
         <name>trunc.obj</name>
      </input_file>
      <input_file id="fl-99">
         <path>C:\ti\ccsv7\tools\compiler\c6000_7.4.20\lib\</path>
         <kind>archive</kind>
         <file>rts6700.lib</file>
         <name>_lock.obj</name>
      </input_file>
      <input_file id="fl-9a">
         <path>C:\ti\ccsv7\tools\compiler\c6000_7.4.20\lib\</path>
         <kind>archive</kind>
         <file>rts6700.lib</file>
         <name>_printfi.obj</name>
      </input_file>
      <input_file id="fl-9b">
         <path>C:\ti\ccsv7\tools\compiler\c6000_7.4.20\lib\</path>
         <kind>archive</kind>
         <file>rts6700.lib</file>
         <name>args_main.obj</name>
      </input_file>
      <input_file id="fl-9c">
         <path>C:\ti\ccsv7\tools\compiler\c6000_7.4.20\lib\</path>
         <kind>archive</kind>
         <file>rts6700.lib</file>
         <name>atoi.obj</name>
      </input_file>
      <input_file id="fl-9d">
         <path>C:\ti\ccsv7\tools\compiler\c6000_7.4.20\lib\</path>
         <kind>archive</kind>
         <file>rts6700.lib</file>
         <name>autoinit.obj</name>
      </input_file>
      <input_file id="fl-9e">
         <path>C:\ti\ccsv7\tools\compiler\c6000_7.4.20\lib\</path>
         <kind>archive</kind>
         <file>rts6700.lib</file>
         <name>cpp_init.obj</name>
      </input_file>
      <input_file id="fl-9f">
         <path>C:\ti\ccsv7\tools\compiler\c6000_7.4.20\lib\</path>
         <kind>archive</kind>
         <file>rts6700.lib</file>
         <name>cpy_tbl.obj</name>
      </input_file>
      <input_file id="fl-a0">
         <path>C:\ti\ccsv7\tools\compiler\c6000_7.4.20\lib\</path>
         <kind>archive</kind>
         <file>rts6700.lib</file>
         <name>ctype.obj</name>
      </input_file>
      <input_file id="fl-a1">
         <path>C:\ti\ccsv7\tools\compiler\c6000_7.4.20\lib\</path>
         <kind>archive</kind>
         <file>rts6700.lib</file>
         <name>defs.obj</name>
      </input_file>
      <input_file id="fl-a2">
         <path>C:\ti\ccsv7\tools\compiler\c6000_7.4.20\lib\</path>
         <kind>archive</kind>
         <file>rts6700.lib</file>
         <name>divu.obj</name>
      </input_file>
      <input_file id="fl-a3">
         <path>C:\ti\ccsv7\tools\compiler\c6000_7.4.20\lib\</path>
         <kind>archive</kind>
         <file>rts6700.lib</file>
         <name>errno.obj</name>
      </input_file>
      <input_file id="fl-a4">
         <path>C:\ti\ccsv7\tools\compiler\c6000_7.4.20\lib\</path>
         <kind>archive</kind>
         <file>rts6700.lib</file>
         <name>fixdli.obj</name>
      </input_file>
      <input_file id="fl-a5">
         <path>C:\ti\ccsv7\tools\compiler\c6000_7.4.20\lib\</path>
         <kind>archive</kind>
         <file>rts6700.lib</file>
         <name>fltlid.obj</name>
      </input_file>
      <input_file id="fl-a6">
         <path>C:\ti\ccsv7\tools\compiler\c6000_7.4.20\lib\</path>
         <kind>archive</kind>
         <file>rts6700.lib</file>
         <name>fputc.obj</name>
      </input_file>
      <input_file id="fl-a7">
         <path>C:\ti\ccsv7\tools\compiler\c6000_7.4.20\lib\</path>
         <kind>archive</kind>
         <file>rts6700.lib</file>
         <name>fputs.obj</name>
      </input_file>
      <input_file id="fl-a8">
         <path>C:\ti\ccsv7\tools\compiler\c6000_7.4.20\lib\</path>
         <kind>archive</kind>
         <file>rts6700.lib</file>
         <name>frexp.obj</name>
      </input_file>
      <input_file id="fl-a9">
         <path>C:\ti\ccsv7\tools\compiler\c6000_7.4.20\lib\</path>
         <kind>archive</kind>
         <file>rts6700.lib</file>
         <name>imath40.obj</name>
      </input_file>
      <input_file id="fl-aa">
         <path>C:\ti\ccsv7\tools\compiler\c6000_7.4.20\lib\</path>
         <kind>archive</kind>
         <file>rts6700.lib</file>
         <name>imath64.obj</name>
      </input_file>
      <input_file id="fl-ab">
         <path>C:\ti\ccsv7\tools\compiler\c6000_7.4.20\lib\</path>
         <kind>archive</kind>
         <file>rts6700.lib</file>
         <name>isinf.obj</name>
      </input_file>
      <input_file id="fl-ac">
         <path>C:\ti\ccsv7\tools\compiler\c6000_7.4.20\lib\</path>
         <kind>archive</kind>
         <file>rts6700.lib</file>
         <name>ldexp.obj</name>
      </input_file>
      <input_file id="fl-ad">
         <path>C:\ti\ccsv7\tools\compiler\c6000_7.4.20\lib\</path>
         <kind>archive</kind>
         <file>rts6700.lib</file>
         <name>lowlev.obj</name>
      </input_file>
      <input_file id="fl-ae">
         <path>C:\ti\ccsv7\tools\compiler\c6000_7.4.20\lib\</path>
         <kind>archive</kind>
         <file>rts6700.lib</file>
         <name>ltoa.obj</name>
      </input_file>
      <input_file id="fl-af">
         <path>C:\ti\ccsv7\tools\compiler\c6000_7.4.20\lib\</path>
         <kind>archive</kind>
         <file>rts6700.lib</file>
         <name>memccpy.obj</name>
      </input_file>
      <input_file id="fl-b0">
         <path>C:\ti\ccsv7\tools\compiler\c6000_7.4.20\lib\</path>
         <kind>archive</kind>
         <file>rts6700.lib</file>
         <name>memcpy62.obj</name>
      </input_file>
      <input_file id="fl-b1">
         <path>C:\ti\ccsv7\tools\compiler\c6000_7.4.20\lib\</path>
         <kind>archive</kind>
         <file>rts6700.lib</file>
         <name>memset.obj</name>
      </input_file>
      <input_file id="fl-b2">
         <path>C:\ti\ccsv7\tools\compiler\c6000_7.4.20\lib\</path>
         <kind>archive</kind>
         <file>rts6700.lib</file>
         <name>negll.obj</name>
      </input_file>
      <input_file id="fl-b3">
         <path>C:\ti\ccsv7\tools\compiler\c6000_7.4.20\lib\</path>
         <kind>archive</kind>
         <file>rts6700.lib</file>
         <name>trgdrv.obj</name>
      </input_file>
      <input_file id="fl-b4">
         <path>C:\ti\ccsv7\tools\compiler\c6000_7.4.20\lib\</path>
         <kind>archive</kind>
         <file>rts6700.lib</file>
         <name>trgmsg.obj</name>
      </input_file>
      <input_file id="fl-b5">
         <path>C:\ti\ccsv7\tools\compiler\c6000_7.4.20\lib\</path>
         <kind>archive</kind>
         <file>rts6700.lib</file>
         <name>_io_perm.obj</name>
      </input_file>
      <input_file id="fl-b6">
         <path>C:\ti\ccsv7\tools\compiler\c6000_7.4.20\lib\</path>
         <kind>archive</kind>
         <file>rts6700.lib</file>
         <name>abs.obj</name>
      </input_file>
      <input_file id="fl-b7">
         <path>C:\ti\ccsv7\tools\compiler\c6000_7.4.20\lib\</path>
         <kind>archive</kind>
         <file>rts6700.lib</file>
         <name>fflush.obj</name>
      </input_file>
      <input_file id="fl-b8">
         <path>C:\ti\ccsv7\tools\compiler\c6000_7.4.20\lib\</path>
         <kind>archive</kind>
         <file>rts6700.lib</file>
         <name>fseek.obj</name>
      </input_file>
      <input_file id="fl-b9">
         <path>C:\ti\ccsv7\tools\compiler\c6000_7.4.20\lib\</path>
         <kind>archive</kind>
         <file>rts6700.lib</file>
         <name>setvbuf.obj</name>
      </input_file>
      <input_file id="fl-ba">
         <path>C:\ti\ccsv7\tools\compiler\c6000_7.4.20\lib\</path>
         <kind>archive</kind>
         <file>rts6700.lib</file>
         <name>fopen.obj</name>
      </input_file>
      <input_file id="fl-bb">
         <path>C:\ti\ccsv7\tools\compiler\c6000_7.4.20\lib\</path>
         <kind>archive</kind>
         <file>rts6700.lib</file>
         <name>memory.obj</name>
      </input_file>
      <input_file id="fl-bc">
         <path>C:\ti\ccsv7\tools\compiler\c6000_7.4.20\lib\</path>
         <kind>archive</kind>
         <file>rts6700.lib</file>
         <name>fclose.obj</name>
      </input_file>
      <input_file id="fl-bd">
         <path>C:\ti\ccsv7\tools\compiler\c6000_7.4.20\lib\</path>
         <kind>archive</kind>
         <file>rts6700.lib</file>
         <name>remove.obj</name>
      </input_file>
      <input_file id="fl-be">
         <path>C:\ti\ccsv7\ccs_base\C6700\dsplib\lib\</path>
         <kind>archive</kind>
         <file>dsp67x.lib</file>
         <name>DSPF_sp_bitrev_cplx.obj</name>
      </input_file>
      <input_file id="fl-bf">
         <path>C:\ti\ccsv7\ccs_base\C6700\dsplib\lib\</path>
         <kind>archive</kind>
         <file>dsp67x.lib</file>
         <name>DSPF_sp_cfftr2_dit.obj</name>
      </input_file>
      <input_file id="fl-c0">
         <path>C:\ti\dsk6713\lib\</path>
         <kind>archive</kind>
         <file>dsk6713bsl.lib</file>
         <name>dsk6713.obj</name>
      </input_file>
      <input_file id="fl-c1">
         <path>C:\ti\dsk6713\lib\</path>
         <kind>archive</kind>
         <file>dsk6713bsl.lib</file>
         <name>dsk6713_aic23_closecodec.obj</name>
      </input_file>
      <input_file id="fl-c2">
         <path>C:\ti\dsk6713\lib\</path>
         <kind>archive</kind>
         <file>dsk6713bsl.lib</file>
         <name>dsk6713_aic23_opencodec.obj</name>
      </input_file>
      <input_file id="fl-c3">
         <path>C:\ti\dsk6713\lib\</path>
         <kind>archive</kind>
         <file>dsk6713bsl.lib</file>
         <name>dsk6713_aic23_registers.obj</name>
      </input_file>
      <input_file id="fl-c4">
         <path>C:\ti\dsk6713\lib\</path>
         <kind>archive</kind>
         <file>dsk6713bsl.lib</file>
         <name>dsk6713_aic23_setfreq.obj</name>
      </input_file>
      <input_file id="fl-c5">
         <path>C:\ti\ccsv7\ccs_base\C6xCSL\lib_3x\</path>
         <kind>archive</kind>
         <file>csl6713.lib</file>
         <name>csl_irq.obj</name>
      </input_file>
      <input_file id="fl-c6">
         <path>C:\ti\ccsv7\ccs_base\C6xCSL\lib_3x\</path>
         <kind>archive</kind>
         <file>csl6713.lib</file>
         <name>csl_mcbsp.obj</name>
      </input_file>
      <input_file id="fl-c7">
         <path>C:\ti\ccsv7\tools\compiler\c6000_7.4.20\lib\</path>
         <kind>archive</kind>
         <file>rts6700.lib</file>
         <name>strasg.obj</name>
      </input_file>
   </input_file_list>
   <object_component_list>
      <object_component id="oc-14">
         <name>.vectors</name>
         <load_address>0x0</load_address>
         <run_address>0x0</run_address>
         <size>0x200</size>
         <input_file_ref idref="fl-3"/>
      </object_component>
      <object_component id="oc-15c">
         <name>.text</name>
         <load_address>0x220</load_address>
         <run_address>0x220</run_address>
         <size>0xda0</size>
         <input_file_ref idref="fl-a"/>
      </object_component>
      <object_component id="oc-168">
         <name>.text:_pow</name>
         <load_address>0xfc0</load_address>
         <run_address>0xfc0</run_address>
         <size>0x900</size>
         <input_file_ref idref="fl-93"/>
      </object_component>
      <object_component id="oc-12d">
         <name>.text</name>
         <load_address>0x18c0</load_address>
         <run_address>0x18c0</run_address>
         <size>0x7e0</size>
         <input_file_ref idref="fl-5"/>
      </object_component>
      <object_component id="oc-12b">
         <name>.text:__divd</name>
         <load_address>0x20a0</load_address>
         <run_address>0x20a0</run_address>
         <size>0x720</size>
         <input_file_ref idref="fl-8c"/>
      </object_component>
      <object_component id="oc-17e">
         <name>.text:__getarg_diouxp</name>
         <load_address>0x27c0</load_address>
         <run_address>0x27c0</run_address>
         <size>0x6c0</size>
         <input_file_ref idref="fl-9a"/>
      </object_component>
      <object_component id="oc-163">
         <name>.text:__setfield</name>
         <load_address>0x2e80</load_address>
         <run_address>0x2e80</run_address>
         <size>0x640</size>
         <input_file_ref idref="fl-9a"/>
      </object_component>
      <object_component id="oc-158">
         <name>.text:__printfi</name>
         <load_address>0x34c0</load_address>
         <run_address>0x34c0</run_address>
         <size>0x560</size>
         <input_file_ref idref="fl-9a"/>
      </object_component>
      <object_component id="oc-fa">
         <name>.text</name>
         <load_address>0x3a20</load_address>
         <run_address>0x3a20</run_address>
         <size>0x4e0</size>
         <input_file_ref idref="fl-bf"/>
      </object_component>
      <object_component id="oc-34">
         <name>.text:retain</name>
         <load_address>0x3f00</load_address>
         <run_address>0x3f00</run_address>
         <size>0x4e0</size>
         <input_file_ref idref="fl-9"/>
      </object_component>
      <object_component id="oc-15f">
         <name>.text:_fputs</name>
         <load_address>0x43e0</load_address>
         <run_address>0x43e0</run_address>
         <size>0x4c0</size>
         <input_file_ref idref="fl-a7"/>
      </object_component>
      <object_component id="oc-fe">
         <name>.text</name>
         <load_address>0x48a0</load_address>
         <run_address>0x48a0</run_address>
         <size>0x480</size>
         <input_file_ref idref="fl-c0"/>
      </object_component>
      <object_component id="oc-188">
         <name>.text:_fcvt</name>
         <load_address>0x4d20</load_address>
         <run_address>0x4d20</run_address>
         <size>0x420</size>
         <input_file_ref idref="fl-9a"/>
      </object_component>
      <object_component id="oc-16f">
         <name>.text:__pproc_fge</name>
         <load_address>0x5140</load_address>
         <run_address>0x5140</run_address>
         <size>0x400</size>
         <input_file_ref idref="fl-9a"/>
      </object_component>
      <object_component id="oc-185">
         <name>.text:_ecvt</name>
         <load_address>0x5540</load_address>
         <run_address>0x5540</run_address>
         <size>0x400</size>
         <input_file_ref idref="fl-9a"/>
      </object_component>
      <object_component id="oc-13f">
         <name>.text</name>
         <load_address>0x5940</load_address>
         <run_address>0x5940</run_address>
         <size>0x3e0</size>
         <input_file_ref idref="fl-9"/>
      </object_component>
      <object_component id="oc-12e">
         <name>.text</name>
         <load_address>0x5d20</load_address>
         <run_address>0x5d20</run_address>
         <size>0x3a0</size>
         <input_file_ref idref="fl-7"/>
      </object_component>
      <object_component id="oc-193">
         <name>.text:__divull</name>
         <load_address>0x60c0</load_address>
         <run_address>0x60c0</run_address>
         <size>0x380</size>
         <input_file_ref idref="fl-aa"/>
      </object_component>
      <object_component id="oc-182">
         <name>.text:_free</name>
         <load_address>0x6440</load_address>
         <run_address>0x6440</run_address>
         <size>0x380</size>
         <input_file_ref idref="fl-bb"/>
      </object_component>
      <object_component id="oc-17d">
         <name>.text:__pconv_e</name>
         <load_address>0x67c0</load_address>
         <run_address>0x67c0</run_address>
         <size>0x360</size>
         <input_file_ref idref="fl-9a"/>
      </object_component>
      <object_component id="oc-162">
         <name>.text:__pproc_fwp</name>
         <load_address>0x6b20</load_address>
         <run_address>0x6b20</run_address>
         <size>0x360</size>
         <input_file_ref idref="fl-9a"/>
      </object_component>
      <object_component id="oc-12c">
         <name>.text:_cos</name>
         <load_address>0x6e80</load_address>
         <run_address>0x6e80</run_address>
         <size>0x340</size>
         <input_file_ref idref="fl-8b"/>
      </object_component>
      <object_component id="oc-108">
         <name>.text</name>
         <load_address>0x71c0</load_address>
         <run_address>0x71c0</run_address>
         <size>0x320</size>
         <input_file_ref idref="fl-c2"/>
      </object_component>
      <object_component id="oc-170">
         <name>.text:__pproc_diouxp</name>
         <load_address>0x74e0</load_address>
         <run_address>0x74e0</run_address>
         <size>0x300</size>
         <input_file_ref idref="fl-9a"/>
      </object_component>
      <object_component id="oc-173">
         <name>.text:_sin</name>
         <load_address>0x77e0</load_address>
         <run_address>0x77e0</run_address>
         <size>0x2e0</size>
         <input_file_ref idref="fl-96"/>
      </object_component>
      <object_component id="oc-164">
         <name>.text:__pproc_str</name>
         <load_address>0x7ac0</load_address>
         <run_address>0x7ac0</run_address>
         <size>0x2c0</size>
         <input_file_ref idref="fl-9a"/>
      </object_component>
      <object_component id="oc-177">
         <name>.text:_setvbuf</name>
         <load_address>0x7d80</load_address>
         <run_address>0x7d80</run_address>
         <size>0x2c0</size>
         <input_file_ref idref="fl-b9"/>
      </object_component>
      <object_component id="oc-17b">
         <name>.text:__pconv_g</name>
         <load_address>0x8040</load_address>
         <run_address>0x8040</run_address>
         <size>0x2a0</size>
         <input_file_ref idref="fl-9a"/>
      </object_component>
      <object_component id="oc-160">
         <name>.text:_fputc</name>
         <load_address>0x82e0</load_address>
         <run_address>0x82e0</run_address>
         <size>0x2a0</size>
         <input_file_ref idref="fl-a6"/>
      </object_component>
      <object_component id="oc-192">
         <name>.text:__divul</name>
         <load_address>0x8580</load_address>
         <run_address>0x8580</run_address>
         <size>0x260</size>
         <input_file_ref idref="fl-a9"/>
      </object_component>
      <object_component id="oc-f6">
         <name>.text</name>
         <load_address>0x87e0</load_address>
         <run_address>0x87e0</run_address>
         <size>0x260</size>
         <input_file_ref idref="fl-be"/>
      </object_component>
      <object_component id="oc-187">
         <name>.text:__mcpy</name>
         <load_address>0x8a40</load_address>
         <run_address>0x8a40</run_address>
         <size>0x240</size>
         <input_file_ref idref="fl-9a"/>
      </object_component>
      <object_component id="oc-172">
         <name>.text:_atan</name>
         <load_address>0x8c80</load_address>
         <run_address>0x8c80</run_address>
         <size>0x240</size>
         <input_file_ref idref="fl-89"/>
      </object_component>
      <object_component id="oc-183">
         <name>.text:_malloc</name>
         <load_address>0x8ec0</load_address>
         <run_address>0x8ec0</run_address>
         <size>0x240</size>
         <input_file_ref idref="fl-bb"/>
      </object_component>
      <object_component id="oc-13d">
         <name>.text:_memcpy</name>
         <load_address>0x9100</load_address>
         <run_address>0x9100</run_address>
         <size>0x240</size>
         <input_file_ref idref="fl-b0"/>
      </object_component>
      <object_component id="oc-167">
         <name>.text</name>
         <load_address>0x9340</load_address>
         <run_address>0x9340</run_address>
         <size>0x240</size>
         <input_file_ref idref="fl-6"/>
      </object_component>
      <object_component id="oc-137">
         <name>.text:_HOSTrename</name>
         <load_address>0x9580</load_address>
         <run_address>0x9580</run_address>
         <size>0x220</size>
         <input_file_ref idref="fl-b3"/>
      </object_component>
      <object_component id="oc-19b">
         <name>.text:_getdevice</name>
         <load_address>0x97a0</load_address>
         <run_address>0x97a0</run_address>
         <size>0x1e0</size>
         <input_file_ref idref="fl-ad"/>
      </object_component>
      <object_component id="oc-14d">
         <name>.text:_IRQ_map</name>
         <load_address>0x9980</load_address>
         <run_address>0x9980</run_address>
         <size>0x1c0</size>
         <input_file_ref idref="fl-c5"/>
      </object_component>
      <object_component id="oc-176">
         <name>.text:_fseek</name>
         <load_address>0x9b40</load_address>
         <run_address>0x9b40</run_address>
         <size>0x1c0</size>
         <input_file_ref idref="fl-b8"/>
      </object_component>
      <object_component id="oc-15b">
         <name>.text:_MCBSP_reset</name>
         <load_address>0x9d00</load_address>
         <run_address>0x9d00</run_address>
         <size>0x1a0</size>
         <input_file_ref idref="fl-c6"/>
      </object_component>
      <object_component id="oc-180">
         <name>.text:__ltostr</name>
         <load_address>0x9ea0</load_address>
         <run_address>0x9ea0</run_address>
         <size>0x1a0</size>
         <input_file_ref idref="fl-9a"/>
      </object_component>
      <object_component id="oc-161">
         <name>.text:__pproc_fflags</name>
         <load_address>0xa040</load_address>
         <run_address>0xa040</run_address>
         <size>0x1a0</size>
         <input_file_ref idref="fl-9a"/>
      </object_component>
      <object_component id="oc-175">
         <name>.text:_ldexp</name>
         <load_address>0xa1e0</load_address>
         <run_address>0xa1e0</run_address>
         <size>0x1a0</size>
         <input_file_ref idref="fl-ac"/>
      </object_component>
      <object_component id="oc-166">
         <name>.text</name>
         <load_address>0xa380</load_address>
         <run_address>0xa380</run_address>
         <size>0x180</size>
         <input_file_ref idref="fl-8"/>
      </object_component>
      <object_component id="oc-135">
         <name>.text:_HOSTlseek</name>
         <load_address>0xa500</load_address>
         <run_address>0xa500</run_address>
         <size>0x160</size>
         <input_file_ref idref="fl-b3"/>
      </object_component>
      <object_component id="oc-18d">
         <name>.text:__closefile</name>
         <load_address>0xa660</load_address>
         <run_address>0xa660</run_address>
         <size>0x160</size>
         <input_file_ref idref="fl-bc"/>
      </object_component>
      <object_component id="oc-10e">
         <name>.text</name>
         <load_address>0xa7c0</load_address>
         <run_address>0xa7c0</run_address>
         <size>0x160</size>
         <input_file_ref idref="fl-c3"/>
      </object_component>
      <object_component id="oc-133">
         <name>.text:_HOSTread</name>
         <load_address>0xa920</load_address>
         <run_address>0xa920</run_address>
         <size>0x140</size>
         <input_file_ref idref="fl-b3"/>
      </object_component>
      <object_component id="oc-142">
         <name>.text:__frcmpyd_div</name>
         <load_address>0xaa60</load_address>
         <run_address>0xaa60</run_address>
         <size>0x140</size>
         <input_file_ref idref="fl-8f"/>
      </object_component>
      <object_component id="oc-16e">
         <name>.text:_atoi</name>
         <load_address>0xaba0</load_address>
         <run_address>0xaba0</run_address>
         <size>0x140</size>
         <input_file_ref idref="fl-9c"/>
      </object_component>
      <object_component id="oc-18f">
         <name>.text:_ltoa</name>
         <load_address>0xace0</load_address>
         <run_address>0xace0</run_address>
         <size>0x140</size>
         <input_file_ref idref="fl-ae"/>
      </object_component>
      <object_component id="oc-169">
         <name>.text:_sqrt</name>
         <load_address>0xae20</load_address>
         <run_address>0xae20</run_address>
         <size>0x140</size>
         <input_file_ref idref="fl-97"/>
      </object_component>
      <object_component id="oc-f">
         <name>.text</name>
         <load_address>0xaf60</load_address>
         <run_address>0xaf60</run_address>
         <size>0x120</size>
         <input_file_ref idref="fl-2"/>
      </object_component>
      <object_component id="oc-131">
         <name>.text:_HOSTopen</name>
         <load_address>0xb080</load_address>
         <run_address>0xb080</run_address>
         <size>0x120</size>
         <input_file_ref idref="fl-b3"/>
      </object_component>
      <object_component id="oc-134">
         <name>.text:_HOSTwrite</name>
         <load_address>0xb1a0</load_address>
         <run_address>0xb1a0</run_address>
         <size>0x120</size>
         <input_file_ref idref="fl-b3"/>
      </object_component>
      <object_component id="oc-165">
         <name>.text:__divi</name>
         <load_address>0xb2c0</load_address>
         <run_address>0xb2c0</run_address>
         <size>0x120</size>
         <input_file_ref idref="fl-8d"/>
      </object_component>
      <object_component id="oc-16a">
         <name>.text:__wrt_ok</name>
         <load_address>0xb3e0</load_address>
         <run_address>0xb3e0</run_address>
         <size>0x120</size>
         <input_file_ref idref="fl-b5"/>
      </object_component>
      <object_component id="oc-194">
         <name>.text:_close</name>
         <load_address>0xb500</load_address>
         <run_address>0xb500</run_address>
         <size>0x120</size>
         <input_file_ref idref="fl-ad"/>
      </object_component>
      <object_component id="oc-174">
         <name>.text:_frexp</name>
         <load_address>0xb620</load_address>
         <run_address>0xb620</run_address>
         <size>0x120</size>
         <input_file_ref idref="fl-a8"/>
      </object_component>
      <object_component id="oc-16d">
         <name>.text:_memset</name>
         <load_address>0xb740</load_address>
         <run_address>0xb740</run_address>
         <size>0x120</size>
         <input_file_ref idref="fl-b1"/>
      </object_component>
      <object_component id="oc-132">
         <name>.text:_HOSTclose</name>
         <load_address>0xb860</load_address>
         <run_address>0xb860</run_address>
         <size>0x100</size>
         <input_file_ref idref="fl-b3"/>
      </object_component>
      <object_component id="oc-136">
         <name>.text:_HOSTunlink</name>
         <load_address>0xb960</load_address>
         <run_address>0xb960</run_address>
         <size>0x100</size>
         <input_file_ref idref="fl-b3"/>
      </object_component>
      <object_component id="oc-13a">
         <name>.text:_MCBSP_open</name>
         <load_address>0xba60</load_address>
         <run_address>0xba60</run_address>
         <size>0x100</size>
         <input_file_ref idref="fl-c6"/>
      </object_component>
      <object_component id="oc-13b">
         <name>.text:_MCBSP_start</name>
         <load_address>0xbb60</load_address>
         <run_address>0xbb60</run_address>
         <size>0x100</size>
         <input_file_ref idref="fl-c6"/>
      </object_component>
      <object_component id="oc-128">
         <name>.text:__auto_init</name>
         <load_address>0xbc60</load_address>
         <run_address>0xbc60</run_address>
         <size>0x100</size>
         <input_file_ref idref="fl-9d"/>
      </object_component>
      <object_component id="oc-18a">
         <name>.text:__div</name>
         <load_address>0xbd60</load_address>
         <run_address>0xbd60</run_address>
         <size>0x100</size>
         <input_file_ref idref="fl-9a"/>
      </object_component>
      <object_component id="oc-197">
         <name>.text:__divli</name>
         <load_address>0xbe60</load_address>
         <run_address>0xbe60</run_address>
         <size>0x100</size>
         <input_file_ref idref="fl-a9"/>
      </object_component>
      <object_component id="oc-17c">
         <name>.text:__pconv_f</name>
         <load_address>0xbf60</load_address>
         <run_address>0xbf60</run_address>
         <size>0x100</size>
         <input_file_ref idref="fl-9a"/>
      </object_component>
      <object_component id="oc-181">
         <name>.text:_lseek</name>
         <load_address>0xc060</load_address>
         <run_address>0xc060</run_address>
         <size>0x100</size>
         <input_file_ref idref="fl-ad"/>
      </object_component>
      <object_component id="oc-12f">
         <name>.text:_printf</name>
         <load_address>0xc160</load_address>
         <run_address>0xc160</run_address>
         <size>0x100</size>
         <input_file_ref idref="fl-94"/>
      </object_component>
      <object_component id="oc-16c">
         <name>.text:_write</name>
         <load_address>0xc260</load_address>
         <run_address>0xc260</run_address>
         <size>0x100</size>
         <input_file_ref idref="fl-ad"/>
      </object_component>
      <object_component id="oc-184">
         <name>.text:__cleanup</name>
         <load_address>0xc360</load_address>
         <run_address>0xc360</run_address>
         <size>0xe0</size>
         <input_file_ref idref="fl-ba"/>
      </object_component>
      <object_component id="oc-16b">
         <name>.text:__doflush</name>
         <load_address>0xc440</load_address>
         <run_address>0xc440</run_address>
         <size>0xe0</size>
         <input_file_ref idref="fl-b7"/>
      </object_component>
      <object_component id="oc-186">
         <name>.text:__ecpy</name>
         <load_address>0xc520</load_address>
         <run_address>0xc520</run_address>
         <size>0xe0</size>
         <input_file_ref idref="fl-9a"/>
      </object_component>
      <object_component id="oc-189">
         <name>.text:__fcpy</name>
         <load_address>0xc600</load_address>
         <run_address>0xc600</run_address>
         <size>0xe0</size>
         <input_file_ref idref="fl-9a"/>
      </object_component>
      <object_component id="oc-144">
         <name>.text:__nround</name>
         <load_address>0xc6e0</load_address>
         <run_address>0xc6e0</run_address>
         <size>0xe0</size>
         <input_file_ref idref="fl-95"/>
      </object_component>
      <object_component id="oc-138">
         <name>.text:__strasg</name>
         <load_address>0xc7c0</load_address>
         <run_address>0xc7c0</run_address>
         <size>0xe0</size>
         <input_file_ref idref="fl-c7"/>
      </object_component>
      <object_component id="oc-12a">
         <name>.text:_exit</name>
         <load_address>0xc8a0</load_address>
         <run_address>0xc8a0</run_address>
         <size>0xe0</size>
         <input_file_ref idref="fl-8e"/>
      </object_component>
      <object_component id="oc-18c">
         <name>.text:_minsert</name>
         <load_address>0xc980</load_address>
         <run_address>0xc980</run_address>
         <size>0xe0</size>
         <input_file_ref idref="fl-bb"/>
      </object_component>
      <object_component id="oc-145">
         <name>.text:_modf</name>
         <load_address>0xca60</load_address>
         <run_address>0xca60</run_address>
         <size>0xe0</size>
         <input_file_ref idref="fl-91"/>
      </object_component>
      <object_component id="oc-18b">
         <name>.text:_mremove</name>
         <load_address>0xcb40</load_address>
         <run_address>0xcb40</run_address>
         <size>0xe0</size>
         <input_file_ref idref="fl-bb"/>
      </object_component>
      <object_component id="oc-191">
         <name>.text:__divu</name>
         <load_address>0xcc20</load_address>
         <run_address>0xcc20</run_address>
         <size>0xc0</size>
         <input_file_ref idref="fl-a2"/>
      </object_component>
      <object_component id="oc-13c">
         <name>.text:_copy_in</name>
         <load_address>0xcce0</load_address>
         <run_address>0xcce0</run_address>
         <size>0xc0</size>
         <input_file_ref idref="fl-9f"/>
      </object_component>
      <object_component id="oc-19c">
         <name>.text:_finddevice</name>
         <load_address>0xcda0</load_address>
         <run_address>0xcda0</run_address>
         <size>0xc0</size>
         <input_file_ref idref="fl-ad"/>
      </object_component>
      <object_component id="oc-18">
         <name>.text</name>
         <load_address>0xce60</load_address>
         <run_address>0xce60</run_address>
         <size>0xc0</size>
         <input_file_ref idref="fl-4"/>
      </object_component>
      <object_component id="oc-114">
         <name>.text</name>
         <load_address>0xcf20</load_address>
         <run_address>0xcf20</run_address>
         <size>0xc0</size>
         <input_file_ref idref="fl-c4"/>
      </object_component>
      <object_component id="oc-139">
         <name>.text:_MCBSP_close</name>
         <load_address>0xcfe0</load_address>
         <run_address>0xcfe0</run_address>
         <size>0xa0</size>
         <input_file_ref idref="fl-c6"/>
      </object_component>
      <object_component id="oc-146">
         <name>.text:_MCBSP_config</name>
         <load_address>0xd080</load_address>
         <run_address>0xd080</run_address>
         <size>0xa0</size>
         <input_file_ref idref="fl-c6"/>
      </object_component>
      <object_component id="oc-18e">
         <name>.text:__fixdli</name>
         <load_address>0xd120</load_address>
         <run_address>0xd120</run_address>
         <size>0xa0</size>
         <input_file_ref idref="fl-a4"/>
      </object_component>
      <object_component id="oc-15d">
         <name>.text:__mpyll</name>
         <load_address>0xd1c0</load_address>
         <run_address>0xd1c0</run_address>
         <size>0xa0</size>
         <input_file_ref idref="fl-92"/>
      </object_component>
      <object_component id="oc-196">
         <name>.text:__remli</name>
         <load_address>0xd260</load_address>
         <run_address>0xd260</run_address>
         <size>0xa0</size>
         <input_file_ref idref="fl-a9"/>
      </object_component>
      <object_component id="oc-15a">
         <name>.text:_readmsg</name>
         <load_address>0xd300</load_address>
         <run_address>0xd300</run_address>
         <size>0xa0</size>
         <input_file_ref idref="fl-b4"/>
      </object_component>
      <object_component id="oc-15e">
         <name>.text:_setMux</name>
         <load_address>0xd3a0</load_address>
         <run_address>0xd3a0</run_address>
         <size>0xa0</size>
         <input_file_ref idref="fl-c5"/>
      </object_component>
      <object_component id="oc-19a">
         <name>.text:_unlink</name>
         <load_address>0xd440</load_address>
         <run_address>0xd440</run_address>
         <size>0xa0</size>
         <input_file_ref idref="fl-ad"/>
      </object_component>
      <object_component id="oc-159">
         <name>.text:_writemsg</name>
         <load_address>0xd4e0</load_address>
         <run_address>0xd4e0</run_address>
         <size>0xa0</size>
         <input_file_ref idref="fl-b4"/>
      </object_component>
      <object_component id="oc-13e">
         <name>.text:___TI_cpp_init</name>
         <load_address>0xd580</load_address>
         <run_address>0xd580</run_address>
         <size>0x80</size>
         <input_file_ref idref="fl-9e"/>
      </object_component>
      <object_component id="oc-190">
         <name>.text:__fltlid</name>
         <load_address>0xd600</load_address>
         <run_address>0xd600</run_address>
         <size>0x80</size>
         <input_file_ref idref="fl-a5"/>
      </object_component>
      <object_component id="oc-198">
         <name>.text:__llshl</name>
         <load_address>0xd680</load_address>
         <run_address>0xd680</run_address>
         <size>0x80</size>
         <input_file_ref idref="fl-90"/>
      </object_component>
      <object_component id="oc-e">
         <name>.text:_c_int00</name>
         <load_address>0xd700</load_address>
         <run_address>0xd700</run_address>
         <size>0x80</size>
         <input_file_ref idref="fl-8a"/>
      </object_component>
      <object_component id="oc-171">
         <name>.text:_memccpy</name>
         <load_address>0xd780</load_address>
         <run_address>0xd780</run_address>
         <size>0x80</size>
         <input_file_ref idref="fl-af"/>
      </object_component>
      <object_component id="oc-104">
         <name>.text</name>
         <load_address>0xd800</load_address>
         <run_address>0xd800</run_address>
         <size>0x80</size>
         <input_file_ref idref="fl-c1"/>
      </object_component>
      <object_component id="oc-17a">
         <name>.text:___isinf</name>
         <load_address>0xd880</load_address>
         <run_address>0xd880</run_address>
         <size>0x60</size>
         <input_file_ref idref="fl-ab"/>
      </object_component>
      <object_component id="oc-141">
         <name>.text:__llshru</name>
         <load_address>0xd8e0</load_address>
         <run_address>0xd8e0</run_address>
         <size>0x60</size>
         <input_file_ref idref="fl-90"/>
      </object_component>
      <object_component id="oc-199">
         <name>.text:__subcull</name>
         <load_address>0xd940</load_address>
         <run_address>0xd940</run_address>
         <size>0x60</size>
         <input_file_ref idref="fl-aa"/>
      </object_component>
      <object_component id="oc-151">
         <name>.text:_IRQ_enable</name>
         <load_address>0xd9a0</load_address>
         <run_address>0xd9a0</run_address>
         <size>0x40</size>
         <input_file_ref idref="fl-c5"/>
      </object_component>
      <object_component id="oc-14e">
         <name>.text:_IRQ_reset</name>
         <load_address>0xd9e0</load_address>
         <run_address>0xd9e0</run_address>
         <size>0x40</size>
         <input_file_ref idref="fl-c5"/>
      </object_component>
      <object_component id="oc-179">
         <name>.text:___isnan</name>
         <load_address>0xda20</load_address>
         <run_address>0xda20</run_address>
         <size>0x40</size>
         <input_file_ref idref="fl-9a"/>
      </object_component>
      <object_component id="oc-129">
         <name>.text:__args_main</name>
         <load_address>0xda60</load_address>
         <run_address>0xda60</run_address>
         <size>0x40</size>
         <input_file_ref idref="fl-9b"/>
      </object_component>
      <object_component id="oc-143">
         <name>.text:__trunc</name>
         <load_address>0xdaa0</load_address>
         <run_address>0xdaa0</run_address>
         <size>0x40</size>
         <input_file_ref idref="fl-98"/>
      </object_component>
      <object_component id="oc-13">
         <name>.text</name>
         <load_address>0xdae0</load_address>
         <run_address>0xdae0</run_address>
         <size>0x20</size>
         <input_file_ref idref="fl-3"/>
      </object_component>
      <object_component id="oc-14b">
         <name>.text:_IRQ_globalDisable</name>
         <load_address>0xdb00</load_address>
         <run_address>0xdb00</run_address>
         <size>0x20</size>
         <input_file_ref idref="fl-c5"/>
      </object_component>
      <object_component id="oc-14f">
         <name>.text:_IRQ_globalEnable</name>
         <load_address>0xdb20</load_address>
         <run_address>0xdb20</run_address>
         <size>0x20</size>
         <input_file_ref idref="fl-c5"/>
      </object_component>
      <object_component id="oc-150">
         <name>.text:_IRQ_nmiEnable</name>
         <load_address>0xdb40</load_address>
         <run_address>0xdb40</run_address>
         <size>0x20</size>
         <input_file_ref idref="fl-c5"/>
      </object_component>
      <object_component id="oc-14c">
         <name>.text:_MCBSP_getXmtEventId</name>
         <load_address>0xdb60</load_address>
         <run_address>0xdb60</run_address>
         <size>0x20</size>
         <input_file_ref idref="fl-c6"/>
      </object_component>
      <object_component id="oc-14a">
         <name>.text:_MCBSP_read</name>
         <load_address>0xdb80</load_address>
         <run_address>0xdb80</run_address>
         <size>0x20</size>
         <input_file_ref idref="fl-c6"/>
      </object_component>
      <object_component id="oc-149">
         <name>.text:_MCBSP_rrdy</name>
         <load_address>0xdba0</load_address>
         <run_address>0xdba0</run_address>
         <size>0x20</size>
         <input_file_ref idref="fl-c6"/>
      </object_component>
      <object_component id="oc-148">
         <name>.text:_MCBSP_write</name>
         <load_address>0xdbc0</load_address>
         <run_address>0xdbc0</run_address>
         <size>0x20</size>
         <input_file_ref idref="fl-c6"/>
      </object_component>
      <object_component id="oc-147">
         <name>.text:_MCBSP_xrdy</name>
         <load_address>0xdbe0</load_address>
         <run_address>0xdbe0</run_address>
         <size>0x20</size>
         <input_file_ref idref="fl-c6"/>
      </object_component>
      <object_component id="oc-17f">
         <name>.text:__negll</name>
         <load_address>0xdc00</load_address>
         <run_address>0xdc00</run_address>
         <size>0x20</size>
         <input_file_ref idref="fl-b2"/>
      </object_component>
      <object_component id="oc-130">
         <name>.text:__nop</name>
         <load_address>0xdc20</load_address>
         <run_address>0xdc20</run_address>
         <size>0x20</size>
         <input_file_ref idref="fl-99"/>
      </object_component>
      <object_component id="oc-157">
         <name>.text:__outc</name>
         <load_address>0xdc40</load_address>
         <run_address>0xdc40</run_address>
         <size>0x20</size>
         <input_file_ref idref="fl-94"/>
      </object_component>
      <object_component id="oc-156">
         <name>.text:__outs</name>
         <load_address>0xdc60</load_address>
         <run_address>0xdc60</run_address>
         <size>0x20</size>
         <input_file_ref idref="fl-94"/>
      </object_component>
      <object_component id="oc-140">
         <name>.text:_abort</name>
         <load_address>0xdc80</load_address>
         <run_address>0xdc80</run_address>
         <size>0x20</size>
         <input_file_ref idref="fl-8e"/>
      </object_component>
      <object_component id="oc-195">
         <name>.text:_remove</name>
         <load_address>0xdca0</load_address>
         <run_address>0xdca0</run_address>
         <size>0x20</size>
         <input_file_ref idref="fl-bd"/>
      </object_component>
      <object_component id="oc-11a">
         <name>.text</name>
         <load_address>0xdcc0</load_address>
         <run_address>0xdcc0</run_address>
         <size>0x20</size>
         <input_file_ref idref="fl-c5"/>
      </object_component>
      <object_component id="oc-31">
         <name>.cinit</name>
         <load_address>0x12e00</load_address>
         <run_address>0x12e00</run_address>
         <size>0x20c</size>
         <input_file_ref idref="fl-9"/>
      </object_component>
      <object_component id="oc-64">
         <name>.cinit</name>
         <load_address>0x13010</load_address>
         <run_address>0x13010</run_address>
         <size>0x140</size>
         <input_file_ref idref="fl-93"/>
      </object_component>
      <object_component id="oc-11b">
         <name>.cinit</name>
         <load_address>0x13150</load_address>
         <run_address>0x13150</run_address>
         <size>0x12c</size>
         <input_file_ref idref="fl-c5"/>
      </object_component>
      <object_component id="oc-3f">
         <name>.cinit</name>
         <load_address>0x13280</load_address>
         <run_address>0x13280</run_address>
         <size>0x70</size>
         <input_file_ref idref="fl-89"/>
      </object_component>
      <object_component id="oc-94">
         <name>.cinit</name>
         <load_address>0x132f0</load_address>
         <run_address>0x132f0</run_address>
         <size>0x5c</size>
         <input_file_ref idref="fl-a1"/>
      </object_component>
      <object_component id="oc-bb">
         <name>.cinit</name>
         <load_address>0x13350</load_address>
         <run_address>0x13350</run_address>
         <size>0x5c</size>
         <input_file_ref idref="fl-ad"/>
      </object_component>
      <object_component id="oc-1d">
         <name>.cinit</name>
         <load_address>0x133b0</load_address>
         <run_address>0x133b0</run_address>
         <size>0x58</size>
         <input_file_ref idref="fl-5"/>
      </object_component>
      <object_component id="oc-120">
         <name>.cinit</name>
         <load_address>0x13408</load_address>
         <run_address>0x13408</run_address>
         <size>0x54</size>
         <input_file_ref idref="fl-c6"/>
      </object_component>
      <object_component id="oc-48">
         <name>.cinit</name>
         <load_address>0x13460</load_address>
         <run_address>0x13460</run_address>
         <size>0x48</size>
         <input_file_ref idref="fl-8b"/>
      </object_component>
      <object_component id="oc-6f">
         <name>.cinit</name>
         <load_address>0x134a8</load_address>
         <run_address>0x134a8</run_address>
         <size>0x48</size>
         <input_file_ref idref="fl-96"/>
      </object_component>
      <object_component id="oc-10f">
         <name>.cinit</name>
         <load_address>0x134f0</load_address>
         <run_address>0x134f0</run_address>
         <size>0x30</size>
         <input_file_ref idref="fl-c3"/>
      </object_component>
      <object_component id="oc-27">
         <name>.cinit</name>
         <load_address>0x13520</load_address>
         <run_address>0x13520</run_address>
         <size>0x2c</size>
         <input_file_ref idref="fl-7"/>
      </object_component>
      <object_component id="oc-53">
         <name>.cinit</name>
         <load_address>0x13550</load_address>
         <run_address>0x13550</run_address>
         <size>0x2c</size>
         <input_file_ref idref="fl-8e"/>
      </object_component>
      <object_component id="oc-eb">
         <name>.cinit</name>
         <load_address>0x13580</load_address>
         <run_address>0x13580</run_address>
         <size>0x2c</size>
         <input_file_ref idref="fl-bb"/>
      </object_component>
      <object_component id="oc-115">
         <name>.cinit</name>
         <load_address>0x135b0</load_address>
         <run_address>0x135b0</run_address>
         <size>0x28</size>
         <input_file_ref idref="fl-c4"/>
      </object_component>
      <object_component id="oc-7a">
         <name>.cinit</name>
         <load_address>0x135d8</load_address>
         <run_address>0x135d8</run_address>
         <size>0x1c</size>
         <input_file_ref idref="fl-99"/>
      </object_component>
      <object_component id="oc-9b">
         <name>.cinit</name>
         <load_address>0x135f8</load_address>
         <run_address>0x135f8</run_address>
         <size>0xc</size>
         <input_file_ref idref="fl-a3"/>
      </object_component>
      <object_component id="oc-e6">
         <name>.cinit</name>
         <load_address>0x13608</load_address>
         <run_address>0x13608</run_address>
         <size>0xc</size>
         <input_file_ref idref="fl-ba"/>
      </object_component>
      <object_component id="oc-44">
         <name>.stack</name>
         <uninitialized>true</uninitialized>
         <run_address>0x10e00</run_address>
         <size>0x8</size>
         <input_file_ref idref="fl-8a"/>
      </object_component>
      <object_component id="oc-1b2">
         <name>.stack</name>
         <uninitialized>true</uninitialized>
         <run_address>0x10e00</run_address>
         <size>0x0</size>
      </object_component>
      <object_component id="oc-ed">
         <name>.sysmem</name>
         <uninitialized>true</uninitialized>
         <run_address>0x11e00</run_address>
         <size>0x8</size>
         <input_file_ref idref="fl-bb"/>
      </object_component>
      <object_component id="oc-1b3">
         <name>.sysmem</name>
         <uninitialized>true</uninitialized>
         <run_address>0x11e00</run_address>
         <size>0x0</size>
      </object_component>
      <object_component id="oc-178">
         <name>.const:.string:__ctypes_</name>
         <load_address>0x13620</load_address>
         <run_address>0x13620</run_address>
         <size>0x101</size>
         <input_file_ref idref="fl-a0"/>
      </object_component>
      <object_component id="oc-a8">
         <name>.const:.string</name>
         <load_address>0x13721</load_address>
         <run_address>0x13721</run_address>
         <size>0x2</size>
         <input_file_ref idref="fl-a7"/>
      </object_component>
      <object_component id="oc-154">
         <name>.const:_IIR_COEFFS</name>
         <load_address>0x13724</load_address>
         <run_address>0x13724</run_address>
         <size>0xf0</size>
         <input_file_ref idref="fl-7"/>
      </object_component>
      <object_component id="oc-10a">
         <name>.const</name>
         <load_address>0x13814</load_address>
         <run_address>0x13814</run_address>
         <size>0x40</size>
         <input_file_ref idref="fl-c2"/>
      </object_component>
      <object_component id="oc-3a">
         <name>.const:.string</name>
         <load_address>0x13854</load_address>
         <run_address>0x13854</run_address>
         <size>0x2c</size>
         <input_file_ref idref="fl-a"/>
      </object_component>
      <object_component id="oc-7f">
         <name>.const:.string</name>
         <load_address>0x13880</load_address>
         <run_address>0x13880</run_address>
         <size>0x23</size>
         <input_file_ref idref="fl-9a"/>
      </object_component>
      <object_component id="oc-100">
         <name>.const</name>
         <load_address>0x138a4</load_address>
         <run_address>0x138a4</run_address>
         <size>0x20</size>
         <input_file_ref idref="fl-c0"/>
      </object_component>
      <object_component id="oc-35">
         <name>.const:.string</name>
         <load_address>0x138c4</load_address>
         <run_address>0x138c4</run_address>
         <size>0x10</size>
         <input_file_ref idref="fl-9"/>
      </object_component>
      <object_component id="oc-152">
         <name>.const:_IIR_NB_ORDRE2</name>
         <load_address>0x138d4</load_address>
         <run_address>0x138d4</run_address>
         <size>0x4</size>
         <input_file_ref idref="fl-7"/>
      </object_component>
      <object_component id="oc-33">
         <name>.const</name>
         <load_address>0x138d8</load_address>
         <run_address>0x138d8</run_address>
         <size>0xc</size>
         <input_file_ref idref="fl-9"/>
      </object_component>
      <object_component id="oc-155">
         <name>.const:_IIR_GAINS</name>
         <load_address>0x138e4</load_address>
         <run_address>0x138e4</run_address>
         <size>0x8</size>
         <input_file_ref idref="fl-7"/>
      </object_component>
      <object_component id="oc-153">
         <name>.const:_IIR_NO_LIGNE</name>
         <load_address>0x138ec</load_address>
         <run_address>0x138ec</run_address>
         <size>0x4</size>
         <input_file_ref idref="fl-7"/>
      </object_component>
      <object_component id="oc-1e">
         <name>.far</name>
         <uninitialized>true</uninitialized>
         <run_address>0x10c70</run_address>
         <size>0x58</size>
         <input_file_ref idref="fl-5"/>
      </object_component>
      <object_component id="oc-28">
         <name>.far</name>
         <uninitialized>true</uninitialized>
         <run_address>0x10b98</run_address>
         <size>0x78</size>
         <input_file_ref idref="fl-7"/>
      </object_component>
      <object_component id="oc-32">
         <name>.far</name>
         <uninitialized>true</uninitialized>
         <run_address>0xdd00</run_address>
         <size>0x2840</size>
         <input_file_ref idref="fl-9"/>
      </object_component>
      <object_component id="oc-40">
         <name>.far</name>
         <uninitialized>true</uninitialized>
         <run_address>0x10c10</run_address>
         <size>0x60</size>
         <input_file_ref idref="fl-89"/>
      </object_component>
      <object_component id="oc-49">
         <name>.far</name>
         <uninitialized>true</uninitialized>
         <run_address>0x10cc8</run_address>
         <size>0x40</size>
         <input_file_ref idref="fl-8b"/>
      </object_component>
      <object_component id="oc-54">
         <name>.far</name>
         <uninitialized>true</uninitialized>
         <run_address>0x10dc8</run_address>
         <size>0xc</size>
         <input_file_ref idref="fl-8e"/>
      </object_component>
      <object_component id="oc-65">
         <name>.far</name>
         <uninitialized>true</uninitialized>
         <run_address>0x10868</run_address>
         <size>0x120</size>
         <input_file_ref idref="fl-93"/>
      </object_component>
      <object_component id="oc-70">
         <name>.far</name>
         <uninitialized>true</uninitialized>
         <run_address>0x10d08</run_address>
         <size>0x40</size>
         <input_file_ref idref="fl-96"/>
      </object_component>
      <object_component id="oc-7b">
         <name>.far</name>
         <uninitialized>true</uninitialized>
         <run_address>0x10ddc</run_address>
         <size>0x8</size>
         <input_file_ref idref="fl-99"/>
      </object_component>
      <object_component id="oc-95">
         <name>.far</name>
         <uninitialized>true</uninitialized>
         <run_address>0x10540</run_address>
         <size>0x324</size>
         <input_file_ref idref="fl-a1"/>
      </object_component>
      <object_component id="oc-9c">
         <name>.far</name>
         <uninitialized>true</uninitialized>
         <run_address>0x10864</run_address>
         <size>0x4</size>
         <input_file_ref idref="fl-a3"/>
      </object_component>
      <object_component id="oc-bc">
         <name>.far</name>
         <uninitialized>true</uninitialized>
         <run_address>0x10988</run_address>
         <size>0x11c</size>
         <input_file_ref idref="fl-ad"/>
      </object_component>
      <object_component id="oc-cf">
         <name>.far</name>
         <uninitialized>true</uninitialized>
         <run_address>0x10dec</run_address>
         <size>0x8</size>
         <input_file_ref idref="fl-b3"/>
      </object_component>
      <object_component id="oc-e7">
         <name>.far</name>
         <uninitialized>true</uninitialized>
         <run_address>0x10df4</run_address>
         <size>0x4</size>
         <input_file_ref idref="fl-ba"/>
      </object_component>
      <object_component id="oc-ec">
         <name>.far</name>
         <uninitialized>true</uninitialized>
         <run_address>0x10de4</run_address>
         <size>0x8</size>
         <input_file_ref idref="fl-bb"/>
      </object_component>
      <object_component id="oc-ff">
         <name>.far</name>
         <uninitialized>true</uninitialized>
         <run_address>0x10df8</run_address>
         <size>0x2</size>
         <input_file_ref idref="fl-c0"/>
      </object_component>
      <object_component id="oc-109">
         <name>.far</name>
         <uninitialized>true</uninitialized>
         <run_address>0x10dd4</run_address>
         <size>0x8</size>
         <input_file_ref idref="fl-c2"/>
      </object_component>
      <object_component id="oc-110">
         <name>.far</name>
         <uninitialized>true</uninitialized>
         <run_address>0x10d80</run_address>
         <size>0x28</size>
         <input_file_ref idref="fl-c3"/>
      </object_component>
      <object_component id="oc-116">
         <name>.far</name>
         <uninitialized>true</uninitialized>
         <run_address>0x10da8</run_address>
         <size>0x20</size>
         <input_file_ref idref="fl-c4"/>
      </object_component>
      <object_component id="oc-11c">
         <name>.far</name>
         <uninitialized>true</uninitialized>
         <run_address>0x10aa4</run_address>
         <size>0xf4</size>
         <input_file_ref idref="fl-c5"/>
      </object_component>
      <object_component id="oc-121">
         <name>.far</name>
         <uninitialized>true</uninitialized>
         <run_address>0x10d48</run_address>
         <size>0x38</size>
         <input_file_ref idref="fl-c6"/>
      </object_component>
      <object_component id="oc-d3">
         <name>.cio</name>
         <uninitialized>true</uninitialized>
         <run_address>0x138f0</run_address>
         <size>0x120</size>
         <input_file_ref idref="fl-b4"/>
      </object_component>
      <object_component id="oc-10">
         <name>.debug_info</name>
         <load_address>0x0</load_address>
         <run_address>0x0</run_address>
         <size>0x10a</size>
         <input_file_ref idref="fl-2"/>
      </object_component>
      <object_component id="oc-15">
         <name>.debug_info</name>
         <load_address>0x10a</load_address>
         <run_address>0x10a</run_address>
         <size>0x121</size>
         <input_file_ref idref="fl-3"/>
      </object_component>
      <object_component id="oc-19">
         <name>.debug_info</name>
         <load_address>0x22b</load_address>
         <run_address>0x22b</run_address>
         <size>0xd5</size>
         <input_file_ref idref="fl-4"/>
      </object_component>
      <object_component id="oc-1c">
         <name>.debug_info</name>
         <load_address>0x300</load_address>
         <run_address>0x300</run_address>
         <size>0x16ce</size>
         <input_file_ref idref="fl-5"/>
      </object_component>
      <object_component id="oc-22">
         <name>.debug_info</name>
         <load_address>0x19ce</load_address>
         <run_address>0x19ce</run_address>
         <size>0x8c4</size>
         <input_file_ref idref="fl-6"/>
      </object_component>
      <object_component id="oc-26">
         <name>.debug_info</name>
         <load_address>0x2292</load_address>
         <run_address>0x2292</run_address>
         <size>0xbd3</size>
         <input_file_ref idref="fl-7"/>
      </object_component>
      <object_component id="oc-2c">
         <name>.debug_info</name>
         <load_address>0x2e65</load_address>
         <run_address>0x2e65</run_address>
         <size>0x77e</size>
         <input_file_ref idref="fl-8"/>
      </object_component>
      <object_component id="oc-30">
         <name>.debug_info</name>
         <load_address>0x35e3</load_address>
         <run_address>0x35e3</run_address>
         <size>0x1199</size>
         <input_file_ref idref="fl-9"/>
      </object_component>
      <object_component id="oc-39">
         <name>.debug_info</name>
         <load_address>0x477c</load_address>
         <run_address>0x477c</run_address>
         <size>0x18ce</size>
         <input_file_ref idref="fl-a"/>
      </object_component>
      <object_component id="oc-3e">
         <name>.debug_info</name>
         <load_address>0x604a</load_address>
         <run_address>0x604a</run_address>
         <size>0x6a9</size>
         <input_file_ref idref="fl-89"/>
      </object_component>
      <object_component id="oc-43">
         <name>.debug_info</name>
         <load_address>0x66f3</load_address>
         <run_address>0x66f3</run_address>
         <size>0x70b</size>
         <input_file_ref idref="fl-8a"/>
      </object_component>
      <object_component id="oc-47">
         <name>.debug_info</name>
         <load_address>0x6dfe</load_address>
         <run_address>0x6dfe</run_address>
         <size>0x717</size>
         <input_file_ref idref="fl-8b"/>
      </object_component>
      <object_component id="oc-4c">
         <name>.debug_info</name>
         <load_address>0x7515</load_address>
         <run_address>0x7515</run_address>
         <size>0x982</size>
         <input_file_ref idref="fl-8c"/>
      </object_component>
      <object_component id="oc-4f">
         <name>.debug_info</name>
         <load_address>0x7e97</load_address>
         <run_address>0x7e97</run_address>
         <size>0xd0</size>
         <input_file_ref idref="fl-8d"/>
      </object_component>
      <object_component id="oc-52">
         <name>.debug_info</name>
         <load_address>0x7f67</load_address>
         <run_address>0x7f67</run_address>
         <size>0x7ff</size>
         <input_file_ref idref="fl-8e"/>
      </object_component>
      <object_component id="oc-57">
         <name>.debug_info</name>
         <load_address>0x8766</load_address>
         <run_address>0x8766</run_address>
         <size>0x6a4</size>
         <input_file_ref idref="fl-8f"/>
      </object_component>
      <object_component id="oc-5a">
         <name>.debug_info</name>
         <load_address>0x8e0a</load_address>
         <run_address>0x8e0a</run_address>
         <size>0x701</size>
         <input_file_ref idref="fl-90"/>
      </object_component>
      <object_component id="oc-5d">
         <name>.debug_info</name>
         <load_address>0x950b</load_address>
         <run_address>0x950b</run_address>
         <size>0x680</size>
         <input_file_ref idref="fl-91"/>
      </object_component>
      <object_component id="oc-60">
         <name>.debug_info</name>
         <load_address>0x9b8b</load_address>
         <run_address>0x9b8b</run_address>
         <size>0x6b7</size>
         <input_file_ref idref="fl-92"/>
      </object_component>
      <object_component id="oc-63">
         <name>.debug_info</name>
         <load_address>0xa242</load_address>
         <run_address>0xa242</run_address>
         <size>0x8b9</size>
         <input_file_ref idref="fl-93"/>
      </object_component>
      <object_component id="oc-68">
         <name>.debug_info</name>
         <load_address>0xaafb</load_address>
         <run_address>0xaafb</run_address>
         <size>0x902</size>
         <input_file_ref idref="fl-94"/>
      </object_component>
      <object_component id="oc-6b">
         <name>.debug_info</name>
         <load_address>0xb3fd</load_address>
         <run_address>0xb3fd</run_address>
         <size>0x659</size>
         <input_file_ref idref="fl-95"/>
      </object_component>
      <object_component id="oc-6e">
         <name>.debug_info</name>
         <load_address>0xba56</load_address>
         <run_address>0xba56</run_address>
         <size>0x717</size>
         <input_file_ref idref="fl-96"/>
      </object_component>
      <object_component id="oc-73">
         <name>.debug_info</name>
         <load_address>0xc16d</load_address>
         <run_address>0xc16d</run_address>
         <size>0x88f</size>
         <input_file_ref idref="fl-97"/>
      </object_component>
      <object_component id="oc-76">
         <name>.debug_info</name>
         <load_address>0xc9fc</load_address>
         <run_address>0xc9fc</run_address>
         <size>0x651</size>
         <input_file_ref idref="fl-98"/>
      </object_component>
      <object_component id="oc-79">
         <name>.debug_info</name>
         <load_address>0xd04d</load_address>
         <run_address>0xd04d</run_address>
         <size>0x64c</size>
         <input_file_ref idref="fl-99"/>
      </object_component>
      <object_component id="oc-7e">
         <name>.debug_info</name>
         <load_address>0xd699</load_address>
         <run_address>0xd699</run_address>
         <size>0x2bda</size>
         <input_file_ref idref="fl-9a"/>
      </object_component>
      <object_component id="oc-82">
         <name>.debug_info</name>
         <load_address>0x10273</load_address>
         <run_address>0x10273</run_address>
         <size>0x6e1</size>
         <input_file_ref idref="fl-9b"/>
      </object_component>
      <object_component id="oc-85">
         <name>.debug_info</name>
         <load_address>0x10954</load_address>
         <run_address>0x10954</run_address>
         <size>0x722</size>
         <input_file_ref idref="fl-9c"/>
      </object_component>
      <object_component id="oc-88">
         <name>.debug_info</name>
         <load_address>0x11076</load_address>
         <run_address>0x11076</run_address>
         <size>0x871</size>
         <input_file_ref idref="fl-9d"/>
      </object_component>
      <object_component id="oc-8b">
         <name>.debug_info</name>
         <load_address>0x118e7</load_address>
         <run_address>0x118e7</run_address>
         <size>0x6e9</size>
         <input_file_ref idref="fl-9e"/>
      </object_component>
      <object_component id="oc-8e">
         <name>.debug_info</name>
         <load_address>0x11fd0</load_address>
         <run_address>0x11fd0</run_address>
         <size>0x7df</size>
         <input_file_ref idref="fl-9f"/>
      </object_component>
      <object_component id="oc-91">
         <name>.debug_info</name>
         <load_address>0x127af</load_address>
         <run_address>0x127af</run_address>
         <size>0x5fa</size>
         <input_file_ref idref="fl-a0"/>
      </object_component>
      <object_component id="oc-93">
         <name>.debug_info</name>
         <load_address>0x12da9</load_address>
         <run_address>0x12da9</run_address>
         <size>0x6e7</size>
         <input_file_ref idref="fl-a1"/>
      </object_component>
      <object_component id="oc-97">
         <name>.debug_info</name>
         <load_address>0x13490</load_address>
         <run_address>0x13490</run_address>
         <size>0xd0</size>
         <input_file_ref idref="fl-a2"/>
      </object_component>
      <object_component id="oc-9a">
         <name>.debug_info</name>
         <load_address>0x13560</load_address>
         <run_address>0x13560</run_address>
         <size>0x5e2</size>
         <input_file_ref idref="fl-a3"/>
      </object_component>
      <object_component id="oc-9e">
         <name>.debug_info</name>
         <load_address>0x13b42</load_address>
         <run_address>0x13b42</run_address>
         <size>0x691</size>
         <input_file_ref idref="fl-a4"/>
      </object_component>
      <object_component id="oc-a1">
         <name>.debug_info</name>
         <load_address>0x141d3</load_address>
         <run_address>0x141d3</run_address>
         <size>0x6aa</size>
         <input_file_ref idref="fl-a5"/>
      </object_component>
      <object_component id="oc-a4">
         <name>.debug_info</name>
         <load_address>0x1487d</load_address>
         <run_address>0x1487d</run_address>
         <size>0x82a</size>
         <input_file_ref idref="fl-a6"/>
      </object_component>
      <object_component id="oc-a7">
         <name>.debug_info</name>
         <load_address>0x150a7</load_address>
         <run_address>0x150a7</run_address>
         <size>0xb90</size>
         <input_file_ref idref="fl-a7"/>
      </object_component>
      <object_component id="oc-ab">
         <name>.debug_info</name>
         <load_address>0x15c37</load_address>
         <run_address>0x15c37</run_address>
         <size>0x69b</size>
         <input_file_ref idref="fl-a8"/>
      </object_component>
      <object_component id="oc-ae">
         <name>.debug_info</name>
         <load_address>0x162d2</load_address>
         <run_address>0x162d2</run_address>
         <size>0x7bd</size>
         <input_file_ref idref="fl-a9"/>
      </object_component>
      <object_component id="oc-b1">
         <name>.debug_info</name>
         <load_address>0x16a8f</load_address>
         <run_address>0x16a8f</run_address>
         <size>0x7b8</size>
         <input_file_ref idref="fl-aa"/>
      </object_component>
      <object_component id="oc-b4">
         <name>.debug_info</name>
         <load_address>0x17247</load_address>
         <run_address>0x17247</run_address>
         <size>0x816</size>
         <input_file_ref idref="fl-ab"/>
      </object_component>
      <object_component id="oc-b7">
         <name>.debug_info</name>
         <load_address>0x17a5d</load_address>
         <run_address>0x17a5d</run_address>
         <size>0x697</size>
         <input_file_ref idref="fl-ac"/>
      </object_component>
      <object_component id="oc-ba">
         <name>.debug_info</name>
         <load_address>0x180f4</load_address>
         <run_address>0x180f4</run_address>
         <size>0xf67</size>
         <input_file_ref idref="fl-ad"/>
      </object_component>
      <object_component id="oc-bf">
         <name>.debug_info</name>
         <load_address>0x1905b</load_address>
         <run_address>0x1905b</run_address>
         <size>0x748</size>
         <input_file_ref idref="fl-ae"/>
      </object_component>
      <object_component id="oc-c2">
         <name>.debug_info</name>
         <load_address>0x197a3</load_address>
         <run_address>0x197a3</run_address>
         <size>0x6ec</size>
         <input_file_ref idref="fl-af"/>
      </object_component>
      <object_component id="oc-c5">
         <name>.debug_info</name>
         <load_address>0x19e8f</load_address>
         <run_address>0x19e8f</run_address>
         <size>0x792</size>
         <input_file_ref idref="fl-b0"/>
      </object_component>
      <object_component id="oc-c8">
         <name>.debug_info</name>
         <load_address>0x1a621</load_address>
         <run_address>0x1a621</run_address>
         <size>0x730</size>
         <input_file_ref idref="fl-b1"/>
      </object_component>
      <object_component id="oc-cb">
         <name>.debug_info</name>
         <load_address>0x1ad51</load_address>
         <run_address>0x1ad51</run_address>
         <size>0x618</size>
         <input_file_ref idref="fl-b2"/>
      </object_component>
      <object_component id="oc-ce">
         <name>.debug_info</name>
         <load_address>0x1b369</load_address>
         <run_address>0x1b369</run_address>
         <size>0xf02</size>
         <input_file_ref idref="fl-b3"/>
      </object_component>
      <object_component id="oc-d2">
         <name>.debug_info</name>
         <load_address>0x1c26b</load_address>
         <run_address>0x1c26b</run_address>
         <size>0x8d1</size>
         <input_file_ref idref="fl-b4"/>
      </object_component>
      <object_component id="oc-d6">
         <name>.debug_info</name>
         <load_address>0x1cb3c</load_address>
         <run_address>0x1cb3c</run_address>
         <size>0x75a</size>
         <input_file_ref idref="fl-b5"/>
      </object_component>
      <object_component id="oc-d9">
         <name>.debug_info</name>
         <load_address>0x1d296</load_address>
         <run_address>0x1d296</run_address>
         <size>0x5cc</size>
         <input_file_ref idref="fl-b6"/>
      </object_component>
      <object_component id="oc-dc">
         <name>.debug_info</name>
         <load_address>0x1d862</load_address>
         <run_address>0x1d862</run_address>
         <size>0x781</size>
         <input_file_ref idref="fl-b7"/>
      </object_component>
      <object_component id="oc-df">
         <name>.debug_info</name>
         <load_address>0x1dfe3</load_address>
         <run_address>0x1dfe3</run_address>
         <size>0x7b9</size>
         <input_file_ref idref="fl-b8"/>
      </object_component>
      <object_component id="oc-e2">
         <name>.debug_info</name>
         <load_address>0x1e79c</load_address>
         <run_address>0x1e79c</run_address>
         <size>0x813</size>
         <input_file_ref idref="fl-b9"/>
      </object_component>
      <object_component id="oc-e5">
         <name>.debug_info</name>
         <load_address>0x1efaf</load_address>
         <run_address>0x1efaf</run_address>
         <size>0x885</size>
         <input_file_ref idref="fl-ba"/>
      </object_component>
      <object_component id="oc-ea">
         <name>.debug_info</name>
         <load_address>0x1f834</load_address>
         <run_address>0x1f834</run_address>
         <size>0xb47</size>
         <input_file_ref idref="fl-bb"/>
      </object_component>
      <object_component id="oc-f0">
         <name>.debug_info</name>
         <load_address>0x2037b</load_address>
         <run_address>0x2037b</run_address>
         <size>0x806</size>
         <input_file_ref idref="fl-bc"/>
      </object_component>
      <object_component id="oc-f3">
         <name>.debug_info</name>
         <load_address>0x20b81</load_address>
         <run_address>0x20b81</run_address>
         <size>0x664</size>
         <input_file_ref idref="fl-bd"/>
      </object_component>
      <object_component id="oc-f8">
         <name>.debug_info</name>
         <load_address>0x211e5</load_address>
         <run_address>0x211e5</run_address>
         <size>0xb1</size>
         <input_file_ref idref="fl-be"/>
      </object_component>
      <object_component id="oc-fc">
         <name>.debug_info</name>
         <load_address>0x21296</load_address>
         <run_address>0x21296</run_address>
         <size>0xaf</size>
         <input_file_ref idref="fl-bf"/>
      </object_component>
      <object_component id="oc-102">
         <name>.debug_info</name>
         <load_address>0x21345</load_address>
         <run_address>0x21345</run_address>
         <size>0xa4e</size>
         <input_file_ref idref="fl-c0"/>
      </object_component>
      <object_component id="oc-106">
         <name>.debug_info</name>
         <load_address>0x21d93</load_address>
         <run_address>0x21d93</run_address>
         <size>0x7c9</size>
         <input_file_ref idref="fl-c1"/>
      </object_component>
      <object_component id="oc-10c">
         <name>.debug_info</name>
         <load_address>0x2255c</load_address>
         <run_address>0x2255c</run_address>
         <size>0xa20</size>
         <input_file_ref idref="fl-c2"/>
      </object_component>
      <object_component id="oc-112">
         <name>.debug_info</name>
         <load_address>0x22f7c</load_address>
         <run_address>0x22f7c</run_address>
         <size>0xaa0</size>
         <input_file_ref idref="fl-c3"/>
      </object_component>
      <object_component id="oc-118">
         <name>.debug_info</name>
         <load_address>0x23a1c</load_address>
         <run_address>0x23a1c</run_address>
         <size>0x723</size>
         <input_file_ref idref="fl-c4"/>
      </object_component>
      <object_component id="oc-11e">
         <name>.debug_info</name>
         <load_address>0x2413f</load_address>
         <run_address>0x2413f</run_address>
         <size>0xcc5</size>
         <input_file_ref idref="fl-c5"/>
      </object_component>
      <object_component id="oc-123">
         <name>.debug_info</name>
         <load_address>0x24e04</load_address>
         <run_address>0x24e04</run_address>
         <size>0xf6e</size>
         <input_file_ref idref="fl-c6"/>
      </object_component>
      <object_component id="oc-125">
         <name>.debug_info</name>
         <load_address>0x25d72</load_address>
         <run_address>0x25d72</run_address>
         <size>0xd6</size>
         <input_file_ref idref="fl-c7"/>
      </object_component>
[...]
         <object_component_ref idref="oc-15c"/>
      </symbol>
      <symbol id="sm-228">
         <name>_calculFFT</name>
         <value>0xb30</value>
         <object_component_ref idref="oc-15c"/>
      </symbol>
      <symbol id="sm-229">
         <name>_GenHamming</name>
         <value>0xdec</value>
         <object_component_ref idref="oc-15c"/>
      </symbol>
      <symbol id="sm-22a">
         <name>_ApplicationFentre</name>
         <value>0xf00</value>
         <object_component_ref idref="oc-15c"/>
      </symbol>
      <symbol id="sm-22b">
         <name>_CorrManip</name>
         <value>0x3d0</value>
         <object_component_ref idref="oc-15c"/>
      </symbol>
      <symbol id="sm-239">
         <name>_atan</name>
         <value>0x8c80</value>
         <object_component_ref idref="oc-172"/>
      </symbol>
      <symbol id="sm-245">
         <name>_c_int00</name>
         <value>0xd700</value>
         <object_component_ref idref="oc-e"/>
      </symbol>
      <symbol id="sm-246">
         <name>__stack</name>
         <value>0x10e00</value>
         <object_component_ref idref="oc-44"/>
      </symbol>
      <symbol id="sm-254">
         <name>_cos</name>
         <value>0x6e80</value>
         <object_component_ref idref="oc-12c"/>
      </symbol>
      <symbol id="sm-25e">
         <name>__divd</name>
         <value>0x20a0</value>
         <object_component_ref idref="oc-12b"/>
      </symbol>
      <symbol id="sm-266">
         <name>__c6xabi_divi</name>
         <value>0xb2c0</value>
         <object_component_ref idref="oc-165"/>
      </symbol>
      <symbol id="sm-267">
         <name>__divi</name>
         <value>0xb2c0</value>
         <object_component_ref idref="oc-165"/>
      </symbol>
      <symbol id="sm-277">
         <name>C$$EXIT</name>
         <value>0xdc80</value>
         <object_component_ref idref="oc-140"/>
      </symbol>
      <symbol id="sm-278">
         <name>_exit</name>
         <value>0xc8a0</value>
         <object_component_ref idref="oc-12a"/>
      </symbol>
      <symbol id="sm-279">
         <name>___TI_enable_exit_profile_output</name>
         <value>0x10dd0</value>
         <object_component_ref idref="oc-54"/>
      </symbol>
      <symbol id="sm-27a">
         <name>_abort</name>
         <value>0xdc80</value>
         <object_component_ref idref="oc-140"/>
      </symbol>
      <symbol id="sm-27b">
         <name>__cleanup_ptr</name>
         <value>0x10dc8</value>
         <object_component_ref idref="oc-54"/>
      </symbol>
      <symbol id="sm-27c">
         <name>__dtors_ptr</name>
         <value>0x10dcc</value>
         <object_component_ref idref="oc-54"/>
      </symbol>
      <symbol id="sm-286">
         <name>__frcmpyd_div</name>
         <value>0xaa60</value>
         <object_component_ref idref="oc-142"/>
      </symbol>
      <symbol id="sm-292">
         <name>__llshl</name>
         <value>0xd680</value>
         <object_component_ref idref="oc-198"/>
      </symbol>
      <symbol id="sm-293">
         <name>__llshru</name>
         <value>0xd8e0</value>
         <object_component_ref idref="oc-141"/>
      </symbol>
      <symbol id="sm-29d">
         <name>_modf</name>
         <value>0xca60</value>
         <object_component_ref idref="oc-145"/>
      </symbol>
      <symbol id="sm-2a7">
         <name>__mpyll</name>
         <value>0xd1c0</value>
         <object_component_ref idref="oc-15d"/>
      </symbol>
      <symbol id="sm-2b5">
         <name>_pow</name>
         <value>0xfc0</value>
         <object_component_ref idref="oc-168"/>
      </symbol>
      <symbol id="sm-2c3">
         <name>_printf</name>
         <value>0xc160</value>
         <object_component_ref idref="oc-12f"/>
      </symbol>
      <symbol id="sm-2cd">
         <name>__nround</name>
         <value>0xc6e0</value>
         <object_component_ref idref="oc-144"/>
      </symbol>
      <symbol id="sm-2db">
         <name>_sin</name>
         <value>0x77e0</value>
         <object_component_ref idref="oc-173"/>
      </symbol>
      <symbol id="sm-2e5">
         <name>_sqrt</name>
         <value>0xae20</value>
         <object_component_ref idref="oc-169"/>
      </symbol>
      <symbol id="sm-2ef">
         <name>__trunc</name>
         <value>0xdaa0</value>
         <object_component_ref idref="oc-143"/>
      </symbol>
      <symbol id="sm-2fd">
         <name>__unlock</name>
         <value>0x10de0</value>
         <object_component_ref idref="oc-7b"/>
      </symbol>
      <symbol id="sm-2fe">
         <name>__lock</name>
         <value>0x10ddc</value>
         <object_component_ref idref="oc-7b"/>
      </symbol>
      <symbol id="sm-2ff">
         <name>__nop</name>
         <value>0xdc20</value>
         <object_component_ref idref="oc-130"/>
      </symbol>
      <symbol id="sm-32f">
         <name>__printfi</name>
         <value>0x34c0</value>
         <object_component_ref idref="oc-158"/>
      </symbol>
      <symbol id="sm-339">
         <name>__args_main</name>
         <value>0xda60</value>
         <object_component_ref idref="oc-129"/>
      </symbol>
      <symbol id="sm-33a">
         <name>__TI_args_main</name>
         <value>0x1</value>
      </symbol>
      <symbol id="sm-344">
         <name>_atoi</name>
         <value>0xaba0</value>
         <object_component_ref idref="oc-16e"/>
      </symbol>
      <symbol id="sm-34e">
         <name>__auto_init</name>
         <value>0xbc60</value>
         <object_component_ref idref="oc-128"/>
      </symbol>
      <symbol id="sm-358">
         <name>___TI_cpp_init</name>
         <value>0xd580</value>
         <object_component_ref idref="oc-13e"/>
      </symbol>
      <symbol id="sm-362">
         <name>_copy_in</name>
         <value>0xcce0</value>
         <object_component_ref idref="oc-13c"/>
      </symbol>
      <symbol id="sm-36a">
         <name>__ctypes_</name>
         <value>0x13620</value>
         <object_component_ref idref="oc-178"/>
      </symbol>
      <symbol id="sm-374">
         <name>__tmpnams</name>
         <value>0x10720</value>
         <object_component_ref idref="oc-95"/>
      </symbol>
      <symbol id="sm-375">
         <name>__ft_end</name>
         <value>0x10860</value>
         <object_component_ref idref="oc-95"/>
      </symbol>
      <symbol id="sm-376">
         <name>__ftable</name>
         <value>0x10540</value>
         <object_component_ref idref="oc-95"/>
      </symbol>
      <symbol id="sm-37e">
         <name>__c6xabi_divu</name>
         <value>0xcc20</value>
         <object_component_ref idref="oc-191"/>
      </symbol>
      <symbol id="sm-37f">
         <name>__divu</name>
         <value>0xcc20</value>
         <object_component_ref idref="oc-191"/>
      </symbol>
      <symbol id="sm-389">
         <name>_errno</name>
         <value>0x10864</value>
         <object_component_ref idref="oc-9c"/>
      </symbol>
      <symbol id="sm-393">
         <name>__fixdli</name>
         <value>0xd120</value>
         <object_component_ref idref="oc-18e"/>
      </symbol>
      <symbol id="sm-39d">
         <name>__fltlid</name>
         <value>0xd600</value>
         <object_component_ref idref="oc-190"/>
      </symbol>
      <symbol id="sm-3a7">
         <name>_putc</name>
         <value>0x82e0</value>
         <object_component_ref idref="oc-160"/>
      </symbol>
      <symbol id="sm-3a8">
         <name>_fputc</name>
         <value>0x82e0</value>
         <object_component_ref idref="oc-160"/>
      </symbol>
      <symbol id="sm-3b4">
         <name>_fputs</name>
         <value>0x43e0</value>
         <object_component_ref idref="oc-15f"/>
      </symbol>
      <symbol id="sm-3be">
         <name>_frexp</name>
         <value>0xb620</value>
         <object_component_ref idref="oc-174"/>
      </symbol>
      <symbol id="sm-3cc">
         <name>__divul</name>
         <value>0x8580</value>
         <object_component_ref idref="oc-192"/>
      </symbol>
      <symbol id="sm-3cd">
         <name>__remli</name>
         <value>0xd260</value>
         <object_component_ref idref="oc-196"/>
      </symbol>
      <symbol id="sm-3ce">
         <name>__divli</name>
         <value>0xbe60</value>
         <object_component_ref idref="oc-197"/>
      </symbol>
      <symbol id="sm-3da">
         <name>__subcull</name>
         <value>0xd940</value>
         <object_component_ref idref="oc-199"/>
      </symbol>
      <symbol id="sm-3db">
         <name>__divull</name>
         <value>0x60c0</value>
         <object_component_ref idref="oc-193"/>
      </symbol>
      <symbol id="sm-3e5">
         <name>___isinf</name>
         <value>0xd880</value>
         <object_component_ref idref="oc-17a"/>
      </symbol>
      <symbol id="sm-3ef">
         <name>_ldexp</name>
         <value>0xa1e0</value>
         <object_component_ref idref="oc-175"/>
      </symbol>
      <symbol id="sm-407">
         <name>_unlink</name>
         <value>0xd440</value>
         <object_component_ref idref="oc-19a"/>
      </symbol>
      <symbol id="sm-408">
         <name>_lseek</name>
         <value>0xc060</value>
         <object_component_ref idref="oc-181"/>
      </symbol>
      <symbol id="sm-409">
         <name>_close</name>
         <value>0xb500</value>
         <object_component_ref idref="oc-194"/>
      </symbol>
      <symbol id="sm-40a">
         <name>_write</name>
         <value>0xc260</value>
         <object_component_ref idref="oc-16c"/>
      </symbol>
      <symbol id="sm-414">
         <name>_ltoa</name>
         <value>0xace0</value>
         <object_component_ref idref="oc-18f"/>
      </symbol>
      <symbol id="sm-41e">
         <name>_memccpy</name>
         <value>0xd780</value>
         <object_component_ref idref="oc-171"/>
      </symbol>
      <symbol id="sm-428">
         <name>_memcpy</name>
         <value>0x9100</value>
         <object_component_ref idref="oc-13d"/>
      </symbol>
      <symbol id="sm-432">
         <name>_memset</name>
         <value>0xb740</value>
         <object_component_ref idref="oc-16d"/>
      </symbol>
      <symbol id="sm-43c">
         <name>__negll</name>
         <value>0xdc00</value>
         <object_component_ref idref="oc-17f"/>
      </symbol>
      <symbol id="sm-454">
         <name>_HOSTopen</name>
         <value>0xb080</value>
         <object_component_ref idref="oc-131"/>
      </symbol>
      <symbol id="sm-455">
         <name>_HOSTread</name>
         <value>0xa920</value>
         <object_component_ref idref="oc-133"/>
      </symbol>
      <symbol id="sm-456">
         <name>_HOSTrename</name>
         <value>0x9580</value>
         <object_component_ref idref="oc-137"/>
      </symbol>
      <symbol id="sm-457">
         <name>_HOSTwrite</name>
         <value>0xb1a0</value>
         <object_component_ref idref="oc-134"/>
      </symbol>
      <symbol id="sm-458">
         <name>_HOSTlseek</name>
         <value>0xa500</value>
         <object_component_ref idref="oc-135"/>
      </symbol>
      <symbol id="sm-459">
         <name>_HOSTunlink</name>
         <value>0xb960</value>
         <object_component_ref idref="oc-136"/>
      </symbol>
      <symbol id="sm-45a">
         <name>_HOSTclose</name>
         <value>0xb860</value>
         <object_component_ref idref="oc-132"/>
      </symbol>
      <symbol id="sm-468">
         <name>C$$IO$$</name>
         <value>0xd558</value>
         <object_component_ref idref="oc-159"/>
      </symbol>
      <symbol id="sm-469">
         <name>__CIOBUF_</name>
         <value>0x138f0</value>
         <object_component_ref idref="oc-d3"/>
      </symbol>
      <symbol id="sm-46a">
         <name>_readmsg</name>
         <value>0xd300</value>
         <object_component_ref idref="oc-15a"/>
      </symbol>
      <symbol id="sm-46b">
         <name>_writemsg</name>
         <value>0xd4e0</value>
         <object_component_ref idref="oc-159"/>
      </symbol>
      <symbol id="sm-475">
         <name>__wrt_ok</name>
         <value>0xb3e0</value>
         <object_component_ref idref="oc-16a"/>
      </symbol>
      <symbol id="sm-486">
         <name>__doflush</name>
         <value>0xc440</value>
         <object_component_ref idref="oc-16b"/>
      </symbol>
      <symbol id="sm-490">
         <name>_fseek</name>
         <value>0x9b40</value>
         <object_component_ref idref="oc-176"/>
      </symbol>
      <symbol id="sm-49a">
         <name>_setvbuf</name>
         <value>0x7d80</value>
         <object_component_ref idref="oc-177"/>
      </symbol>
      <symbol id="sm-4a8">
         <name>__cleanup</name>
         <value>0xc360</value>
         <object_component_ref idref="oc-184"/>
      </symbol>
      <symbol id="sm-4be">
         <name>__sys_memory</name>
         <value>0x11e00</value>
         <object_component_ref idref="oc-ed"/>
      </symbol>
      <symbol id="sm-4bf">
         <name>_free</name>
         <value>0x6440</value>
         <object_component_ref idref="oc-182"/>
      </symbol>
      <symbol id="sm-4c0">
         <name>_malloc</name>
         <value>0x8ec0</value>
         <object_component_ref idref="oc-183"/>
      </symbol>
      <symbol id="sm-4ca">
         <name>__closefile</name>
         <value>0xa660</value>
         <object_component_ref idref="oc-18d"/>
      </symbol>
      <symbol id="sm-4d4">
         <name>_remove</name>
         <value>0xdca0</value>
         <object_component_ref idref="oc-195"/>
      </symbol>
      <symbol id="sm-4de">
         <name>_DSPF_sp_bitrev_cplx</name>
         <value>0x87e0</value>
         <object_component_ref idref="oc-f6"/>
      </symbol>
      <symbol id="sm-4e8">
         <name>_DSPF_sp_cfftr2_dit</name>
         <value>0x3a20</value>
         <object_component_ref idref="oc-fa"/>
      </symbol>
      <symbol id="sm-4f6">
         <name>_DSK6713_init</name>
         <value>0x48ec</value>
         <object_component_ref idref="oc-fe"/>
      </symbol>
      <symbol id="sm-4f7">
         <name>_DSK6713_version</name>
         <value>0x10df8</value>
         <object_component_ref idref="oc-ff"/>
      </symbol>
      <symbol id="sm-4f8">
         <name>_DSK6713_rget</name>
         <value>0x4c08</value>
         <object_component_ref idref="oc-fe"/>
      </symbol>
      <symbol id="sm-4f9">
         <name>_DSK6713_wait</name>
         <value>0x4c30</value>
         <object_component_ref idref="oc-fe"/>
      </symbol>
      <symbol id="sm-4fa">
         <name>_DSK6713_rset</name>
         <value>0x4c1c</value>
         <object_component_ref idref="oc-fe"/>
      </symbol>
      <symbol id="sm-4fb">
         <name>_DSK6713_waitusec</name>
         <value>0x4c88</value>
         <object_component_ref idref="oc-fe"/>
      </symbol>
      <symbol id="sm-4fc">
         <name>_DSK6713_getVersion</name>
         <value>0x4cb4</value>
         <object_component_ref idref="oc-fe"/>
      </symbol>
      <symbol id="sm-506">
         <name>_DSK6713_AIC23_closeCodec</name>
         <value>0xd800</value>
         <object_component_ref idref="oc-104"/>
      </symbol>
      <symbol id="sm-514">
         <name>_DSK6713_AIC23_codeccontrolhandle</name>
         <value>0x10dd4</value>
         <object_component_ref idref="oc-109"/>
      </symbol>
      <symbol id="sm-515">
         <name>_DSK6713_AIC23_codecdatahandle</name>
         <value>0x10dd8</value>
         <object_component_ref idref="oc-109"/>
      </symbol>
      <symbol id="sm-516">
         <name>_DSK6713_AIC23_openCodec</name>
         <value>0x71c0</value>
         <object_component_ref idref="oc-108"/>
      </symbol>
      <symbol id="sm-524">
         <name>_DSK6713_AIC23_config</name>
         <value>0xa880</value>
         <object_component_ref idref="oc-10e"/>
      </symbol>
      <symbol id="sm-525">
         <name>_DSK6713_AIC23_rget</name>
         <value>0xa85c</value>
         <object_component_ref idref="oc-10e"/>
      </symbol>
      <symbol id="sm-526">
         <name>_DSK6713_AIC23_rset</name>
         <value>0xa7c0</value>
         <object_component_ref idref="oc-10e"/>
      </symbol>
      <symbol id="sm-534">
         <name>_DSK6713_AIC23_setFreq</name>
         <value>0xcf20</value>
         <object_component_ref idref="oc-114"/>
      </symbol>
      <symbol id="sm-550">
         <name>__IRQ_eventTable</name>
         <value>0x10acc</value>
         <object_component_ref idref="oc-11c"/>
      </symbol>
      <symbol id="sm-551">
         <name>_IRQ_nmiEnable</name>
         <value>0xdb40</value>
         <object_component_ref idref="oc-150"/>
      </symbol>
      <symbol id="sm-552">
         <name>_IRQ_reset</name>
         <value>0xd9e0</value>
         <object_component_ref idref="oc-14e"/>
      </symbol>
      <symbol id="sm-553">
         <name>__IRQ_intTable</name>
         <value>0x10b50</value>
         <object_component_ref idref="oc-11c"/>
      </symbol>
      <symbol id="sm-554">
         <name>_IRQ_globalEnable</name>
         <value>0xdb20</value>
         <object_component_ref idref="oc-14f"/>
      </symbol>
      <symbol id="sm-555">
         <name>_IRQ_globalDisable</name>
         <value>0xdb00</value>
         <object_component_ref idref="oc-14b"/>
      </symbol>
      <symbol id="sm-556">
         <name>_IRQ_map</name>
         <value>0x9980</value>
         <object_component_ref idref="oc-14d"/>
      </symbol>
      <symbol id="sm-557">
         <name>_IRQ_enable</name>
         <value>0xd9a0</value>
         <object_component_ref idref="oc-151"/>
      </symbol>
      <symbol id="sm-558">
         <name>__IRQ_dispatchTable</name>
         <value>0x10b90</value>
         <object_component_ref idref="oc-11c"/>
      </symbol>
      <symbol id="sm-559">
         <name>__IRQ_hookFetchPacket</name>
         <value>0xdcc0</value>
         <object_component_ref idref="oc-11a"/>
      </symbol>
      <symbol id="sm-579">
         <name>_MCBSP_reset</name>
         <value>0x9d00</value>
         <object_component_ref idref="oc-15b"/>
      </symbol>
      <symbol id="sm-57a">
         <name>_MCBSP_read</name>
         <value>0xdb80</value>
         <object_component_ref idref="oc-14a"/>
      </symbol>
      <symbol id="sm-57b">
         <name>_MCBSP_close</name>
         <value>0xcfe0</value>
         <object_component_ref idref="oc-139"/>
      </symbol>
      <symbol id="sm-57c">
         <name>_MCBSP_getXmtEventId</name>
         <value>0xdb60</value>
         <object_component_ref idref="oc-14c"/>
      </symbol>
      <symbol id="sm-57d">
         <name>_MCBSP_open</name>
         <value>0xba60</value>
         <object_component_ref idref="oc-13a"/>
      </symbol>
      <symbol id="sm-57e">
         <name>__MCBSP_hDev0</name>
         <value>0x10d78</value>
         <object_component_ref idref="oc-121"/>
      </symbol>
      <symbol id="sm-57f">
         <name>__MCBSP_hDev1</name>
         <value>0x10d7c</value>
         <object_component_ref idref="oc-121"/>
      </symbol>
      <symbol id="sm-580">
         <name>_MCBSP_start</name>
         <value>0xbb60</value>
         <object_component_ref idref="oc-13b"/>
      </symbol>
      <symbol id="sm-581">
         <name>_MCBSP_rrdy</name>
         <value>0xdba0</value>
         <object_component_ref idref="oc-149"/>
      </symbol>
      <symbol id="sm-582">
         <name>_MCBSP_config</name>
         <value>0xd080</value>
         <object_component_ref idref="oc-146"/>
      </symbol>
      <symbol id="sm-583">
         <name>_MCBSP_xrdy</name>
         <value>0xdbe0</value>
         <object_component_ref idref="oc-147"/>
      </symbol>
      <symbol id="sm-584">
         <name>_MCBSP_write</name>
         <value>0xdbc0</value>
         <object_component_ref idref="oc-148"/>
      </symbol>
      <symbol id="sm-58c">
         <name>__strasg</name>
         <value>0xc7c0</value>
         <object_component_ref idref="oc-138"/>
      </symbol>
   </symbol_table>
</link_info>
