******************************************************************************
               TMS320C6x Linker PC v7.4.20                     
******************************************************************************
>> Linked Wed Mar 22 23:47:12 2017

OUTPUT FILE NAME:   <Code_Test_Filtres_IIR.out>
ENTRY POINT SYMBOL: "_c_int00"  address: 0000ca60


MEMORY CONFIGURATION

         name            origin    length      used     unused   attr    fill
----------------------  --------  ---------  --------  --------  ----  --------
  IVECS                 00000000   00000220  00000200  00000020  RWIX
  IRAM                  00000220   0002fde0  00011616  0001e7ca  RWIX
  SDRAM                 80000000   01000000  00000000  01000000  RWIX
  FLASH                 90000000   00020000  00000000  00020000  RWIX


SECTION ALLOCATION MAP

 output                                  attributes/
section   page    origin      length       input sections
--------  ----  ----------  ----------   ----------------
.vectors   0    00000000    00000200     
                  00000000    00000200     Vectors_intr.obj (.vectors)

.bss       0    00000220    00000000     UNINITIALIZED

.text      0    00000220    0000ce20     
                  00000220    000009c0     traitement_audio.obj (.text)
                  00000be0    00000900     rts6700.lib : pow.obj (.text:_pow)
                  000014e0    000007e0     C6713Helper_UdeS.obj (.text)
                  00001cc0    00000720     rts6700.lib : divd.obj (.text:__divd)
                  000023e0    000006c0                 : _printfi.obj (.text:__getarg_diouxp)
                  00002aa0    00000640                 : _printfi.obj (.text:__setfield)
                  000030e0    00000560                 : _printfi.obj (.text:__printfi)
                  00003640    000004e0     dsp67x.lib : DSPF_sp_cfftr2_dit.obj (.text)
                  00003b20    000004e0     main_filtre_IIR_Biquad.obj (.text:retain)
                  00004000    000004c0     rts6700.lib : fputs.obj (.text:_fputs)
                  000044c0    00000480     dsk6713bsl.lib : dsk6713.obj (.text)
                  00004940    00000420     rts6700.lib : _printfi.obj (.text:_fcvt)
                  00004d60    00000400                 : _printfi.obj (.text:__pproc_fge)
                  00005160    00000400                 : _printfi.obj (.text:_ecvt)
                  00005560    000003a0     filtrerCascadeIIR.obj (.text)
                  00005900    00000380     rts6700.lib : imath64.obj (.text:__divull)
                  00005c80    00000380                 : memory.obj (.text:_free)
                  00006000    00000360                 : _printfi.obj (.text:__pconv_e)
                  00006360    00000360                 : _printfi.obj (.text:__pproc_fwp)
                  000066c0    00000340                 : cos.obj (.text:_cos)
                  00006a00    00000320     dsk6713bsl.lib : dsk6713_aic23_opencodec.obj (.text)
                  00006d20    00000300     rts6700.lib : _printfi.obj (.text:__pproc_diouxp)
                  00007020    000002c0                 : _printfi.obj (.text:__pproc_str)
                  000072e0    000002c0                 : setvbuf.obj (.text:_setvbuf)
                  000075a0    000002a0                 : _printfi.obj (.text:__pconv_g)
                  00007840    000002a0                 : fputc.obj (.text:_fputc)
                  00007ae0    00000260                 : imath40.obj (.text:__divul)
                  00007d40    00000260     dsp67x.lib : DSPF_sp_bitrev_cplx.obj (.text)
                  00007fa0    00000240     rts6700.lib : _printfi.obj (.text:__mcpy)
                  000081e0    00000240                 : memory.obj (.text:_malloc)
                  00008420    00000240                 : memcpy62.obj (.text:_memcpy)
                  00008660    00000240     bitrev_index.obj (.text)
                  000088a0    00000220     rts6700.lib : trgdrv.obj (.text:_HOSTrename)
                  00008ac0    000001e0                 : lowlev.obj (.text:_getdevice)
                  00008ca0    000001c0     csl6713.lib : csl_irq.obj (.text:_IRQ_map)
                  00008e60    000001c0     rts6700.lib : fseek.obj (.text:_fseek)
                  00009020    000001c0     main_filtre_IIR_Biquad.obj (.text)
                  000091e0    000001a0     csl6713.lib : csl_mcbsp.obj (.text:_MCBSP_reset)
                  00009380    000001a0     rts6700.lib : _printfi.obj (.text:__ltostr)
                  00009520    000001a0                 : _printfi.obj (.text:__pproc_fflags)
                  000096c0    000001a0                 : ldexp.obj (.text:_ldexp)
                  00009860    00000160                 : trgdrv.obj (.text:_HOSTlseek)
                  000099c0    00000160                 : fclose.obj (.text:__closefile)
                  00009b20    00000160     dsk6713bsl.lib : dsk6713_aic23_registers.obj (.text)
                  00009c80    00000140     rts6700.lib : trgdrv.obj (.text:_HOSTread)
                  00009dc0    00000140                 : frcmpyd_div.obj (.text:__frcmpyd_div)
                  00009f00    00000140                 : atoi.obj (.text:_atoi)
                  0000a040    00000140                 : ltoa.obj (.text:_ltoa)
                  0000a180    00000140                 : sqrt.obj (.text:_sqrt)
                  0000a2c0    00000120     IIR_2ndOrder_directII_ASM.obj (.text)
                  0000a3e0    00000120     rts6700.lib : trgdrv.obj (.text:_HOSTopen)
                  0000a500    00000120                 : trgdrv.obj (.text:_HOSTwrite)
                  0000a620    00000120                 : divi.obj (.text:__divi)
                  0000a740    00000120                 : _io_perm.obj (.text:__wrt_ok)
                  0000a860    00000120                 : lowlev.obj (.text:_close)
                  0000a980    00000120                 : frexp.obj (.text:_frexp)
                  0000aaa0    00000120                 : memset.obj (.text:_memset)
                  0000abc0    00000100                 : trgdrv.obj (.text:_HOSTclose)
                  0000acc0    00000100                 : trgdrv.obj (.text:_HOSTunlink)
                  0000adc0    00000100     csl6713.lib : csl_mcbsp.obj (.text:_MCBSP_open)
                  0000aec0    00000100                 : csl_mcbsp.obj (.text:_MCBSP_start)
                  0000afc0    00000100     rts6700.lib : autoinit.obj (.text:__auto_init)
                  0000b0c0    00000100                 : _printfi.obj (.text:__div)
                  0000b1c0    00000100                 : imath40.obj (.text:__divli)
                  0000b2c0    00000100                 : _printfi.obj (.text:__pconv_f)
                  0000b3c0    00000100                 : lowlev.obj (.text:_lseek)
                  0000b4c0    00000100                 : printf.obj (.text:_printf)
                  0000b5c0    00000100                 : lowlev.obj (.text:_write)
                  0000b6c0    000000e0                 : fopen.obj (.text:__cleanup)
                  0000b7a0    000000e0                 : fflush.obj (.text:__doflush)
                  0000b880    000000e0                 : _printfi.obj (.text:__ecpy)
                  0000b960    000000e0                 : _printfi.obj (.text:__fcpy)
                  0000ba40    000000e0                 : round.obj (.text:__nround)
                  0000bb20    000000e0                 : strasg.obj (.text:__strasg)
                  0000bc00    000000e0                 : exit.obj (.text:_exit)
                  0000bce0    000000e0                 : memory.obj (.text:_minsert)
                  0000bdc0    000000e0                 : modf.obj (.text:_modf)
                  0000bea0    000000e0                 : memory.obj (.text:_mremove)
                  0000bf80    000000c0                 : divu.obj (.text:__divu)
                  0000c040    000000c0                 : cpy_tbl.obj (.text:_copy_in)
                  0000c100    000000c0                 : lowlev.obj (.text:_finddevice)
                  0000c1c0    000000c0     corr.obj (.text)
                  0000c280    000000c0     dsk6713bsl.lib : dsk6713_aic23_setfreq.obj (.text)
                  0000c340    000000a0     csl6713.lib : csl_mcbsp.obj (.text:_MCBSP_close)
                  0000c3e0    000000a0                 : csl_mcbsp.obj (.text:_MCBSP_config)
                  0000c480    000000a0     rts6700.lib : fixdli.obj (.text:__fixdli)
                  0000c520    000000a0                 : mpyll.obj (.text:__mpyll)
                  0000c5c0    000000a0                 : imath40.obj (.text:__remli)
                  0000c660    000000a0                 : trgmsg.obj (.text:_readmsg)
                  0000c700    000000a0     csl6713.lib : csl_irq.obj (.text:_setMux)
                  0000c7a0    000000a0     rts6700.lib : lowlev.obj (.text:_unlink)
                  0000c840    000000a0                 : trgmsg.obj (.text:_writemsg)
                  0000c8e0    00000080                 : cpp_init.obj (.text:___TI_cpp_init)
                  0000c960    00000080                 : fltlid.obj (.text:__fltlid)
                  0000c9e0    00000080                 : llshift.obj (.text:__llshl)
                  0000ca60    00000080                 : boot.obj (.text:_c_int00)
                  0000cae0    00000080                 : memccpy.obj (.text:_memccpy)
                  0000cb60    00000080     dsk6713bsl.lib : dsk6713_aic23_closecodec.obj (.text)
                  0000cbe0    00000060     rts6700.lib : isinf.obj (.text:___isinf)
                  0000cc40    00000060                 : llshift.obj (.text:__llshru)
                  0000cca0    00000060                 : imath64.obj (.text:__subcull)
                  0000cd00    00000040     csl6713.lib : csl_irq.obj (.text:_IRQ_enable)
                  0000cd40    00000040                 : csl_irq.obj (.text:_IRQ_reset)
                  0000cd80    00000040     rts6700.lib : _printfi.obj (.text:___isnan)
                  0000cdc0    00000040                 : args_main.obj (.text:__args_main)
                  0000ce00    00000040                 : trunc.obj (.text:__trunc)
                  0000ce40    00000020     Vectors_intr.obj (.text)
                  0000ce60    00000020     csl6713.lib : csl_irq.obj (.text:_IRQ_globalDisable)
                  0000ce80    00000020                 : csl_irq.obj (.text:_IRQ_globalEnable)
                  0000cea0    00000020                 : csl_irq.obj (.text:_IRQ_nmiEnable)
                  0000cec0    00000020                 : csl_mcbsp.obj (.text:_MCBSP_getXmtEventId)
                  0000cee0    00000020                 : csl_mcbsp.obj (.text:_MCBSP_read)
                  0000cf00    00000020                 : csl_mcbsp.obj (.text:_MCBSP_rrdy)
                  0000cf20    00000020                 : csl_mcbsp.obj (.text:_MCBSP_write)
                  0000cf40    00000020                 : csl_mcbsp.obj (.text:_MCBSP_xrdy)
                  0000cf60    00000020     rts6700.lib : negll.obj (.text:__negll)
                  0000cf80    00000020                 : _lock.obj (.text:__nop)
                  0000cfa0    00000020                 : printf.obj (.text:__outc)
                  0000cfc0    00000020                 : printf.obj (.text:__outs)
                  0000cfe0    00000020                 : exit.obj (.text:_abort)
                  0000d000    00000020                 : remove.obj (.text:_remove)
                  0000d020    00000020     csl6713.lib : csl_irq.obj (.text)

.far       0    0000d080    00001c9a     UNINITIALIZED
                  0000d080    00001400     main_filtre_IIR_Biquad.obj (.far)
                  0000e480    00000324     rts6700.lib : defs.obj (.far)
                  0000e7a4    00000004                 : errno.obj (.far)
                  0000e7a8    00000120                 : pow.obj (.far)
                  0000e8c8    0000011c                 : lowlev.obj (.far)
                  0000e9e4    000000f4     csl6713.lib : csl_irq.obj (.far)
                  0000ead8    00000080     traitement_audio.obj (.far)
                  0000eb58    00000078     filtrerCascadeIIR.obj (.far)
                  0000ebd0    00000058     C6713Helper_UdeS.obj (.far)
                  0000ec28    00000040     rts6700.lib : cos.obj (.far)
                  0000ec68    00000038     csl6713.lib : csl_mcbsp.obj (.far)
                  0000eca0    00000028     dsk6713bsl.lib : dsk6713_aic23_registers.obj (.far)
                  0000ecc8    00000020                    : dsk6713_aic23_setfreq.obj (.far)
                  0000ece8    0000000c     rts6700.lib : exit.obj (.far)
                  0000ecf4    00000008     dsk6713bsl.lib : dsk6713_aic23_opencodec.obj (.far)
                  0000ecfc    00000008     rts6700.lib : _lock.obj (.far)
                  0000ed04    00000008                 : memory.obj (.far)
                  0000ed0c    00000008                 : trgdrv.obj (.far)
                  0000ed14    00000004                 : fopen.obj (.far)
                  0000ed18    00000002     dsk6713bsl.lib : dsk6713.obj (.far)

.stack     0    0000ed20    00001000     UNINITIALIZED
                  0000ed20    00000008     rts6700.lib : boot.obj (.stack)
                  0000ed28    00000ff8     --HOLE--

.sysmem    0    0000fd20    00001000     UNINITIALIZED
                  0000fd20    00000008     rts6700.lib : memory.obj (.sysmem)
                  0000fd28    00000ff8     --HOLE--

.cinit     0    00010d20    0000076c     
                  00010d20    0000018c     main_filtre_IIR_Biquad.obj (.cinit)
                  00010eac    00000004     --HOLE-- [fill = 0]
                  00010eb0    00000140     rts6700.lib : pow.obj (.cinit)
                  00010ff0    0000012c     csl6713.lib : csl_irq.obj (.cinit)
                  0001111c    00000004     --HOLE-- [fill = 0]
                  00011120    00000088     traitement_audio.obj (.cinit)
                  000111a8    0000005c     rts6700.lib : defs.obj (.cinit)
                  00011204    00000004     --HOLE-- [fill = 0]
                  00011208    0000005c                 : lowlev.obj (.cinit)
                  00011264    00000004     --HOLE-- [fill = 0]
                  00011268    00000058     C6713Helper_UdeS.obj (.cinit)
                  000112c0    00000054     csl6713.lib : csl_mcbsp.obj (.cinit)
                  00011314    00000004     --HOLE-- [fill = 0]
                  00011318    00000048     rts6700.lib : cos.obj (.cinit)
                  00011360    00000030     dsk6713bsl.lib : dsk6713_aic23_registers.obj (.cinit)
                  00011390    0000002c     filtrerCascadeIIR.obj (.cinit)
                  000113bc    00000004     --HOLE-- [fill = 0]
                  000113c0    0000002c     rts6700.lib : exit.obj (.cinit)
                  000113ec    00000004     --HOLE-- [fill = 0]
                  000113f0    0000002c                 : memory.obj (.cinit)
                  0001141c    00000004     --HOLE-- [fill = 0]
                  00011420    00000028     dsk6713bsl.lib : dsk6713_aic23_setfreq.obj (.cinit)
                  00011448    0000001c     rts6700.lib : _lock.obj (.cinit)
                  00011464    00000004     --HOLE-- [fill = 0]
                  00011468    0000000c                 : errno.obj (.cinit)
                  00011474    00000004     --HOLE-- [fill = 0]
                  00011478    0000000c                 : fopen.obj (.cinit)
                  00011484    00000004     --HOLE-- [fill = 0]
                  00011488    00000004     (.pad.cinit) [fill = 0]

.const     0    00011490    000002d0     
                  00011490    00000101     rts6700.lib : ctype.obj (.const:.string:__ctypes_)
                  00011591    00000002                 : fputs.obj (.const:.string)
                  00011593    00000001     --HOLE-- [fill = 0]
                  00011594    000000f0     filtrerCascadeIIR.obj (.const:_IIR_COEFFS)
                  00011684    00000040     dsk6713bsl.lib : dsk6713_aic23_opencodec.obj (.const)
                  000116c4    0000002c     traitement_audio.obj (.const:.string)
                  000116f0    00000023     rts6700.lib : _printfi.obj (.const:.string)
                  00011713    00000001     --HOLE-- [fill = 0]
                  00011714    00000020     dsk6713bsl.lib : dsk6713.obj (.const)
                  00011734    00000010     main_filtre_IIR_Biquad.obj (.const:.string)
                  00011744    00000004     filtrerCascadeIIR.obj (.const:_IIR_NB_ORDRE2)
                  00011748    0000000c     main_filtre_IIR_Biquad.obj (.const)
                  00011754    00000008     filtrerCascadeIIR.obj (.const:_IIR_GAINS)
                  0001175c    00000004     filtrerCascadeIIR.obj (.const:_IIR_NO_LIGNE)

.cio       0    00011760    00000120     UNINITIALIZED
                  00011760    00000120     rts6700.lib : trgmsg.obj (.cio)


GLOBAL SYMBOLS: SORTED ALPHABETICALLY BY Name 

address    name
--------   ----
00000220   $bss
00000220   .bss
00000220   .text
0000cfe0   C$$EXIT
0000c8b8   C$$IO$$
0000ec04   _AIC23CfgData
0000d088   _AIC23_data
0000ebd8   _AIC_data
00001514   _CODEC_start
000015e0   _CODEC_stop
0000c1c0   _CorrASM
00000220   _CorrManip
0000cb60   _DSK6713_AIC23_closeCodec
0000ecf4   _DSK6713_AIC23_codeccontrolhandle
0000ecf8   _DSK6713_AIC23_codecdatahandle
00009be0   _DSK6713_AIC23_config
00006a00   _DSK6713_AIC23_openCodec
00009bbc   _DSK6713_AIC23_rget
00009b20   _DSK6713_AIC23_rset
0000c280   _DSK6713_AIC23_setFreq
000048d4   _DSK6713_getVersion
0000450c   _DSK6713_init
00004828   _DSK6713_rget
0000483c   _DSK6713_rset
0000ed18   _DSK6713_version
00004850   _DSK6713_wait
000048a8   _DSK6713_waitusec
00007d40   _DSPF_sp_bitrev_cplx
00003640   _DSPF_sp_cfftr2_dit
0000e464   _FlagLed0
00011750   _Fs
0000d198   _GainNum
0000abc0   _HOSTclose
00009860   _HOSTlseek
0000a3e0   _HOSTopen
00009c80   _HOSTread
000088a0   _HOSTrename
0000acc0   _HOSTunlink
0000a500   _HOSTwrite
0000a2c0   _IIR_2ndOrder_directII_ASM
00011594   _IIR_COEFFS
00011754   _IIR_GAINS
00011744   _IIR_NB_ORDRE2
0001175c   _IIR_NO_LIGNE
0000eb58   _IIR_W1
0000eb94   _IIR_W2
0000cd00   _IRQ_enable
0000ce60   _IRQ_globalDisable
0000ce80   _IRQ_globalEnable
00008ca0   _IRQ_map
0000cea0   _IRQ_nmiEnable
0000cd40   _IRQ_reset
0000d190   _IsSound
0000c340   _MCBSP_close
0000c3e0   _MCBSP_config
0000cec0   _MCBSP_getXmtEventId
0000adc0   _MCBSP_open
0000cee0   _MCBSP_read
000091e0   _MCBSP_reset
0000cf00   _MCBSP_rrdy
0000aec0   _MCBSP_start
0000cf20   _MCBSP_write
0000cf40   _MCBSP_xrdy
00011748   _PI
0000d19c   _SeuilSon
0000dff4   _Sortie_FFT
0000e43c   _TabPeak
0000e408   _TestAmp
000003c0   _TestIntensite
00000534   _TestPeriodicite
0000d194   _TrameEnr
0000d1b0   _VectCorr
0000d8d4   _VectPadder
0000d5b0   _VectRep
00011760   __CIOBUF_
0000ead0   __IRQ_dispatchTable
0000ea0c   __IRQ_eventTable
0000d020   __IRQ_hookFetchPacket
0000ea90   __IRQ_intTable
0000ec98   __MCBSP_hDev0
0000ec9c   __MCBSP_hDev1
0000fd20   __STACK_END
00001000   __STACK_SIZE
00001000   __SYSMEM_SIZE
00000001   __TI_args_main
0000c8e0   ___TI_cpp_init
0000ecf0   ___TI_enable_exit_profile_output
ffffffff   ___TI_pprof_out_hndl
ffffffff   ___TI_prof_data_size
ffffffff   ___TI_prof_data_start
ffffffff   ___binit__
00000220   ___bss__
ffffffff   ___c_args__
00010d20   ___cinit__
00000220   ___end__
0000d040   ___etext__
0000cbe0   ___isinf
ffffffff   ___pinit__
00000220   ___text__
0000cdc0   __args_main
0000afc0   __auto_init
0000a620   __c6xabi_divi
0000bf80   __c6xabi_divu
0000b6c0   __cleanup
0000ece8   __cleanup_ptr
000099c0   __closefile
00011490   __ctypes_
00001cc0   __divd
0000a620   __divi
0000b1c0   __divli
0000bf80   __divu
00007ae0   __divul
00005900   __divull
0000b7a0   __doflush
0000ecec   __dtors_ptr
0000c480   __fixdli
0000c960   __fltlid
00009dc0   __frcmpyd_div
0000e7a0   __ft_end
0000e480   __ftable
0000c9e0   __llshl
0000cc40   __llshru
0000ecfc   __lock
0000c520   __mpyll
0000cf60   __negll
0000cf80   __nop
0000ba40   __nround
000030e0   __printfi
0000c5c0   __remli
0000ed20   __stack
0000bb20   __strasg
0000cca0   __subcull
0000fd20   __sys_memory
0000e660   __tmpnams
0000ce00   __trunc
0000ed00   __unlock
0000a740   __wrt_ok
0000cfe0   _abort
00009f00   _atoi
00008660   _bitrev_index
0000ca60   _c_int00
00003b20   _c_int11
00000990   _calculFFT
0000a860   _close
00001b80   _comm_intr
000014e0   _comm_poll
0000ebdc   _config
0000c040   _copy_in
000066c0   _cos
0000e7a4   _errno
0000bc00   _exit
00005560   _filtrerCascadeIIR
00007840   _fputc
00004000   _fputs
00005c80   _free
0000a980   _frexp
0000d184   _frq
0000d080   _fs
00008e60   _fseek
0000ec24   _hAIC23_handle
0000e3f4   _index
000057d8   _init_w
000019f0   _input_left_sample
00001ab8   _input_right_sample
000018ec   _input_sample
0000d084   _inputsource
000096c0   _ldexp
0000b3c0   _lseek
0000a040   _ltoa
00009020   _main
000081e0   _malloc
0000cae0   _memccpy
00008420   _memcpy
0000aaa0   _memset
0000bdc0   _modf
0000e438   _nVerif
0000d188   _nbEchADC
0000d18c   _nbEchDebugMic
0000d1a0   _ncorr
0000d1a4   _ndecalage
0000d1ac   _npadd
0000d1a8   _nrep
0000e404   _ntestson
0000172c   _output_left_sample
0000180c   _output_right_sample
00001610   _output_sample
0000d180   _pTampon
00000b20   _padderFFT
00000be0   _pow
0000b4c0   _printf
00007840   _putc
0000c660   _readmsg
0000d000   _remove
0000e430   _scale
000072e0   _setvbuf
0000a180   _sqrt
0000d100   _tampon
0000c7a0   _unlink
00000020   _vector1
00000140   _vector10
00000180   _vector12
000001a0   _vector13
000001c0   _vector14
000001e0   _vector15
00000040   _vector2
00000060   _vector3
00000080   _vector4
000000a0   _vector5
000000c0   _vector6
000000e0   _vector7
00000100   _vector8
00000120   _vector9
00000000   _vectors
0000ead8   _w
0000b5c0   _write
0000c840   _writemsg
ffffffff   binit
00010d20   cinit
00000220   end
0000d040   etext
ffffffff   pinit


GLOBAL SYMBOLS: SORTED BY Symbol Address 

address    name
--------   ----
00000000   _vectors
00000001   __TI_args_main
00000020   _vector1
00000040   _vector2
00000060   _vector3
00000080   _vector4
000000a0   _vector5
000000c0   _vector6
000000e0   _vector7
00000100   _vector8
00000120   _vector9
00000140   _vector10
00000180   _vector12
000001a0   _vector13
000001c0   _vector14
000001e0   _vector15
00000220   $bss
00000220   .bss
00000220   .text
00000220   _CorrManip
00000220   ___bss__
00000220   ___end__
00000220   ___text__
00000220   end
000003c0   _TestIntensite
00000534   _TestPeriodicite
00000990   _calculFFT
00000b20   _padderFFT
00000be0   _pow
00001000   __STACK_SIZE
00001000   __SYSMEM_SIZE
000014e0   _comm_poll
00001514   _CODEC_start
000015e0   _CODEC_stop
00001610   _output_sample
0000172c   _output_left_sample
0000180c   _output_right_sample
000018ec   _input_sample
000019f0   _input_left_sample
00001ab8   _input_right_sample
00001b80   _comm_intr
00001cc0   __divd
000030e0   __printfi
00003640   _DSPF_sp_cfftr2_dit
00003b20   _c_int11
00004000   _fputs
0000450c   _DSK6713_init
00004828   _DSK6713_rget
0000483c   _DSK6713_rset
00004850   _DSK6713_wait
000048a8   _DSK6713_waitusec
000048d4   _DSK6713_getVersion
00005560   _filtrerCascadeIIR
000057d8   _init_w
00005900   __divull
00005c80   _free
000066c0   _cos
00006a00   _DSK6713_AIC23_openCodec
000072e0   _setvbuf
00007840   _fputc
00007840   _putc
00007ae0   __divul
00007d40   _DSPF_sp_bitrev_cplx
000081e0   _malloc
00008420   _memcpy
00008660   _bitrev_index
000088a0   _HOSTrename
00008ca0   _IRQ_map
00008e60   _fseek
00009020   _main
000091e0   _MCBSP_reset
000096c0   _ldexp
00009860   _HOSTlseek
000099c0   __closefile
00009b20   _DSK6713_AIC23_rset
00009bbc   _DSK6713_AIC23_rget
00009be0   _DSK6713_AIC23_config
00009c80   _HOSTread
00009dc0   __frcmpyd_div
00009f00   _atoi
0000a040   _ltoa
0000a180   _sqrt
0000a2c0   _IIR_2ndOrder_directII_ASM
0000a3e0   _HOSTopen
0000a500   _HOSTwrite
0000a620   __c6xabi_divi
0000a620   __divi
0000a740   __wrt_ok
0000a860   _close
0000a980   _frexp
0000aaa0   _memset
0000abc0   _HOSTclose
0000acc0   _HOSTunlink
0000adc0   _MCBSP_open
0000aec0   _MCBSP_start
0000afc0   __auto_init
0000b1c0   __divli
0000b3c0   _lseek
0000b4c0   _printf
0000b5c0   _write
0000b6c0   __cleanup
0000b7a0   __doflush
0000ba40   __nround
0000bb20   __strasg
0000bc00   _exit
0000bdc0   _modf
0000bf80   __c6xabi_divu
0000bf80   __divu
0000c040   _copy_in
0000c1c0   _CorrASM
0000c280   _DSK6713_AIC23_setFreq
0000c340   _MCBSP_close
0000c3e0   _MCBSP_config
0000c480   __fixdli
0000c520   __mpyll
0000c5c0   __remli
0000c660   _readmsg
0000c7a0   _unlink
0000c840   _writemsg
0000c8b8   C$$IO$$
0000c8e0   ___TI_cpp_init
0000c960   __fltlid
0000c9e0   __llshl
0000ca60   _c_int00
0000cae0   _memccpy
0000cb60   _DSK6713_AIC23_closeCodec
0000cbe0   ___isinf
0000cc40   __llshru
0000cca0   __subcull
0000cd00   _IRQ_enable
0000cd40   _IRQ_reset
0000cdc0   __args_main
0000ce00   __trunc
0000ce60   _IRQ_globalDisable
0000ce80   _IRQ_globalEnable
0000cea0   _IRQ_nmiEnable
0000cec0   _MCBSP_getXmtEventId
0000cee0   _MCBSP_read
0000cf00   _MCBSP_rrdy
0000cf20   _MCBSP_write
0000cf40   _MCBSP_xrdy
0000cf60   __negll
0000cf80   __nop
0000cfe0   C$$EXIT
0000cfe0   _abort
0000d000   _remove
0000d020   __IRQ_hookFetchPacket
0000d040   ___etext__
0000d040   etext
0000d080   _fs
0000d084   _inputsource
0000d088   _AIC23_data
0000d100   _tampon
0000d180   _pTampon
0000d184   _frq
0000d188   _nbEchADC
0000d18c   _nbEchDebugMic
0000d190   _IsSound
0000d194   _TrameEnr
0000d198   _GainNum
0000d19c   _SeuilSon
0000d1a0   _ncorr
0000d1a4   _ndecalage
0000d1a8   _nrep
0000d1ac   _npadd
0000d1b0   _VectCorr
0000d5b0   _VectRep
0000d8d4   _VectPadder
0000dff4   _Sortie_FFT
0000e3f4   _index
0000e404   _ntestson
0000e408   _TestAmp
0000e430   _scale
0000e438   _nVerif
0000e43c   _TabPeak
0000e464   _FlagLed0
0000e480   __ftable
0000e660   __tmpnams
0000e7a0   __ft_end
0000e7a4   _errno
0000ea0c   __IRQ_eventTable
0000ea90   __IRQ_intTable
0000ead0   __IRQ_dispatchTable
0000ead8   _w
0000eb58   _IIR_W1
0000eb94   _IIR_W2
0000ebd8   _AIC_data
0000ebdc   _config
0000ec04   _AIC23CfgData
0000ec24   _hAIC23_handle
0000ec98   __MCBSP_hDev0
0000ec9c   __MCBSP_hDev1
0000ece8   __cleanup_ptr
0000ecec   __dtors_ptr
0000ecf0   ___TI_enable_exit_profile_output
0000ecf4   _DSK6713_AIC23_codeccontrolhandle
0000ecf8   _DSK6713_AIC23_codecdatahandle
0000ecfc   __lock
0000ed00   __unlock
0000ed18   _DSK6713_version
0000ed20   __stack
0000fd20   __STACK_END
0000fd20   __sys_memory
00010d20   ___cinit__
00010d20   cinit
00011490   __ctypes_
00011594   _IIR_COEFFS
00011744   _IIR_NB_ORDRE2
00011748   _PI
00011750   _Fs
00011754   _IIR_GAINS
0001175c   _IIR_NO_LIGNE
00011760   __CIOBUF_
ffffffff   ___TI_pprof_out_hndl
ffffffff   ___TI_prof_data_size
ffffffff   ___TI_prof_data_start
ffffffff   ___binit__
ffffffff   ___c_args__
ffffffff   ___pinit__
ffffffff   binit
ffffffff   pinit

[221 symbols]
