******************************************************************************
               TMS320C6x Linker PC v7.4.20                     
******************************************************************************
>> Linked Wed Apr 12 12:00:51 2017

OUTPUT FILE NAME:   <CODE_BASE_PROJET_S5.out>
ENTRY POINT SYMBOL: "_c_int00"  address: 000165c0


MEMORY CONFIGURATION

         name            origin    length      used     unused   attr    fill
----------------------  --------  ---------  --------  --------  ----  --------
  IVECS                 00000000   00000220  00000200  00000020  RWIX
  IRAM                  00000220   0002fde0  00022dd6  0000d00a  RWIX
  SDRAM                 80000000   01000000  00000000  01000000  RWIX
  FLASH                 90000000   00020000  00000000  00020000  RWIX


SECTION ALLOCATION MAP

 output                                  attributes/
section   page    origin      length       input sections
--------  ----  ----------  ----------   ----------------
.vectors   0    00000000    00000200     
                  00000000    00000200     Vectors_intr.obj (.vectors)

.bss       0    00000220    00000000     UNINITIALIZED

.text      0    00000220    00016a00     
                  00000220    00003f00     traitement_audio.obj (.text)
                  00004120    00000bc0     rts6700.lib : _scanfi.obj (.text:__scanfi)
                  00004ce0    00000980     MAIN.obj (.text:retain)
                  00005660    00000900     rts6700.lib : pow.obj (.text:_pow)
                  00005f60    00000800     C6713Helper_UdeS.obj (.text)
                  00006760    000007c0     rts6700.lib : _scanfi.obj (.text:__sset_arg)
                  00006f20    00000780     MAIN.obj (.text)
                  000076a0    00000720     rts6700.lib : divd.obj (.text:__divd)
                  00007dc0    000006c0                 : _printfi.obj (.text:__getarg_diouxp)
                  00008480    00000640                 : _printfi.obj (.text:__setfield)
                  00008ac0    000005e0                 : strtod.obj (.text:_strtod)
                  000090a0    000005e0                 : strtold.obj (.text:_strtold)
                  00009680    000005e0                 : strtoll.obj (.text:_strtoll)
                  00009c60    000005a0                 : _scanfi.obj (.text:__sproc_int)
                  0000a200    00000580                 : strtol.obj (.text:_strtol)
                  0000a780    00000560                 : _printfi.obj (.text:__printfi)
                  0000ace0    00000520                 : strtoul.obj (.text:_strtoul)
                  0000b200    000004e0     dsp67x.lib : DSPF_sp_cfftr2_dit.obj (.text)
                  0000b6e0    000004c0     rts6700.lib : fputs.obj (.text:_fputs)
                  0000bba0    000004c0     filtrerCascadeIIR.obj (.text)
                  0000c060    000004a0     rts6700.lib : strtoull.obj (.text:_strtoull)
                  0000c500    00000480     dsk6713bsl.lib : dsk6713.obj (.text)
                  0000c980    00000420     rts6700.lib : _printfi.obj (.text:_fcvt)
                  0000cda0    00000400                 : _printfi.obj (.text:__pproc_fge)
                  0000d1a0    00000400                 : _printfi.obj (.text:_ecvt)
                  0000d5a0    000003a0                 : _scanfi.obj (.text:__sget_conv)
                  0000d940    00000380                 : imath64.obj (.text:__divull)
                  0000dcc0    00000380                 : _scanfi.obj (.text:__sproc_float)
                  0000e040    00000380                 : memory.obj (.text:_free)
                  0000e3c0    00000360                 : _printfi.obj (.text:__pconv_e)
                  0000e720    00000360                 : _printfi.obj (.text:__pproc_fwp)
                  0000ea80    00000340                 : cos.obj (.text:_cos)
                  0000edc0    00000320     dsk6713bsl.lib : dsk6713_aic23_opencodec.obj (.text)
                  0000f0e0    00000300     rts6700.lib : divf.obj (.text:__divf)
                  0000f3e0    00000300                 : _printfi.obj (.text:__pproc_diouxp)
                  0000f6e0    000002e0                 : sin.obj (.text:_sin)
                  0000f9c0    000002c0                 : _printfi.obj (.text:__pproc_str)
                  0000fc80    000002c0                 : setvbuf.obj (.text:_setvbuf)
                  0000ff40    000002a0                 : _printfi.obj (.text:__pconv_g)
                  000101e0    000002a0                 : fputc.obj (.text:_fputc)
                  00010480    00000260                 : imath40.obj (.text:__divul)
                  000106e0    00000260     dsp67x.lib : DSPF_sp_bitrev_cplx.obj (.text)
                  00010940    00000240     rts6700.lib : _printfi.obj (.text:__mcpy)
                  00010b80    00000240                 : atan.obj (.text:_atan)
                  00010dc0    00000240                 : memory.obj (.text:_malloc)
                  00011000    00000240                 : memcpy62.obj (.text:_memcpy)
                  00011240    00000240     bitrev_index.obj (.text)
                  00011480    00000220     rts6700.lib : trgdrv.obj (.text:_HOSTrename)
                  000116a0    00000220                 : _scanfi.obj (.text:__sproc_str)
                  000118c0    00000200                 : fscanf.obj (.text:__chkmbc)
                  00011ac0    000001e0                 : _scanfi.obj (.text:__sproc_lb)
                  00011ca0    000001e0                 : lowlev.obj (.text:_getdevice)
                  00011e80    000001c0     csl6713.lib : csl_irq.obj (.text:_IRQ_map)
                  00012040    000001c0     rts6700.lib : fseek.obj (.text:_fseek)
                  00012200    000001a0     csl6713.lib : csl_mcbsp.obj (.text:_MCBSP_reset)
                  000123a0    000001a0     rts6700.lib : _printfi.obj (.text:__ltostr)
                  00012540    000001a0                 : _printfi.obj (.text:__pproc_fflags)
                  000126e0    000001a0                 : ldexp.obj (.text:_ldexp)
                  00012880    00000180                 : fgetc.obj (.text:_fgetc)
                  00012a00    00000180     gen_w_r2.obj (.text)
                  00012b80    00000160     rts6700.lib : trgdrv.obj (.text:_HOSTlseek)
                  00012ce0    00000160                 : _bufread.obj (.text:__buff_read)
                  00012e40    00000160                 : fclose.obj (.text:__closefile)
                  00012fa0    00000160                 : _scanfi.obj (.text:__sget_scanset)
                  00013100    00000160                 : ungetc.obj (.text:_ungetc)
                  00013260    00000160     dsk6713bsl.lib : dsk6713_aic23_registers.obj (.text)
                  000133c0    00000140     rts6700.lib : trgdrv.obj (.text:_HOSTread)
                  00013500    00000140                 : frcmpyd_div.obj (.text:__frcmpyd_div)
                  00013640    00000140                 : atoi.obj (.text:_atoi)
                  00013780    00000140                 : ltoa.obj (.text:_ltoa)
                  000138c0    00000140                 : sqrt.obj (.text:_sqrt)
                  00013a00    00000120     IIR_2ndOrder_directII_ASM.obj (.text)
                  00013b20    00000120     rts6700.lib : trgdrv.obj (.text:_HOSTopen)
                  00013c40    00000120                 : trgdrv.obj (.text:_HOSTwrite)
                  00013d60    00000120                 : divi.obj (.text:__divi)
                  00013e80    00000120                 : _io_perm.obj (.text:__wrt_ok)
                  00013fa0    00000120                 : lowlev.obj (.text:_close)
                  000140c0    00000120                 : frexp.obj (.text:_frexp)
                  000141e0    00000120                 : memset.obj (.text:_memset)
                  00014300    00000100                 : trgdrv.obj (.text:_HOSTclose)
                  00014400    00000100                 : trgdrv.obj (.text:_HOSTunlink)
                  00014500    00000100     csl6713.lib : csl_mcbsp.obj (.text:_MCBSP_open)
                  00014600    00000100                 : csl_mcbsp.obj (.text:_MCBSP_start)
                  00014700    00000100     rts6700.lib : autoinit.obj (.text:__auto_init)
                  00014800    00000100                 : _printfi.obj (.text:__div)
                  00014900    00000100                 : imath40.obj (.text:__divli)
                  00014a00    00000100                 : _printfi.obj (.text:__pconv_f)
                  00014b00    00000100                 : lowlev.obj (.text:_lseek)
                  00014c00    00000100                 : printf.obj (.text:_printf)
                  00014d00    00000100                 : lowlev.obj (.text:_read)
                  00014e00    00000100                 : fscanf.obj (.text:_scanf)
                  00014f00    00000100                 : lowlev.obj (.text:_write)
                  00015000    000000e0                 : fopen.obj (.text:__cleanup)
                  000150e0    000000e0                 : fflush.obj (.text:__doflush)
                  000151c0    000000e0                 : _printfi.obj (.text:__ecpy)
                  000152a0    000000e0                 : _printfi.obj (.text:__fcpy)
                  00015380    000000e0                 : round.obj (.text:__nround)
                  00015460    000000e0                 : _io_perm.obj (.text:__rd_ok)
                  00015540    000000e0                 : strasg.obj (.text:__strasg)
                  00015620    000000e0                 : exit.obj (.text:_exit)
                  00015700    000000e0                 : memory.obj (.text:_minsert)
                  000157e0    000000e0                 : modf.obj (.text:_modf)
                  000158c0    000000e0                 : memory.obj (.text:_mremove)
                  000159a0    000000c0                 : divu.obj (.text:__divu)
                  00015a60    000000c0                 : cpy_tbl.obj (.text:_copy_in)
                  00015b20    000000c0                 : lowlev.obj (.text:_finddevice)
                  00015be0    000000c0     corr.obj (.text)
                  00015ca0    000000c0     dsk6713bsl.lib : dsk6713_aic23_setfreq.obj (.text)
                  00015d60    000000a0     csl6713.lib : csl_mcbsp.obj (.text:_MCBSP_close)
                  00015e00    000000a0                 : csl_mcbsp.obj (.text:_MCBSP_config)
                  00015ea0    000000a0     rts6700.lib : fixdli.obj (.text:__fixdli)
                  00015f40    000000a0                 : mpyll.obj (.text:__mpyll)
                  00015fe0    000000a0                 : imath40.obj (.text:__remli)
                  00016080    000000a0                 : imath40.obj (.text:__remul)
                  00016120    000000a0                 : imath64.obj (.text:__remull)
                  000161c0    000000a0                 : trgmsg.obj (.text:_readmsg)
                  00016260    000000a0     csl6713.lib : csl_irq.obj (.text:_setMux)
                  00016300    000000a0     rts6700.lib : lowlev.obj (.text:_unlink)
                  000163a0    000000a0                 : trgmsg.obj (.text:_writemsg)
                  00016440    00000080                 : cpp_init.obj (.text:___TI_cpp_init)
                  000164c0    00000080                 : fltlid.obj (.text:__fltlid)
                  00016540    00000080                 : llshift.obj (.text:__llshl)
                  000165c0    00000080                 : boot.obj (.text:_c_int00)
                  00016640    00000080                 : memccpy.obj (.text:_memccpy)
                  000166c0    00000080     dsk6713bsl.lib : dsk6713_aic23_closecodec.obj (.text)
                  00016740    00000060     rts6700.lib : isinf.obj (.text:___isinf)
                  000167a0    00000060                 : llshift.obj (.text:__llshru)
                  00016800    00000060                 : imath64.obj (.text:__subcull)
                  00016860    00000040     csl6713.lib : csl_irq.obj (.text:_IRQ_enable)
                  000168a0    00000040                 : csl_irq.obj (.text:_IRQ_reset)
                  000168e0    00000040     rts6700.lib : _printfi.obj (.text:___isnan)
                  00016920    00000040                 : args_main.obj (.text:__args_main)
                  00016960    00000040                 : trunc.obj (.text:__trunc)
                  000169a0    00000040     SPI_driver.obj (.text:retain)
                  000169e0    00000020     Vectors_intr.obj (.text)
                  00016a00    00000020     csl6713.lib : csl_irq.obj (.text:_IRQ_globalDisable)
                  00016a20    00000020                 : csl_irq.obj (.text:_IRQ_globalEnable)
                  00016a40    00000020                 : csl_irq.obj (.text:_IRQ_nmiEnable)
                  00016a60    00000020                 : csl_mcbsp.obj (.text:_MCBSP_getXmtEventId)
                  00016a80    00000020                 : csl_mcbsp.obj (.text:_MCBSP_read)
                  00016aa0    00000020                 : csl_mcbsp.obj (.text:_MCBSP_rrdy)
                  00016ac0    00000020                 : csl_mcbsp.obj (.text:_MCBSP_write)
                  00016ae0    00000020                 : csl_mcbsp.obj (.text:_MCBSP_xrdy)
                  00016b00    00000020     rts6700.lib : fscanf.obj (.text:__inpchar)
                  00016b20    00000020                 : negll.obj (.text:__negll)
                  00016b40    00000020                 : _lock.obj (.text:__nop)
                  00016b60    00000020                 : printf.obj (.text:__outc)
                  00016b80    00000020                 : printf.obj (.text:__outs)
                  00016ba0    00000020                 : fscanf.obj (.text:__uninpchar)
                  00016bc0    00000020                 : exit.obj (.text:_abort)
                  00016be0    00000020                 : remove.obj (.text:_remove)
                  00016c00    00000020     csl6713.lib : csl_irq.obj (.text)

.switch    0    00016c20    00000028     
                  00016c20    00000028     rts6700.lib : _scanfi.obj (.switch:__sset_arg)

.far       0    00016c80    0000925c     UNINITIALIZED
                  00016c80    00008948     MAIN.obj (.far)
                  0001f5c8    00000324     rts6700.lib : defs.obj (.far)
                  0001f8ec    00000004                 : errno.obj (.far)
                  0001f8f0    00000120                 : pow.obj (.far)
                  0001fa10    0000011c                 : lowlev.obj (.far)
                  0001fb2c    000000f4     csl6713.lib : csl_irq.obj (.far)
                  0001fc20    00000078     filtrerCascadeIIR.obj (.far)
                  0001fc98    00000060     rts6700.lib : atan.obj (.far)
                  0001fcf8    00000058     C6713Helper_UdeS.obj (.far)
                  0001fd50    00000040     rts6700.lib : cos.obj (.far)
                  0001fd90    00000040                 : sin.obj (.far)
                  0001fdd0    00000038     csl6713.lib : csl_mcbsp.obj (.far)
                  0001fe08    00000028     SPI_driver.obj (.far)
                  0001fe30    00000028     dsk6713bsl.lib : dsk6713_aic23_registers.obj (.far)
                  0001fe58    00000024     csl6713.lib : csl_gpio.obj (.far)
                  0001fe7c    00000020     dsk6713bsl.lib : dsk6713_aic23_setfreq.obj (.far)
                  0001fe9c    0000000e     traitement_audio.obj (.far)
                  0001feaa    00000002     dsk6713bsl.lib : dsk6713.obj (.far)
                  0001feac    0000000c     rts6700.lib : exit.obj (.far)
                  0001feb8    00000008     dsk6713bsl.lib : dsk6713_aic23_opencodec.obj (.far)
                  0001fec0    00000008     rts6700.lib : _lock.obj (.far)
                  0001fec8    00000008                 : memory.obj (.far)
                  0001fed0    00000008                 : trgdrv.obj (.far)
                  0001fed8    00000004                 : fopen.obj (.far)

.stack     0    0001fee0    00001000     UNINITIALIZED
                  0001fee0    00000008     rts6700.lib : boot.obj (.stack)
                  0001fee8    00000ff8     --HOLE--

.sysmem    0    00020ee0    00001000     UNINITIALIZED
                  00020ee0    00000008     rts6700.lib : memory.obj (.sysmem)
                  00020ee8    00000ff8     --HOLE--

.cinit     0    00021ee0    00000b54     
                  00021ee0    000004bc     MAIN.obj (.cinit)
                  0002239c    00000004     --HOLE-- [fill = 0]
                  000223a0    00000140     rts6700.lib : pow.obj (.cinit)
                  000224e0    0000012c     csl6713.lib : csl_irq.obj (.cinit)
                  0002260c    00000004     --HOLE-- [fill = 0]
                  00022610    00000070     rts6700.lib : atan.obj (.cinit)
                  00022680    0000005c                 : defs.obj (.cinit)
                  000226dc    00000004     --HOLE-- [fill = 0]
                  000226e0    0000005c                 : lowlev.obj (.cinit)
                  0002273c    00000004     --HOLE-- [fill = 0]
                  00022740    00000058     C6713Helper_UdeS.obj (.cinit)
                  00022798    00000054     csl6713.lib : csl_mcbsp.obj (.cinit)
                  000227ec    00000004     --HOLE-- [fill = 0]
                  000227f0    00000048     rts6700.lib : cos.obj (.cinit)
                  00022838    00000048                 : sin.obj (.cinit)
                  00022880    00000044     csl6713.lib : csl_gpio.obj (.cinit)
                  000228c4    00000004     --HOLE-- [fill = 0]
                  000228c8    00000030     dsk6713bsl.lib : dsk6713_aic23_registers.obj (.cinit)
                  000228f8    0000002c     SPI_driver.obj (.cinit)
                  00022924    00000004     --HOLE-- [fill = 0]
                  00022928    0000002c     filtrerCascadeIIR.obj (.cinit)
                  00022954    00000004     --HOLE-- [fill = 0]
                  00022958    0000002c     rts6700.lib : exit.obj (.cinit)
                  00022984    00000004     --HOLE-- [fill = 0]
                  00022988    0000002c                 : memory.obj (.cinit)
                  000229b4    00000004     --HOLE-- [fill = 0]
                  000229b8    00000028     dsk6713bsl.lib : dsk6713_aic23_setfreq.obj (.cinit)
                  000229e0    0000001c     rts6700.lib : _lock.obj (.cinit)
                  000229fc    00000004     --HOLE-- [fill = 0]
                  00022a00    0000000c                 : errno.obj (.cinit)
                  00022a0c    00000004     --HOLE-- [fill = 0]
                  00022a10    0000000c                 : fopen.obj (.cinit)
                  00022a1c    00000004     --HOLE-- [fill = 0]
                  00022a20    0000000c     traitement_audio.obj (.cinit)
                  00022a2c    00000004     --HOLE-- [fill = 0]
                  00022a30    00000004     (.pad.cinit) [fill = 0]

.const     0    00022a38    000004de     
                  00022a38    00000168     filtrerCascadeIIR.obj (.const:_IIR_COEFFS)
                  00022ba0    00000101     rts6700.lib : ctype.obj (.const:.string:__ctypes_)
                  00022ca1    00000002                 : fputs.obj (.const:.string)
                  00022ca3    00000005     --HOLE-- [fill = 0]
                  00022ca8    00000050                 : strtod.obj (.const:_digits)
                  00022cf8    00000050                 : strtold.obj (.const:_digits)
                  00022d48    00000048                 : strtod.obj (.const:_powerof10)
                  00022d90    00000048                 : strtold.obj (.const:_powerof10)
                  00022dd8    00000040     dsk6713bsl.lib : dsk6713_aic23_opencodec.obj (.const)
                  00022e18    00000038     MAIN.obj (.const:.string)
                  00022e50    00000028     traitement_audio.obj (.const:.string)
                  00022e78    00000023     rts6700.lib : _printfi.obj (.const:.string)
                  00022e9b    00000001     --HOLE-- [fill = 0]
                  00022e9c    00000020     SPI_driver.obj (.const)
                  00022ebc    00000020     dsk6713bsl.lib : dsk6713.obj (.const)
                  00022edc    00000004     --HOLE-- [fill = 0]
                  00022ee0    0000000c     MAIN.obj (.const)
                  00022eec    0000000c     filtrerCascadeIIR.obj (.const:_IIR_GAINS)
                  00022ef8    00000007     rts6700.lib : _scanfi.obj (.const:.string:_flit$1)
                  00022eff    00000001     --HOLE-- [fill = 0]
                  00022f00    00000006                 : _scanfi.obj (.const:.string:_barr$2)
                  00022f06    00000002     --HOLE-- [fill = 0]
                  00022f08    00000006     filtrerCascadeIIR.obj (.const:_IIR_NB_ORDRE2)
                  00022f0e    00000002     --HOLE-- [fill = 0]
                  00022f10    00000006     filtrerCascadeIIR.obj (.const:_IIR_NO_LIGNE)

.cio       0    00022f18    00000120     UNINITIALIZED
                  00022f18    00000120     rts6700.lib : trgmsg.obj (.cio)


GLOBAL SYMBOLS: SORTED ALPHABETICALLY BY Name 

address    name
--------   ----
00000220   $bss
00000220   .bss
00000220   .text
00016bc0   C$$EXIT
00016418   C$$IO$$
0001fd2c   _AIC23CfgData
00016c80   _AIC23_data
0001fd00   _AIC_data
00001660   _AnalyseFFT_Accord
00001064   _AnalyseFFT_Singuliere
00000fc8   _ApplicationFentre
0001e300   _BPM
0001e380   _Buff_Do
0001e384   _Buff_Do_dies
0001e394   _Buff_Fa
0001e398   _Buff_Fa_dies
0001e3a4   _Buff_La
0001e3a8   _Buff_La_dies
0001e390   _Buff_Mi
0001e3b0   _Buff_Notes_Mesure
0001e388   _Buff_Re
0001e38c   _Buff_Re_dies
0001e3ac   _Buff_Si
0001e39c   _Buff_Sol
0001e3a0   _Buff_Sol_dies
0001e3f8   _Buff_int
0001e4c0   _Buff_note
00005f94   _CODEC_start
00006078   _CODEC_stop
0001fe24   _Config_act
00015be0   _CorrASM
000003d0   _CorrManip
0001fe2c   _DSK6713_AIC23_CONTROLHANDLE
000166c0   _DSK6713_AIC23_closeCodec
0001feb8   _DSK6713_AIC23_codeccontrolhandle
0001febc   _DSK6713_AIC23_codecdatahandle
00013320   _DSK6713_AIC23_config
0000edc0   _DSK6713_AIC23_openCodec
000132fc   _DSK6713_AIC23_rget
00013260   _DSK6713_AIC23_rset
00015ca0   _DSK6713_AIC23_setFreq
0000c914   _DSK6713_getVersion
0000c54c   _DSK6713_init
0000c868   _DSK6713_rget
0000c87c   _DSK6713_rset
0001feaa   _DSK6713_version
0000c890   _DSK6713_wait
0000c8e8   _DSK6713_waitusec
000106e0   _DSPF_sp_bitrev_cplx
0000b200   _DSPF_sp_cfftr2_dit
0001fe18   _DirectionSettings
0001f590   _F2
0001d1f8   _FenHamming
0001e2fc   _FlagLed0
00007508   _FonctionTEST
00022ee8   _Fs
00016d98   _GainNum
00000eb4   _GenHamming
00003ba4   _GenererMetronome
00014300   _HOSTclose
00012b80   _HOSTlseek
00013b20   _HOSTopen
000133c0   _HOSTread
00011480   _HOSTrename
00014400   _HOSTunlink
00013c40   _HOSTwrite
00013a00   _IIR_2ndOrder_directII_ASM
00022a38   _IIR_COEFFS
00022eec   _IIR_GAINS
00022f08   _IIR_NB_ORDRE2
00022f10   _IIR_NO_LIGNE
0001fc20   _IIR_W1
0001fc5c   _IIR_W2
00016860   _IRQ_enable
00016a00   _IRQ_globalDisable
00016a20   _IRQ_globalEnable
00011e80   _IRQ_map
00016a40   _IRQ_nmiEnable
000168a0   _IRQ_reset
00003e8c   _InitialiseMetronome
0001e3e4   _Intensite_actu
00016d90   _IsSound
00015d60   _MCBSP_close
00015e00   _MCBSP_config
00016a60   _MCBSP_getXmtEventId
00014500   _MCBSP_open
00016a80   _MCBSP_read
00012200   _MCBSP_reset
00016aa0   _MCBSP_rrdy
00014600   _MCBSP_start
00016ac0   _MCBSP_write
00016ae0   _MCBSP_xrdy
0001e3d0   _MesurePrete
0001fe14   _My_GPIO_Handle
0001fe10   _My_MCBSP_handle
0001e378   _NbTemps
0001e36c   _Nbexecution
0001e3e0   _Note_actu
00022ee0   _PI
0001f594   _SON
0001fe28   _SPI_Config_Verif
0000742c   _SetupALL
00016d9c   _SeuilSon
0001a1f8   _Sortie_FFT
0001e30c   _TabFreqMet
0001e2d4   _TabPeak
0001e58c   _TableCos3
0001b1f8   _TableInputPadder
0001e308   _TempsMet
0001e1fc   _TestAmp
0000065c   _TestIntensite
000007cc   _TestPeriodicite
0001fe1c   _Test_bidon
00016d94   _TrameEnr
00003628   _TrouveNote_WO_Harm
00001e5c   _TrouveNote_W_Harm
00017fb4   _VectPadder
00017db0   _VectRep
00016da4   _VectTrame
0001fe20   _Verif
00022f18   __CIOBUF_
0001fe64   __GPIO_intTable
0001fc18   __IRQ_dispatchTable
0001fb54   __IRQ_eventTable
00016c00   __IRQ_hookFetchPacket
0001fbd8   __IRQ_intTable
0001fe00   __MCBSP_hDev0
0001fe04   __MCBSP_hDev1
00020ee0   __STACK_END
00001000   __STACK_SIZE
00001000   __SYSMEM_SIZE
00000001   __TI_args_main
00016440   ___TI_cpp_init
0001feb4   ___TI_enable_exit_profile_output
ffffffff   ___TI_pprof_out_hndl
ffffffff   ___TI_prof_data_size
ffffffff   ___TI_prof_data_start
ffffffff   ___binit__
00000220   ___bss__
ffffffff   ___c_args__
00021ee0   ___cinit__
00000220   ___end__
00016c20   ___etext__
00016740   ___isinf
ffffffff   ___pinit__
00000220   ___text__
00016920   __args_main
00014700   __auto_init
00012ce0   __buff_read
00013d60   __c6xabi_divi
000159a0   __c6xabi_divu
00015000   __cleanup
0001feac   __cleanup_ptr
00012e40   __closefile
00022ba0   __ctypes_
000076a0   __divd
0000f0e0   __divf
00013d60   __divi
00014900   __divli
000159a0   __divu
00010480   __divul
0000d940   __divull
000150e0   __doflush
0001feb0   __dtors_ptr
00015ea0   __fixdli
000164c0   __fltlid
00013500   __frcmpyd_div
0001f8e8   __ft_end
0001f5c8   __ftable
0001fe78   __hGpioDev0
00016540   __llshl
000167a0   __llshru
0001fec0   __lock
00015f40   __mpyll
00016b20   __negll
00016b40   __nop
00015380   __nround
0000a780   __printfi
00015460   __rd_ok
00015fe0   __remli
00016080   __remul
00016120   __remull
00004120   __scanfi
0001fee0   __stack
00015540   __strasg
00016800   __subcull
00020ee0   __sys_memory
0001f7a8   __tmpnams
00016960   __trunc
0001fec4   __unlock
00013e80   __wrt_ok
00016bc0   _abort
0001e3f0   _acq_fini
0001e3cc   _amp_note_act
00010b80   _atan
00013640   _atoi
00000220   _bit_rev
00011240   _bitrev_index
000165c0   _c_int00
000169a0   _c_int04
00004ce0   _c_int11
00000be0   _calculFFT
0001e3ec   _clavier
00013fa0   _close
00006610   _comm_intr
00005f60   _comm_poll
0001e3c4   _comp_notes
0001e3dc   _compteurBuff
0001e368   _compteurNBfois
0001e360   _compteurNBsinus
0001e374   _compteurTemps
0001e364   _compteurpulsation
0001fd04   _config
00015a60   _copy_in
0000ea80   _cos
0001f58c   _debug
0001f598   _desactiveINT
0001f8ec   _errno
00015620   _exit
00012880   _fgetc
0000bba0   _filtrerCascadeIIR
0001fe08   _flag_SPI
000101e0   _fputc
0000b6e0   _fputs
0000e040   _free
0001e304   _freqMet
000140c0   _frexp
00016d84   _frq
00012040   _fseek
00012a00   _gen_w_r2
00012880   _getc
0001fd4c   _hAIC23_handle
0001e588   _ii
000191b4   _index
0000bf38   _init_w
0001fe0c   _input_SPI
00006480   _input_left_sample
00006548   _input_right_sample
0000637c   _input_sample
00000570   _intensitesynchrone
000126e0   _ldexp
00014b00   _lseek
00013780   _ltoa
00006f20   _main
00010dc0   _malloc
00016640   _memccpy
00011000   _memcpy
000141e0   _memset
0001e37c   _metready
000157e0   _modf
0001e2d0   _nVerif
00016d88   _nbEchADC
00016d8c   _nbEchDebugMic
0001e3c0   _nbnotes
00017da4   _ndecalage
0001e3c8   _note_act
00017dac   _npadd
00017da8   _nrep
0001e1f8   _ntestson
00016da0   _ntrame
000061bc   _output_left_sample
0000629c   _output_right_sample
000060a8   _output_sample
00016d80   _pTampon
00000dd4   _padderFFT
00005660   _pow
00014c00   _printf
000101e0   _putc
00014d00   _read
000161c0   _readmsg
00016be0   _remove
0001e2c8   _scale
00014e00   _scanf
0000fc80   _setvbuf
0000f6e0   _sin
0001e35c   _sonMetronome
000138c0   _sqrt
0001e3d4   _start
0001e3e8   _start_acq
00008ac0   _strtod
0000a200   _strtol
000090a0   _strtold
00009680   _strtoll
0000ace0   _strtoul
0000c060   _strtoull
00016d00   _tampon
0001e3d8   _testsynchrone
0001e3f4   _trig_acq
00013100   _ungetc
00016300   _unlink
00000020   _vector1
00000140   _vector10
00000180   _vector12
000001a0   _vector13
000001c0   _vector14
000001e0   _vector15
00000040   _vector2
00000060   _vector3
00000080   _vector4
000000a0   _vector5
000000c0   _vector6
000000e0   _vector7
00000100   _vector8
00000120   _vector9
00000000   _vectors
0001e370   _volumeMet
000191f8   _w
00014f00   _write
000163a0   _writemsg
ffffffff   binit
00021ee0   cinit
00000220   end
00016c20   etext
ffffffff   pinit


GLOBAL SYMBOLS: SORTED BY Symbol Address 

address    name
--------   ----
00000000   _vectors
00000001   __TI_args_main
00000020   _vector1
00000040   _vector2
00000060   _vector3
00000080   _vector4
000000a0   _vector5
000000c0   _vector6
000000e0   _vector7
00000100   _vector8
00000120   _vector9
00000140   _vector10
00000180   _vector12
000001a0   _vector13
000001c0   _vector14
000001e0   _vector15
00000220   $bss
00000220   .bss
00000220   .text
00000220   ___bss__
00000220   ___end__
00000220   ___text__
00000220   _bit_rev
00000220   end
000003d0   _CorrManip
00000570   _intensitesynchrone
0000065c   _TestIntensite
000007cc   _TestPeriodicite
00000be0   _calculFFT
00000dd4   _padderFFT
00000eb4   _GenHamming
00000fc8   _ApplicationFentre
00001000   __STACK_SIZE
00001000   __SYSMEM_SIZE
00001064   _AnalyseFFT_Singuliere
00001660   _AnalyseFFT_Accord
00001e5c   _TrouveNote_W_Harm
00003628   _TrouveNote_WO_Harm
00003ba4   _GenererMetronome
00003e8c   _InitialiseMetronome
00004120   __scanfi
00004ce0   _c_int11
00005660   _pow
00005f60   _comm_poll
00005f94   _CODEC_start
00006078   _CODEC_stop
000060a8   _output_sample
000061bc   _output_left_sample
0000629c   _output_right_sample
0000637c   _input_sample
00006480   _input_left_sample
00006548   _input_right_sample
00006610   _comm_intr
00006f20   _main
0000742c   _SetupALL
00007508   _FonctionTEST
000076a0   __divd
00008ac0   _strtod
000090a0   _strtold
00009680   _strtoll
0000a200   _strtol
0000a780   __printfi
0000ace0   _strtoul
0000b200   _DSPF_sp_cfftr2_dit
0000b6e0   _fputs
0000bba0   _filtrerCascadeIIR
0000bf38   _init_w
0000c060   _strtoull
0000c54c   _DSK6713_init
0000c868   _DSK6713_rget
0000c87c   _DSK6713_rset
0000c890   _DSK6713_wait
0000c8e8   _DSK6713_waitusec
0000c914   _DSK6713_getVersion
0000d940   __divull
0000e040   _free
0000ea80   _cos
0000edc0   _DSK6713_AIC23_openCodec
0000f0e0   __divf
0000f6e0   _sin
0000fc80   _setvbuf
000101e0   _fputc
000101e0   _putc
00010480   __divul
000106e0   _DSPF_sp_bitrev_cplx
00010b80   _atan
00010dc0   _malloc
00011000   _memcpy
00011240   _bitrev_index
00011480   _HOSTrename
00011e80   _IRQ_map
00012040   _fseek
00012200   _MCBSP_reset
000126e0   _ldexp
00012880   _fgetc
00012880   _getc
00012a00   _gen_w_r2
00012b80   _HOSTlseek
00012ce0   __buff_read
00012e40   __closefile
00013100   _ungetc
00013260   _DSK6713_AIC23_rset
000132fc   _DSK6713_AIC23_rget
00013320   _DSK6713_AIC23_config
000133c0   _HOSTread
00013500   __frcmpyd_div
00013640   _atoi
00013780   _ltoa
000138c0   _sqrt
00013a00   _IIR_2ndOrder_directII_ASM
00013b20   _HOSTopen
00013c40   _HOSTwrite
00013d60   __c6xabi_divi
00013d60   __divi
00013e80   __wrt_ok
00013fa0   _close
000140c0   _frexp
000141e0   _memset
00014300   _HOSTclose
00014400   _HOSTunlink
00014500   _MCBSP_open
00014600   _MCBSP_start
00014700   __auto_init
00014900   __divli
00014b00   _lseek
00014c00   _printf
00014d00   _read
00014e00   _scanf
00014f00   _write
00015000   __cleanup
000150e0   __doflush
00015380   __nround
00015460   __rd_ok
00015540   __strasg
00015620   _exit
000157e0   _modf
000159a0   __c6xabi_divu
000159a0   __divu
00015a60   _copy_in
00015be0   _CorrASM
00015ca0   _DSK6713_AIC23_setFreq
00015d60   _MCBSP_close
00015e00   _MCBSP_config
00015ea0   __fixdli
00015f40   __mpyll
00015fe0   __remli
00016080   __remul
00016120   __remull
000161c0   _readmsg
00016300   _unlink
000163a0   _writemsg
00016418   C$$IO$$
00016440   ___TI_cpp_init
000164c0   __fltlid
00016540   __llshl
000165c0   _c_int00
00016640   _memccpy
000166c0   _DSK6713_AIC23_closeCodec
00016740   ___isinf
000167a0   __llshru
00016800   __subcull
00016860   _IRQ_enable
000168a0   _IRQ_reset
00016920   __args_main
00016960   __trunc
000169a0   _c_int04
00016a00   _IRQ_globalDisable
00016a20   _IRQ_globalEnable
00016a40   _IRQ_nmiEnable
00016a60   _MCBSP_getXmtEventId
00016a80   _MCBSP_read
00016aa0   _MCBSP_rrdy
00016ac0   _MCBSP_write
00016ae0   _MCBSP_xrdy
00016b20   __negll
00016b40   __nop
00016bc0   C$$EXIT
00016bc0   _abort
00016be0   _remove
00016c00   __IRQ_hookFetchPacket
00016c20   ___etext__
00016c20   etext
00016c80   _AIC23_data
00016d00   _tampon
00016d80   _pTampon
00016d84   _frq
00016d88   _nbEchADC
00016d8c   _nbEchDebugMic
00016d90   _IsSound
00016d94   _TrameEnr
00016d98   _GainNum
00016d9c   _SeuilSon
00016da0   _ntrame
00016da4   _VectTrame
00017da4   _ndecalage
00017da8   _nrep
00017dac   _npadd
00017db0   _VectRep
00017fb4   _VectPadder
000191b4   _index
000191f8   _w
0001a1f8   _Sortie_FFT
0001b1f8   _TableInputPadder
0001d1f8   _FenHamming
0001e1f8   _ntestson
0001e1fc   _TestAmp
0001e2c8   _scale
0001e2d0   _nVerif
0001e2d4   _TabPeak
0001e2fc   _FlagLed0
0001e300   _BPM
0001e304   _freqMet
0001e308   _TempsMet
0001e30c   _TabFreqMet
0001e35c   _sonMetronome
0001e360   _compteurNBsinus
0001e364   _compteurpulsation
0001e368   _compteurNBfois
0001e36c   _Nbexecution
0001e370   _volumeMet
0001e374   _compteurTemps
0001e378   _NbTemps
0001e37c   _metready
0001e380   _Buff_Do
0001e384   _Buff_Do_dies
0001e388   _Buff_Re
0001e38c   _Buff_Re_dies
0001e390   _Buff_Mi
0001e394   _Buff_Fa
0001e398   _Buff_Fa_dies
0001e39c   _Buff_Sol
0001e3a0   _Buff_Sol_dies
0001e3a4   _Buff_La
0001e3a8   _Buff_La_dies
0001e3ac   _Buff_Si
0001e3b0   _Buff_Notes_Mesure
0001e3c0   _nbnotes
0001e3c4   _comp_notes
0001e3c8   _note_act
0001e3cc   _amp_note_act
0001e3d0   _MesurePrete
0001e3d4   _start
0001e3d8   _testsynchrone
0001e3dc   _compteurBuff
0001e3e0   _Note_actu
0001e3e4   _Intensite_actu
0001e3e8   _start_acq
0001e3ec   _clavier
0001e3f0   _acq_fini
0001e3f4   _trig_acq
0001e3f8   _Buff_int
0001e4c0   _Buff_note
0001e588   _ii
0001e58c   _TableCos3
0001f58c   _debug
0001f590   _F2
0001f594   _SON
0001f598   _desactiveINT
0001f5c8   __ftable
0001f7a8   __tmpnams
0001f8e8   __ft_end
0001f8ec   _errno
0001fb54   __IRQ_eventTable
0001fbd8   __IRQ_intTable
0001fc18   __IRQ_dispatchTable
0001fc20   _IIR_W1
0001fc5c   _IIR_W2
0001fd00   _AIC_data
0001fd04   _config
0001fd2c   _AIC23CfgData
0001fd4c   _hAIC23_handle
0001fe00   __MCBSP_hDev0
0001fe04   __MCBSP_hDev1
0001fe08   _flag_SPI
0001fe0c   _input_SPI
0001fe10   _My_MCBSP_handle
0001fe14   _My_GPIO_Handle
0001fe18   _DirectionSettings
0001fe1c   _Test_bidon
0001fe20   _Verif
0001fe24   _Config_act
0001fe28   _SPI_Config_Verif
0001fe2c   _DSK6713_AIC23_CONTROLHANDLE
0001fe64   __GPIO_intTable
0001fe78   __hGpioDev0
0001feaa   _DSK6713_version
0001feac   __cleanup_ptr
0001feb0   __dtors_ptr
0001feb4   ___TI_enable_exit_profile_output
0001feb8   _DSK6713_AIC23_codeccontrolhandle
0001febc   _DSK6713_AIC23_codecdatahandle
0001fec0   __lock
0001fec4   __unlock
0001fee0   __stack
00020ee0   __STACK_END
00020ee0   __sys_memory
00021ee0   ___cinit__
00021ee0   cinit
00022a38   _IIR_COEFFS
00022ba0   __ctypes_
00022ee0   _PI
00022ee8   _Fs
00022eec   _IIR_GAINS
00022f08   _IIR_NB_ORDRE2
00022f10   _IIR_NO_LIGNE
00022f18   __CIOBUF_
ffffffff   ___TI_pprof_out_hndl
ffffffff   ___TI_prof_data_size
ffffffff   ___TI_prof_data_start
ffffffff   ___binit__
ffffffff   ___c_args__
ffffffff   ___pinit__
ffffffff   binit
ffffffff   pinit

[314 symbols]
