******************************************************************************
               TMS320C6x Linker PC v7.4.20                     
******************************************************************************
>> Linked Tue Apr 04 23:46:57 2017

OUTPUT FILE NAME:   <CODE_BASE_PROJET_S5.out>
ENTRY POINT SYMBOL: "_c_int00"  address: 0000de80


MEMORY CONFIGURATION

         name            origin    length      used     unused   attr    fill
----------------------  --------  ---------  --------  --------  ----  --------
  IVECS                 00000000   00000220  00000200  00000020  RWIX
  IRAM                  00000220   0002fde0  000140b0  0001bd30  RWIX
  SDRAM                 80000000   01000000  00000000  01000000  RWIX
  FLASH                 90000000   00020000  00000000  00020000  RWIX


SECTION ALLOCATION MAP

 output                                  attributes/
section   page    origin      length       input sections
--------  ----  ----------  ----------   ----------------
.vectors   0    00000000    00000200     
                  00000000    00000200     Vectors_intr.obj (.vectors)

.bss       0    00000220    00000000     UNINITIALIZED

.text      0    00000220    0000e240     
                  00000220    00001300     traitement_audio.obj (.text)
                  00001520    00000900     rts6700.lib : pow.obj (.text:_pow)
                  00001e20    00000800     C6713Helper_UdeS.obj (.text)
                  00002620    00000720     rts6700.lib : divd.obj (.text:__divd)
                  00002d40    000006c0                 : _printfi.obj (.text:__getarg_diouxp)
                  00003400    00000640                 : _printfi.obj (.text:__setfield)
                  00003a40    00000640     MAIN.obj (.text:retain)
                  00004080    00000560     rts6700.lib : _printfi.obj (.text:__printfi)
                  000045e0    000004e0     dsp67x.lib : DSPF_sp_cfftr2_dit.obj (.text)
                  00004ac0    000004c0     rts6700.lib : fputs.obj (.text:_fputs)
                  00004f80    00000480     MAIN.obj (.text)
                  00005400    00000480     dsk6713bsl.lib : dsk6713.obj (.text)
                  00005880    00000420     rts6700.lib : _printfi.obj (.text:_fcvt)
                  00005ca0    00000400                 : _printfi.obj (.text:__pproc_fge)
                  000060a0    00000400                 : _printfi.obj (.text:_ecvt)
                  000064a0    000003a0     filtrerCascadeIIR.obj (.text)
                  00006840    00000380     rts6700.lib : imath64.obj (.text:__divull)
                  00006bc0    00000380                 : memory.obj (.text:_free)
                  00006f40    00000360                 : _printfi.obj (.text:__pconv_e)
                  000072a0    00000360                 : _printfi.obj (.text:__pproc_fwp)
                  00007600    00000340                 : cos.obj (.text:_cos)
                  00007940    00000320     dsk6713bsl.lib : dsk6713_aic23_opencodec.obj (.text)
                  00007c60    00000300     rts6700.lib : _printfi.obj (.text:__pproc_diouxp)
                  00007f60    000002e0                 : sin.obj (.text:_sin)
                  00008240    000002c0                 : _printfi.obj (.text:__pproc_str)
                  00008500    000002c0                 : setvbuf.obj (.text:_setvbuf)
                  000087c0    000002a0                 : _printfi.obj (.text:__pconv_g)
                  00008a60    000002a0                 : fputc.obj (.text:_fputc)
                  00008d00    00000260                 : imath40.obj (.text:__divul)
                  00008f60    00000260     dsp67x.lib : DSPF_sp_bitrev_cplx.obj (.text)
                  000091c0    00000240     rts6700.lib : _printfi.obj (.text:__mcpy)
                  00009400    00000240                 : atan.obj (.text:_atan)
                  00009640    00000240                 : memory.obj (.text:_malloc)
                  00009880    00000240                 : memcpy62.obj (.text:_memcpy)
                  00009ac0    00000240     bitrev_index.obj (.text)
                  00009d00    00000220     rts6700.lib : trgdrv.obj (.text:_HOSTrename)
                  00009f20    000001e0                 : lowlev.obj (.text:_getdevice)
                  0000a100    000001c0     csl6713.lib : csl_irq.obj (.text:_IRQ_map)
                  0000a2c0    000001c0     rts6700.lib : fseek.obj (.text:_fseek)
                  0000a480    000001a0     csl6713.lib : csl_mcbsp.obj (.text:_MCBSP_reset)
                  0000a620    000001a0     rts6700.lib : _printfi.obj (.text:__ltostr)
                  0000a7c0    000001a0                 : _printfi.obj (.text:__pproc_fflags)
                  0000a960    000001a0                 : ldexp.obj (.text:_ldexp)
                  0000ab00    00000180     gen_w_r2.obj (.text)
                  0000ac80    00000160     rts6700.lib : trgdrv.obj (.text:_HOSTlseek)
                  0000ade0    00000160                 : fclose.obj (.text:__closefile)
                  0000af40    00000160     dsk6713bsl.lib : dsk6713_aic23_registers.obj (.text)
                  0000b0a0    00000140     rts6700.lib : trgdrv.obj (.text:_HOSTread)
                  0000b1e0    00000140                 : frcmpyd_div.obj (.text:__frcmpyd_div)
                  0000b320    00000140                 : atoi.obj (.text:_atoi)
                  0000b460    00000140                 : ltoa.obj (.text:_ltoa)
                  0000b5a0    00000140                 : sqrt.obj (.text:_sqrt)
                  0000b6e0    00000120     IIR_2ndOrder_directII_ASM.obj (.text)
                  0000b800    00000120     rts6700.lib : trgdrv.obj (.text:_HOSTopen)
                  0000b920    00000120                 : trgdrv.obj (.text:_HOSTwrite)
                  0000ba40    00000120                 : divi.obj (.text:__divi)
                  0000bb60    00000120                 : _io_perm.obj (.text:__wrt_ok)
                  0000bc80    00000120                 : lowlev.obj (.text:_close)
                  0000bda0    00000120                 : frexp.obj (.text:_frexp)
                  0000bec0    00000120                 : memset.obj (.text:_memset)
                  0000bfe0    00000100                 : trgdrv.obj (.text:_HOSTclose)
                  0000c0e0    00000100                 : trgdrv.obj (.text:_HOSTunlink)
                  0000c1e0    00000100     csl6713.lib : csl_mcbsp.obj (.text:_MCBSP_open)
                  0000c2e0    00000100                 : csl_mcbsp.obj (.text:_MCBSP_start)
                  0000c3e0    00000100     rts6700.lib : autoinit.obj (.text:__auto_init)
                  0000c4e0    00000100                 : _printfi.obj (.text:__div)
                  0000c5e0    00000100                 : imath40.obj (.text:__divli)
                  0000c6e0    00000100                 : _printfi.obj (.text:__pconv_f)
                  0000c7e0    00000100                 : lowlev.obj (.text:_lseek)
                  0000c8e0    00000100                 : printf.obj (.text:_printf)
                  0000c9e0    00000100                 : lowlev.obj (.text:_write)
                  0000cae0    000000e0                 : fopen.obj (.text:__cleanup)
                  0000cbc0    000000e0                 : fflush.obj (.text:__doflush)
                  0000cca0    000000e0                 : _printfi.obj (.text:__ecpy)
                  0000cd80    000000e0                 : _printfi.obj (.text:__fcpy)
                  0000ce60    000000e0                 : round.obj (.text:__nround)
                  0000cf40    000000e0                 : strasg.obj (.text:__strasg)
                  0000d020    000000e0                 : exit.obj (.text:_exit)
                  0000d100    000000e0                 : memory.obj (.text:_minsert)
                  0000d1e0    000000e0                 : modf.obj (.text:_modf)
                  0000d2c0    000000e0                 : memory.obj (.text:_mremove)
                  0000d3a0    000000c0                 : divu.obj (.text:__divu)
                  0000d460    000000c0                 : cpy_tbl.obj (.text:_copy_in)
                  0000d520    000000c0                 : lowlev.obj (.text:_finddevice)
                  0000d5e0    000000c0     corr.obj (.text)
                  0000d6a0    000000c0     dsk6713bsl.lib : dsk6713_aic23_setfreq.obj (.text)
                  0000d760    000000a0     csl6713.lib : csl_mcbsp.obj (.text:_MCBSP_close)
                  0000d800    000000a0                 : csl_mcbsp.obj (.text:_MCBSP_config)
                  0000d8a0    000000a0     rts6700.lib : fixdli.obj (.text:__fixdli)
                  0000d940    000000a0                 : mpyll.obj (.text:__mpyll)
                  0000d9e0    000000a0                 : imath40.obj (.text:__remli)
                  0000da80    000000a0                 : trgmsg.obj (.text:_readmsg)
                  0000db20    000000a0     csl6713.lib : csl_irq.obj (.text:_setMux)
                  0000dbc0    000000a0     rts6700.lib : lowlev.obj (.text:_unlink)
                  0000dc60    000000a0                 : trgmsg.obj (.text:_writemsg)
                  0000dd00    00000080                 : cpp_init.obj (.text:___TI_cpp_init)
                  0000dd80    00000080                 : fltlid.obj (.text:__fltlid)
                  0000de00    00000080                 : llshift.obj (.text:__llshl)
                  0000de80    00000080                 : boot.obj (.text:_c_int00)
                  0000df00    00000080                 : memccpy.obj (.text:_memccpy)
                  0000df80    00000080     dsk6713bsl.lib : dsk6713_aic23_closecodec.obj (.text)
                  0000e000    00000060     rts6700.lib : isinf.obj (.text:___isinf)
                  0000e060    00000060                 : llshift.obj (.text:__llshru)
                  0000e0c0    00000060                 : imath64.obj (.text:__subcull)
                  0000e120    00000040     csl6713.lib : csl_irq.obj (.text:_IRQ_enable)
                  0000e160    00000040                 : csl_irq.obj (.text:_IRQ_reset)
                  0000e1a0    00000040     rts6700.lib : _printfi.obj (.text:___isnan)
                  0000e1e0    00000040                 : args_main.obj (.text:__args_main)
                  0000e220    00000040                 : trunc.obj (.text:__trunc)
                  0000e260    00000020     Vectors_intr.obj (.text)
                  0000e280    00000020     csl6713.lib : csl_irq.obj (.text:_IRQ_globalDisable)
                  0000e2a0    00000020                 : csl_irq.obj (.text:_IRQ_globalEnable)
                  0000e2c0    00000020                 : csl_irq.obj (.text:_IRQ_nmiEnable)
                  0000e2e0    00000020                 : csl_mcbsp.obj (.text:_MCBSP_getXmtEventId)
                  0000e300    00000020                 : csl_mcbsp.obj (.text:_MCBSP_read)
                  0000e320    00000020                 : csl_mcbsp.obj (.text:_MCBSP_rrdy)
                  0000e340    00000020                 : csl_mcbsp.obj (.text:_MCBSP_write)
                  0000e360    00000020                 : csl_mcbsp.obj (.text:_MCBSP_xrdy)
                  0000e380    00000020     rts6700.lib : negll.obj (.text:__negll)
                  0000e3a0    00000020                 : _lock.obj (.text:__nop)
                  0000e3c0    00000020                 : printf.obj (.text:__outc)
                  0000e3e0    00000020                 : printf.obj (.text:__outs)
                  0000e400    00000020                 : exit.obj (.text:_abort)
                  0000e420    00000020                 : remove.obj (.text:_remove)
                  0000e440    00000020     csl6713.lib : csl_irq.obj (.text)

.far       0    0000e480    00003194     UNINITIALIZED
                  0000e480    000028ce     MAIN.obj (.far)
                  00010d4e    00000002     dsk6713bsl.lib : dsk6713.obj (.far)
                  00010d50    00000324     rts6700.lib : defs.obj (.far)
                  00011074    00000004                 : errno.obj (.far)
                  00011078    00000120                 : pow.obj (.far)
                  00011198    0000011c                 : lowlev.obj (.far)
                  000112b4    000000f4     csl6713.lib : csl_irq.obj (.far)
                  000113a8    00000078     filtrerCascadeIIR.obj (.far)
                  00011420    00000060     rts6700.lib : atan.obj (.far)
                  00011480    00000058     C6713Helper_UdeS.obj (.far)
                  000114d8    00000040     rts6700.lib : cos.obj (.far)
                  00011518    00000040                 : sin.obj (.far)
                  00011558    00000038     csl6713.lib : csl_mcbsp.obj (.far)
                  00011590    00000028     dsk6713bsl.lib : dsk6713_aic23_registers.obj (.far)
                  000115b8    00000020                    : dsk6713_aic23_setfreq.obj (.far)
                  000115d8    0000000c     rts6700.lib : exit.obj (.far)
                  000115e4    0000000a     traitement_audio.obj (.far)
                  000115ee    00000002     --HOLE--
                  000115f0    00000008     dsk6713bsl.lib : dsk6713_aic23_opencodec.obj (.far)
                  000115f8    00000008     rts6700.lib : _lock.obj (.far)
                  00011600    00000008                 : memory.obj (.far)
                  00011608    00000008                 : trgdrv.obj (.far)
                  00011610    00000004                 : fopen.obj (.far)

.stack     0    00011618    00001000     UNINITIALIZED
                  00011618    00000008     rts6700.lib : boot.obj (.stack)
                  00011620    00000ff8     --HOLE--

.sysmem    0    00012618    00001000     UNINITIALIZED
                  00012618    00000008     rts6700.lib : memory.obj (.sysmem)
                  00012620    00000ff8     --HOLE--

.cinit     0    00013618    000008ec     
                  00013618    000002cc     MAIN.obj (.cinit)
                  000138e4    00000004     --HOLE-- [fill = 0]
                  000138e8    00000140     rts6700.lib : pow.obj (.cinit)
                  00013a28    0000012c     csl6713.lib : csl_irq.obj (.cinit)
                  00013b54    00000004     --HOLE-- [fill = 0]
                  00013b58    00000070     rts6700.lib : atan.obj (.cinit)
                  00013bc8    0000005c                 : defs.obj (.cinit)
                  00013c24    00000004     --HOLE-- [fill = 0]
                  00013c28    0000005c                 : lowlev.obj (.cinit)
                  00013c84    00000004     --HOLE-- [fill = 0]
                  00013c88    00000058     C6713Helper_UdeS.obj (.cinit)
                  00013ce0    00000054     csl6713.lib : csl_mcbsp.obj (.cinit)
                  00013d34    00000004     --HOLE-- [fill = 0]
                  00013d38    00000048     rts6700.lib : cos.obj (.cinit)
                  00013d80    00000048                 : sin.obj (.cinit)
                  00013dc8    00000030     dsk6713bsl.lib : dsk6713_aic23_registers.obj (.cinit)
                  00013df8    0000002c     filtrerCascadeIIR.obj (.cinit)
                  00013e24    00000004     --HOLE-- [fill = 0]
                  00013e28    0000002c     rts6700.lib : exit.obj (.cinit)
                  00013e54    00000004     --HOLE-- [fill = 0]
                  00013e58    0000002c                 : memory.obj (.cinit)
                  00013e84    00000004     --HOLE-- [fill = 0]
                  00013e88    00000028     dsk6713bsl.lib : dsk6713_aic23_setfreq.obj (.cinit)
                  00013eb0    0000001c     rts6700.lib : _lock.obj (.cinit)
                  00013ecc    00000004     --HOLE-- [fill = 0]
                  00013ed0    0000000c                 : errno.obj (.cinit)
                  00013edc    00000004     --HOLE-- [fill = 0]
                  00013ee0    0000000c                 : fopen.obj (.cinit)
                  00013eec    00000004     --HOLE-- [fill = 0]
                  00013ef0    0000000c     traitement_audio.obj (.cinit)
                  00013efc    00000004     --HOLE-- [fill = 0]
                  00013f00    00000004     (.pad.cinit) [fill = 0]

.const     0    00013f08    000002d0     
                  00013f08    00000101     rts6700.lib : ctype.obj (.const:.string:__ctypes_)
                  00014009    00000002                 : fputs.obj (.const:.string)
                  0001400b    00000001     --HOLE-- [fill = 0]
                  0001400c    000000f0     filtrerCascadeIIR.obj (.const:_IIR_COEFFS)
                  000140fc    00000040     dsk6713bsl.lib : dsk6713_aic23_opencodec.obj (.const)
                  0001413c    0000002c     traitement_audio.obj (.const:.string)
                  00014168    00000023     rts6700.lib : _printfi.obj (.const:.string)
                  0001418b    00000001     --HOLE-- [fill = 0]
                  0001418c    00000020     dsk6713bsl.lib : dsk6713.obj (.const)
                  000141ac    00000010     MAIN.obj (.const:.string)
                  000141bc    00000004     filtrerCascadeIIR.obj (.const:_IIR_NB_ORDRE2)
                  000141c0    0000000c     MAIN.obj (.const)
                  000141cc    00000008     filtrerCascadeIIR.obj (.const:_IIR_GAINS)
                  000141d4    00000004     filtrerCascadeIIR.obj (.const:_IIR_NO_LIGNE)

.cio       0    000141d8    00000120     UNINITIALIZED
                  000141d8    00000120     rts6700.lib : trgmsg.obj (.cio)


GLOBAL SYMBOLS: SORTED ALPHABETICALLY BY Name 

address    name
--------   ----
00000220   $bss
00000220   .bss
00000220   .text
0000e400   C$$EXIT
0000dcd8   C$$IO$$
000114b4   _AIC23CfgData
0000e480   _AIC23_data
00011488   _AIC_data
00000fa4   _AnalyseFFT
00000f08   _ApplicationFentre
00010cb0   _BPM
00001e54   _CODEC_start
00001f38   _CODEC_stop
0000d5e0   _CorrASM
000003d0   _CorrManip
0000df80   _DSK6713_AIC23_closeCodec
000115f0   _DSK6713_AIC23_codeccontrolhandle
000115f4   _DSK6713_AIC23_codecdatahandle
0000b000   _DSK6713_AIC23_config
00007940   _DSK6713_AIC23_openCodec
0000afdc   _DSK6713_AIC23_rget
0000af40   _DSK6713_AIC23_rset
0000d6a0   _DSK6713_AIC23_setFreq
00005814   _DSK6713_getVersion
0000544c   _DSK6713_init
00005768   _DSK6713_rget
0000577c   _DSK6713_rset
00010d4e   _DSK6713_version
00005790   _DSK6713_wait
000057e8   _DSK6713_waitusec
00008f60   _DSPF_sp_bitrev_cplx
000045e0   _DSPF_sp_cfftr2_dit
00010ca4   _F2
00010438   _FenHamming
0001089c   _FlagLed0
000141c8   _Fs
0000e598   _GainNum
00000df4   _GenHamming
00000fb8   _GenererMetronome
0000bfe0   _HOSTclose
0000ac80   _HOSTlseek
0000b800   _HOSTopen
0000b0a0   _HOSTread
00009d00   _HOSTrename
0000c0e0   _HOSTunlink
0000b920   _HOSTwrite
0000b6e0   _IIR_2ndOrder_directII_ASM
0001400c   _IIR_COEFFS
000141cc   _IIR_GAINS
000141bc   _IIR_NB_ORDRE2
000141d4   _IIR_NO_LIGNE
000113a8   _IIR_W1
000113e4   _IIR_W2
0000e120   _IRQ_enable
0000e280   _IRQ_globalDisable
0000e2a0   _IRQ_globalEnable
0000a100   _IRQ_map
0000e2c0   _IRQ_nmiEnable
0000e160   _IRQ_reset
000012a0   _InitialiseMetronome
0000e590   _IsSound
0000d760   _MCBSP_close
0000d800   _MCBSP_config
0000e2e0   _MCBSP_getXmtEventId
0000c1e0   _MCBSP_open
0000e300   _MCBSP_read
0000a480   _MCBSP_reset
0000e320   _MCBSP_rrdy
0000c2e0   _MCBSP_start
0000e340   _MCBSP_write
0000e360   _MCBSP_xrdy
00010d24   _NbTemps
00010d18   _Nbexecution
000141c0   _PI
00010ca8   _SON
0000e59c   _SeuilSon
0000f838   _Sortie_FFT
00010cbc   _TabFreqMet
00010874   _TabPeak
000108a0   _TableCos3
0000fc38   _TableInputPadder
00010cb8   _TempsMet
0001083c   _TestAmp
00000570   _TestIntensite
000006e0   _TestPeriodicite
0000e594   _TrameEnr
0000e5b0   _VectCorr
0000ecd4   _VectPadder
0000e9b0   _VectRep
000141d8   __CIOBUF_
000113a0   __IRQ_dispatchTable
000112dc   __IRQ_eventTable
0000e440   __IRQ_hookFetchPacket
00011360   __IRQ_intTable
00011588   __MCBSP_hDev0
0001158c   __MCBSP_hDev1
00012618   __STACK_END
00001000   __STACK_SIZE
00001000   __SYSMEM_SIZE
00000001   __TI_args_main
0000dd00   ___TI_cpp_init
000115e0   ___TI_enable_exit_profile_output
ffffffff   ___TI_pprof_out_hndl
ffffffff   ___TI_prof_data_size
ffffffff   ___TI_prof_data_start
ffffffff   ___binit__
00000220   ___bss__
ffffffff   ___c_args__
00013618   ___cinit__
00000220   ___end__
0000e460   ___etext__
0000e000   ___isinf
ffffffff   ___pinit__
00000220   ___text__
0000e1e0   __args_main
0000c3e0   __auto_init
0000ba40   __c6xabi_divi
0000d3a0   __c6xabi_divu
0000cae0   __cleanup
000115d8   __cleanup_ptr
0000ade0   __closefile
00013f08   __ctypes_
00002620   __divd
0000ba40   __divi
0000c5e0   __divli
0000d3a0   __divu
00008d00   __divul
00006840   __divull
0000cbc0   __doflush
000115dc   __dtors_ptr
0000d8a0   __fixdli
0000dd80   __fltlid
0000b1e0   __frcmpyd_div
00011070   __ft_end
00010d50   __ftable
0000de00   __llshl
0000e060   __llshru
000115f8   __lock
0000d940   __mpyll
0000e380   __negll
0000e3a0   __nop
0000ce60   __nround
00004080   __printfi
0000d9e0   __remli
00011618   __stack
0000cf40   __strasg
0000e0c0   __subcull
00012618   __sys_memory
00010f30   __tmpnams
0000e220   __trunc
000115fc   __unlock
0000bb60   __wrt_ok
0000e400   _abort
00009400   _atan
0000b320   _atoi
00000220   _bit_rev
00009ac0   _bitrev_index
0000de80   _c_int00
00003a40   _c_int11
00000b30   _calculFFT
0000bc80   _close
000024d0   _comm_intr
00001e20   _comm_poll
00010d14   _compteurNBfois
00010d10   _compteurNBsinus
00010d20   _compteurTemps
0001148c   _config
0000d460   _copy_in
00007600   _cos
00010ca0   _debug
00010cac   _desactiveINT
00011074   _errno
0000d020   _exit
000064a0   _filtrerCascadeIIR
00008a60   _fputc
00004ac0   _fputs
00006bc0   _free
00010cb4   _freqMet
0000bda0   _frexp
0000e584   _frq
0000a2c0   _fseek
0000ab00   _gen_w_r2
000114d4   _hAIC23_handle
0000f3f4   _index
00006718   _init_w
00002340   _input_left_sample
00002408   _input_right_sample
0000223c   _input_sample
0000a960   _ldexp
0000c7e0   _lseek
0000b460   _ltoa
00004f80   _main
00009640   _malloc
0000df00   _memccpy
00009880   _memcpy
0000bec0   _memset
00010d28   _metready
0000d1e0   _modf
00010870   _nVerif
0000e588   _nbEchADC
0000e58c   _nbEchDebugMic
0000e5a0   _ncorr
0000e5a4   _ndecalage
0000e5ac   _npadd
0000e5a8   _nrep
00010838   _ntestson
0000207c   _output_left_sample
0000215c   _output_right_sample
00001f68   _output_sample
0000e580   _pTampon
00000d1c   _padderFFT
00001520   _pow
0000c8e0   _printf
00008a60   _putc
0000da80   _readmsg
0000e420   _remove
00010868   _scale
00008500   _setvbuf
00007f60   _sin
00010d0c   _sonMetronome
0000b5a0   _sqrt
0000e500   _tampon
0000dbc0   _unlink
00000020   _vector1
00000140   _vector10
00000180   _vector12
000001a0   _vector13
000001c0   _vector14
000001e0   _vector15
00000040   _vector2
00000060   _vector3
00000080   _vector4
000000a0   _vector5
000000c0   _vector6
000000e0   _vector7
00000100   _vector8
00000120   _vector9
00000000   _vectors
00010d1c   _volumeMet
0000f438   _w
0000c9e0   _write
0000dc60   _writemsg
ffffffff   binit
00013618   cinit
00000220   end
0000e460   etext
ffffffff   pinit


GLOBAL SYMBOLS: SORTED BY Symbol Address 

address    name
--------   ----
00000000   _vectors
00000001   __TI_args_main
00000020   _vector1
00000040   _vector2
00000060   _vector3
00000080   _vector4
000000a0   _vector5
000000c0   _vector6
000000e0   _vector7
00000100   _vector8
00000120   _vector9
00000140   _vector10
00000180   _vector12
000001a0   _vector13
000001c0   _vector14
000001e0   _vector15
00000220   $bss
00000220   .bss
00000220   .text
00000220   ___bss__
00000220   ___end__
00000220   ___text__
00000220   _bit_rev
00000220   end
000003d0   _CorrManip
00000570   _TestIntensite
000006e0   _TestPeriodicite
00000b30   _calculFFT
00000d1c   _padderFFT
00000df4   _GenHamming
00000f08   _ApplicationFentre
00000fa4   _AnalyseFFT
00000fb8   _GenererMetronome
00001000   __STACK_SIZE
00001000   __SYSMEM_SIZE
000012a0   _InitialiseMetronome
00001520   _pow
00001e20   _comm_poll
00001e54   _CODEC_start
00001f38   _CODEC_stop
00001f68   _output_sample
0000207c   _output_left_sample
0000215c   _output_right_sample
0000223c   _input_sample
00002340   _input_left_sample
00002408   _input_right_sample
000024d0   _comm_intr
00002620   __divd
00003a40   _c_int11
00004080   __printfi
000045e0   _DSPF_sp_cfftr2_dit
00004ac0   _fputs
00004f80   _main
0000544c   _DSK6713_init
00005768   _DSK6713_rget
0000577c   _DSK6713_rset
00005790   _DSK6713_wait
000057e8   _DSK6713_waitusec
00005814   _DSK6713_getVersion
000064a0   _filtrerCascadeIIR
00006718   _init_w
00006840   __divull
00006bc0   _free
00007600   _cos
00007940   _DSK6713_AIC23_openCodec
00007f60   _sin
00008500   _setvbuf
00008a60   _fputc
00008a60   _putc
00008d00   __divul
00008f60   _DSPF_sp_bitrev_cplx
00009400   _atan
00009640   _malloc
00009880   _memcpy
00009ac0   _bitrev_index
00009d00   _HOSTrename
0000a100   _IRQ_map
0000a2c0   _fseek
0000a480   _MCBSP_reset
0000a960   _ldexp
0000ab00   _gen_w_r2
0000ac80   _HOSTlseek
0000ade0   __closefile
0000af40   _DSK6713_AIC23_rset
0000afdc   _DSK6713_AIC23_rget
0000b000   _DSK6713_AIC23_config
0000b0a0   _HOSTread
0000b1e0   __frcmpyd_div
0000b320   _atoi
0000b460   _ltoa
0000b5a0   _sqrt
0000b6e0   _IIR_2ndOrder_directII_ASM
0000b800   _HOSTopen
0000b920   _HOSTwrite
0000ba40   __c6xabi_divi
0000ba40   __divi
0000bb60   __wrt_ok
0000bc80   _close
0000bda0   _frexp
0000bec0   _memset
0000bfe0   _HOSTclose
0000c0e0   _HOSTunlink
0000c1e0   _MCBSP_open
0000c2e0   _MCBSP_start
0000c3e0   __auto_init
0000c5e0   __divli
0000c7e0   _lseek
0000c8e0   _printf
0000c9e0   _write
0000cae0   __cleanup
0000cbc0   __doflush
0000ce60   __nround
0000cf40   __strasg
0000d020   _exit
0000d1e0   _modf
0000d3a0   __c6xabi_divu
0000d3a0   __divu
0000d460   _copy_in
0000d5e0   _CorrASM
0000d6a0   _DSK6713_AIC23_setFreq
0000d760   _MCBSP_close
0000d800   _MCBSP_config
0000d8a0   __fixdli
0000d940   __mpyll
0000d9e0   __remli
0000da80   _readmsg
0000dbc0   _unlink
0000dc60   _writemsg
0000dcd8   C$$IO$$
0000dd00   ___TI_cpp_init
0000dd80   __fltlid
0000de00   __llshl
0000de80   _c_int00
0000df00   _memccpy
0000df80   _DSK6713_AIC23_closeCodec
0000e000   ___isinf
0000e060   __llshru
0000e0c0   __subcull
0000e120   _IRQ_enable
0000e160   _IRQ_reset
0000e1e0   __args_main
0000e220   __trunc
0000e280   _IRQ_globalDisable
0000e2a0   _IRQ_globalEnable
0000e2c0   _IRQ_nmiEnable
0000e2e0   _MCBSP_getXmtEventId
0000e300   _MCBSP_read
0000e320   _MCBSP_rrdy
0000e340   _MCBSP_write
0000e360   _MCBSP_xrdy
0000e380   __negll
0000e3a0   __nop
0000e400   C$$EXIT
0000e400   _abort
0000e420   _remove
0000e440   __IRQ_hookFetchPacket
0000e460   ___etext__
0000e460   etext
0000e480   _AIC23_data
0000e500   _tampon
0000e580   _pTampon
0000e584   _frq
0000e588   _nbEchADC
0000e58c   _nbEchDebugMic
0000e590   _IsSound
0000e594   _TrameEnr
0000e598   _GainNum
0000e59c   _SeuilSon
0000e5a0   _ncorr
0000e5a4   _ndecalage
0000e5a8   _nrep
0000e5ac   _npadd
0000e5b0   _VectCorr
0000e9b0   _VectRep
0000ecd4   _VectPadder
0000f3f4   _index
0000f438   _w
0000f838   _Sortie_FFT
0000fc38   _TableInputPadder
00010438   _FenHamming
00010838   _ntestson
0001083c   _TestAmp
00010868   _scale
00010870   _nVerif
00010874   _TabPeak
0001089c   _FlagLed0
000108a0   _TableCos3
00010ca0   _debug
00010ca4   _F2
00010ca8   _SON
00010cac   _desactiveINT
00010cb0   _BPM
00010cb4   _freqMet
00010cb8   _TempsMet
00010cbc   _TabFreqMet
00010d0c   _sonMetronome
00010d10   _compteurNBsinus
00010d14   _compteurNBfois
00010d18   _Nbexecution
00010d1c   _volumeMet
00010d20   _compteurTemps
00010d24   _NbTemps
00010d28   _metready
00010d4e   _DSK6713_version
00010d50   __ftable
00010f30   __tmpnams
00011070   __ft_end
00011074   _errno
000112dc   __IRQ_eventTable
00011360   __IRQ_intTable
000113a0   __IRQ_dispatchTable
000113a8   _IIR_W1
000113e4   _IIR_W2
00011488   _AIC_data
0001148c   _config
000114b4   _AIC23CfgData
000114d4   _hAIC23_handle
00011588   __MCBSP_hDev0
0001158c   __MCBSP_hDev1
000115d8   __cleanup_ptr
000115dc   __dtors_ptr
000115e0   ___TI_enable_exit_profile_output
000115f0   _DSK6713_AIC23_codeccontrolhandle
000115f4   _DSK6713_AIC23_codecdatahandle
000115f8   __lock
000115fc   __unlock
00011618   __stack
00012618   __STACK_END
00012618   __sys_memory
00013618   ___cinit__
00013618   cinit
00013f08   __ctypes_
0001400c   _IIR_COEFFS
000141bc   _IIR_NB_ORDRE2
000141c0   _PI
000141c8   _Fs
000141cc   _IIR_GAINS
000141d4   _IIR_NO_LIGNE
000141d8   __CIOBUF_
ffffffff   ___TI_pprof_out_hndl
ffffffff   ___TI_prof_data_size
ffffffff   ___TI_prof_data_start
ffffffff   ___binit__
ffffffff   ___c_args__
ffffffff   ___pinit__
ffffffff   binit
ffffffff   pinit

[247 symbols]
