******************************************************************************
               TMS320C6x Linker PC v7.4.20                     
******************************************************************************
>> Linked Sat Apr 08 22:36:31 2017

OUTPUT FILE NAME:   <CODE_BASE_PROJET_S5.out>
ENTRY POINT SYMBOL: "_c_int00"  address: 00010ce0


MEMORY CONFIGURATION

         name            origin    length      used     unused   attr    fill
----------------------  --------  ---------  --------  --------  ----  --------
  IVECS                 00000000   00000220  00000200  00000020  RWIX
  IRAM                  00000220   0002fde0  0001d10a  00012cd6  RWIX
  SDRAM                 80000000   01000000  00000000  01000000  RWIX
  FLASH                 90000000   00020000  00000000  00020000  RWIX


SECTION ALLOCATION MAP

 output                                  attributes/
section   page    origin      length       input sections
--------  ----  ----------  ----------   ----------------
.vectors   0    00000000    00000200     
                  00000000    00000200     Vectors_intr.obj (.vectors)

.bss       0    00000220    00000000     UNINITIALIZED

.text      0    00000220    000110e0     
                  00000220    00003a20     traitement_audio.obj (.text)
                  00003c40    00000900     rts6700.lib : pow.obj (.text:_pow)
                  00004540    00000840     MAIN.obj (.text:retain)
                  00004d80    00000800     C6713Helper_UdeS.obj (.text)
                  00005580    00000720     rts6700.lib : divd.obj (.text:__divd)
                  00005ca0    000006c0                 : _printfi.obj (.text:__getarg_diouxp)
                  00006360    00000640                 : _printfi.obj (.text:__setfield)
                  000069a0    000005a0     MAIN.obj (.text)
                  00006f40    00000560     rts6700.lib : _printfi.obj (.text:__printfi)
                  000074a0    000004e0     dsp67x.lib : DSPF_sp_cfftr2_dit.obj (.text)
                  00007980    000004c0     rts6700.lib : fputs.obj (.text:_fputs)
                  00007e40    000004c0     filtrerCascadeIIR.obj (.text)
                  00008300    00000480     dsk6713bsl.lib : dsk6713.obj (.text)
                  00008780    00000420     rts6700.lib : _printfi.obj (.text:_fcvt)
                  00008ba0    00000400                 : _printfi.obj (.text:__pproc_fge)
                  00008fa0    00000400                 : _printfi.obj (.text:_ecvt)
                  000093a0    00000380                 : imath64.obj (.text:__divull)
                  00009720    00000380                 : memory.obj (.text:_free)
                  00009aa0    00000360                 : _printfi.obj (.text:__pconv_e)
                  00009e00    00000360                 : _printfi.obj (.text:__pproc_fwp)
                  0000a160    00000340                 : cos.obj (.text:_cos)
                  0000a4a0    00000320     dsk6713bsl.lib : dsk6713_aic23_opencodec.obj (.text)
                  0000a7c0    00000300     rts6700.lib : divf.obj (.text:__divf)
                  0000aac0    00000300                 : _printfi.obj (.text:__pproc_diouxp)
                  0000adc0    000002e0                 : sin.obj (.text:_sin)
                  0000b0a0    000002c0                 : _printfi.obj (.text:__pproc_str)
                  0000b360    000002c0                 : setvbuf.obj (.text:_setvbuf)
                  0000b620    000002a0                 : _printfi.obj (.text:__pconv_g)
                  0000b8c0    000002a0                 : fputc.obj (.text:_fputc)
                  0000bb60    00000260                 : imath40.obj (.text:__divul)
                  0000bdc0    00000260     dsp67x.lib : DSPF_sp_bitrev_cplx.obj (.text)
                  0000c020    00000240     rts6700.lib : _printfi.obj (.text:__mcpy)
                  0000c260    00000240                 : atan.obj (.text:_atan)
                  0000c4a0    00000240                 : memory.obj (.text:_malloc)
                  0000c6e0    00000240                 : memcpy62.obj (.text:_memcpy)
                  0000c920    00000240     bitrev_index.obj (.text)
                  0000cb60    00000220     rts6700.lib : trgdrv.obj (.text:_HOSTrename)
                  0000cd80    000001e0                 : lowlev.obj (.text:_getdevice)
                  0000cf60    000001c0     csl6713.lib : csl_irq.obj (.text:_IRQ_map)
                  0000d120    000001c0     rts6700.lib : fseek.obj (.text:_fseek)
                  0000d2e0    000001a0     csl6713.lib : csl_mcbsp.obj (.text:_MCBSP_reset)
                  0000d480    000001a0     rts6700.lib : _printfi.obj (.text:__ltostr)
                  0000d620    000001a0                 : _printfi.obj (.text:__pproc_fflags)
                  0000d7c0    000001a0                 : ldexp.obj (.text:_ldexp)
                  0000d960    00000180     gen_w_r2.obj (.text)
                  0000dae0    00000160     rts6700.lib : trgdrv.obj (.text:_HOSTlseek)
                  0000dc40    00000160                 : fclose.obj (.text:__closefile)
                  0000dda0    00000160     dsk6713bsl.lib : dsk6713_aic23_registers.obj (.text)
                  0000df00    00000140     rts6700.lib : trgdrv.obj (.text:_HOSTread)
                  0000e040    00000140                 : frcmpyd_div.obj (.text:__frcmpyd_div)
                  0000e180    00000140                 : atoi.obj (.text:_atoi)
                  0000e2c0    00000140                 : ltoa.obj (.text:_ltoa)
                  0000e400    00000140                 : sqrt.obj (.text:_sqrt)
                  0000e540    00000120     IIR_2ndOrder_directII_ASM.obj (.text)
                  0000e660    00000120     rts6700.lib : trgdrv.obj (.text:_HOSTopen)
                  0000e780    00000120                 : trgdrv.obj (.text:_HOSTwrite)
                  0000e8a0    00000120                 : divi.obj (.text:__divi)
                  0000e9c0    00000120                 : _io_perm.obj (.text:__wrt_ok)
                  0000eae0    00000120                 : lowlev.obj (.text:_close)
                  0000ec00    00000120                 : frexp.obj (.text:_frexp)
                  0000ed20    00000120                 : memset.obj (.text:_memset)
                  0000ee40    00000100                 : trgdrv.obj (.text:_HOSTclose)
                  0000ef40    00000100                 : trgdrv.obj (.text:_HOSTunlink)
                  0000f040    00000100     csl6713.lib : csl_mcbsp.obj (.text:_MCBSP_open)
                  0000f140    00000100                 : csl_mcbsp.obj (.text:_MCBSP_start)
                  0000f240    00000100     rts6700.lib : autoinit.obj (.text:__auto_init)
                  0000f340    00000100                 : _printfi.obj (.text:__div)
                  0000f440    00000100                 : imath40.obj (.text:__divli)
                  0000f540    00000100                 : _printfi.obj (.text:__pconv_f)
                  0000f640    00000100                 : lowlev.obj (.text:_lseek)
                  0000f740    00000100                 : printf.obj (.text:_printf)
                  0000f840    00000100                 : lowlev.obj (.text:_write)
                  0000f940    000000e0                 : fopen.obj (.text:__cleanup)
                  0000fa20    000000e0                 : fflush.obj (.text:__doflush)
                  0000fb00    000000e0                 : _printfi.obj (.text:__ecpy)
                  0000fbe0    000000e0                 : _printfi.obj (.text:__fcpy)
                  0000fcc0    000000e0                 : round.obj (.text:__nround)
                  0000fda0    000000e0                 : strasg.obj (.text:__strasg)
                  0000fe80    000000e0                 : exit.obj (.text:_exit)
                  0000ff60    000000e0                 : memory.obj (.text:_minsert)
                  00010040    000000e0                 : modf.obj (.text:_modf)
                  00010120    000000e0                 : memory.obj (.text:_mremove)
                  00010200    000000c0                 : divu.obj (.text:__divu)
                  000102c0    000000c0                 : cpy_tbl.obj (.text:_copy_in)
                  00010380    000000c0                 : lowlev.obj (.text:_finddevice)
                  00010440    000000c0     corr.obj (.text)
                  00010500    000000c0     dsk6713bsl.lib : dsk6713_aic23_setfreq.obj (.text)
                  000105c0    000000a0     csl6713.lib : csl_mcbsp.obj (.text:_MCBSP_close)
                  00010660    000000a0                 : csl_mcbsp.obj (.text:_MCBSP_config)
                  00010700    000000a0     rts6700.lib : fixdli.obj (.text:__fixdli)
                  000107a0    000000a0                 : mpyll.obj (.text:__mpyll)
                  00010840    000000a0                 : imath40.obj (.text:__remli)
                  000108e0    000000a0                 : trgmsg.obj (.text:_readmsg)
                  00010980    000000a0     csl6713.lib : csl_irq.obj (.text:_setMux)
                  00010a20    000000a0     rts6700.lib : lowlev.obj (.text:_unlink)
                  00010ac0    000000a0                 : trgmsg.obj (.text:_writemsg)
                  00010b60    00000080                 : cpp_init.obj (.text:___TI_cpp_init)
                  00010be0    00000080                 : fltlid.obj (.text:__fltlid)
                  00010c60    00000080                 : llshift.obj (.text:__llshl)
                  00010ce0    00000080                 : boot.obj (.text:_c_int00)
                  00010d60    00000080                 : memccpy.obj (.text:_memccpy)
                  00010de0    00000080     dsk6713bsl.lib : dsk6713_aic23_closecodec.obj (.text)
                  00010e60    00000060     rts6700.lib : isinf.obj (.text:___isinf)
                  00010ec0    00000060                 : llshift.obj (.text:__llshru)
                  00010f20    00000060                 : imath64.obj (.text:__subcull)
                  00010f80    00000040     csl6713.lib : csl_irq.obj (.text:_IRQ_enable)
                  00010fc0    00000040                 : csl_irq.obj (.text:_IRQ_reset)
                  00011000    00000040     rts6700.lib : _printfi.obj (.text:___isnan)
                  00011040    00000040                 : args_main.obj (.text:__args_main)
                  00011080    00000040                 : trunc.obj (.text:__trunc)
                  000110c0    00000040     SPI_driver.obj (.text:retain)
                  00011100    00000020     Vectors_intr.obj (.text)
                  00011120    00000020     csl6713.lib : csl_irq.obj (.text:_IRQ_globalDisable)
                  00011140    00000020                 : csl_irq.obj (.text:_IRQ_globalEnable)
                  00011160    00000020                 : csl_irq.obj (.text:_IRQ_nmiEnable)
                  00011180    00000020                 : csl_mcbsp.obj (.text:_MCBSP_getXmtEventId)
                  000111a0    00000020                 : csl_mcbsp.obj (.text:_MCBSP_read)
                  000111c0    00000020                 : csl_mcbsp.obj (.text:_MCBSP_rrdy)
                  000111e0    00000020                 : csl_mcbsp.obj (.text:_MCBSP_write)
                  00011200    00000020                 : csl_mcbsp.obj (.text:_MCBSP_xrdy)
                  00011220    00000020     rts6700.lib : negll.obj (.text:__negll)
                  00011240    00000020                 : _lock.obj (.text:__nop)
                  00011260    00000020                 : printf.obj (.text:__outc)
                  00011280    00000020                 : printf.obj (.text:__outs)
                  000112a0    00000020                 : exit.obj (.text:_abort)
                  000112c0    00000020                 : remove.obj (.text:_remove)
                  000112e0    00000020     csl6713.lib : csl_irq.obj (.text)

.far       0    00011300    000090b0     UNINITIALIZED
                  00011300    000087a0     MAIN.obj (.far)
                  00019aa0    00000324     rts6700.lib : defs.obj (.far)
                  00019dc4    00000004                 : errno.obj (.far)
                  00019dc8    00000120                 : pow.obj (.far)
                  00019ee8    0000011c                 : lowlev.obj (.far)
                  0001a004    000000f4     csl6713.lib : csl_irq.obj (.far)
                  0001a0f8    00000078     filtrerCascadeIIR.obj (.far)
                  0001a170    00000060     rts6700.lib : atan.obj (.far)
                  0001a1d0    00000058     C6713Helper_UdeS.obj (.far)
                  0001a228    00000040     rts6700.lib : cos.obj (.far)
                  0001a268    00000040                 : sin.obj (.far)
                  0001a2a8    00000038     csl6713.lib : csl_mcbsp.obj (.far)
                  0001a2e0    00000028     SPI_driver.obj (.far)
                  0001a308    00000028     dsk6713bsl.lib : dsk6713_aic23_registers.obj (.far)
                  0001a330    00000024     csl6713.lib : csl_gpio.obj (.far)
                  0001a354    00000020     dsk6713bsl.lib : dsk6713_aic23_setfreq.obj (.far)
                  0001a374    0000000c     rts6700.lib : exit.obj (.far)
                  0001a380    0000000a     traitement_audio.obj (.far)
                  0001a38a    00000002     dsk6713bsl.lib : dsk6713.obj (.far)
                  0001a38c    00000008                    : dsk6713_aic23_opencodec.obj (.far)
                  0001a394    00000008     rts6700.lib : _lock.obj (.far)
                  0001a39c    00000008                 : memory.obj (.far)
                  0001a3a4    00000008                 : trgdrv.obj (.far)
                  0001a3ac    00000004                 : fopen.obj (.far)

.stack     0    0001a3b0    00001000     UNINITIALIZED
                  0001a3b0    00000008     rts6700.lib : boot.obj (.stack)
                  0001a3b8    00000ff8     --HOLE--

.sysmem    0    0001b3b0    00001000     UNINITIALIZED
                  0001b3b0    00000008     rts6700.lib : memory.obj (.sysmem)
                  0001b3b8    00000ff8     --HOLE--

.cinit     0    0001c3b0    00000ac4     
                  0001c3b0    0000043c     MAIN.obj (.cinit)
                  0001c7ec    00000004     --HOLE-- [fill = 0]
                  0001c7f0    00000140     rts6700.lib : pow.obj (.cinit)
                  0001c930    0000012c     csl6713.lib : csl_irq.obj (.cinit)
                  0001ca5c    00000004     --HOLE-- [fill = 0]
                  0001ca60    00000070     rts6700.lib : atan.obj (.cinit)
                  0001cad0    0000005c                 : defs.obj (.cinit)
                  0001cb2c    00000004     --HOLE-- [fill = 0]
                  0001cb30    0000005c                 : lowlev.obj (.cinit)
                  0001cb8c    00000004     --HOLE-- [fill = 0]
                  0001cb90    00000058     C6713Helper_UdeS.obj (.cinit)
                  0001cbe8    00000054     csl6713.lib : csl_mcbsp.obj (.cinit)
                  0001cc3c    00000004     --HOLE-- [fill = 0]
                  0001cc40    00000048     rts6700.lib : cos.obj (.cinit)
                  0001cc88    00000048                 : sin.obj (.cinit)
                  0001ccd0    00000044     csl6713.lib : csl_gpio.obj (.cinit)
                  0001cd14    00000004     --HOLE-- [fill = 0]
                  0001cd18    00000030     dsk6713bsl.lib : dsk6713_aic23_registers.obj (.cinit)
                  0001cd48    0000002c     SPI_driver.obj (.cinit)
                  0001cd74    00000004     --HOLE-- [fill = 0]
                  0001cd78    0000002c     filtrerCascadeIIR.obj (.cinit)
                  0001cda4    00000004     --HOLE-- [fill = 0]
                  0001cda8    0000002c     rts6700.lib : exit.obj (.cinit)
                  0001cdd4    00000004     --HOLE-- [fill = 0]
                  0001cdd8    0000002c                 : memory.obj (.cinit)
                  0001ce04    00000004     --HOLE-- [fill = 0]
                  0001ce08    00000028     dsk6713bsl.lib : dsk6713_aic23_setfreq.obj (.cinit)
                  0001ce30    0000001c     rts6700.lib : _lock.obj (.cinit)
                  0001ce4c    00000004     --HOLE-- [fill = 0]
                  0001ce50    0000000c                 : errno.obj (.cinit)
                  0001ce5c    00000004     --HOLE-- [fill = 0]
                  0001ce60    0000000c                 : fopen.obj (.cinit)
                  0001ce6c    00000004     --HOLE-- [fill = 0]
                  0001ce70    00000004     (.pad.cinit) [fill = 0]

.const     0    0001ce78    00000396     
                  0001ce78    00000168     filtrerCascadeIIR.obj (.const:_IIR_COEFFS)
                  0001cfe0    00000101     rts6700.lib : ctype.obj (.const:.string:__ctypes_)
                  0001d0e1    00000002                 : fputs.obj (.const:.string)
                  0001d0e3    00000001     --HOLE-- [fill = 0]
                  0001d0e4    00000040     dsk6713bsl.lib : dsk6713_aic23_opencodec.obj (.const)
                  0001d124    00000038     MAIN.obj (.const:.string)
                  0001d15c    00000028     traitement_audio.obj (.const:.string)
                  0001d184    00000023     rts6700.lib : _printfi.obj (.const:.string)
                  0001d1a7    00000001     --HOLE-- [fill = 0]
                  0001d1a8    00000020     SPI_driver.obj (.const)
                  0001d1c8    00000020     dsk6713bsl.lib : dsk6713.obj (.const)
                  0001d1e8    0000000c     MAIN.obj (.const)
                  0001d1f4    0000000c     filtrerCascadeIIR.obj (.const:_IIR_GAINS)
                  0001d200    00000006     filtrerCascadeIIR.obj (.const:_IIR_NB_ORDRE2)
                  0001d206    00000002     --HOLE-- [fill = 0]
                  0001d208    00000006     filtrerCascadeIIR.obj (.const:_IIR_NO_LIGNE)

.cio       0    0001d210    00000120     UNINITIALIZED
                  0001d210    00000120     rts6700.lib : trgmsg.obj (.cio)


GLOBAL SYMBOLS: SORTED ALPHABETICALLY BY Name 

address    name
--------   ----
00000220   $bss
00000220   .bss
00000220   .text
000112a0   C$$EXIT
00010b38   C$$IO$$
0001a204   _AIC23CfgData
00011300   _AIC23_data
0001a1d8   _AIC_data
000013e8   _AnalyseFFT_Accord
00000f6c   _AnalyseFFT_Singuliere
00000ed0   _ApplicationFentre
00018980   _BPM
00018a00   _Buff_Do
00018a04   _Buff_Do_dies
00018a14   _Buff_Fa
00018a18   _Buff_Fa_dies
00018a24   _Buff_La
00018a28   _Buff_La_dies
00018a10   _Buff_Mi
00018a30   _Buff_Notes_Mesure
00018a08   _Buff_Re
00018a0c   _Buff_Re_dies
00018a2c   _Buff_Si
00018a1c   _Buff_Sol
00018a20   _Buff_Sol_dies
00004db4   _CODEC_start
00004e98   _CODEC_stop
0001a2fc   _Config_act
00010440   _CorrASM
000003d0   _CorrManip
0001a304   _DSK6713_AIC23_CONTROLHANDLE
00010de0   _DSK6713_AIC23_closeCodec
0001a38c   _DSK6713_AIC23_codeccontrolhandle
0001a390   _DSK6713_AIC23_codecdatahandle
0000de60   _DSK6713_AIC23_config
0000a4a0   _DSK6713_AIC23_openCodec
0000de3c   _DSK6713_AIC23_rget
0000dda0   _DSK6713_AIC23_rset
00010500   _DSK6713_AIC23_setFreq
00008714   _DSK6713_getVersion
0000834c   _DSK6713_init
00008668   _DSK6713_rget
0000867c   _DSK6713_rset
0001a38a   _DSK6713_version
00008690   _DSK6713_wait
000086e8   _DSK6713_waitusec
0000bdc0   _DSPF_sp_bitrev_cplx
000074a0   _DSPF_sp_cfftr2_dit
0001a2f0   _DirectionSettings
00019a68   _F2
00017878   _FenHamming
0001897c   _FlagLed0
00006db8   _FonctionTEST
0001d1f0   _Fs
00011418   _GainNum
00000dbc   _GenHamming
000036c8   _GenererMetronome
0000ee40   _HOSTclose
0000dae0   _HOSTlseek
0000e660   _HOSTopen
0000df00   _HOSTread
0000cb60   _HOSTrename
0000ef40   _HOSTunlink
0000e780   _HOSTwrite
0000e540   _IIR_2ndOrder_directII_ASM
0001ce78   _IIR_COEFFS
0001d1f4   _IIR_GAINS
0001d200   _IIR_NB_ORDRE2
0001d208   _IIR_NO_LIGNE
0001a0f8   _IIR_W1
0001a134   _IIR_W2
00010f80   _IRQ_enable
00011120   _IRQ_globalDisable
00011140   _IRQ_globalEnable
0000cf60   _IRQ_map
00011160   _IRQ_nmiEnable
00010fc0   _IRQ_reset
000039ac   _InitialiseMetronome
00011410   _IsSound
000105c0   _MCBSP_close
00010660   _MCBSP_config
00011180   _MCBSP_getXmtEventId
0000f040   _MCBSP_open
000111a0   _MCBSP_read
0000d2e0   _MCBSP_reset
000111c0   _MCBSP_rrdy
0000f140   _MCBSP_start
000111e0   _MCBSP_write
00011200   _MCBSP_xrdy
00018a50   _MesurePrete
0001a2ec   _My_GPIO_Handle
0001a2e8   _My_MCBSP_handle
000189f8   _NbTemps
000189ec   _Nbexecution
00018a60   _Note_actu
0001d1e8   _PI
00019a6c   _SON
0001a300   _SPI_Config_Verif
00006ce0   _SetupALL
0001141c   _SeuilSon
00014878   _Sortie_FFT
0001898c   _TabFreqMet
00018954   _TabPeak
00018a64   _TableCos3
00015878   _TableInputPadder
00018988   _TempsMet
0001887c   _TestAmp
00000570   _TestIntensite
000006e0   _TestPeriodicite
0001a2f4   _Test_bidon
00011414   _TrameEnr
0000314c   _TrouveNote_WO_Harm
00001b98   _TrouveNote_W_Harm
00012634   _VectPadder
00012430   _VectRep
00011424   _VectTrame
0001a2f8   _Verif
0001d210   __CIOBUF_
0001a33c   __GPIO_intTable
0001a0f0   __IRQ_dispatchTable
0001a02c   __IRQ_eventTable
000112e0   __IRQ_hookFetchPacket
0001a0b0   __IRQ_intTable
0001a2d8   __MCBSP_hDev0
0001a2dc   __MCBSP_hDev1
0001b3b0   __STACK_END
00001000   __STACK_SIZE
00001000   __SYSMEM_SIZE
00000001   __TI_args_main
00010b60   ___TI_cpp_init
0001a37c   ___TI_enable_exit_profile_output
ffffffff   ___TI_pprof_out_hndl
ffffffff   ___TI_prof_data_size
ffffffff   ___TI_prof_data_start
ffffffff   ___binit__
00000220   ___bss__
ffffffff   ___c_args__
0001c3b0   ___cinit__
00000220   ___end__
00011300   ___etext__
00010e60   ___isinf
ffffffff   ___pinit__
00000220   ___text__
00011040   __args_main
0000f240   __auto_init
0000e8a0   __c6xabi_divi
00010200   __c6xabi_divu
0000f940   __cleanup
0001a374   __cleanup_ptr
0000dc40   __closefile
0001cfe0   __ctypes_
00005580   __divd
0000a7c0   __divf
0000e8a0   __divi
0000f440   __divli
00010200   __divu
0000bb60   __divul
000093a0   __divull
0000fa20   __doflush
0001a378   __dtors_ptr
00010700   __fixdli
00010be0   __fltlid
0000e040   __frcmpyd_div
00019dc0   __ft_end
00019aa0   __ftable
0001a350   __hGpioDev0
00010c60   __llshl
00010ec0   __llshru
0001a394   __lock
000107a0   __mpyll
00011220   __negll
00011240   __nop
0000fcc0   __nround
00006f40   __printfi
00010840   __remli
0001a3b0   __stack
0000fda0   __strasg
00010f20   __subcull
0001b3b0   __sys_memory
00019c80   __tmpnams
00011080   __trunc
0001a398   __unlock
0000e9c0   __wrt_ok
000112a0   _abort
00018a4c   _amp_note_act
0000c260   _atan
0000e180   _atoi
00000220   _bit_rev
0000c920   _bitrev_index
00010ce0   _c_int00
000110c0   _c_int04
00004540   _c_int11
00000af8   _calculFFT
0000eae0   _close
00005430   _comm_intr
00004d80   _comm_poll
00018a44   _comp_notes
00018a5c   _compteurBuff
000189e8   _compteurNBfois
000189e0   _compteurNBsinus
000189f4   _compteurTemps
000189e4   _compteurpulsation
0001a1dc   _config
000102c0   _copy_in
0000a160   _cos
00019a64   _debug
00019a70   _desactiveINT
00019dc4   _errno
0000fe80   _exit
00007e40   _filtrerCascadeIIR
0001a2e0   _flag_SPI
0000b8c0   _fputc
00007980   _fputs
00009720   _free
00018984   _freqMet
0000ec00   _frexp
00011404   _frq
0000d120   _fseek
0000d960   _gen_w_r2
0001a224   _hAIC23_handle
00013834   _index
000081d8   _init_w
0001a2e4   _input_SPI
000052a0   _input_left_sample
00005368   _input_right_sample
0000519c   _input_sample
0000d7c0   _ldexp
0000f640   _lseek
0000e2c0   _ltoa
000069a0   _main
0000c4a0   _malloc
00010d60   _memccpy
0000c6e0   _memcpy
0000ed20   _memset
000189fc   _metready
00010040   _modf
00018950   _nVerif
00011408   _nbEchADC
0001140c   _nbEchDebugMic
00018a40   _nbnotes
00012424   _ndecalage
00018a48   _note_act
0001242c   _npadd
00012428   _nrep
00018878   _ntestson
00011420   _ntrame
00004fdc   _output_left_sample
000050bc   _output_right_sample
00004ec8   _output_sample
00011400   _pTampon
00000ce0   _padderFFT
00003c40   _pow
0000f740   _printf
0000b8c0   _putc
000108e0   _readmsg
000112c0   _remove
00018948   _scale
0000b360   _setvbuf
0000adc0   _sin
000189dc   _sonMetronome
0000e400   _sqrt
00018a54   _start
00011380   _tampon
00018a58   _testsynchrone
00010a20   _unlink
00000020   _vector1
00000140   _vector10
00000180   _vector12
000001a0   _vector13
000001c0   _vector14
000001e0   _vector15
00000040   _vector2
00000060   _vector3
00000080   _vector4
000000a0   _vector5
000000c0   _vector6
000000e0   _vector7
00000100   _vector8
00000120   _vector9
00000000   _vectors
000189f0   _volumeMet
00013878   _w
0000f840   _write
00010ac0   _writemsg
ffffffff   binit
0001c3b0   cinit
00000220   end
00011300   etext
ffffffff   pinit


GLOBAL SYMBOLS: SORTED BY Symbol Address 

address    name
--------   ----
00000000   _vectors
00000001   __TI_args_main
00000020   _vector1
00000040   _vector2
00000060   _vector3
00000080   _vector4
000000a0   _vector5
000000c0   _vector6
000000e0   _vector7
00000100   _vector8
00000120   _vector9
00000140   _vector10
00000180   _vector12
000001a0   _vector13
000001c0   _vector14
000001e0   _vector15
00000220   $bss
00000220   .bss
00000220   .text
00000220   ___bss__
00000220   ___end__
00000220   ___text__
00000220   _bit_rev
00000220   end
000003d0   _CorrManip
00000570   _TestIntensite
000006e0   _TestPeriodicite
00000af8   _calculFFT
00000ce0   _padderFFT
00000dbc   _GenHamming
00000ed0   _ApplicationFentre
00000f6c   _AnalyseFFT_Singuliere
00001000   __STACK_SIZE
00001000   __SYSMEM_SIZE
000013e8   _AnalyseFFT_Accord
00001b98   _TrouveNote_W_Harm
0000314c   _TrouveNote_WO_Harm
000036c8   _GenererMetronome
000039ac   _InitialiseMetronome
00003c40   _pow
00004540   _c_int11
00004d80   _comm_poll
00004db4   _CODEC_start
00004e98   _CODEC_stop
00004ec8   _output_sample
00004fdc   _output_left_sample
000050bc   _output_right_sample
0000519c   _input_sample
000052a0   _input_left_sample
00005368   _input_right_sample
00005430   _comm_intr
00005580   __divd
000069a0   _main
00006ce0   _SetupALL
00006db8   _FonctionTEST
00006f40   __printfi
000074a0   _DSPF_sp_cfftr2_dit
00007980   _fputs
00007e40   _filtrerCascadeIIR
000081d8   _init_w
0000834c   _DSK6713_init
00008668   _DSK6713_rget
0000867c   _DSK6713_rset
00008690   _DSK6713_wait
000086e8   _DSK6713_waitusec
00008714   _DSK6713_getVersion
000093a0   __divull
00009720   _free
0000a160   _cos
0000a4a0   _DSK6713_AIC23_openCodec
0000a7c0   __divf
0000adc0   _sin
0000b360   _setvbuf
0000b8c0   _fputc
0000b8c0   _putc
0000bb60   __divul
0000bdc0   _DSPF_sp_bitrev_cplx
0000c260   _atan
0000c4a0   _malloc
0000c6e0   _memcpy
0000c920   _bitrev_index
0000cb60   _HOSTrename
0000cf60   _IRQ_map
0000d120   _fseek
0000d2e0   _MCBSP_reset
0000d7c0   _ldexp
0000d960   _gen_w_r2
0000dae0   _HOSTlseek
0000dc40   __closefile
0000dda0   _DSK6713_AIC23_rset
0000de3c   _DSK6713_AIC23_rget
0000de60   _DSK6713_AIC23_config
0000df00   _HOSTread
0000e040   __frcmpyd_div
0000e180   _atoi
0000e2c0   _ltoa
0000e400   _sqrt
0000e540   _IIR_2ndOrder_directII_ASM
0000e660   _HOSTopen
0000e780   _HOSTwrite
0000e8a0   __c6xabi_divi
0000e8a0   __divi
0000e9c0   __wrt_ok
0000eae0   _close
0000ec00   _frexp
0000ed20   _memset
0000ee40   _HOSTclose
0000ef40   _HOSTunlink
0000f040   _MCBSP_open
0000f140   _MCBSP_start
0000f240   __auto_init
0000f440   __divli
0000f640   _lseek
0000f740   _printf
0000f840   _write
0000f940   __cleanup
0000fa20   __doflush
0000fcc0   __nround
0000fda0   __strasg
0000fe80   _exit
00010040   _modf
00010200   __c6xabi_divu
00010200   __divu
000102c0   _copy_in
00010440   _CorrASM
00010500   _DSK6713_AIC23_setFreq
000105c0   _MCBSP_close
00010660   _MCBSP_config
00010700   __fixdli
000107a0   __mpyll
00010840   __remli
000108e0   _readmsg
00010a20   _unlink
00010ac0   _writemsg
00010b38   C$$IO$$
00010b60   ___TI_cpp_init
00010be0   __fltlid
00010c60   __llshl
00010ce0   _c_int00
00010d60   _memccpy
00010de0   _DSK6713_AIC23_closeCodec
00010e60   ___isinf
00010ec0   __llshru
00010f20   __subcull
00010f80   _IRQ_enable
00010fc0   _IRQ_reset
00011040   __args_main
00011080   __trunc
000110c0   _c_int04
00011120   _IRQ_globalDisable
00011140   _IRQ_globalEnable
00011160   _IRQ_nmiEnable
00011180   _MCBSP_getXmtEventId
000111a0   _MCBSP_read
000111c0   _MCBSP_rrdy
000111e0   _MCBSP_write
00011200   _MCBSP_xrdy
00011220   __negll
00011240   __nop
000112a0   C$$EXIT
000112a0   _abort
000112c0   _remove
000112e0   __IRQ_hookFetchPacket
00011300   _AIC23_data
00011300   ___etext__
00011300   etext
00011380   _tampon
00011400   _pTampon
00011404   _frq
00011408   _nbEchADC
0001140c   _nbEchDebugMic
00011410   _IsSound
00011414   _TrameEnr
00011418   _GainNum
0001141c   _SeuilSon
00011420   _ntrame
00011424   _VectTrame
00012424   _ndecalage
00012428   _nrep
0001242c   _npadd
00012430   _VectRep
00012634   _VectPadder
00013834   _index
00013878   _w
00014878   _Sortie_FFT
00015878   _TableInputPadder
00017878   _FenHamming
00018878   _ntestson
0001887c   _TestAmp
00018948   _scale
00018950   _nVerif
00018954   _TabPeak
0001897c   _FlagLed0
00018980   _BPM
00018984   _freqMet
00018988   _TempsMet
0001898c   _TabFreqMet
000189dc   _sonMetronome
000189e0   _compteurNBsinus
000189e4   _compteurpulsation
000189e8   _compteurNBfois
000189ec   _Nbexecution
000189f0   _volumeMet
000189f4   _compteurTemps
000189f8   _NbTemps
000189fc   _metready
00018a00   _Buff_Do
00018a04   _Buff_Do_dies
00018a08   _Buff_Re
00018a0c   _Buff_Re_dies
00018a10   _Buff_Mi
00018a14   _Buff_Fa
00018a18   _Buff_Fa_dies
00018a1c   _Buff_Sol
00018a20   _Buff_Sol_dies
00018a24   _Buff_La
00018a28   _Buff_La_dies
00018a2c   _Buff_Si
00018a30   _Buff_Notes_Mesure
00018a40   _nbnotes
00018a44   _comp_notes
00018a48   _note_act
00018a4c   _amp_note_act
00018a50   _MesurePrete
00018a54   _start
00018a58   _testsynchrone
00018a5c   _compteurBuff
00018a60   _Note_actu
00018a64   _TableCos3
00019a64   _debug
00019a68   _F2
00019a6c   _SON
00019a70   _desactiveINT
00019aa0   __ftable
00019c80   __tmpnams
00019dc0   __ft_end
00019dc4   _errno
0001a02c   __IRQ_eventTable
0001a0b0   __IRQ_intTable
0001a0f0   __IRQ_dispatchTable
0001a0f8   _IIR_W1
0001a134   _IIR_W2
0001a1d8   _AIC_data
0001a1dc   _config
0001a204   _AIC23CfgData
0001a224   _hAIC23_handle
0001a2d8   __MCBSP_hDev0
0001a2dc   __MCBSP_hDev1
0001a2e0   _flag_SPI
0001a2e4   _input_SPI
0001a2e8   _My_MCBSP_handle
0001a2ec   _My_GPIO_Handle
0001a2f0   _DirectionSettings
0001a2f4   _Test_bidon
0001a2f8   _Verif
0001a2fc   _Config_act
0001a300   _SPI_Config_Verif
0001a304   _DSK6713_AIC23_CONTROLHANDLE
0001a33c   __GPIO_intTable
0001a350   __hGpioDev0
0001a374   __cleanup_ptr
0001a378   __dtors_ptr
0001a37c   ___TI_enable_exit_profile_output
0001a38a   _DSK6713_version
0001a38c   _DSK6713_AIC23_codeccontrolhandle
0001a390   _DSK6713_AIC23_codecdatahandle
0001a394   __lock
0001a398   __unlock
0001a3b0   __stack
0001b3b0   __STACK_END
0001b3b0   __sys_memory
0001c3b0   ___cinit__
0001c3b0   cinit
0001ce78   _IIR_COEFFS
0001cfe0   __ctypes_
0001d1e8   _PI
0001d1f0   _Fs
0001d1f4   _IIR_GAINS
0001d200   _IIR_NB_ORDRE2
0001d208   _IIR_NO_LIGNE
0001d210   __CIOBUF_
ffffffff   ___TI_pprof_out_hndl
ffffffff   ___TI_prof_data_size
ffffffff   ___TI_prof_data_start
ffffffff   ___binit__
ffffffff   ___c_args__
ffffffff   ___pinit__
ffffffff   binit
ffffffff   pinit

[289 symbols]
