******************************************************************************
               TMS320C6x Linker PC v7.4.20                     
******************************************************************************
>> Linked Mon Apr 03 21:39:54 2017

OUTPUT FILE NAME:   <CODE_BASE_PROJET_S5.out>
ENTRY POINT SYMBOL: "_c_int00"  address: 0000dc60


MEMORY CONFIGURATION

         name            origin    length      used     unused   attr    fill
----------------------  --------  ---------  --------  --------  ----  --------
  IVECS                 00000000   00000220  00000200  00000020  RWIX
  IRAM                  00000220   0002fde0  00013e58  0001bf88  RWIX
  SDRAM                 80000000   01000000  00000000  01000000  RWIX
  FLASH                 90000000   00020000  00000000  00020000  RWIX


SECTION ALLOCATION MAP

 output                                  attributes/
section   page    origin      length       input sections
--------  ----  ----------  ----------   ----------------
.vectors   0    00000000    00000200     
                  00000000    00000200     Vectors_intr.obj (.vectors)

.bss       0    00000220    00000000     UNINITIALIZED

.text      0    00000220    0000e020     
                  00000220    000011c0     traitement_audio.obj (.text)
                  000013e0    00000900     rts6700.lib : pow.obj (.text:_pow)
                  00001ce0    000007e0     C6713Helper_UdeS.obj (.text)
                  000024c0    00000720     rts6700.lib : divd.obj (.text:__divd)
                  00002be0    000006c0                 : _printfi.obj (.text:__getarg_diouxp)
                  000032a0    00000640                 : _printfi.obj (.text:__setfield)
                  000038e0    00000580     MAIN.obj (.text:retain)
                  00003e60    00000560     rts6700.lib : _printfi.obj (.text:__printfi)
                  000043c0    000004e0     dsp67x.lib : DSPF_sp_cfftr2_dit.obj (.text)
                  000048a0    000004c0     rts6700.lib : fputs.obj (.text:_fputs)
                  00004d60    00000480     MAIN.obj (.text)
                  000051e0    00000480     dsk6713bsl.lib : dsk6713.obj (.text)
                  00005660    00000420     rts6700.lib : _printfi.obj (.text:_fcvt)
                  00005a80    00000400                 : _printfi.obj (.text:__pproc_fge)
                  00005e80    00000400                 : _printfi.obj (.text:_ecvt)
                  00006280    000003a0     filtrerCascadeIIR.obj (.text)
                  00006620    00000380     rts6700.lib : imath64.obj (.text:__divull)
                  000069a0    00000380                 : memory.obj (.text:_free)
                  00006d20    00000360                 : _printfi.obj (.text:__pconv_e)
                  00007080    00000360                 : _printfi.obj (.text:__pproc_fwp)
                  000073e0    00000340                 : cos.obj (.text:_cos)
                  00007720    00000320     dsk6713bsl.lib : dsk6713_aic23_opencodec.obj (.text)
                  00007a40    00000300     rts6700.lib : _printfi.obj (.text:__pproc_diouxp)
                  00007d40    000002e0                 : sin.obj (.text:_sin)
                  00008020    000002c0                 : _printfi.obj (.text:__pproc_str)
                  000082e0    000002c0                 : setvbuf.obj (.text:_setvbuf)
                  000085a0    000002a0                 : _printfi.obj (.text:__pconv_g)
                  00008840    000002a0                 : fputc.obj (.text:_fputc)
                  00008ae0    00000260                 : imath40.obj (.text:__divul)
                  00008d40    00000260     dsp67x.lib : DSPF_sp_bitrev_cplx.obj (.text)
                  00008fa0    00000240     rts6700.lib : _printfi.obj (.text:__mcpy)
                  000091e0    00000240                 : atan.obj (.text:_atan)
                  00009420    00000240                 : memory.obj (.text:_malloc)
                  00009660    00000240                 : memcpy62.obj (.text:_memcpy)
                  000098a0    00000240     bitrev_index.obj (.text)
                  00009ae0    00000220     rts6700.lib : trgdrv.obj (.text:_HOSTrename)
                  00009d00    000001e0                 : lowlev.obj (.text:_getdevice)
                  00009ee0    000001c0     csl6713.lib : csl_irq.obj (.text:_IRQ_map)
                  0000a0a0    000001c0     rts6700.lib : fseek.obj (.text:_fseek)
                  0000a260    000001a0     csl6713.lib : csl_mcbsp.obj (.text:_MCBSP_reset)
                  0000a400    000001a0     rts6700.lib : _printfi.obj (.text:__ltostr)
                  0000a5a0    000001a0                 : _printfi.obj (.text:__pproc_fflags)
                  0000a740    000001a0                 : ldexp.obj (.text:_ldexp)
                  0000a8e0    00000180     gen_w_r2.obj (.text)
                  0000aa60    00000160     rts6700.lib : trgdrv.obj (.text:_HOSTlseek)
                  0000abc0    00000160                 : fclose.obj (.text:__closefile)
                  0000ad20    00000160     dsk6713bsl.lib : dsk6713_aic23_registers.obj (.text)
                  0000ae80    00000140     rts6700.lib : trgdrv.obj (.text:_HOSTread)
                  0000afc0    00000140                 : frcmpyd_div.obj (.text:__frcmpyd_div)
                  0000b100    00000140                 : atoi.obj (.text:_atoi)
                  0000b240    00000140                 : ltoa.obj (.text:_ltoa)
                  0000b380    00000140                 : sqrt.obj (.text:_sqrt)
                  0000b4c0    00000120     IIR_2ndOrder_directII_ASM.obj (.text)
                  0000b5e0    00000120     rts6700.lib : trgdrv.obj (.text:_HOSTopen)
                  0000b700    00000120                 : trgdrv.obj (.text:_HOSTwrite)
                  0000b820    00000120                 : divi.obj (.text:__divi)
                  0000b940    00000120                 : _io_perm.obj (.text:__wrt_ok)
                  0000ba60    00000120                 : lowlev.obj (.text:_close)
                  0000bb80    00000120                 : frexp.obj (.text:_frexp)
                  0000bca0    00000120                 : memset.obj (.text:_memset)
                  0000bdc0    00000100                 : trgdrv.obj (.text:_HOSTclose)
                  0000bec0    00000100                 : trgdrv.obj (.text:_HOSTunlink)
                  0000bfc0    00000100     csl6713.lib : csl_mcbsp.obj (.text:_MCBSP_open)
                  0000c0c0    00000100                 : csl_mcbsp.obj (.text:_MCBSP_start)
                  0000c1c0    00000100     rts6700.lib : autoinit.obj (.text:__auto_init)
                  0000c2c0    00000100                 : _printfi.obj (.text:__div)
                  0000c3c0    00000100                 : imath40.obj (.text:__divli)
                  0000c4c0    00000100                 : _printfi.obj (.text:__pconv_f)
                  0000c5c0    00000100                 : lowlev.obj (.text:_lseek)
                  0000c6c0    00000100                 : printf.obj (.text:_printf)
                  0000c7c0    00000100                 : lowlev.obj (.text:_write)
                  0000c8c0    000000e0                 : fopen.obj (.text:__cleanup)
                  0000c9a0    000000e0                 : fflush.obj (.text:__doflush)
                  0000ca80    000000e0                 : _printfi.obj (.text:__ecpy)
                  0000cb60    000000e0                 : _printfi.obj (.text:__fcpy)
                  0000cc40    000000e0                 : round.obj (.text:__nround)
                  0000cd20    000000e0                 : strasg.obj (.text:__strasg)
                  0000ce00    000000e0                 : exit.obj (.text:_exit)
                  0000cee0    000000e0                 : memory.obj (.text:_minsert)
                  0000cfc0    000000e0                 : modf.obj (.text:_modf)
                  0000d0a0    000000e0                 : memory.obj (.text:_mremove)
                  0000d180    000000c0                 : divu.obj (.text:__divu)
                  0000d240    000000c0                 : cpy_tbl.obj (.text:_copy_in)
                  0000d300    000000c0                 : lowlev.obj (.text:_finddevice)
                  0000d3c0    000000c0     corr.obj (.text)
                  0000d480    000000c0     dsk6713bsl.lib : dsk6713_aic23_setfreq.obj (.text)
                  0000d540    000000a0     csl6713.lib : csl_mcbsp.obj (.text:_MCBSP_close)
                  0000d5e0    000000a0                 : csl_mcbsp.obj (.text:_MCBSP_config)
                  0000d680    000000a0     rts6700.lib : fixdli.obj (.text:__fixdli)
                  0000d720    000000a0                 : mpyll.obj (.text:__mpyll)
                  0000d7c0    000000a0                 : imath40.obj (.text:__remli)
                  0000d860    000000a0                 : trgmsg.obj (.text:_readmsg)
                  0000d900    000000a0     csl6713.lib : csl_irq.obj (.text:_setMux)
                  0000d9a0    000000a0     rts6700.lib : lowlev.obj (.text:_unlink)
                  0000da40    000000a0                 : trgmsg.obj (.text:_writemsg)
                  0000dae0    00000080                 : cpp_init.obj (.text:___TI_cpp_init)
                  0000db60    00000080                 : fltlid.obj (.text:__fltlid)
                  0000dbe0    00000080                 : llshift.obj (.text:__llshl)
                  0000dc60    00000080                 : boot.obj (.text:_c_int00)
                  0000dce0    00000080                 : memccpy.obj (.text:_memccpy)
                  0000dd60    00000080     dsk6713bsl.lib : dsk6713_aic23_closecodec.obj (.text)
                  0000dde0    00000060     rts6700.lib : isinf.obj (.text:___isinf)
                  0000de40    00000060                 : llshift.obj (.text:__llshru)
                  0000dea0    00000060                 : imath64.obj (.text:__subcull)
                  0000df00    00000040     csl6713.lib : csl_irq.obj (.text:_IRQ_enable)
                  0000df40    00000040                 : csl_irq.obj (.text:_IRQ_reset)
                  0000df80    00000040     rts6700.lib : _printfi.obj (.text:___isnan)
                  0000dfc0    00000040                 : args_main.obj (.text:__args_main)
                  0000e000    00000040                 : trunc.obj (.text:__trunc)
                  0000e040    00000020     Vectors_intr.obj (.text)
                  0000e060    00000020     csl6713.lib : csl_irq.obj (.text:_IRQ_globalDisable)
                  0000e080    00000020                 : csl_irq.obj (.text:_IRQ_globalEnable)
                  0000e0a0    00000020                 : csl_irq.obj (.text:_IRQ_nmiEnable)
                  0000e0c0    00000020                 : csl_mcbsp.obj (.text:_MCBSP_getXmtEventId)
                  0000e0e0    00000020                 : csl_mcbsp.obj (.text:_MCBSP_read)
                  0000e100    00000020                 : csl_mcbsp.obj (.text:_MCBSP_rrdy)
                  0000e120    00000020                 : csl_mcbsp.obj (.text:_MCBSP_write)
                  0000e140    00000020                 : csl_mcbsp.obj (.text:_MCBSP_xrdy)
                  0000e160    00000020     rts6700.lib : negll.obj (.text:__negll)
                  0000e180    00000020                 : _lock.obj (.text:__nop)
                  0000e1a0    00000020                 : printf.obj (.text:__outc)
                  0000e1c0    00000020                 : printf.obj (.text:__outs)
                  0000e1e0    00000020                 : exit.obj (.text:_abort)
                  0000e200    00000020                 : remove.obj (.text:_remove)
                  0000e220    00000020     csl6713.lib : csl_irq.obj (.text)

.far       0    0000e280    0000317c     UNINITIALIZED
                  0000e280    000028bc     MAIN.obj (.far)
                  00010b3c    00000324     rts6700.lib : defs.obj (.far)
                  00010e60    00000120                 : pow.obj (.far)
                  00010f80    0000011c                 : lowlev.obj (.far)
                  0001109c    000000f4     csl6713.lib : csl_irq.obj (.far)
                  00011190    00000078     filtrerCascadeIIR.obj (.far)
                  00011208    00000060     rts6700.lib : atan.obj (.far)
                  00011268    00000058     C6713Helper_UdeS.obj (.far)
                  000112c0    00000040     rts6700.lib : cos.obj (.far)
                  00011300    00000040                 : sin.obj (.far)
                  00011340    00000038     csl6713.lib : csl_mcbsp.obj (.far)
                  00011378    00000028     dsk6713bsl.lib : dsk6713_aic23_registers.obj (.far)
                  000113a0    00000020                    : dsk6713_aic23_setfreq.obj (.far)
                  000113c0    0000000c     rts6700.lib : exit.obj (.far)
                  000113cc    00000008     dsk6713bsl.lib : dsk6713_aic23_opencodec.obj (.far)
                  000113d4    00000008     rts6700.lib : _lock.obj (.far)
                  000113dc    00000008                 : memory.obj (.far)
                  000113e4    00000008                 : trgdrv.obj (.far)
                  000113ec    00000006     traitement_audio.obj (.far)
                  000113f2    00000002     dsk6713bsl.lib : dsk6713.obj (.far)
                  000113f4    00000004     rts6700.lib : errno.obj (.far)
                  000113f8    00000004                 : fopen.obj (.far)

.stack     0    00011400    00001000     UNINITIALIZED
                  00011400    00000008     rts6700.lib : boot.obj (.stack)
                  00011408    00000ff8     --HOLE--

.sysmem    0    00012400    00001000     UNINITIALIZED
                  00012400    00000008     rts6700.lib : memory.obj (.sysmem)
                  00012408    00000ff8     --HOLE--

.cinit     0    00013400    000008cc     
                  00013400    000002bc     MAIN.obj (.cinit)
                  000136bc    00000004     --HOLE-- [fill = 0]
                  000136c0    00000140     rts6700.lib : pow.obj (.cinit)
                  00013800    0000012c     csl6713.lib : csl_irq.obj (.cinit)
                  0001392c    00000004     --HOLE-- [fill = 0]
                  00013930    00000070     rts6700.lib : atan.obj (.cinit)
                  000139a0    0000005c                 : defs.obj (.cinit)
                  000139fc    00000004     --HOLE-- [fill = 0]
                  00013a00    0000005c                 : lowlev.obj (.cinit)
                  00013a5c    00000004     --HOLE-- [fill = 0]
                  00013a60    00000058     C6713Helper_UdeS.obj (.cinit)
                  00013ab8    00000054     csl6713.lib : csl_mcbsp.obj (.cinit)
                  00013b0c    00000004     --HOLE-- [fill = 0]
                  00013b10    00000048     rts6700.lib : cos.obj (.cinit)
                  00013b58    00000048                 : sin.obj (.cinit)
                  00013ba0    00000030     dsk6713bsl.lib : dsk6713_aic23_registers.obj (.cinit)
                  00013bd0    0000002c     filtrerCascadeIIR.obj (.cinit)
                  00013bfc    00000004     --HOLE-- [fill = 0]
                  00013c00    0000002c     rts6700.lib : exit.obj (.cinit)
                  00013c2c    00000004     --HOLE-- [fill = 0]
                  00013c30    0000002c                 : memory.obj (.cinit)
                  00013c5c    00000004     --HOLE-- [fill = 0]
                  00013c60    00000028     dsk6713bsl.lib : dsk6713_aic23_setfreq.obj (.cinit)
                  00013c88    0000001c     rts6700.lib : _lock.obj (.cinit)
                  00013ca4    00000004     --HOLE-- [fill = 0]
                  00013ca8    0000000c                 : errno.obj (.cinit)
                  00013cb4    00000004     --HOLE-- [fill = 0]
                  00013cb8    0000000c                 : fopen.obj (.cinit)
                  00013cc4    00000004     --HOLE-- [fill = 0]
                  00013cc8    00000004     (.pad.cinit) [fill = 0]

.const     0    00013cd0    000002d0     
                  00013cd0    00000101     rts6700.lib : ctype.obj (.const:.string:__ctypes_)
                  00013dd1    00000002                 : fputs.obj (.const:.string)
                  00013dd3    00000001     --HOLE-- [fill = 0]
                  00013dd4    000000f0     filtrerCascadeIIR.obj (.const:_IIR_COEFFS)
                  00013ec4    00000040     dsk6713bsl.lib : dsk6713_aic23_opencodec.obj (.const)
                  00013f04    0000002c     traitement_audio.obj (.const:.string)
                  00013f30    00000023     rts6700.lib : _printfi.obj (.const:.string)
                  00013f53    00000001     --HOLE-- [fill = 0]
                  00013f54    00000020     dsk6713bsl.lib : dsk6713.obj (.const)
                  00013f74    00000010     MAIN.obj (.const:.string)
                  00013f84    00000004     filtrerCascadeIIR.obj (.const:_IIR_NB_ORDRE2)
                  00013f88    0000000c     MAIN.obj (.const)
                  00013f94    00000008     filtrerCascadeIIR.obj (.const:_IIR_GAINS)
                  00013f9c    00000004     filtrerCascadeIIR.obj (.const:_IIR_NO_LIGNE)

.cio       0    00013fa0    00000120     UNINITIALIZED
                  00013fa0    00000120     rts6700.lib : trgmsg.obj (.cio)


GLOBAL SYMBOLS: SORTED ALPHABETICALLY BY Name 

address    name
--------   ----
00000220   $bss
00000220   .bss
00000220   .text
0000e1e0   C$$EXIT
0000dab8   C$$IO$$
0001129c   _AIC23CfgData
0000e288   _AIC23_data
00011270   _AIC_data
00000f9c   _AnalyseFFT
00000f00   _ApplicationFentre
00010aa8   _BPM
00001d14   _CODEC_start
00001de0   _CODEC_stop
0000d3c0   _CorrASM
000003d0   _CorrManip
0000dd60   _DSK6713_AIC23_closeCodec
000113cc   _DSK6713_AIC23_codeccontrolhandle
000113d0   _DSK6713_AIC23_codecdatahandle
0000ade0   _DSK6713_AIC23_config
00007720   _DSK6713_AIC23_openCodec
0000adbc   _DSK6713_AIC23_rget
0000ad20   _DSK6713_AIC23_rset
0000d480   _DSK6713_AIC23_setFreq
000055f4   _DSK6713_getVersion
0000522c   _DSK6713_init
00005548   _DSK6713_rget
0000555c   _DSK6713_rset
000113f2   _DSK6713_version
00005570   _DSK6713_wait
000055c8   _DSK6713_waitusec
00008d40   _DSPF_sp_bitrev_cplx
000043c0   _DSPF_sp_cfftr2_dit
00010aa4   _F2
00010238   _FenHamming
0001069c   _FlagLed0
00013f90   _Fs
0000e398   _GainNum
00000dec   _GenHamming
00000fb0   _GenererMetronome
0000bdc0   _HOSTclose
0000aa60   _HOSTlseek
0000b5e0   _HOSTopen
0000ae80   _HOSTread
00009ae0   _HOSTrename
0000bec0   _HOSTunlink
0000b700   _HOSTwrite
0000b4c0   _IIR_2ndOrder_directII_ASM
00013dd4   _IIR_COEFFS
00013f94   _IIR_GAINS
00013f84   _IIR_NB_ORDRE2
00013f9c   _IIR_NO_LIGNE
00011190   _IIR_W1
000111cc   _IIR_W2
0000df00   _IRQ_enable
0000e060   _IRQ_globalDisable
0000e080   _IRQ_globalEnable
00009ee0   _IRQ_map
0000e0a0   _IRQ_nmiEnable
0000df40   _IRQ_reset
00001154   _InitialiseMetronome
0000e390   _IsSound
0000d540   _MCBSP_close
0000d5e0   _MCBSP_config
0000e0c0   _MCBSP_getXmtEventId
0000bfc0   _MCBSP_open
0000e0e0   _MCBSP_read
0000a260   _MCBSP_reset
0000e100   _MCBSP_rrdy
0000c0c0   _MCBSP_start
0000e120   _MCBSP_write
0000e140   _MCBSP_xrdy
00010b1c   _NbTemps
00010b10   _Nbexecution
00013f88   _PI
0000e39c   _SeuilSon
0000f638   _Sortie_FFT
00010ab4   _TabFreqMet
00010674   _TabPeak
000106a0   _TableCos3
0000fa38   _TableInputPadder
00010ab0   _TempsMet
0001063c   _TestAmp
00000570   _TestIntensite
000006e0   _TestPeriodicite
0000e394   _TrameEnr
0000e3b0   _VectCorr
0000ead4   _VectPadder
0000e7b0   _VectRep
00013fa0   __CIOBUF_
00011188   __IRQ_dispatchTable
000110c4   __IRQ_eventTable
0000e220   __IRQ_hookFetchPacket
00011148   __IRQ_intTable
00011370   __MCBSP_hDev0
00011374   __MCBSP_hDev1
00012400   __STACK_END
00001000   __STACK_SIZE
00001000   __SYSMEM_SIZE
00000001   __TI_args_main
0000dae0   ___TI_cpp_init
000113c8   ___TI_enable_exit_profile_output
ffffffff   ___TI_pprof_out_hndl
ffffffff   ___TI_prof_data_size
ffffffff   ___TI_prof_data_start
ffffffff   ___binit__
00000220   ___bss__
ffffffff   ___c_args__
00013400   ___cinit__
00000220   ___end__
0000e240   ___etext__
0000dde0   ___isinf
ffffffff   ___pinit__
00000220   ___text__
0000dfc0   __args_main
0000c1c0   __auto_init
0000b820   __c6xabi_divi
0000d180   __c6xabi_divu
0000c8c0   __cleanup
000113c0   __cleanup_ptr
0000abc0   __closefile
00013cd0   __ctypes_
000024c0   __divd
0000b820   __divi
0000c3c0   __divli
0000d180   __divu
00008ae0   __divul
00006620   __divull
0000c9a0   __doflush
000113c4   __dtors_ptr
0000d680   __fixdli
0000db60   __fltlid
0000afc0   __frcmpyd_div
00010e5c   __ft_end
00010b3c   __ftable
0000dbe0   __llshl
0000de40   __llshru
000113d4   __lock
0000d720   __mpyll
0000e160   __negll
0000e180   __nop
0000cc40   __nround
00003e60   __printfi
0000d7c0   __remli
00011400   __stack
0000cd20   __strasg
0000dea0   __subcull
00012400   __sys_memory
00010d1c   __tmpnams
0000e000   __trunc
000113d8   __unlock
0000b940   __wrt_ok
0000e1e0   _abort
000091e0   _atan
0000b100   _atoi
00000220   _bit_rev
000098a0   _bitrev_index
0000dc60   _c_int00
000038e0   _c_int11
00000b30   _calculFFT
0000ba60   _close
00002380   _comm_intr
00001ce0   _comm_poll
00010b0c   _compteurNBfois
00010b08   _compteurNBsinus
00010b18   _compteurTemps
00011274   _config
0000d240   _copy_in
000073e0   _cos
00010aa0   _debug
000113f4   _errno
0000ce00   _exit
00006280   _filtrerCascadeIIR
00008840   _fputc
000048a0   _fputs
000069a0   _free
00010aac   _freqMet
0000bb80   _frexp
0000e384   _frq
0000e280   _fs
0000a0a0   _fseek
0000a8e0   _gen_w_r2
000112bc   _hAIC23_handle
0000f1f4   _index
000064f8   _init_w
000021f0   _input_left_sample
000022b8   _input_right_sample
000020ec   _input_sample
0000e284   _inputsource
0000a740   _ldexp
0000c5c0   _lseek
0000b240   _ltoa
00004d60   _main
00009420   _malloc
0000dce0   _memccpy
00009660   _memcpy
0000bca0   _memset
0000cfc0   _modf
00010670   _nVerif
0000e388   _nbEchADC
0000e38c   _nbEchDebugMic
0000e3a0   _ncorr
0000e3a4   _ndecalage
0000e3ac   _npadd
0000e3a8   _nrep
00010638   _ntestson
00001f2c   _output_left_sample
0000200c   _output_right_sample
00001e10   _output_sample
0000e380   _pTampon
00000d1c   _padderFFT
000013e0   _pow
0000c6c0   _printf
00008840   _putc
0000d860   _readmsg
0000e200   _remove
00010668   _scale
000082e0   _setvbuf
00007d40   _sin
00010b04   _sonMetronome
0000b380   _sqrt
0000e300   _tampon
0000d9a0   _unlink
00000020   _vector1
00000140   _vector10
00000180   _vector12
000001a0   _vector13
000001c0   _vector14
000001e0   _vector15
00000040   _vector2
00000060   _vector3
00000080   _vector4
000000a0   _vector5
000000c0   _vector6
000000e0   _vector7
00000100   _vector8
00000120   _vector9
00000000   _vectors
00010b14   _volumeMet
0000f238   _w
0000c7c0   _write
0000da40   _writemsg
ffffffff   binit
00013400   cinit
00000220   end
0000e240   etext
ffffffff   pinit


GLOBAL SYMBOLS: SORTED BY Symbol Address 

address    name
--------   ----
00000000   _vectors
00000001   __TI_args_main
00000020   _vector1
00000040   _vector2
00000060   _vector3
00000080   _vector4
000000a0   _vector5
000000c0   _vector6
000000e0   _vector7
00000100   _vector8
00000120   _vector9
00000140   _vector10
00000180   _vector12
000001a0   _vector13
000001c0   _vector14
000001e0   _vector15
00000220   $bss
00000220   .bss
00000220   .text
00000220   ___bss__
00000220   ___end__
00000220   ___text__
00000220   _bit_rev
00000220   end
000003d0   _CorrManip
00000570   _TestIntensite
000006e0   _TestPeriodicite
00000b30   _calculFFT
00000d1c   _padderFFT
00000dec   _GenHamming
00000f00   _ApplicationFentre
00000f9c   _AnalyseFFT
00000fb0   _GenererMetronome
00001000   __STACK_SIZE
00001000   __SYSMEM_SIZE
00001154   _InitialiseMetronome
000013e0   _pow
00001ce0   _comm_poll
00001d14   _CODEC_start
00001de0   _CODEC_stop
00001e10   _output_sample
00001f2c   _output_left_sample
0000200c   _output_right_sample
000020ec   _input_sample
000021f0   _input_left_sample
000022b8   _input_right_sample
00002380   _comm_intr
000024c0   __divd
000038e0   _c_int11
00003e60   __printfi
000043c0   _DSPF_sp_cfftr2_dit
000048a0   _fputs
00004d60   _main
0000522c   _DSK6713_init
00005548   _DSK6713_rget
0000555c   _DSK6713_rset
00005570   _DSK6713_wait
000055c8   _DSK6713_waitusec
000055f4   _DSK6713_getVersion
00006280   _filtrerCascadeIIR
000064f8   _init_w
00006620   __divull
000069a0   _free
000073e0   _cos
00007720   _DSK6713_AIC23_openCodec
00007d40   _sin
000082e0   _setvbuf
00008840   _fputc
00008840   _putc
00008ae0   __divul
00008d40   _DSPF_sp_bitrev_cplx
000091e0   _atan
00009420   _malloc
00009660   _memcpy
000098a0   _bitrev_index
00009ae0   _HOSTrename
00009ee0   _IRQ_map
0000a0a0   _fseek
0000a260   _MCBSP_reset
0000a740   _ldexp
0000a8e0   _gen_w_r2
0000aa60   _HOSTlseek
0000abc0   __closefile
0000ad20   _DSK6713_AIC23_rset
0000adbc   _DSK6713_AIC23_rget
0000ade0   _DSK6713_AIC23_config
0000ae80   _HOSTread
0000afc0   __frcmpyd_div
0000b100   _atoi
0000b240   _ltoa
0000b380   _sqrt
0000b4c0   _IIR_2ndOrder_directII_ASM
0000b5e0   _HOSTopen
0000b700   _HOSTwrite
0000b820   __c6xabi_divi
0000b820   __divi
0000b940   __wrt_ok
0000ba60   _close
0000bb80   _frexp
0000bca0   _memset
0000bdc0   _HOSTclose
0000bec0   _HOSTunlink
0000bfc0   _MCBSP_open
0000c0c0   _MCBSP_start
0000c1c0   __auto_init
0000c3c0   __divli
0000c5c0   _lseek
0000c6c0   _printf
0000c7c0   _write
0000c8c0   __cleanup
0000c9a0   __doflush
0000cc40   __nround
0000cd20   __strasg
0000ce00   _exit
0000cfc0   _modf
0000d180   __c6xabi_divu
0000d180   __divu
0000d240   _copy_in
0000d3c0   _CorrASM
0000d480   _DSK6713_AIC23_setFreq
0000d540   _MCBSP_close
0000d5e0   _MCBSP_config
0000d680   __fixdli
0000d720   __mpyll
0000d7c0   __remli
0000d860   _readmsg
0000d9a0   _unlink
0000da40   _writemsg
0000dab8   C$$IO$$
0000dae0   ___TI_cpp_init
0000db60   __fltlid
0000dbe0   __llshl
0000dc60   _c_int00
0000dce0   _memccpy
0000dd60   _DSK6713_AIC23_closeCodec
0000dde0   ___isinf
0000de40   __llshru
0000dea0   __subcull
0000df00   _IRQ_enable
0000df40   _IRQ_reset
0000dfc0   __args_main
0000e000   __trunc
0000e060   _IRQ_globalDisable
0000e080   _IRQ_globalEnable
0000e0a0   _IRQ_nmiEnable
0000e0c0   _MCBSP_getXmtEventId
0000e0e0   _MCBSP_read
0000e100   _MCBSP_rrdy
0000e120   _MCBSP_write
0000e140   _MCBSP_xrdy
0000e160   __negll
0000e180   __nop
0000e1e0   C$$EXIT
0000e1e0   _abort
0000e200   _remove
0000e220   __IRQ_hookFetchPacket
0000e240   ___etext__
0000e240   etext
0000e280   _fs
0000e284   _inputsource
0000e288   _AIC23_data
0000e300   _tampon
0000e380   _pTampon
0000e384   _frq
0000e388   _nbEchADC
0000e38c   _nbEchDebugMic
0000e390   _IsSound
0000e394   _TrameEnr
0000e398   _GainNum
0000e39c   _SeuilSon
0000e3a0   _ncorr
0000e3a4   _ndecalage
0000e3a8   _nrep
0000e3ac   _npadd
0000e3b0   _VectCorr
0000e7b0   _VectRep
0000ead4   _VectPadder
0000f1f4   _index
0000f238   _w
0000f638   _Sortie_FFT
0000fa38   _TableInputPadder
00010238   _FenHamming
00010638   _ntestson
0001063c   _TestAmp
00010668   _scale
00010670   _nVerif
00010674   _TabPeak
0001069c   _FlagLed0
000106a0   _TableCos3
00010aa0   _debug
00010aa4   _F2
00010aa8   _BPM
00010aac   _freqMet
00010ab0   _TempsMet
00010ab4   _TabFreqMet
00010b04   _sonMetronome
00010b08   _compteurNBsinus
00010b0c   _compteurNBfois
00010b10   _Nbexecution
00010b14   _volumeMet
00010b18   _compteurTemps
00010b1c   _NbTemps
00010b3c   __ftable
00010d1c   __tmpnams
00010e5c   __ft_end
000110c4   __IRQ_eventTable
00011148   __IRQ_intTable
00011188   __IRQ_dispatchTable
00011190   _IIR_W1
000111cc   _IIR_W2
00011270   _AIC_data
00011274   _config
0001129c   _AIC23CfgData
000112bc   _hAIC23_handle
00011370   __MCBSP_hDev0
00011374   __MCBSP_hDev1
000113c0   __cleanup_ptr
000113c4   __dtors_ptr
000113c8   ___TI_enable_exit_profile_output
000113cc   _DSK6713_AIC23_codeccontrolhandle
000113d0   _DSK6713_AIC23_codecdatahandle
000113d4   __lock
000113d8   __unlock
000113f2   _DSK6713_version
000113f4   _errno
00011400   __stack
00012400   __STACK_END
00012400   __sys_memory
00013400   ___cinit__
00013400   cinit
00013cd0   __ctypes_
00013dd4   _IIR_COEFFS
00013f84   _IIR_NB_ORDRE2
00013f88   _PI
00013f90   _Fs
00013f94   _IIR_GAINS
00013f9c   _IIR_NO_LIGNE
00013fa0   __CIOBUF_
ffffffff   ___TI_pprof_out_hndl
ffffffff   ___TI_prof_data_size
ffffffff   ___TI_prof_data_start
ffffffff   ___binit__
ffffffff   ___c_args__
ffffffff   ___pinit__
ffffffff   binit
ffffffff   pinit

[246 symbols]
