<?xml version="1.0"?>
<link_info>
   <banner>TMS320C6x Linker PC v7.4.20</banner>
   <copyright>Copyright (c) 1996-2015 Texas Instruments Incorporated</copyright>
   <link_time>0x58d34540</link_time>
   <output_file>Code_Test_Filtres_IIR.out</output_file>
   <entry_point>
      <name>_c_int00</name>
      <address>0xca60</address>
   </entry_point>
   <input_file_list>
      <input_file id="fl-2">
         <path>.\source\asm\</path>
         <kind>object</kind>
         <file>IIR_2ndOrder_directII_ASM.obj</file>
         <name>IIR_2ndOrder_directII_ASM.obj</name>
      </input_file>
      <input_file id="fl-3">
         <path>.\source\asm\</path>
         <kind>object</kind>
         <file>Vectors_intr.obj</file>
         <name>Vectors_intr.obj</name>
      </input_file>
      <input_file id="fl-4">
         <path>.\source\asm\</path>
         <kind>object</kind>
         <file>corr.obj</file>
         <name>corr.obj</name>
      </input_file>
      <input_file id="fl-5">
         <path>.\source\c\</path>
         <kind>object</kind>
         <file>C6713Helper_UdeS.obj</file>
         <name>C6713Helper_UdeS.obj</name>
      </input_file>
      <input_file id="fl-6">
         <path>.\source\c\</path>
         <kind>object</kind>
         <file>IIR_2ndOrder_directII.obj</file>
         <name>IIR_2ndOrder_directII.obj</name>
      </input_file>
      <input_file id="fl-7">
         <path>.\source\c\</path>
         <kind>object</kind>
         <file>bitrev_index.obj</file>
         <name>bitrev_index.obj</name>
      </input_file>
      <input_file id="fl-8">
         <path>.\source\c\</path>
         <kind>object</kind>
         <file>filtrerCascadeIIR.obj</file>
         <name>filtrerCascadeIIR.obj</name>
      </input_file>
      <input_file id="fl-9">
         <path>.\source\c\</path>
         <kind>object</kind>
         <file>main_filtre_IIR_Biquad.obj</file>
         <name>main_filtre_IIR_Biquad.obj</name>
      </input_file>
      <input_file id="fl-a">
         <path>.\source\c\</path>
         <kind>object</kind>
         <file>traitement_audio.obj</file>
         <name>traitement_audio.obj</name>
      </input_file>
      <input_file id="fl-89">
         <path>C:\ti\ccsv7\tools\compiler\c6000_7.4.20\lib\</path>
         <kind>archive</kind>
         <file>rts6700.lib</file>
         <name>boot.obj</name>
      </input_file>
      <input_file id="fl-8a">
         <path>C:\ti\ccsv7\tools\compiler\c6000_7.4.20\lib\</path>
         <kind>archive</kind>
         <file>rts6700.lib</file>
         <name>cos.obj</name>
      </input_file>
      <input_file id="fl-8b">
         <path>C:\ti\ccsv7\tools\compiler\c6000_7.4.20\lib\</path>
         <kind>archive</kind>
         <file>rts6700.lib</file>
         <name>divd.obj</name>
      </input_file>
      <input_file id="fl-8c">
         <path>C:\ti\ccsv7\tools\compiler\c6000_7.4.20\lib\</path>
         <kind>archive</kind>
         <file>rts6700.lib</file>
         <name>divi.obj</name>
      </input_file>
      <input_file id="fl-8d">
         <path>C:\ti\ccsv7\tools\compiler\c6000_7.4.20\lib\</path>
         <kind>archive</kind>
         <file>rts6700.lib</file>
         <name>exit.obj</name>
      </input_file>
      <input_file id="fl-8e">
         <path>C:\ti\ccsv7\tools\compiler\c6000_7.4.20\lib\</path>
         <kind>archive</kind>
         <file>rts6700.lib</file>
         <name>frcmpyd_div.obj</name>
      </input_file>
      <input_file id="fl-8f">
         <path>C:\ti\ccsv7\tools\compiler\c6000_7.4.20\lib\</path>
         <kind>archive</kind>
         <file>rts6700.lib</file>
         <name>llshift.obj</name>
      </input_file>
      <input_file id="fl-90">
         <path>C:\ti\ccsv7\tools\compiler\c6000_7.4.20\lib\</path>
         <kind>archive</kind>
         <file>rts6700.lib</file>
         <name>modf.obj</name>
      </input_file>
      <input_file id="fl-91">
         <path>C:\ti\ccsv7\tools\compiler\c6000_7.4.20\lib\</path>
         <kind>archive</kind>
         <file>rts6700.lib</file>
         <name>mpyll.obj</name>
      </input_file>
      <input_file id="fl-92">
         <path>C:\ti\ccsv7\tools\compiler\c6000_7.4.20\lib\</path>
         <kind>archive</kind>
         <file>rts6700.lib</file>
         <name>pow.obj</name>
      </input_file>
      <input_file id="fl-93">
         <path>C:\ti\ccsv7\tools\compiler\c6000_7.4.20\lib\</path>
         <kind>archive</kind>
         <file>rts6700.lib</file>
         <name>printf.obj</name>
      </input_file>
      <input_file id="fl-94">
         <path>C:\ti\ccsv7\tools\compiler\c6000_7.4.20\lib\</path>
         <kind>archive</kind>
         <file>rts6700.lib</file>
         <name>round.obj</name>
      </input_file>
      <input_file id="fl-95">
         <path>C:\ti\ccsv7\tools\compiler\c6000_7.4.20\lib\</path>
         <kind>archive</kind>
         <file>rts6700.lib</file>
         <name>sqrt.obj</name>
      </input_file>
      <input_file id="fl-96">
         <path>C:\ti\ccsv7\tools\compiler\c6000_7.4.20\lib\</path>
         <kind>archive</kind>
         <file>rts6700.lib</file>
         <name>trunc.obj</name>
      </input_file>
      <input_file id="fl-97">
         <path>C:\ti\ccsv7\tools\compiler\c6000_7.4.20\lib\</path>
         <kind>archive</kind>
         <file>rts6700.lib</file>
         <name>_lock.obj</name>
      </input_file>
      <input_file id="fl-98">
         <path>C:\ti\ccsv7\tools\compiler\c6000_7.4.20\lib\</path>
         <kind>archive</kind>
         <file>rts6700.lib</file>
         <name>_printfi.obj</name>
      </input_file>
      <input_file id="fl-99">
         <path>C:\ti\ccsv7\tools\compiler\c6000_7.4.20\lib\</path>
         <kind>archive</kind>
         <file>rts6700.lib</file>
         <name>args_main.obj</name>
      </input_file>
      <input_file id="fl-9a">
         <path>C:\ti\ccsv7\tools\compiler\c6000_7.4.20\lib\</path>
         <kind>archive</kind>
         <file>rts6700.lib</file>
         <name>atoi.obj</name>
      </input_file>
      <input_file id="fl-9b">
         <path>C:\ti\ccsv7\tools\compiler\c6000_7.4.20\lib\</path>
         <kind>archive</kind>
         <file>rts6700.lib</file>
         <name>autoinit.obj</name>
      </input_file>
      <input_file id="fl-9c">
         <path>C:\ti\ccsv7\tools\compiler\c6000_7.4.20\lib\</path>
         <kind>archive</kind>
         <file>rts6700.lib</file>
         <name>cpp_init.obj</name>
      </input_file>
      <input_file id="fl-9d">
         <path>C:\ti\ccsv7\tools\compiler\c6000_7.4.20\lib\</path>
         <kind>archive</kind>
         <file>rts6700.lib</file>
         <name>cpy_tbl.obj</name>
      </input_file>
      <input_file id="fl-9e">
         <path>C:\ti\ccsv7\tools\compiler\c6000_7.4.20\lib\</path>
         <kind>archive</kind>
         <file>rts6700.lib</file>
         <name>ctype.obj</name>
      </input_file>
      <input_file id="fl-9f">
         <path>C:\ti\ccsv7\tools\compiler\c6000_7.4.20\lib\</path>
         <kind>archive</kind>
         <file>rts6700.lib</file>
         <name>defs.obj</name>
      </input_file>
      <input_file id="fl-a0">
         <path>C:\ti\ccsv7\tools\compiler\c6000_7.4.20\lib\</path>
         <kind>archive</kind>
         <file>rts6700.lib</file>
         <name>divu.obj</name>
      </input_file>
      <input_file id="fl-a1">
         <path>C:\ti\ccsv7\tools\compiler\c6000_7.4.20\lib\</path>
         <kind>archive</kind>
         <file>rts6700.lib</file>
         <name>errno.obj</name>
      </input_file>
      <input_file id="fl-a2">
         <path>C:\ti\ccsv7\tools\compiler\c6000_7.4.20\lib\</path>
         <kind>archive</kind>
         <file>rts6700.lib</file>
         <name>fixdli.obj</name>
      </input_file>
      <input_file id="fl-a3">
         <path>C:\ti\ccsv7\tools\compiler\c6000_7.4.20\lib\</path>
         <kind>archive</kind>
         <file>rts6700.lib</file>
         <name>fltlid.obj</name>
      </input_file>
      <input_file id="fl-a4">
         <path>C:\ti\ccsv7\tools\compiler\c6000_7.4.20\lib\</path>
         <kind>archive</kind>
         <file>rts6700.lib</file>
         <name>fputc.obj</name>
      </input_file>
      <input_file id="fl-a5">
         <path>C:\ti\ccsv7\tools\compiler\c6000_7.4.20\lib\</path>
         <kind>archive</kind>
         <file>rts6700.lib</file>
         <name>fputs.obj</name>
      </input_file>
      <input_file id="fl-a6">
         <path>C:\ti\ccsv7\tools\compiler\c6000_7.4.20\lib\</path>
         <kind>archive</kind>
         <file>rts6700.lib</file>
         <name>frexp.obj</name>
      </input_file>
      <input_file id="fl-a7">
         <path>C:\ti\ccsv7\tools\compiler\c6000_7.4.20\lib\</path>
         <kind>archive</kind>
         <file>rts6700.lib</file>
         <name>imath40.obj</name>
      </input_file>
      <input_file id="fl-a8">
         <path>C:\ti\ccsv7\tools\compiler\c6000_7.4.20\lib\</path>
         <kind>archive</kind>
         <file>rts6700.lib</file>
         <name>imath64.obj</name>
      </input_file>
      <input_file id="fl-a9">
         <path>C:\ti\ccsv7\tools\compiler\c6000_7.4.20\lib\</path>
         <kind>archive</kind>
         <file>rts6700.lib</file>
         <name>isinf.obj</name>
      </input_file>
      <input_file id="fl-aa">
         <path>C:\ti\ccsv7\tools\compiler\c6000_7.4.20\lib\</path>
         <kind>archive</kind>
         <file>rts6700.lib</file>
         <name>ldexp.obj</name>
      </input_file>
      <input_file id="fl-ab">
         <path>C:\ti\ccsv7\tools\compiler\c6000_7.4.20\lib\</path>
         <kind>archive</kind>
         <file>rts6700.lib</file>
         <name>lowlev.obj</name>
      </input_file>
      <input_file id="fl-ac">
         <path>C:\ti\ccsv7\tools\compiler\c6000_7.4.20\lib\</path>
         <kind>archive</kind>
         <file>rts6700.lib</file>
         <name>ltoa.obj</name>
      </input_file>
      <input_file id="fl-ad">
         <path>C:\ti\ccsv7\tools\compiler\c6000_7.4.20\lib\</path>
         <kind>archive</kind>
         <file>rts6700.lib</file>
         <name>memccpy.obj</name>
      </input_file>
      <input_file id="fl-ae">
         <path>C:\ti\ccsv7\tools\compiler\c6000_7.4.20\lib\</path>
         <kind>archive</kind>
         <file>rts6700.lib</file>
         <name>memcpy62.obj</name>
      </input_file>
      <input_file id="fl-af">
         <path>C:\ti\ccsv7\tools\compiler\c6000_7.4.20\lib\</path>
         <kind>archive</kind>
         <file>rts6700.lib</file>
         <name>memset.obj</name>
      </input_file>
      <input_file id="fl-b0">
         <path>C:\ti\ccsv7\tools\compiler\c6000_7.4.20\lib\</path>
         <kind>archive</kind>
         <file>rts6700.lib</file>
         <name>negll.obj</name>
      </input_file>
      <input_file id="fl-b1">
         <path>C:\ti\ccsv7\tools\compiler\c6000_7.4.20\lib\</path>
         <kind>archive</kind>
         <file>rts6700.lib</file>
         <name>trgdrv.obj</name>
      </input_file>
      <input_file id="fl-b2">
         <path>C:\ti\ccsv7\tools\compiler\c6000_7.4.20\lib\</path>
         <kind>archive</kind>
         <file>rts6700.lib</file>
         <name>trgmsg.obj</name>
      </input_file>
      <input_file id="fl-b3">
         <path>C:\ti\ccsv7\tools\compiler\c6000_7.4.20\lib\</path>
         <kind>archive</kind>
         <file>rts6700.lib</file>
         <name>_io_perm.obj</name>
      </input_file>
      <input_file id="fl-b4">
         <path>C:\ti\ccsv7\tools\compiler\c6000_7.4.20\lib\</path>
         <kind>archive</kind>
         <file>rts6700.lib</file>
         <name>abs.obj</name>
      </input_file>
      <input_file id="fl-b5">
         <path>C:\ti\ccsv7\tools\compiler\c6000_7.4.20\lib\</path>
         <kind>archive</kind>
         <file>rts6700.lib</file>
         <name>fflush.obj</name>
      </input_file>
      <input_file id="fl-b6">
         <path>C:\ti\ccsv7\tools\compiler\c6000_7.4.20\lib\</path>
         <kind>archive</kind>
         <file>rts6700.lib</file>
         <name>fseek.obj</name>
      </input_file>
      <input_file id="fl-b7">
         <path>C:\ti\ccsv7\tools\compiler\c6000_7.4.20\lib\</path>
         <kind>archive</kind>
         <file>rts6700.lib</file>
         <name>setvbuf.obj</name>
      </input_file>
      <input_file id="fl-b8">
         <path>C:\ti\ccsv7\tools\compiler\c6000_7.4.20\lib\</path>
         <kind>archive</kind>
         <file>rts6700.lib</file>
         <name>fopen.obj</name>
      </input_file>
      <input_file id="fl-b9">
         <path>C:\ti\ccsv7\tools\compiler\c6000_7.4.20\lib\</path>
         <kind>archive</kind>
         <file>rts6700.lib</file>
         <name>memory.obj</name>
      </input_file>
      <input_file id="fl-ba">
         <path>C:\ti\ccsv7\tools\compiler\c6000_7.4.20\lib\</path>
         <kind>archive</kind>
         <file>rts6700.lib</file>
         <name>fclose.obj</name>
      </input_file>
      <input_file id="fl-bb">
         <path>C:\ti\ccsv7\tools\compiler\c6000_7.4.20\lib\</path>
         <kind>archive</kind>
         <file>rts6700.lib</file>
         <name>remove.obj</name>
      </input_file>
      <input_file id="fl-bc">
         <path>C:\ti\ccsv7\ccs_base\C6700\dsplib\lib\</path>
         <kind>archive</kind>
         <file>dsp67x.lib</file>
         <name>DSPF_sp_bitrev_cplx.obj</name>
      </input_file>
      <input_file id="fl-bd">
         <path>C:\ti\ccsv7\ccs_base\C6700\dsplib\lib\</path>
         <kind>archive</kind>
         <file>dsp67x.lib</file>
         <name>DSPF_sp_cfftr2_dit.obj</name>
      </input_file>
      <input_file id="fl-be">
         <path>C:\ti\dsk6713\lib\</path>
         <kind>archive</kind>
         <file>dsk6713bsl.lib</file>
         <name>dsk6713.obj</name>
      </input_file>
      <input_file id="fl-bf">
         <path>C:\ti\dsk6713\lib\</path>
         <kind>archive</kind>
         <file>dsk6713bsl.lib</file>
         <name>dsk6713_aic23_closecodec.obj</name>
      </input_file>
      <input_file id="fl-c0">
         <path>C:\ti\dsk6713\lib\</path>
         <kind>archive</kind>
         <file>dsk6713bsl.lib</file>
         <name>dsk6713_aic23_opencodec.obj</name>
      </input_file>
      <input_file id="fl-c1">
         <path>C:\ti\dsk6713\lib\</path>
         <kind>archive</kind>
         <file>dsk6713bsl.lib</file>
         <name>dsk6713_aic23_registers.obj</name>
      </input_file>
      <input_file id="fl-c2">
         <path>C:\ti\dsk6713\lib\</path>
         <kind>archive</kind>
         <file>dsk6713bsl.lib</file>
         <name>dsk6713_aic23_setfreq.obj</name>
      </input_file>
      <input_file id="fl-c3">
         <path>C:\ti\ccsv7\ccs_base\C6xCSL\lib_3x\</path>
         <kind>archive</kind>
         <file>csl6713.lib</file>
         <name>csl_irq.obj</name>
      </input_file>
      <input_file id="fl-c4">
         <path>C:\ti\ccsv7\ccs_base\C6xCSL\lib_3x\</path>
         <kind>archive</kind>
         <file>csl6713.lib</file>
         <name>csl_mcbsp.obj</name>
      </input_file>
      <input_file id="fl-c5">
         <path>C:\ti\ccsv7\tools\compiler\c6000_7.4.20\lib\</path>
         <kind>archive</kind>
         <file>rts6700.lib</file>
         <name>strasg.obj</name>
      </input_file>
   </input_file_list>
   <object_component_list>
      <object_component id="oc-14">
         <name>.vectors</name>
         <load_address>0x0</load_address>
         <run_address>0x0</run_address>
         <size>0x200</size>
         <input_file_ref idref="fl-3"/>
      </object_component>
      <object_component id="oc-154">
         <name>.text</name>
         <load_address>0x220</load_address>
         <run_address>0x220</run_address>
         <size>0x9c0</size>
         <input_file_ref idref="fl-a"/>
      </object_component>
      <object_component id="oc-15f">
         <name>.text:_pow</name>
         <load_address>0xbe0</load_address>
         <run_address>0xbe0</run_address>
         <size>0x900</size>
         <input_file_ref idref="fl-92"/>
      </object_component>
      <object_component id="oc-125">
         <name>.text</name>
         <load_address>0x14e0</load_address>
         <run_address>0x14e0</run_address>
         <size>0x7e0</size>
         <input_file_ref idref="fl-5"/>
      </object_component>
      <object_component id="oc-123">
         <name>.text:__divd</name>
         <load_address>0x1cc0</load_address>
         <run_address>0x1cc0</run_address>
         <size>0x720</size>
         <input_file_ref idref="fl-8b"/>
      </object_component>
      <object_component id="oc-173">
         <name>.text:__getarg_diouxp</name>
         <load_address>0x23e0</load_address>
         <run_address>0x23e0</run_address>
         <size>0x6c0</size>
         <input_file_ref idref="fl-98"/>
      </object_component>
      <object_component id="oc-15b">
         <name>.text:__setfield</name>
         <load_address>0x2aa0</load_address>
         <run_address>0x2aa0</run_address>
         <size>0x640</size>
         <input_file_ref idref="fl-98"/>
      </object_component>
      <object_component id="oc-150">
         <name>.text:__printfi</name>
         <load_address>0x30e0</load_address>
         <run_address>0x30e0</run_address>
         <size>0x560</size>
         <input_file_ref idref="fl-98"/>
      </object_component>
      <object_component id="oc-f2">
         <name>.text</name>
         <load_address>0x3640</load_address>
         <run_address>0x3640</run_address>
         <size>0x4e0</size>
         <input_file_ref idref="fl-bd"/>
      </object_component>
      <object_component id="oc-34">
         <name>.text:retain</name>
         <load_address>0x3b20</load_address>
         <run_address>0x3b20</run_address>
         <size>0x4e0</size>
         <input_file_ref idref="fl-9"/>
      </object_component>
      <object_component id="oc-157">
         <name>.text:_fputs</name>
         <load_address>0x4000</load_address>
         <run_address>0x4000</run_address>
         <size>0x4c0</size>
         <input_file_ref idref="fl-a5"/>
      </object_component>
      <object_component id="oc-f6">
         <name>.text</name>
         <load_address>0x44c0</load_address>
         <run_address>0x44c0</run_address>
         <size>0x480</size>
         <input_file_ref idref="fl-be"/>
      </object_component>
      <object_component id="oc-17d">
         <name>.text:_fcvt</name>
         <load_address>0x4940</load_address>
         <run_address>0x4940</run_address>
         <size>0x420</size>
         <input_file_ref idref="fl-98"/>
      </object_component>
      <object_component id="oc-166">
         <name>.text:__pproc_fge</name>
         <load_address>0x4d60</load_address>
         <run_address>0x4d60</run_address>
         <size>0x400</size>
         <input_file_ref idref="fl-98"/>
      </object_component>
      <object_component id="oc-17a">
         <name>.text:_ecvt</name>
         <load_address>0x5160</load_address>
         <run_address>0x5160</run_address>
         <size>0x400</size>
         <input_file_ref idref="fl-98"/>
      </object_component>
      <object_component id="oc-126">
         <name>.text</name>
         <load_address>0x5560</load_address>
         <run_address>0x5560</run_address>
         <size>0x3a0</size>
         <input_file_ref idref="fl-8"/>
      </object_component>
      <object_component id="oc-188">
         <name>.text:__divull</name>
         <load_address>0x5900</load_address>
         <run_address>0x5900</run_address>
         <size>0x380</size>
         <input_file_ref idref="fl-a8"/>
      </object_component>
      <object_component id="oc-177">
         <name>.text:_free</name>
         <load_address>0x5c80</load_address>
         <run_address>0x5c80</run_address>
         <size>0x380</size>
         <input_file_ref idref="fl-b9"/>
      </object_component>
      <object_component id="oc-172">
         <name>.text:__pconv_e</name>
         <load_address>0x6000</load_address>
         <run_address>0x6000</run_address>
         <size>0x360</size>
         <input_file_ref idref="fl-98"/>
      </object_component>
      <object_component id="oc-15a">
         <name>.text:__pproc_fwp</name>
         <load_address>0x6360</load_address>
         <run_address>0x6360</run_address>
         <size>0x360</size>
         <input_file_ref idref="fl-98"/>
      </object_component>
      <object_component id="oc-124">
         <name>.text:_cos</name>
         <load_address>0x66c0</load_address>
         <run_address>0x66c0</run_address>
         <size>0x340</size>
         <input_file_ref idref="fl-8a"/>
      </object_component>
      <object_component id="oc-100">
         <name>.text</name>
         <load_address>0x6a00</load_address>
         <run_address>0x6a00</run_address>
         <size>0x320</size>
         <input_file_ref idref="fl-c0"/>
      </object_component>
      <object_component id="oc-167">
         <name>.text:__pproc_diouxp</name>
         <load_address>0x6d20</load_address>
         <run_address>0x6d20</run_address>
         <size>0x300</size>
         <input_file_ref idref="fl-98"/>
      </object_component>
      <object_component id="oc-15c">
         <name>.text:__pproc_str</name>
         <load_address>0x7020</load_address>
         <run_address>0x7020</run_address>
         <size>0x2c0</size>
         <input_file_ref idref="fl-98"/>
      </object_component>
      <object_component id="oc-16c">
         <name>.text:_setvbuf</name>
         <load_address>0x72e0</load_address>
         <run_address>0x72e0</run_address>
         <size>0x2c0</size>
         <input_file_ref idref="fl-b7"/>
      </object_component>
      <object_component id="oc-170">
         <name>.text:__pconv_g</name>
         <load_address>0x75a0</load_address>
         <run_address>0x75a0</run_address>
         <size>0x2a0</size>
         <input_file_ref idref="fl-98"/>
      </object_component>
      <object_component id="oc-158">
         <name>.text:_fputc</name>
         <load_address>0x7840</load_address>
         <run_address>0x7840</run_address>
         <size>0x2a0</size>
         <input_file_ref idref="fl-a4"/>
      </object_component>
      <object_component id="oc-187">
         <name>.text:__divul</name>
         <load_address>0x7ae0</load_address>
         <run_address>0x7ae0</run_address>
         <size>0x260</size>
         <input_file_ref idref="fl-a7"/>
      </object_component>
      <object_component id="oc-ee">
         <name>.text</name>
         <load_address>0x7d40</load_address>
         <run_address>0x7d40</run_address>
         <size>0x260</size>
         <input_file_ref idref="fl-bc"/>
      </object_component>
      <object_component id="oc-17c">
         <name>.text:__mcpy</name>
         <load_address>0x7fa0</load_address>
         <run_address>0x7fa0</run_address>
         <size>0x240</size>
         <input_file_ref idref="fl-98"/>
      </object_component>
      <object_component id="oc-178">
         <name>.text:_malloc</name>
         <load_address>0x81e0</load_address>
         <run_address>0x81e0</run_address>
         <size>0x240</size>
         <input_file_ref idref="fl-b9"/>
      </object_component>
      <object_component id="oc-135">
         <name>.text:_memcpy</name>
         <load_address>0x8420</load_address>
         <run_address>0x8420</run_address>
         <size>0x240</size>
         <input_file_ref idref="fl-ae"/>
      </object_component>
      <object_component id="oc-15e">
         <name>.text</name>
         <load_address>0x8660</load_address>
         <run_address>0x8660</run_address>
         <size>0x240</size>
         <input_file_ref idref="fl-7"/>
      </object_component>
      <object_component id="oc-12f">
         <name>.text:_HOSTrename</name>
         <load_address>0x88a0</load_address>
         <run_address>0x88a0</run_address>
         <size>0x220</size>
         <input_file_ref idref="fl-b1"/>
      </object_component>
      <object_component id="oc-190">
         <name>.text:_getdevice</name>
         <load_address>0x8ac0</load_address>
         <run_address>0x8ac0</run_address>
         <size>0x1e0</size>
         <input_file_ref idref="fl-ab"/>
      </object_component>
      <object_component id="oc-145">
         <name>.text:_IRQ_map</name>
         <load_address>0x8ca0</load_address>
         <run_address>0x8ca0</run_address>
         <size>0x1c0</size>
         <input_file_ref idref="fl-c3"/>
      </object_component>
      <object_component id="oc-16b">
         <name>.text:_fseek</name>
         <load_address>0x8e60</load_address>
         <run_address>0x8e60</run_address>
         <size>0x1c0</size>
         <input_file_ref idref="fl-b6"/>
      </object_component>
      <object_component id="oc-137">
         <name>.text</name>
         <load_address>0x9020</load_address>
         <run_address>0x9020</run_address>
         <size>0x1c0</size>
         <input_file_ref idref="fl-9"/>
      </object_component>
      <object_component id="oc-153">
         <name>.text:_MCBSP_reset</name>
         <load_address>0x91e0</load_address>
         <run_address>0x91e0</run_address>
         <size>0x1a0</size>
         <input_file_ref idref="fl-c4"/>
      </object_component>
      <object_component id="oc-175">
         <name>.text:__ltostr</name>
         <load_address>0x9380</load_address>
         <run_address>0x9380</run_address>
         <size>0x1a0</size>
         <input_file_ref idref="fl-98"/>
      </object_component>
      <object_component id="oc-159">
         <name>.text:__pproc_fflags</name>
         <load_address>0x9520</load_address>
         <run_address>0x9520</run_address>
         <size>0x1a0</size>
         <input_file_ref idref="fl-98"/>
      </object_component>
      <object_component id="oc-16a">
         <name>.text:_ldexp</name>
         <load_address>0x96c0</load_address>
         <run_address>0x96c0</run_address>
         <size>0x1a0</size>
         <input_file_ref idref="fl-aa"/>
      </object_component>
      <object_component id="oc-12d">
         <name>.text:_HOSTlseek</name>
         <load_address>0x9860</load_address>
         <run_address>0x9860</run_address>
         <size>0x160</size>
         <input_file_ref idref="fl-b1"/>
      </object_component>
      <object_component id="oc-182">
         <name>.text:__closefile</name>
         <load_address>0x99c0</load_address>
         <run_address>0x99c0</run_address>
         <size>0x160</size>
         <input_file_ref idref="fl-ba"/>
      </object_component>
      <object_component id="oc-106">
         <name>.text</name>
         <load_address>0x9b20</load_address>
         <run_address>0x9b20</run_address>
         <size>0x160</size>
         <input_file_ref idref="fl-c1"/>
      </object_component>
      <object_component id="oc-12b">
         <name>.text:_HOSTread</name>
         <load_address>0x9c80</load_address>
         <run_address>0x9c80</run_address>
         <size>0x140</size>
         <input_file_ref idref="fl-b1"/>
      </object_component>
      <object_component id="oc-13a">
         <name>.text:__frcmpyd_div</name>
         <load_address>0x9dc0</load_address>
         <run_address>0x9dc0</run_address>
         <size>0x140</size>
         <input_file_ref idref="fl-8e"/>
      </object_component>
      <object_component id="oc-165">
         <name>.text:_atoi</name>
         <load_address>0x9f00</load_address>
         <run_address>0x9f00</run_address>
         <size>0x140</size>
         <input_file_ref idref="fl-9a"/>
      </object_component>
      <object_component id="oc-184">
         <name>.text:_ltoa</name>
         <load_address>0xa040</load_address>
         <run_address>0xa040</run_address>
         <size>0x140</size>
         <input_file_ref idref="fl-ac"/>
      </object_component>
      <object_component id="oc-160">
         <name>.text:_sqrt</name>
         <load_address>0xa180</load_address>
         <run_address>0xa180</run_address>
         <size>0x140</size>
         <input_file_ref idref="fl-95"/>
      </object_component>
      <object_component id="oc-f">
         <name>.text</name>
         <load_address>0xa2c0</load_address>
         <run_address>0xa2c0</run_address>
         <size>0x120</size>
         <input_file_ref idref="fl-2"/>
      </object_component>
      <object_component id="oc-129">
         <name>.text:_HOSTopen</name>
         <load_address>0xa3e0</load_address>
         <run_address>0xa3e0</run_address>
         <size>0x120</size>
         <input_file_ref idref="fl-b1"/>
      </object_component>
      <object_component id="oc-12c">
         <name>.text:_HOSTwrite</name>
         <load_address>0xa500</load_address>
         <run_address>0xa500</run_address>
         <size>0x120</size>
         <input_file_ref idref="fl-b1"/>
      </object_component>
      <object_component id="oc-15d">
         <name>.text:__divi</name>
         <load_address>0xa620</load_address>
         <run_address>0xa620</run_address>
         <size>0x120</size>
         <input_file_ref idref="fl-8c"/>
      </object_component>
      <object_component id="oc-161">
         <name>.text:__wrt_ok</name>
         <load_address>0xa740</load_address>
         <run_address>0xa740</run_address>
         <size>0x120</size>
         <input_file_ref idref="fl-b3"/>
      </object_component>
      <object_component id="oc-189">
         <name>.text:_close</name>
         <load_address>0xa860</load_address>
         <run_address>0xa860</run_address>
         <size>0x120</size>
         <input_file_ref idref="fl-ab"/>
      </object_component>
      <object_component id="oc-169">
         <name>.text:_frexp</name>
         <load_address>0xa980</load_address>
         <run_address>0xa980</run_address>
         <size>0x120</size>
         <input_file_ref idref="fl-a6"/>
      </object_component>
      <object_component id="oc-164">
         <name>.text:_memset</name>
         <load_address>0xaaa0</load_address>
         <run_address>0xaaa0</run_address>
         <size>0x120</size>
         <input_file_ref idref="fl-af"/>
      </object_component>
      <object_component id="oc-12a">
         <name>.text:_HOSTclose</name>
         <load_address>0xabc0</load_address>
         <run_address>0xabc0</run_address>
         <size>0x100</size>
         <input_file_ref idref="fl-b1"/>
      </object_component>
      <object_component id="oc-12e">
         <name>.text:_HOSTunlink</name>
         <load_address>0xacc0</load_address>
         <run_address>0xacc0</run_address>
         <size>0x100</size>
         <input_file_ref idref="fl-b1"/>
      </object_component>
      <object_component id="oc-132">
         <name>.text:_MCBSP_open</name>
         <load_address>0xadc0</load_address>
         <run_address>0xadc0</run_address>
         <size>0x100</size>
         <input_file_ref idref="fl-c4"/>
      </object_component>
      <object_component id="oc-133">
         <name>.text:_MCBSP_start</name>
         <load_address>0xaec0</load_address>
         <run_address>0xaec0</run_address>
         <size>0x100</size>
         <input_file_ref idref="fl-c4"/>
      </object_component>
      <object_component id="oc-120">
         <name>.text:__auto_init</name>
         <load_address>0xafc0</load_address>
         <run_address>0xafc0</run_address>
         <size>0x100</size>
         <input_file_ref idref="fl-9b"/>
      </object_component>
      <object_component id="oc-17f">
         <name>.text:__div</name>
         <load_address>0xb0c0</load_address>
         <run_address>0xb0c0</run_address>
         <size>0x100</size>
         <input_file_ref idref="fl-98"/>
      </object_component>
      <object_component id="oc-18c">
         <name>.text:__divli</name>
         <load_address>0xb1c0</load_address>
         <run_address>0xb1c0</run_address>
         <size>0x100</size>
         <input_file_ref idref="fl-a7"/>
      </object_component>
      <object_component id="oc-171">
         <name>.text:__pconv_f</name>
         <load_address>0xb2c0</load_address>
         <run_address>0xb2c0</run_address>
         <size>0x100</size>
         <input_file_ref idref="fl-98"/>
      </object_component>
      <object_component id="oc-176">
         <name>.text:_lseek</name>
         <load_address>0xb3c0</load_address>
         <run_address>0xb3c0</run_address>
         <size>0x100</size>
         <input_file_ref idref="fl-ab"/>
      </object_component>
      <object_component id="oc-127">
         <name>.text:_printf</name>
         <load_address>0xb4c0</load_address>
         <run_address>0xb4c0</run_address>
         <size>0x100</size>
         <input_file_ref idref="fl-93"/>
      </object_component>
      <object_component id="oc-163">
         <name>.text:_write</name>
         <load_address>0xb5c0</load_address>
         <run_address>0xb5c0</run_address>
         <size>0x100</size>
         <input_file_ref idref="fl-ab"/>
      </object_component>
      <object_component id="oc-179">
         <name>.text:__cleanup</name>
         <load_address>0xb6c0</load_address>
         <run_address>0xb6c0</run_address>
         <size>0xe0</size>
         <input_file_ref idref="fl-b8"/>
      </object_component>
      <object_component id="oc-162">
         <name>.text:__doflush</name>
         <load_address>0xb7a0</load_address>
         <run_address>0xb7a0</run_address>
         <size>0xe0</size>
         <input_file_ref idref="fl-b5"/>
      </object_component>
      <object_component id="oc-17b">
         <name>.text:__ecpy</name>
         <load_address>0xb880</load_address>
         <run_address>0xb880</run_address>
         <size>0xe0</size>
         <input_file_ref idref="fl-98"/>
      </object_component>
      <object_component id="oc-17e">
         <name>.text:__fcpy</name>
         <load_address>0xb960</load_address>
         <run_address>0xb960</run_address>
         <size>0xe0</size>
         <input_file_ref idref="fl-98"/>
      </object_component>
      <object_component id="oc-13c">
         <name>.text:__nround</name>
         <load_address>0xba40</load_address>
         <run_address>0xba40</run_address>
         <size>0xe0</size>
         <input_file_ref idref="fl-94"/>
      </object_component>
      <object_component id="oc-130">
         <name>.text:__strasg</name>
         <load_address>0xbb20</load_address>
         <run_address>0xbb20</run_address>
         <size>0xe0</size>
         <input_file_ref idref="fl-c5"/>
      </object_component>
      <object_component id="oc-122">
         <name>.text:_exit</name>
         <load_address>0xbc00</load_address>
         <run_address>0xbc00</run_address>
         <size>0xe0</size>
         <input_file_ref idref="fl-8d"/>
      </object_component>
      <object_component id="oc-181">
         <name>.text:_minsert</name>
         <load_address>0xbce0</load_address>
         <run_address>0xbce0</run_address>
         <size>0xe0</size>
         <input_file_ref idref="fl-b9"/>
      </object_component>
      <object_component id="oc-13d">
         <name>.text:_modf</name>
         <load_address>0xbdc0</load_address>
         <run_address>0xbdc0</run_address>
         <size>0xe0</size>
         <input_file_ref idref="fl-90"/>
      </object_component>
      <object_component id="oc-180">
         <name>.text:_mremove</name>
         <load_address>0xbea0</load_address>
         <run_address>0xbea0</run_address>
         <size>0xe0</size>
         <input_file_ref idref="fl-b9"/>
      </object_component>
      <object_component id="oc-186">
         <name>.text:__divu</name>
         <load_address>0xbf80</load_address>
         <run_address>0xbf80</run_address>
         <size>0xc0</size>
         <input_file_ref idref="fl-a0"/>
      </object_component>
      <object_component id="oc-134">
         <name>.text:_copy_in</name>
         <load_address>0xc040</load_address>
         <run_address>0xc040</run_address>
         <size>0xc0</size>
         <input_file_ref idref="fl-9d"/>
      </object_component>
      <object_component id="oc-191">
         <name>.text:_finddevice</name>
         <load_address>0xc100</load_address>
         <run_address>0xc100</run_address>
         <size>0xc0</size>
         <input_file_ref idref="fl-ab"/>
      </object_component>
      <object_component id="oc-18">
         <name>.text</name>
         <load_address>0xc1c0</load_address>
         <run_address>0xc1c0</run_address>
         <size>0xc0</size>
         <input_file_ref idref="fl-4"/>
      </object_component>
      <object_component id="oc-10c">
         <name>.text</name>
         <load_address>0xc280</load_address>
         <run_address>0xc280</run_address>
         <size>0xc0</size>
         <input_file_ref idref="fl-c2"/>
      </object_component>
      <object_component id="oc-131">
         <name>.text:_MCBSP_close</name>
         <load_address>0xc340</load_address>
         <run_address>0xc340</run_address>
         <size>0xa0</size>
         <input_file_ref idref="fl-c4"/>
      </object_component>
      <object_component id="oc-13e">
         <name>.text:_MCBSP_config</name>
         <load_address>0xc3e0</load_address>
         <run_address>0xc3e0</run_address>
         <size>0xa0</size>
         <input_file_ref idref="fl-c4"/>
      </object_component>
      <object_component id="oc-183">
         <name>.text:__fixdli</name>
         <load_address>0xc480</load_address>
         <run_address>0xc480</run_address>
         <size>0xa0</size>
         <input_file_ref idref="fl-a2"/>
      </object_component>
      <object_component id="oc-155">
         <name>.text:__mpyll</name>
         <load_address>0xc520</load_address>
         <run_address>0xc520</run_address>
         <size>0xa0</size>
         <input_file_ref idref="fl-91"/>
      </object_component>
      <object_component id="oc-18b">
         <name>.text:__remli</name>
         <load_address>0xc5c0</load_address>
         <run_address>0xc5c0</run_address>
         <size>0xa0</size>
         <input_file_ref idref="fl-a7"/>
      </object_component>
      <object_component id="oc-152">
         <name>.text:_readmsg</name>
         <load_address>0xc660</load_address>
         <run_address>0xc660</run_address>
         <size>0xa0</size>
         <input_file_ref idref="fl-b2"/>
      </object_component>
      <object_component id="oc-156">
         <name>.text:_setMux</name>
         <load_address>0xc700</load_address>
         <run_address>0xc700</run_address>
         <size>0xa0</size>
         <input_file_ref idref="fl-c3"/>
      </object_component>
      <object_component id="oc-18f">
         <name>.text:_unlink</name>
         <load_address>0xc7a0</load_address>
         <run_address>0xc7a0</run_address>
         <size>0xa0</size>
         <input_file_ref idref="fl-ab"/>
      </object_component>
      <object_component id="oc-151">
         <name>.text:_writemsg</name>
         <load_address>0xc840</load_address>
         <run_address>0xc840</run_address>
         <size>0xa0</size>
         <input_file_ref idref="fl-b2"/>
      </object_component>
      <object_component id="oc-136">
         <name>.text:___TI_cpp_init</name>
         <load_address>0xc8e0</load_address>
         <run_address>0xc8e0</run_address>
         <size>0x80</size>
         <input_file_ref idref="fl-9c"/>
      </object_component>
      <object_component id="oc-185">
         <name>.text:__fltlid</name>
         <load_address>0xc960</load_address>
         <run_address>0xc960</run_address>
         <size>0x80</size>
         <input_file_ref idref="fl-a3"/>
      </object_component>
      <object_component id="oc-18d">
         <name>.text:__llshl</name>
         <load_address>0xc9e0</load_address>
         <run_address>0xc9e0</run_address>
         <size>0x80</size>
         <input_file_ref idref="fl-8f"/>
      </object_component>
      <object_component id="oc-e">
         <name>.text:_c_int00</name>
         <load_address>0xca60</load_address>
         <run_address>0xca60</run_address>
         <size>0x80</size>
         <input_file_ref idref="fl-89"/>
      </object_component>
      <object_component id="oc-168">
         <name>.text:_memccpy</name>
         <load_address>0xcae0</load_address>
         <run_address>0xcae0</run_address>
         <size>0x80</size>
         <input_file_ref idref="fl-ad"/>
      </object_component>
      <object_component id="oc-fc">
         <name>.text</name>
         <load_address>0xcb60</load_address>
         <run_address>0xcb60</run_address>
         <size>0x80</size>
         <input_file_ref idref="fl-bf"/>
      </object_component>
      <object_component id="oc-16f">
         <name>.text:___isinf</name>
         <load_address>0xcbe0</load_address>
         <run_address>0xcbe0</run_address>
         <size>0x60</size>
         <input_file_ref idref="fl-a9"/>
      </object_component>
      <object_component id="oc-139">
         <name>.text:__llshru</name>
         <load_address>0xcc40</load_address>
         <run_address>0xcc40</run_address>
         <size>0x60</size>
         <input_file_ref idref="fl-8f"/>
      </object_component>
      <object_component id="oc-18e">
         <name>.text:__subcull</name>
         <load_address>0xcca0</load_address>
         <run_address>0xcca0</run_address>
         <size>0x60</size>
         <input_file_ref idref="fl-a8"/>
      </object_component>
      <object_component id="oc-149">
         <name>.text:_IRQ_enable</name>
         <load_address>0xcd00</load_address>
         <run_address>0xcd00</run_address>
         <size>0x40</size>
         <input_file_ref idref="fl-c3"/>
      </object_component>
      <object_component id="oc-146">
         <name>.text:_IRQ_reset</name>
         <load_address>0xcd40</load_address>
         <run_address>0xcd40</run_address>
         <size>0x40</size>
         <input_file_ref idref="fl-c3"/>
      </object_component>
      <object_component id="oc-16e">
         <name>.text:___isnan</name>
         <load_address>0xcd80</load_address>
         <run_address>0xcd80</run_address>
         <size>0x40</size>
         <input_file_ref idref="fl-98"/>
      </object_component>
      <object_component id="oc-121">
         <name>.text:__args_main</name>
         <load_address>0xcdc0</load_address>
         <run_address>0xcdc0</run_address>
         <size>0x40</size>
         <input_file_ref idref="fl-99"/>
      </object_component>
      <object_component id="oc-13b">
         <name>.text:__trunc</name>
         <load_address>0xce00</load_address>
         <run_address>0xce00</run_address>
         <size>0x40</size>
         <input_file_ref idref="fl-96"/>
      </object_component>
      <object_component id="oc-13">
         <name>.text</name>
         <load_address>0xce40</load_address>
         <run_address>0xce40</run_address>
         <size>0x20</size>
         <input_file_ref idref="fl-3"/>
      </object_component>
      <object_component id="oc-143">
         <name>.text:_IRQ_globalDisable</name>
         <load_address>0xce60</load_address>
         <run_address>0xce60</run_address>
         <size>0x20</size>
         <input_file_ref idref="fl-c3"/>
      </object_component>
      <object_component id="oc-147">
         <name>.text:_IRQ_globalEnable</name>
         <load_address>0xce80</load_address>
         <run_address>0xce80</run_address>
         <size>0x20</size>
         <input_file_ref idref="fl-c3"/>
      </object_component>
      <object_component id="oc-148">
         <name>.text:_IRQ_nmiEnable</name>
         <load_address>0xcea0</load_address>
         <run_address>0xcea0</run_address>
         <size>0x20</size>
         <input_file_ref idref="fl-c3"/>
      </object_component>
      <object_component id="oc-144">
         <name>.text:_MCBSP_getXmtEventId</name>
         <load_address>0xcec0</load_address>
         <run_address>0xcec0</run_address>
         <size>0x20</size>
         <input_file_ref idref="fl-c4"/>
      </object_component>
      <object_component id="oc-142">
         <name>.text:_MCBSP_read</name>
         <load_address>0xcee0</load_address>
         <run_address>0xcee0</run_address>
         <size>0x20</size>
         <input_file_ref idref="fl-c4"/>
      </object_component>
      <object_component id="oc-141">
         <name>.text:_MCBSP_rrdy</name>
         <load_address>0xcf00</load_address>
         <run_address>0xcf00</run_address>
         <size>0x20</size>
         <input_file_ref idref="fl-c4"/>
      </object_component>
      <object_component id="oc-140">
         <name>.text:_MCBSP_write</name>
         <load_address>0xcf20</load_address>
         <run_address>0xcf20</run_address>
         <size>0x20</size>
         <input_file_ref idref="fl-c4"/>
      </object_component>
      <object_component id="oc-13f">
         <name>.text:_MCBSP_xrdy</name>
         <load_address>0xcf40</load_address>
         <run_address>0xcf40</run_address>
         <size>0x20</size>
         <input_file_ref idref="fl-c4"/>
      </object_component>
      <object_component id="oc-174">
         <name>.text:__negll</name>
         <load_address>0xcf60</load_address>
         <run_address>0xcf60</run_address>
         <size>0x20</size>
         <input_file_ref idref="fl-b0"/>
      </object_component>
      <object_component id="oc-128">
         <name>.text:__nop</name>
         <load_address>0xcf80</load_address>
         <run_address>0xcf80</run_address>
         <size>0x20</size>
         <input_file_ref idref="fl-97"/>
      </object_component>
      <object_component id="oc-14f">
         <name>.text:__outc</name>
         <load_address>0xcfa0</load_address>
         <run_address>0xcfa0</run_address>
         <size>0x20</size>
         <input_file_ref idref="fl-93"/>
      </object_component>
      <object_component id="oc-14e">
         <name>.text:__outs</name>
         <load_address>0xcfc0</load_address>
         <run_address>0xcfc0</run_address>
         <size>0x20</size>
         <input_file_ref idref="fl-93"/>
      </object_component>
      <object_component id="oc-138">
         <name>.text:_abort</name>
         <load_address>0xcfe0</load_address>
         <run_address>0xcfe0</run_address>
         <size>0x20</size>
         <input_file_ref idref="fl-8d"/>
      </object_component>
      <object_component id="oc-18a">
         <name>.text:_remove</name>
         <load_address>0xd000</load_address>
         <run_address>0xd000</run_address>
         <size>0x20</size>
         <input_file_ref idref="fl-bb"/>
      </object_component>
      <object_component id="oc-112">
         <name>.text</name>
         <load_address>0xd020</load_address>
         <run_address>0xd020</run_address>
         <size>0x20</size>
         <input_file_ref idref="fl-c3"/>
      </object_component>
      <object_component id="oc-31">
         <name>.cinit</name>
         <load_address>0x10d20</load_address>
         <run_address>0x10d20</run_address>
         <size>0x18c</size>
         <input_file_ref idref="fl-9"/>
      </object_component>
      <object_component id="oc-61">
         <name>.cinit</name>
         <load_address>0x10eb0</load_address>
         <run_address>0x10eb0</run_address>
         <size>0x140</size>
         <input_file_ref idref="fl-92"/>
      </object_component>
      <object_component id="oc-113">
         <name>.cinit</name>
         <load_address>0x10ff0</load_address>
         <run_address>0x10ff0</run_address>
         <size>0x12c</size>
         <input_file_ref idref="fl-c3"/>
      </object_component>
      <object_component id="oc-3a">
         <name>.cinit</name>
         <load_address>0x11120</load_address>
         <run_address>0x11120</run_address>
         <size>0x88</size>
         <input_file_ref idref="fl-a"/>
      </object_component>
      <object_component id="oc-8c">
         <name>.cinit</name>
         <load_address>0x111a8</load_address>
         <run_address>0x111a8</run_address>
         <size>0x5c</size>
         <input_file_ref idref="fl-9f"/>
      </object_component>
      <object_component id="oc-b3">
         <name>.cinit</name>
         <load_address>0x11208</load_address>
         <run_address>0x11208</run_address>
         <size>0x5c</size>
         <input_file_ref idref="fl-ab"/>
      </object_component>
      <object_component id="oc-1d">
         <name>.cinit</name>
         <load_address>0x11268</load_address>
         <run_address>0x11268</run_address>
         <size>0x58</size>
         <input_file_ref idref="fl-5"/>
      </object_component>
      <object_component id="oc-118">
         <name>.cinit</name>
         <load_address>0x112c0</load_address>
         <run_address>0x112c0</run_address>
         <size>0x54</size>
         <input_file_ref idref="fl-c4"/>
      </object_component>
      <object_component id="oc-45">
         <name>.cinit</name>
         <load_address>0x11318</load_address>
         <run_address>0x11318</run_address>
         <size>0x48</size>
         <input_file_ref idref="fl-8a"/>
      </object_component>
      <object_component id="oc-107">
         <name>.cinit</name>
         <load_address>0x11360</load_address>
         <run_address>0x11360</run_address>
         <size>0x30</size>
         <input_file_ref idref="fl-c1"/>
      </object_component>
      <object_component id="oc-2b">
         <name>.cinit</name>
         <load_address>0x11390</load_address>
         <run_address>0x11390</run_address>
         <size>0x2c</size>
         <input_file_ref idref="fl-8"/>
      </object_component>
      <object_component id="oc-50">
         <name>.cinit</name>
         <load_address>0x113c0</load_address>
         <run_address>0x113c0</run_address>
         <size>0x2c</size>
         <input_file_ref idref="fl-8d"/>
      </object_component>
      <object_component id="oc-e3">
         <name>.cinit</name>
         <load_address>0x113f0</load_address>
         <run_address>0x113f0</run_address>
         <size>0x2c</size>
         <input_file_ref idref="fl-b9"/>
      </object_component>
      <object_component id="oc-10d">
         <name>.cinit</name>
         <load_address>0x11420</load_address>
         <run_address>0x11420</run_address>
         <size>0x28</size>
         <input_file_ref idref="fl-c2"/>
      </object_component>
      <object_component id="oc-72">
         <name>.cinit</name>
         <load_address>0x11448</load_address>
         <run_address>0x11448</run_address>
         <size>0x1c</size>
         <input_file_ref idref="fl-97"/>
      </object_component>
      <object_component id="oc-93">
         <name>.cinit</name>
         <load_address>0x11468</load_address>
         <run_address>0x11468</run_address>
         <size>0xc</size>
         <input_file_ref idref="fl-a1"/>
      </object_component>
      <object_component id="oc-de">
         <name>.cinit</name>
         <load_address>0x11478</load_address>
         <run_address>0x11478</run_address>
         <size>0xc</size>
         <input_file_ref idref="fl-b8"/>
      </object_component>
      <object_component id="oc-41">
         <name>.stack</name>
         <uninitialized>true</uninitialized>
         <run_address>0xed20</run_address>
         <size>0x8</size>
         <input_file_ref idref="fl-89"/>
      </object_component>
      <object_component id="oc-1a7">
         <name>.stack</name>
         <uninitialized>true</uninitialized>
         <run_address>0xed20</run_address>
         <size>0x0</size>
      </object_component>
      <object_component id="oc-e5">
         <name>.sysmem</name>
         <uninitialized>true</uninitialized>
         <run_address>0xfd20</run_address>
         <size>0x8</size>
         <input_file_ref idref="fl-b9"/>
      </object_component>
      <object_component id="oc-1a8">
         <name>.sysmem</name>
         <uninitialized>true</uninitialized>
         <run_address>0xfd20</run_address>
         <size>0x0</size>
      </object_component>
      <object_component id="oc-16d">
         <name>.const:.string:__ctypes_</name>
         <load_address>0x11490</load_address>
         <run_address>0x11490</run_address>
         <size>0x101</size>
         <input_file_ref idref="fl-9e"/>
      </object_component>
      <object_component id="oc-a0">
         <name>.const:.string</name>
         <load_address>0x11591</load_address>
         <run_address>0x11591</run_address>
         <size>0x2</size>
         <input_file_ref idref="fl-a5"/>
      </object_component>
      <object_component id="oc-14c">
         <name>.const:_IIR_COEFFS</name>
         <load_address>0x11594</load_address>
         <run_address>0x11594</run_address>
         <size>0xf0</size>
         <input_file_ref idref="fl-8"/>
      </object_component>
      <object_component id="oc-102">
         <name>.const</name>
         <load_address>0x11684</load_address>
         <run_address>0x11684</run_address>
         <size>0x40</size>
         <input_file_ref idref="fl-c0"/>
      </object_component>
      <object_component id="oc-3c">
         <name>.const:.string</name>
         <load_address>0x116c4</load_address>
         <run_address>0x116c4</run_address>
         <size>0x2c</size>
         <input_file_ref idref="fl-a"/>
      </object_component>
      <object_component id="oc-77">
         <name>.const:.string</name>
         <load_address>0x116f0</load_address>
         <run_address>0x116f0</run_address>
         <size>0x23</size>
         <input_file_ref idref="fl-98"/>
      </object_component>
      <object_component id="oc-f8">
         <name>.const</name>
         <load_address>0x11714</load_address>
         <run_address>0x11714</run_address>
         <size>0x20</size>
         <input_file_ref idref="fl-be"/>
      </object_component>
      <object_component id="oc-35">
         <name>.const:.string</name>
         <load_address>0x11734</load_address>
         <run_address>0x11734</run_address>
         <size>0x10</size>
         <input_file_ref idref="fl-9"/>
      </object_component>
      <object_component id="oc-14a">
         <name>.const:_IIR_NB_ORDRE2</name>
         <load_address>0x11744</load_address>
         <run_address>0x11744</run_address>
         <size>0x4</size>
         <input_file_ref idref="fl-8"/>
      </object_component>
      <object_component id="oc-33">
         <name>.const</name>
         <load_address>0x11748</load_address>
         <run_address>0x11748</run_address>
         <size>0xc</size>
         <input_file_ref idref="fl-9"/>
      </object_component>
      <object_component id="oc-14d">
         <name>.const:_IIR_GAINS</name>
         <load_address>0x11754</load_address>
         <run_address>0x11754</run_address>
         <size>0x8</size>
         <input_file_ref idref="fl-8"/>
      </object_component>
      <object_component id="oc-14b">
         <name>.const:_IIR_NO_LIGNE</name>
         <load_address>0x1175c</load_address>
         <run_address>0x1175c</run_address>
         <size>0x4</size>
         <input_file_ref idref="fl-8"/>
      </object_component>
      <object_component id="oc-1e">
         <name>.far</name>
         <uninitialized>true</uninitialized>
         <run_address>0xebd0</run_address>
         <size>0x58</size>
         <input_file_ref idref="fl-5"/>
      </object_component>
      <object_component id="oc-2c">
         <name>.far</name>
         <uninitialized>true</uninitialized>
         <run_address>0xeb58</run_address>
         <size>0x78</size>
         <input_file_ref idref="fl-8"/>
      </object_component>
      <object_component id="oc-32">
         <name>.far</name>
         <uninitialized>true</uninitialized>
         <run_address>0xd080</run_address>
         <size>0x1400</size>
         <input_file_ref idref="fl-9"/>
      </object_component>
      <object_component id="oc-3b">
         <name>.far</name>
         <uninitialized>true</uninitialized>
         <run_address>0xead8</run_address>
         <size>0x80</size>
         <input_file_ref idref="fl-a"/>
      </object_component>
      <object_component id="oc-46">
         <name>.far</name>
         <uninitialized>true</uninitialized>
         <run_address>0xec28</run_address>
         <size>0x40</size>
         <input_file_ref idref="fl-8a"/>
      </object_component>
      <object_component id="oc-51">
         <name>.far</name>
         <uninitialized>true</uninitialized>
         <run_address>0xece8</run_address>
         <size>0xc</size>
         <input_file_ref idref="fl-8d"/>
      </object_component>
      <object_component id="oc-62">
         <name>.far</name>
         <uninitialized>true</uninitialized>
         <run_address>0xe7a8</run_address>
         <size>0x120</size>
         <input_file_ref idref="fl-92"/>
      </object_component>
      <object_component id="oc-73">
         <name>.far</name>
         <uninitialized>true</uninitialized>
         <run_address>0xecfc</run_address>
         <size>0x8</size>
         <input_file_ref idref="fl-97"/>
      </object_component>
      <object_component id="oc-8d">
         <name>.far</name>
         <uninitialized>true</uninitialized>
         <run_address>0xe480</run_address>
         <size>0x324</size>
         <input_file_ref idref="fl-9f"/>
      </object_component>
      <object_component id="oc-94">
         <name>.far</name>
         <uninitialized>true</uninitialized>
         <run_address>0xe7a4</run_address>
         <size>0x4</size>
         <input_file_ref idref="fl-a1"/>
      </object_component>
      <object_component id="oc-b4">
         <name>.far</name>
         <uninitialized>true</uninitialized>
         <run_address>0xe8c8</run_address>
         <size>0x11c</size>
         <input_file_ref idref="fl-ab"/>
      </object_component>
      <object_component id="oc-c7">
         <name>.far</name>
         <uninitialized>true</uninitialized>
         <run_address>0xed0c</run_address>
         <size>0x8</size>
         <input_file_ref idref="fl-b1"/>
      </object_component>
      <object_component id="oc-df">
         <name>.far</name>
         <uninitialized>true</uninitialized>
         <run_address>0xed14</run_address>
         <size>0x4</size>
         <input_file_ref idref="fl-b8"/>
      </object_component>
      <object_component id="oc-e4">
         <name>.far</name>
         <uninitialized>true</uninitialized>
         <run_address>0xed04</run_address>
         <size>0x8</size>
         <input_file_ref idref="fl-b9"/>
      </object_component>
      <object_component id="oc-f7">
         <name>.far</name>
         <uninitialized>true</uninitialized>
         <run_address>0xed18</run_address>
         <size>0x2</size>
         <input_file_ref idref="fl-be"/>
      </object_component>
      <object_component id="oc-101">
         <name>.far</name>
         <uninitialized>true</uninitialized>
         <run_address>0xecf4</run_address>
         <size>0x8</size>
         <input_file_ref idref="fl-c0"/>
      </object_component>
      <object_component id="oc-108">
         <name>.far</name>
         <uninitialized>true</uninitialized>
         <run_address>0xeca0</run_address>
         <size>0x28</size>
         <input_file_ref idref="fl-c1"/>
      </object_component>
      <object_component id="oc-10e">
         <name>.far</name>
         <uninitialized>true</uninitialized>
         <run_address>0xecc8</run_address>
         <size>0x20</size>
         <input_file_ref idref="fl-c2"/>
      </object_component>
      <object_component id="oc-114">
         <name>.far</name>
         <uninitialized>true</uninitialized>
         <run_address>0xe9e4</run_address>
         <size>0xf4</size>
         <input_file_ref idref="fl-c3"/>
      </object_component>
      <object_component id="oc-119">
         <name>.far</name>
         <uninitialized>true</uninitialized>
         <run_address>0xec68</run_address>
         <size>0x38</size>
         <input_file_ref idref="fl-c4"/>
      </object_component>
      <object_component id="oc-cb">
         <name>.cio</name>
         <uninitialized>true</uninitialized>
         <run_address>0x11760</run_address>
         <size>0x120</size>
         <input_file_ref idref="fl-b2"/>
      </object_component>
      <object_component id="oc-10">
         <name>.debug_info</name>
         <load_address>0x0</load_address>
         <run_address>0x0</run_address>
         <size>0x10c</size>
         <input_file_ref idref="fl-2"/>
      </object_component>
      <object_component id="oc-15">
         <name>.debug_info</name>
         <load_address>0x10c</load_address>
         <run_address>0x10c</run_address>
         <size>0x123</size>
         <input_file_ref idref="fl-3"/>
      </object_component>
      <object_component id="oc-19">
         <name>.debug_info</name>
         <load_address>0x22f</load_address>
         <run_address>0x22f</run_address>
         <size>0xd7</size>
         <input_file_ref idref="fl-4"/>
      </object_component>
      <object_component id="oc-1c">
         <name>.debug_info</name>
         <load_address>0x306</load_address>
         <run_address>0x306</run_address>
         <size>0x16d0</size>
         <input_file_ref idref="fl-5"/>
      </object_component>
      <object_component id="oc-22">
         <name>.debug_info</name>
         <load_address>0x19d6</load_address>
         <run_address>0x19d6</run_address>
         <size>0x621</size>
         <input_file_ref idref="fl-6"/>
      </object_component>
      <object_component id="oc-26">
         <name>.debug_info</name>
         <load_address>0x1ff7</load_address>
         <run_address>0x1ff7</run_address>
         <size>0x8c6</size>
         <input_file_ref idref="fl-7"/>
      </object_component>
      <object_component id="oc-2a">
         <name>.debug_info</name>
         <load_address>0x28bd</load_address>
         <run_address>0x28bd</run_address>
         <size>0xbd5</size>
         <input_file_ref idref="fl-8"/>
      </object_component>
      <object_component id="oc-30">
         <name>.debug_info</name>
         <load_address>0x3492</load_address>
         <run_address>0x3492</run_address>
         <size>0xf0d</size>
         <input_file_ref idref="fl-9"/>
      </object_component>
      <object_component id="oc-39">
         <name>.debug_info</name>
         <load_address>0x439f</load_address>
         <run_address>0x439f</run_address>
         <size>0x1277</size>
         <input_file_ref idref="fl-a"/>
      </object_component>
      <object_component id="oc-40">
         <name>.debug_info</name>
         <load_address>0x5616</load_address>
         <run_address>0x5616</run_address>
         <size>0x70b</size>
         <input_file_ref idref="fl-89"/>
      </object_component>
      <object_component id="oc-44">
         <name>.debug_info</name>
         <load_address>0x5d21</load_address>
         <run_address>0x5d21</run_address>
         <size>0x717</size>
         <input_file_ref idref="fl-8a"/>
      </object_component>
      <object_component id="oc-49">
         <name>.debug_info</name>
         <load_address>0x6438</load_address>
         <run_address>0x6438</run_address>
         <size>0x982</size>
         <input_file_ref idref="fl-8b"/>
      </object_component>
      <object_component id="oc-4c">
         <name>.debug_info</name>
         <load_address>0x6dba</load_address>
         <run_address>0x6dba</run_address>
         <size>0xd0</size>
         <input_file_ref idref="fl-8c"/>
      </object_component>
      <object_component id="oc-4f">
         <name>.debug_info</name>
         <load_address>0x6e8a</load_address>
         <run_address>0x6e8a</run_address>
         <size>0x7ff</size>
         <input_file_ref idref="fl-8d"/>
      </object_component>
      <object_component id="oc-54">
         <name>.debug_info</name>
         <load_address>0x7689</load_address>
         <run_address>0x7689</run_address>
         <size>0x6a4</size>
         <input_file_ref idref="fl-8e"/>
      </object_component>
      <object_component id="oc-57">
         <name>.debug_info</name>
         <load_address>0x7d2d</load_address>
         <run_address>0x7d2d</run_address>
         <size>0x701</size>
         <input_file_ref idref="fl-8f"/>
      </object_component>
      <object_component id="oc-5a">
         <name>.debug_info</name>
         <load_address>0x842e</load_address>
         <run_address>0x842e</run_address>
         <size>0x680</size>
         <input_file_ref idref="fl-90"/>
      </object_component>
      <object_component id="oc-5d">
         <name>.debug_info</name>
         <load_address>0x8aae</load_address>
         <run_address>0x8aae</run_address>
         <size>0x6b7</size>
         <input_file_ref idref="fl-91"/>
      </object_component>
      <object_component id="oc-60">
         <name>.debug_info</name>
         <load_address>0x9165</load_address>
         <run_address>0x9165</run_address>
         <size>0x8b9</size>
         <input_file_ref idref="fl-92"/>
      </object_component>
      <object_component id="oc-65">
         <name>.debug_info</name>
         <load_address>0x9a1e</load_address>
         <run_address>0x9a1e</run_address>
         <size>0x902</size>
         <input_file_ref idref="fl-93"/>
      </object_component>
      <object_component id="oc-68">
         <name>.debug_info</name>
         <load_address>0xa320</load_address>
         <run_address>0xa320</run_address>
         <size>0x659</size>
         <input_file_ref idref="fl-94"/>
      </object_component>
      <object_component id="oc-6b">
         <name>.debug_info</name>
         <load_address>0xa979</load_address>
         <run_address>0xa979</run_address>
         <size>0x88f</size>
         <input_file_ref idref="fl-95"/>
      </object_component>
      <object_component id="oc-6e">
         <name>.debug_info</name>
         <load_address>0xb208</load_address>
         <run_address>0xb208</run_address>
         <size>0x651</size>
         <input_file_ref idref="fl-96"/>
      </object_component>
      <object_component id="oc-71">
         <name>.debug_info</name>
         <load_address>0xb859</load_address>
         <run_address>0xb859</run_address>
         <size>0x64c</size>
         <input_file_ref idref="fl-97"/>
      </object_component>
      <object_component id="oc-76">
         <name>.debug_info</name>
         <load_address>0xbea5</load_address>
         <run_address>0xbea5</run_address>
         <size>0x2bda</size>
         <input_file_ref idref="fl-98"/>
      </object_component>
      <object_component id="oc-7a">
         <name>.debug_info</name>
         <load_address>0xea7f</load_address>
         <run_address>0xea7f</run_address>
         <size>0x6e1</size>
         <input_file_ref idref="fl-99"/>
      </object_component>
      <object_component id="oc-7d">
         <name>.debug_info</name>
         <load_address>0xf160</load_address>
         <run_address>0xf160</run_address>
         <size>0x722</size>
         <input_file_ref idref="fl-9a"/>
      </object_component>
      <object_component id="oc-80">
         <name>.debug_info</name>
         <load_address>0xf882</load_address>
         <run_address>0xf882</run_address>
         <size>0x871</size>
         <input_file_ref idref="fl-9b"/>
      </object_component>
      <object_component id="oc-83">
         <name>.debug_info</name>
         <load_address>0x100f3</load_address>
         <run_address>0x100f3</run_address>
         <size>0x6e9</size>
         <input_file_ref idref="fl-9c"/>
      </object_component>
      <object_component id="oc-86">
         <name>.debug_info</name>
         <load_address>0x107dc</load_address>
         <run_address>0x107dc</run_address>
         <size>0x7df</size>
         <input_file_ref idref="fl-9d"/>
      </object_component>
      <object_component id="oc-89">
         <name>.debug_info</name>
         <load_address>0x10fbb</load_address>
         <run_address>0x10fbb</run_address>
         <size>0x5fa</size>
         <input_file_ref idref="fl-9e"/>
      </object_component>
      <object_component id="oc-8b">
         <name>.debug_info</name>
         <load_address>0x115b5</load_address>
         <run_address>0x115b5</run_address>
         <size>0x6e7</size>
         <input_file_ref idref="fl-9f"/>
      </object_component>
      <object_component id="oc-8f">
         <name>.debug_info</name>
         <load_address>0x11c9c</load_address>
         <run_address>0x11c9c</run_address>
         <size>0xd0</size>
         <input_file_ref idref="fl-a0"/>
      </object_component>
      <object_component id="oc-92">
         <name>.debug_info</name>
         <load_address>0x11d6c</load_address>
         <run_address>0x11d6c</run_address>
         <size>0x5e2</size>
         <input_file_ref idref="fl-a1"/>
      </object_component>
      <object_component id="oc-96">
         <name>.debug_info</name>
         <load_address>0x1234e</load_address>
         <run_address>0x1234e</run_address>
         <size>0x691</size>
         <input_file_ref idref="fl-a2"/>
      </object_component>
      <object_component id="oc-99">
         <name>.debug_info</name>
         <load_address>0x129df</load_address>
         <run_address>0x129df</run_address>
         <size>0x6aa</size>
         <input_file_ref idref="fl-a3"/>
      </object_component>
      <object_component id="oc-9c">
         <name>.debug_info</name>
         <load_address>0x13089</load_address>
         <run_address>0x13089</run_address>
         <size>0x82a</size>
         <input_file_ref idref="fl-a4"/>
      </object_component>
      <object_component id="oc-9f">
         <name>.debug_info</name>
         <load_address>0x138b3</load_address>
         <run_address>0x138b3</run_address>
         <size>0xb90</size>
         <input_file_ref idref="fl-a5"/>
      </object_component>
      <object_component id="oc-a3">
         <name>.debug_info</name>
         <load_address>0x14443</load_address>
         <run_address>0x14443</run_address>
         <size>0x69b</size>
         <input_file_ref idref="fl-a6"/>
      </object_component>
      <object_component id="oc-a6">
         <name>.debug_info</name>
         <load_address>0x14ade</load_address>
         <run_address>0x14ade</run_address>
         <size>0x7bd</size>
         <input_file_ref idref="fl-a7"/>
      </object_component>
      <object_component id="oc-a9">
         <name>.debug_info</name>
         <load_address>0x1529b</load_address>
         <run_address>0x1529b</run_address>
         <size>0x7b8</size>
         <input_file_ref idref="fl-a8"/>
      </object_component>
      <object_component id="oc-ac">
         <name>.debug_info</name>
         <load_address>0x15a53</load_address>
         <run_address>0x15a53</run_address>
         <size>0x816</size>
         <input_file_ref idref="fl-a9"/>
      </object_component>
      <object_component id="oc-af">
         <name>.debug_info</name>
         <load_address>0x16269</load_address>
         <run_address>0x16269</run_address>
         <size>0x697</size>
         <input_file_ref idref="fl-aa"/>
      </object_component>
      <object_component id="oc-b2">
         <name>.debug_info</name>
         <load_address>0x16900</load_address>
         <run_address>0x16900</run_address>
         <size>0xf67</size>
         <input_file_ref idref="fl-ab"/>
      </object_component>
      <object_component id="oc-b7">
         <name>.debug_info</name>
         <load_address>0x17867</load_address>
         <run_address>0x17867</run_address>
         <size>0x748</size>
         <input_file_ref idref="fl-ac"/>
      </object_component>
      <object_component id="oc-ba">
         <name>.debug_info</name>
         <load_address>0x17faf</load_address>
         <run_address>0x17faf</run_address>
         <size>0x6ec</size>
         <input_file_ref idref="fl-ad"/>
      </object_component>
      <object_component id="oc-bd">
         <name>.debug_info</name>
         <load_address>0x1869b</load_address>
         <run_address>0x1869b</run_address>
         <size>0x792</size>
         <input_file_ref idref="fl-ae"/>
      </object_component>
      <object_component id="oc-c0">
         <name>.debug_info</name>
         <load_address>0x18e2d</load_address>
         <run_address>0x18e2d</run_address>
         <size>0x730</size>
         <input_file_ref idref="fl-af"/>
      </object_component>
      <object_component id="oc-c3">
         <name>.debug_info</name>
         <load_address>0x1955d</load_address>
         <run_address>0x1955d</run_address>
         <size>0x618</size>
         <input_file_ref idref="fl-b0"/>
      </object_component>
      <object_component id="oc-c6">
         <name>.debug_info</name>
         <load_address>0x19b75</load_address>
         <run_address>0x19b75</run_address>
         <size>0xf02</size>
         <input_file_ref idref="fl-b1"/>
      </object_component>
      <object_component id="oc-ca">
         <name>.debug_info</name>
         <load_address>0x1aa77</load_address>
         <run_address>0x1aa77</run_address>
         <size>0x8d1</size>
         <input_file_ref idref="fl-b2"/>
      </object_component>
      <object_component id="oc-ce">
         <name>.debug_info</name>
         <load_address>0x1b348</load_address>
         <run_address>0x1b348</run_address>
         <size>0x75a</size>
         <input_file_ref idref="fl-b3"/>
      </object_component>
      <object_component id="oc-d1">
         <name>.debug_info</name>
         <load_address>0x1baa2</load_address>
         <run_address>0x1baa2</run_address>
         <size>0x5cc</size>
         <input_file_ref idref="fl-b4"/>
      </object_component>
      <object_component id="oc-d4">
         <name>.debug_info</name>
         <load_address>0x1c06e</load_address>
         <run_address>0x1c06e</run_address>
         <size>0x781</size>
         <input_file_ref idref="fl-b5"/>
      </object_component>
      <object_component id="oc-d7">
         <name>.debug_info</name>
         <load_address>0x1c7ef</load_address>
         <run_address>0x1c7ef</run_address>
         <size>0x7b9</size>
         <input_file_ref idref="fl-b6"/>
      </object_component>
      <object_component id="oc-da">
         <name>.debug_info</name>
         <load_address>0x1cfa8</load_address>
         <run_address>0x1cfa8</run_address>
         <size>0x813</size>
         <input_file_ref idref="fl-b7"/>
      </object_component>
      <object_component id="oc-dd">
         <name>.debug_info</name>
         <load_address>0x1d7bb</load_address>
         <run_address>0x1d7bb</run_address>
         <size>0x885</size>
         <input_file_ref idref="fl-b8"/>
      </object_component>
      <object_component id="oc-e2">
         <name>.debug_info</name>
         <load_address>0x1e040</load_address>
         <run_address>0x1e040</run_address>
         <size>0xb47</size>
         <input_file_ref idref="fl-b9"/>
      </object_component>
      <object_component id="oc-e8">
         <name>.debug_info</name>
         <load_address>0x1eb87</load_address>
         <run_address>0x1eb87</run_address>
         <size>0x806</size>
         <input_file_ref idref="fl-ba"/>
      </object_component>
      <object_component id="oc-eb">
         <name>.debug_info</name>
         <load_address>0x1f38d</load_address>
         <run_address>0x1f38d</run_address>
         <size>0x664</size>
         <input_file_ref idref="fl-bb"/>
      </object_component>
      <object_component id="oc-f0">
         <name>.debug_info</name>
         <load_address>0x1f9f1</load_address>
         <run_address>0x1f9f1</run_address>
         <size>0xb1</size>
         <input_file_ref idref="fl-bc"/>
      </object_component>
      <object_component id="oc-f4">
         <name>.debug_info</name>
         <load_address>0x1faa2</load_address>
         <run_address>0x1faa2</run_address>
         <size>0xaf</size>
         <input_file_ref idref="fl-bd"/>
      </object_component>
      <object_component id="oc-fa">
         <name>.debug_info</name>
         <load_address>0x1fb51</load_address>
         <run_address>0x1fb51</run_address>
         <size>0xa4e</size>
         <input_file_ref idref="fl-be"/>
      </object_component>
      <object_component id="oc-fe">
         <name>.debug_info</name>
         <load_address>0x2059f</load_address>
         <run_address>0x2059f</run_address>
         <size>0x7c9</size>
         <input_file_ref idref="fl-bf"/>
      </object_component>
      <object_component id="oc-104">
         <name>.debug_info</name>
         <load_address>0x20d68</load_address>
         <run_address>0x20d68</run_address>
         <size>0xa20</size>
         <input_file_ref idref="fl-c0"/>
      </object_component>
      <object_component id="oc-10a">
         <name>.debug_info</name>
         <load_address>0x21788</load_address>
         <run_address>0x21788</run_address>
         <size>0xaa0</size>
         <input_file_ref idref="fl-c1"/>
      </object_component>
      <object_component id="oc-110">
         <name>.debug_info</name>
         <load_address>0x22228</load_address>
         <run_address>0x22228</run_address>
         <size>0x723</size>
         <input_file_ref idref="fl-c2"/>
      </object_component>
      <object_component id="oc-116">
         <name>.debug_info</name>
         <load_address>0x2294b</load_address>
         <run_address>0x2294b</run_address>
         <size>0xcc5</size>
         <input_file_ref idref="fl-c3"/>
      </object_component>
      <object_component id="oc-11b">
         <name>.debug_info</name>
         <load_address>0x23610</load_address>
         <run_address>0x23610</run_address>
         <size>0xf6e</size>
         <input_file_ref idref="fl-c4"/>
      </object_component>
      <object_component id="oc-11d">
         <name>.debug_info</name>
         <load_address>0x2457e</load_address>
         <run_address>0x2457e</run_address>
         <size>0xd6</size>
         <input_file_ref idref="fl-c5"/>
      </object_component>
      <object_component id="oc-1a9">
         <name>.debug_info</name>
         <load_address>0x24654</load_address>
         <run_address>0x24654</run_address>
         <size>0x6e</size>
      </object_component>
      <object_component id="oc-11">
         <name>.debug_line</name>
         <load_address>0x0</load_address>
         <run_address>0x0</run_address>
         <size>0x9b</size>
         <input_file_ref idref="fl-2"/>
      </object_component>
      <object_component id="oc-16">
         <name>.debug_line</name>
         <load_address>0x9b</load_address>
         <run_address>0x9b</run_address>
         <size>0xd8</size>
         <input_file_ref idref="fl-3"/>
      </object_component>
      <object_component id="oc-1a">
         <name>.debug_line</name>
         <load_address>0x173</load_address>
         <run_address>0x173</run_address>
         <size>0x6e</size>
         <input_file_ref idref="fl-4"/>
      </object_component>
      <object_component id="oc-20">
         <name>.debug_line</name>
         <load_address>0x1e1</load_address>
         <run_address>0x1e1</run_address>
         <size>0x189</size>
         <input_file_ref idref="fl-5"/>
      </object_component>
      <object_component id="oc-24">
         <name>.debug_line</name>
         <load_address>0x36a</load_address>
         <run_address>0x36a</run_address>
         <size>0x41</size>
         <input_file_ref idref="fl-6"/>
      </object_component>
      <object_component id="oc-28">
         <name>.debug_line</name>
         <load_address>0x3ab</load_address>
         <run_address>0x3ab</run_address>
         <size>0x8b</size>
         <input_file_ref idref="fl-7"/>
      </object_component>
      <object_component id="oc-2e">
         <name>.debug_line</name>
         <load_address>0x436</load_address>
         <run_address>0x436</run_address>
         <size>0xd4</size>
         <input_file_ref idref="fl-8"/>
      </object_component>
      <object_component id="oc-37">
         <name>.debug_line</name>
         <load_address>0x50a</load_address>
         <run_address>0x50a</run_address>
         <size>0xdc</size>
         <input_file_ref idref="fl-9"/>
      </object_component>
[...]
         <value>0xe43c</value>
         <object_component_ref idref="oc-32"/>
      </symbol>
      <symbol id="sm-1ed">
         <name>_TestIntensite</name>
         <value>0x3c0</value>
         <object_component_ref idref="oc-154"/>
      </symbol>
      <symbol id="sm-1ee">
         <name>_TestPeriodicite</name>
         <value>0x534</value>
         <object_component_ref idref="oc-154"/>
      </symbol>
      <symbol id="sm-1ef">
         <name>_padderFFT</name>
         <value>0xb20</value>
         <object_component_ref idref="oc-154"/>
      </symbol>
      <symbol id="sm-1f0">
         <name>_calculFFT</name>
         <value>0x990</value>
         <object_component_ref idref="oc-154"/>
      </symbol>
      <symbol id="sm-1f1">
         <name>_CorrManip</name>
         <value>0x220</value>
         <object_component_ref idref="oc-154"/>
      </symbol>
      <symbol id="sm-1f2">
         <name>_w</name>
         <value>0xead8</value>
         <object_component_ref idref="oc-3b"/>
      </symbol>
      <symbol id="sm-1fe">
         <name>_c_int00</name>
         <value>0xca60</value>
         <object_component_ref idref="oc-e"/>
      </symbol>
      <symbol id="sm-1ff">
         <name>__stack</name>
         <value>0xed20</value>
         <object_component_ref idref="oc-41"/>
      </symbol>
      <symbol id="sm-20d">
         <name>_cos</name>
         <value>0x66c0</value>
         <object_component_ref idref="oc-124"/>
      </symbol>
      <symbol id="sm-217">
         <name>__divd</name>
         <value>0x1cc0</value>
         <object_component_ref idref="oc-123"/>
      </symbol>
      <symbol id="sm-21f">
         <name>__c6xabi_divi</name>
         <value>0xa620</value>
         <object_component_ref idref="oc-15d"/>
      </symbol>
      <symbol id="sm-220">
         <name>__divi</name>
         <value>0xa620</value>
         <object_component_ref idref="oc-15d"/>
      </symbol>
      <symbol id="sm-230">
         <name>C$$EXIT</name>
         <value>0xcfe0</value>
         <object_component_ref idref="oc-138"/>
      </symbol>
      <symbol id="sm-231">
         <name>_exit</name>
         <value>0xbc00</value>
         <object_component_ref idref="oc-122"/>
      </symbol>
      <symbol id="sm-232">
         <name>___TI_enable_exit_profile_output</name>
         <value>0xecf0</value>
         <object_component_ref idref="oc-51"/>
      </symbol>
      <symbol id="sm-233">
         <name>_abort</name>
         <value>0xcfe0</value>
         <object_component_ref idref="oc-138"/>
      </symbol>
      <symbol id="sm-234">
         <name>__cleanup_ptr</name>
         <value>0xece8</value>
         <object_component_ref idref="oc-51"/>
      </symbol>
      <symbol id="sm-235">
         <name>__dtors_ptr</name>
         <value>0xecec</value>
         <object_component_ref idref="oc-51"/>
      </symbol>
      <symbol id="sm-23f">
         <name>__frcmpyd_div</name>
         <value>0x9dc0</value>
         <object_component_ref idref="oc-13a"/>
      </symbol>
      <symbol id="sm-24b">
         <name>__llshl</name>
         <value>0xc9e0</value>
         <object_component_ref idref="oc-18d"/>
      </symbol>
      <symbol id="sm-24c">
         <name>__llshru</name>
         <value>0xcc40</value>
         <object_component_ref idref="oc-139"/>
      </symbol>
      <symbol id="sm-256">
         <name>_modf</name>
         <value>0xbdc0</value>
         <object_component_ref idref="oc-13d"/>
      </symbol>
      <symbol id="sm-260">
         <name>__mpyll</name>
         <value>0xc520</value>
         <object_component_ref idref="oc-155"/>
      </symbol>
      <symbol id="sm-26e">
         <name>_pow</name>
         <value>0xbe0</value>
         <object_component_ref idref="oc-15f"/>
      </symbol>
      <symbol id="sm-27c">
         <name>_printf</name>
         <value>0xb4c0</value>
         <object_component_ref idref="oc-127"/>
      </symbol>
      <symbol id="sm-286">
         <name>__nround</name>
         <value>0xba40</value>
         <object_component_ref idref="oc-13c"/>
      </symbol>
      <symbol id="sm-290">
         <name>_sqrt</name>
         <value>0xa180</value>
         <object_component_ref idref="oc-160"/>
      </symbol>
      <symbol id="sm-29a">
         <name>__trunc</name>
         <value>0xce00</value>
         <object_component_ref idref="oc-13b"/>
      </symbol>
      <symbol id="sm-2a8">
         <name>__unlock</name>
         <value>0xed00</value>
         <object_component_ref idref="oc-73"/>
      </symbol>
      <symbol id="sm-2a9">
         <name>__lock</name>
         <value>0xecfc</value>
         <object_component_ref idref="oc-73"/>
      </symbol>
      <symbol id="sm-2aa">
         <name>__nop</name>
         <value>0xcf80</value>
         <object_component_ref idref="oc-128"/>
      </symbol>
      <symbol id="sm-2da">
         <name>__printfi</name>
         <value>0x30e0</value>
         <object_component_ref idref="oc-150"/>
      </symbol>
      <symbol id="sm-2e4">
         <name>__args_main</name>
         <value>0xcdc0</value>
         <object_component_ref idref="oc-121"/>
      </symbol>
      <symbol id="sm-2e5">
         <name>__TI_args_main</name>
         <value>0x1</value>
      </symbol>
      <symbol id="sm-2ef">
         <name>_atoi</name>
         <value>0x9f00</value>
         <object_component_ref idref="oc-165"/>
      </symbol>
      <symbol id="sm-2f9">
         <name>__auto_init</name>
         <value>0xafc0</value>
         <object_component_ref idref="oc-120"/>
      </symbol>
      <symbol id="sm-303">
         <name>___TI_cpp_init</name>
         <value>0xc8e0</value>
         <object_component_ref idref="oc-136"/>
      </symbol>
      <symbol id="sm-30d">
         <name>_copy_in</name>
         <value>0xc040</value>
         <object_component_ref idref="oc-134"/>
      </symbol>
      <symbol id="sm-315">
         <name>__ctypes_</name>
         <value>0x11490</value>
         <object_component_ref idref="oc-16d"/>
      </symbol>
      <symbol id="sm-31f">
         <name>__tmpnams</name>
         <value>0xe660</value>
         <object_component_ref idref="oc-8d"/>
      </symbol>
      <symbol id="sm-320">
         <name>__ft_end</name>
         <value>0xe7a0</value>
         <object_component_ref idref="oc-8d"/>
      </symbol>
      <symbol id="sm-321">
         <name>__ftable</name>
         <value>0xe480</value>
         <object_component_ref idref="oc-8d"/>
      </symbol>
      <symbol id="sm-329">
         <name>__c6xabi_divu</name>
         <value>0xbf80</value>
         <object_component_ref idref="oc-186"/>
      </symbol>
      <symbol id="sm-32a">
         <name>__divu</name>
         <value>0xbf80</value>
         <object_component_ref idref="oc-186"/>
      </symbol>
      <symbol id="sm-334">
         <name>_errno</name>
         <value>0xe7a4</value>
         <object_component_ref idref="oc-94"/>
      </symbol>
      <symbol id="sm-33e">
         <name>__fixdli</name>
         <value>0xc480</value>
         <object_component_ref idref="oc-183"/>
      </symbol>
      <symbol id="sm-348">
         <name>__fltlid</name>
         <value>0xc960</value>
         <object_component_ref idref="oc-185"/>
      </symbol>
      <symbol id="sm-352">
         <name>_putc</name>
         <value>0x7840</value>
         <object_component_ref idref="oc-158"/>
      </symbol>
      <symbol id="sm-353">
         <name>_fputc</name>
         <value>0x7840</value>
         <object_component_ref idref="oc-158"/>
      </symbol>
      <symbol id="sm-35f">
         <name>_fputs</name>
         <value>0x4000</value>
         <object_component_ref idref="oc-157"/>
      </symbol>
      <symbol id="sm-369">
         <name>_frexp</name>
         <value>0xa980</value>
         <object_component_ref idref="oc-169"/>
      </symbol>
      <symbol id="sm-377">
         <name>__divul</name>
         <value>0x7ae0</value>
         <object_component_ref idref="oc-187"/>
      </symbol>
      <symbol id="sm-378">
         <name>__remli</name>
         <value>0xc5c0</value>
         <object_component_ref idref="oc-18b"/>
      </symbol>
      <symbol id="sm-379">
         <name>__divli</name>
         <value>0xb1c0</value>
         <object_component_ref idref="oc-18c"/>
      </symbol>
      <symbol id="sm-385">
         <name>__subcull</name>
         <value>0xcca0</value>
         <object_component_ref idref="oc-18e"/>
      </symbol>
      <symbol id="sm-386">
         <name>__divull</name>
         <value>0x5900</value>
         <object_component_ref idref="oc-188"/>
      </symbol>
      <symbol id="sm-390">
         <name>___isinf</name>
         <value>0xcbe0</value>
         <object_component_ref idref="oc-16f"/>
      </symbol>
      <symbol id="sm-39a">
         <name>_ldexp</name>
         <value>0x96c0</value>
         <object_component_ref idref="oc-16a"/>
      </symbol>
      <symbol id="sm-3b2">
         <name>_unlink</name>
         <value>0xc7a0</value>
         <object_component_ref idref="oc-18f"/>
      </symbol>
      <symbol id="sm-3b3">
         <name>_lseek</name>
         <value>0xb3c0</value>
         <object_component_ref idref="oc-176"/>
      </symbol>
      <symbol id="sm-3b4">
         <name>_close</name>
         <value>0xa860</value>
         <object_component_ref idref="oc-189"/>
      </symbol>
      <symbol id="sm-3b5">
         <name>_write</name>
         <value>0xb5c0</value>
         <object_component_ref idref="oc-163"/>
      </symbol>
      <symbol id="sm-3bf">
         <name>_ltoa</name>
         <value>0xa040</value>
         <object_component_ref idref="oc-184"/>
      </symbol>
      <symbol id="sm-3c9">
         <name>_memccpy</name>
         <value>0xcae0</value>
         <object_component_ref idref="oc-168"/>
      </symbol>
      <symbol id="sm-3d3">
         <name>_memcpy</name>
         <value>0x8420</value>
         <object_component_ref idref="oc-135"/>
      </symbol>
      <symbol id="sm-3dd">
         <name>_memset</name>
         <value>0xaaa0</value>
         <object_component_ref idref="oc-164"/>
      </symbol>
      <symbol id="sm-3e7">
         <name>__negll</name>
         <value>0xcf60</value>
         <object_component_ref idref="oc-174"/>
      </symbol>
      <symbol id="sm-3ff">
         <name>_HOSTopen</name>
         <value>0xa3e0</value>
         <object_component_ref idref="oc-129"/>
      </symbol>
      <symbol id="sm-400">
         <name>_HOSTread</name>
         <value>0x9c80</value>
         <object_component_ref idref="oc-12b"/>
      </symbol>
      <symbol id="sm-401">
         <name>_HOSTrename</name>
         <value>0x88a0</value>
         <object_component_ref idref="oc-12f"/>
      </symbol>
      <symbol id="sm-402">
         <name>_HOSTwrite</name>
         <value>0xa500</value>
         <object_component_ref idref="oc-12c"/>
      </symbol>
      <symbol id="sm-403">
         <name>_HOSTlseek</name>
         <value>0x9860</value>
         <object_component_ref idref="oc-12d"/>
      </symbol>
      <symbol id="sm-404">
         <name>_HOSTunlink</name>
         <value>0xacc0</value>
         <object_component_ref idref="oc-12e"/>
      </symbol>
      <symbol id="sm-405">
         <name>_HOSTclose</name>
         <value>0xabc0</value>
         <object_component_ref idref="oc-12a"/>
      </symbol>
      <symbol id="sm-413">
         <name>C$$IO$$</name>
         <value>0xc8b8</value>
         <object_component_ref idref="oc-151"/>
      </symbol>
      <symbol id="sm-414">
         <name>__CIOBUF_</name>
         <value>0x11760</value>
         <object_component_ref idref="oc-cb"/>
      </symbol>
      <symbol id="sm-415">
         <name>_readmsg</name>
         <value>0xc660</value>
         <object_component_ref idref="oc-152"/>
      </symbol>
      <symbol id="sm-416">
         <name>_writemsg</name>
         <value>0xc840</value>
         <object_component_ref idref="oc-151"/>
      </symbol>
      <symbol id="sm-420">
         <name>__wrt_ok</name>
         <value>0xa740</value>
         <object_component_ref idref="oc-161"/>
      </symbol>
      <symbol id="sm-431">
         <name>__doflush</name>
         <value>0xb7a0</value>
         <object_component_ref idref="oc-162"/>
      </symbol>
      <symbol id="sm-43b">
         <name>_fseek</name>
         <value>0x8e60</value>
         <object_component_ref idref="oc-16b"/>
      </symbol>
      <symbol id="sm-445">
         <name>_setvbuf</name>
         <value>0x72e0</value>
         <object_component_ref idref="oc-16c"/>
      </symbol>
      <symbol id="sm-453">
         <name>__cleanup</name>
         <value>0xb6c0</value>
         <object_component_ref idref="oc-179"/>
      </symbol>
      <symbol id="sm-469">
         <name>__sys_memory</name>
         <value>0xfd20</value>
         <object_component_ref idref="oc-e5"/>
      </symbol>
      <symbol id="sm-46a">
         <name>_free</name>
         <value>0x5c80</value>
         <object_component_ref idref="oc-177"/>
      </symbol>
      <symbol id="sm-46b">
         <name>_malloc</name>
         <value>0x81e0</value>
         <object_component_ref idref="oc-178"/>
      </symbol>
      <symbol id="sm-475">
         <name>__closefile</name>
         <value>0x99c0</value>
         <object_component_ref idref="oc-182"/>
      </symbol>
      <symbol id="sm-47f">
         <name>_remove</name>
         <value>0xd000</value>
         <object_component_ref idref="oc-18a"/>
      </symbol>
      <symbol id="sm-489">
         <name>_DSPF_sp_bitrev_cplx</name>
         <value>0x7d40</value>
         <object_component_ref idref="oc-ee"/>
      </symbol>
      <symbol id="sm-493">
         <name>_DSPF_sp_cfftr2_dit</name>
         <value>0x3640</value>
         <object_component_ref idref="oc-f2"/>
      </symbol>
      <symbol id="sm-4a1">
         <name>_DSK6713_init</name>
         <value>0x450c</value>
         <object_component_ref idref="oc-f6"/>
      </symbol>
      <symbol id="sm-4a2">
         <name>_DSK6713_version</name>
         <value>0xed18</value>
         <object_component_ref idref="oc-f7"/>
      </symbol>
      <symbol id="sm-4a3">
         <name>_DSK6713_rget</name>
         <value>0x4828</value>
         <object_component_ref idref="oc-f6"/>
      </symbol>
      <symbol id="sm-4a4">
         <name>_DSK6713_wait</name>
         <value>0x4850</value>
         <object_component_ref idref="oc-f6"/>
      </symbol>
      <symbol id="sm-4a5">
         <name>_DSK6713_rset</name>
         <value>0x483c</value>
         <object_component_ref idref="oc-f6"/>
      </symbol>
      <symbol id="sm-4a6">
         <name>_DSK6713_waitusec</name>
         <value>0x48a8</value>
         <object_component_ref idref="oc-f6"/>
      </symbol>
      <symbol id="sm-4a7">
         <name>_DSK6713_getVersion</name>
         <value>0x48d4</value>
         <object_component_ref idref="oc-f6"/>
      </symbol>
      <symbol id="sm-4b1">
         <name>_DSK6713_AIC23_closeCodec</name>
         <value>0xcb60</value>
         <object_component_ref idref="oc-fc"/>
      </symbol>
      <symbol id="sm-4bf">
         <name>_DSK6713_AIC23_codeccontrolhandle</name>
         <value>0xecf4</value>
         <object_component_ref idref="oc-101"/>
      </symbol>
      <symbol id="sm-4c0">
         <name>_DSK6713_AIC23_codecdatahandle</name>
         <value>0xecf8</value>
         <object_component_ref idref="oc-101"/>
      </symbol>
      <symbol id="sm-4c1">
         <name>_DSK6713_AIC23_openCodec</name>
         <value>0x6a00</value>
         <object_component_ref idref="oc-100"/>
      </symbol>
      <symbol id="sm-4cf">
         <name>_DSK6713_AIC23_config</name>
         <value>0x9be0</value>
         <object_component_ref idref="oc-106"/>
      </symbol>
      <symbol id="sm-4d0">
         <name>_DSK6713_AIC23_rget</name>
         <value>0x9bbc</value>
         <object_component_ref idref="oc-106"/>
      </symbol>
      <symbol id="sm-4d1">
         <name>_DSK6713_AIC23_rset</name>
         <value>0x9b20</value>
         <object_component_ref idref="oc-106"/>
      </symbol>
      <symbol id="sm-4df">
         <name>_DSK6713_AIC23_setFreq</name>
         <value>0xc280</value>
         <object_component_ref idref="oc-10c"/>
      </symbol>
      <symbol id="sm-4fb">
         <name>__IRQ_eventTable</name>
         <value>0xea0c</value>
         <object_component_ref idref="oc-114"/>
      </symbol>
      <symbol id="sm-4fc">
         <name>_IRQ_nmiEnable</name>
         <value>0xcea0</value>
         <object_component_ref idref="oc-148"/>
      </symbol>
      <symbol id="sm-4fd">
         <name>_IRQ_reset</name>
         <value>0xcd40</value>
         <object_component_ref idref="oc-146"/>
      </symbol>
      <symbol id="sm-4fe">
         <name>__IRQ_intTable</name>
         <value>0xea90</value>
         <object_component_ref idref="oc-114"/>
      </symbol>
      <symbol id="sm-4ff">
         <name>_IRQ_globalEnable</name>
         <value>0xce80</value>
         <object_component_ref idref="oc-147"/>
      </symbol>
      <symbol id="sm-500">
         <name>_IRQ_globalDisable</name>
         <value>0xce60</value>
         <object_component_ref idref="oc-143"/>
      </symbol>
      <symbol id="sm-501">
         <name>_IRQ_map</name>
         <value>0x8ca0</value>
         <object_component_ref idref="oc-145"/>
      </symbol>
      <symbol id="sm-502">
         <name>_IRQ_enable</name>
         <value>0xcd00</value>
         <object_component_ref idref="oc-149"/>
      </symbol>
      <symbol id="sm-503">
         <name>__IRQ_dispatchTable</name>
         <value>0xead0</value>
         <object_component_ref idref="oc-114"/>
      </symbol>
      <symbol id="sm-504">
         <name>__IRQ_hookFetchPacket</name>
         <value>0xd020</value>
         <object_component_ref idref="oc-112"/>
      </symbol>
      <symbol id="sm-524">
         <name>_MCBSP_reset</name>
         <value>0x91e0</value>
         <object_component_ref idref="oc-153"/>
      </symbol>
      <symbol id="sm-525">
         <name>_MCBSP_read</name>
         <value>0xcee0</value>
         <object_component_ref idref="oc-142"/>
      </symbol>
      <symbol id="sm-526">
         <name>_MCBSP_close</name>
         <value>0xc340</value>
         <object_component_ref idref="oc-131"/>
      </symbol>
      <symbol id="sm-527">
         <name>_MCBSP_getXmtEventId</name>
         <value>0xcec0</value>
         <object_component_ref idref="oc-144"/>
      </symbol>
      <symbol id="sm-528">
         <name>_MCBSP_open</name>
         <value>0xadc0</value>
         <object_component_ref idref="oc-132"/>
      </symbol>
      <symbol id="sm-529">
         <name>__MCBSP_hDev0</name>
         <value>0xec98</value>
         <object_component_ref idref="oc-119"/>
      </symbol>
      <symbol id="sm-52a">
         <name>__MCBSP_hDev1</name>
         <value>0xec9c</value>
         <object_component_ref idref="oc-119"/>
      </symbol>
      <symbol id="sm-52b">
         <name>_MCBSP_start</name>
         <value>0xaec0</value>
         <object_component_ref idref="oc-133"/>
      </symbol>
      <symbol id="sm-52c">
         <name>_MCBSP_rrdy</name>
         <value>0xcf00</value>
         <object_component_ref idref="oc-141"/>
      </symbol>
      <symbol id="sm-52d">
         <name>_MCBSP_config</name>
         <value>0xc3e0</value>
         <object_component_ref idref="oc-13e"/>
      </symbol>
      <symbol id="sm-52e">
         <name>_MCBSP_xrdy</name>
         <value>0xcf40</value>
         <object_component_ref idref="oc-13f"/>
      </symbol>
      <symbol id="sm-52f">
         <name>_MCBSP_write</name>
         <value>0xcf20</value>
         <object_component_ref idref="oc-140"/>
      </symbol>
      <symbol id="sm-537">
         <name>__strasg</name>
         <value>0xbb20</value>
         <object_component_ref idref="oc-130"/>
      </symbol>
   </symbol_table>
</link_info>
