<?xml version="1.0"?>
<link_info>
   <banner>TMS320C6x Linker PC v7.4.20</banner>
   <copyright>Copyright (c) 1996-2015 Texas Instruments Incorporated</copyright>
   <link_time>0x58e468b1</link_time>
   <output_file>CODE_BASE_PROJET_S5.out</output_file>
   <entry_point>
      <name>_c_int00</name>
      <address>0xde80</address>
   </entry_point>
   <input_file_list>
      <input_file id="fl-2">
         <path>.\source\asm\</path>
         <kind>object</kind>
         <file>IIR_2ndOrder_directII_ASM.obj</file>
         <name>IIR_2ndOrder_directII_ASM.obj</name>
      </input_file>
      <input_file id="fl-3">
         <path>.\source\asm\</path>
         <kind>object</kind>
         <file>Vectors_intr.obj</file>
         <name>Vectors_intr.obj</name>
      </input_file>
      <input_file id="fl-4">
         <path>.\source\asm\</path>
         <kind>object</kind>
         <file>corr.obj</file>
         <name>corr.obj</name>
      </input_file>
      <input_file id="fl-5">
         <path>.\source\c\</path>
         <kind>object</kind>
         <file>C6713Helper_UdeS.obj</file>
         <name>C6713Helper_UdeS.obj</name>
      </input_file>
      <input_file id="fl-6">
         <path>.\source\c\</path>
         <kind>object</kind>
         <file>MAIN.obj</file>
         <name>MAIN.obj</name>
      </input_file>
      <input_file id="fl-7">
         <path>.\source\c\</path>
         <kind>object</kind>
         <file>bitrev_index.obj</file>
         <name>bitrev_index.obj</name>
      </input_file>
      <input_file id="fl-8">
         <path>.\source\c\</path>
         <kind>object</kind>
         <file>filtrerCascadeIIR.obj</file>
         <name>filtrerCascadeIIR.obj</name>
      </input_file>
      <input_file id="fl-9">
         <path>.\source\c\</path>
         <kind>object</kind>
         <file>gen_w_r2.obj</file>
         <name>gen_w_r2.obj</name>
      </input_file>
      <input_file id="fl-a">
         <path>.\source\c\</path>
         <kind>object</kind>
         <file>traitement_audio.obj</file>
         <name>traitement_audio.obj</name>
      </input_file>
      <input_file id="fl-89">
         <path>C:\ti\ccsv7\tools\compiler\c6000_7.4.20\lib\</path>
         <kind>archive</kind>
         <file>rts6700.lib</file>
         <name>atan.obj</name>
      </input_file>
      <input_file id="fl-8a">
         <path>C:\ti\ccsv7\tools\compiler\c6000_7.4.20\lib\</path>
         <kind>archive</kind>
         <file>rts6700.lib</file>
         <name>boot.obj</name>
      </input_file>
      <input_file id="fl-8b">
         <path>C:\ti\ccsv7\tools\compiler\c6000_7.4.20\lib\</path>
         <kind>archive</kind>
         <file>rts6700.lib</file>
         <name>cos.obj</name>
      </input_file>
      <input_file id="fl-8c">
         <path>C:\ti\ccsv7\tools\compiler\c6000_7.4.20\lib\</path>
         <kind>archive</kind>
         <file>rts6700.lib</file>
         <name>divd.obj</name>
      </input_file>
      <input_file id="fl-8d">
         <path>C:\ti\ccsv7\tools\compiler\c6000_7.4.20\lib\</path>
         <kind>archive</kind>
         <file>rts6700.lib</file>
         <name>divi.obj</name>
      </input_file>
      <input_file id="fl-8e">
         <path>C:\ti\ccsv7\tools\compiler\c6000_7.4.20\lib\</path>
         <kind>archive</kind>
         <file>rts6700.lib</file>
         <name>exit.obj</name>
      </input_file>
      <input_file id="fl-8f">
         <path>C:\ti\ccsv7\tools\compiler\c6000_7.4.20\lib\</path>
         <kind>archive</kind>
         <file>rts6700.lib</file>
         <name>frcmpyd_div.obj</name>
      </input_file>
      <input_file id="fl-90">
         <path>C:\ti\ccsv7\tools\compiler\c6000_7.4.20\lib\</path>
         <kind>archive</kind>
         <file>rts6700.lib</file>
         <name>llshift.obj</name>
      </input_file>
      <input_file id="fl-91">
         <path>C:\ti\ccsv7\tools\compiler\c6000_7.4.20\lib\</path>
         <kind>archive</kind>
         <file>rts6700.lib</file>
         <name>modf.obj</name>
      </input_file>
      <input_file id="fl-92">
         <path>C:\ti\ccsv7\tools\compiler\c6000_7.4.20\lib\</path>
         <kind>archive</kind>
         <file>rts6700.lib</file>
         <name>mpyll.obj</name>
      </input_file>
      <input_file id="fl-93">
         <path>C:\ti\ccsv7\tools\compiler\c6000_7.4.20\lib\</path>
         <kind>archive</kind>
         <file>rts6700.lib</file>
         <name>pow.obj</name>
      </input_file>
      <input_file id="fl-94">
         <path>C:\ti\ccsv7\tools\compiler\c6000_7.4.20\lib\</path>
         <kind>archive</kind>
         <file>rts6700.lib</file>
         <name>printf.obj</name>
      </input_file>
      <input_file id="fl-95">
         <path>C:\ti\ccsv7\tools\compiler\c6000_7.4.20\lib\</path>
         <kind>archive</kind>
         <file>rts6700.lib</file>
         <name>round.obj</name>
      </input_file>
      <input_file id="fl-96">
         <path>C:\ti\ccsv7\tools\compiler\c6000_7.4.20\lib\</path>
         <kind>archive</kind>
         <file>rts6700.lib</file>
         <name>sin.obj</name>
      </input_file>
      <input_file id="fl-97">
         <path>C:\ti\ccsv7\tools\compiler\c6000_7.4.20\lib\</path>
         <kind>archive</kind>
         <file>rts6700.lib</file>
         <name>sqrt.obj</name>
      </input_file>
      <input_file id="fl-98">
         <path>C:\ti\ccsv7\tools\compiler\c6000_7.4.20\lib\</path>
         <kind>archive</kind>
         <file>rts6700.lib</file>
         <name>trunc.obj</name>
      </input_file>
      <input_file id="fl-99">
         <path>C:\ti\ccsv7\tools\compiler\c6000_7.4.20\lib\</path>
         <kind>archive</kind>
         <file>rts6700.lib</file>
         <name>_lock.obj</name>
      </input_file>
      <input_file id="fl-9a">
         <path>C:\ti\ccsv7\tools\compiler\c6000_7.4.20\lib\</path>
         <kind>archive</kind>
         <file>rts6700.lib</file>
         <name>_printfi.obj</name>
      </input_file>
      <input_file id="fl-9b">
         <path>C:\ti\ccsv7\tools\compiler\c6000_7.4.20\lib\</path>
         <kind>archive</kind>
         <file>rts6700.lib</file>
         <name>args_main.obj</name>
      </input_file>
      <input_file id="fl-9c">
         <path>C:\ti\ccsv7\tools\compiler\c6000_7.4.20\lib\</path>
         <kind>archive</kind>
         <file>rts6700.lib</file>
         <name>atoi.obj</name>
      </input_file>
      <input_file id="fl-9d">
         <path>C:\ti\ccsv7\tools\compiler\c6000_7.4.20\lib\</path>
         <kind>archive</kind>
         <file>rts6700.lib</file>
         <name>autoinit.obj</name>
      </input_file>
      <input_file id="fl-9e">
         <path>C:\ti\ccsv7\tools\compiler\c6000_7.4.20\lib\</path>
         <kind>archive</kind>
         <file>rts6700.lib</file>
         <name>cpp_init.obj</name>
      </input_file>
      <input_file id="fl-9f">
         <path>C:\ti\ccsv7\tools\compiler\c6000_7.4.20\lib\</path>
         <kind>archive</kind>
         <file>rts6700.lib</file>
         <name>cpy_tbl.obj</name>
      </input_file>
      <input_file id="fl-a0">
         <path>C:\ti\ccsv7\tools\compiler\c6000_7.4.20\lib\</path>
         <kind>archive</kind>
         <file>rts6700.lib</file>
         <name>ctype.obj</name>
      </input_file>
      <input_file id="fl-a1">
         <path>C:\ti\ccsv7\tools\compiler\c6000_7.4.20\lib\</path>
         <kind>archive</kind>
         <file>rts6700.lib</file>
         <name>defs.obj</name>
      </input_file>
      <input_file id="fl-a2">
         <path>C:\ti\ccsv7\tools\compiler\c6000_7.4.20\lib\</path>
         <kind>archive</kind>
         <file>rts6700.lib</file>
         <name>divu.obj</name>
      </input_file>
      <input_file id="fl-a3">
         <path>C:\ti\ccsv7\tools\compiler\c6000_7.4.20\lib\</path>
         <kind>archive</kind>
         <file>rts6700.lib</file>
         <name>errno.obj</name>
      </input_file>
      <input_file id="fl-a4">
         <path>C:\ti\ccsv7\tools\compiler\c6000_7.4.20\lib\</path>
         <kind>archive</kind>
         <file>rts6700.lib</file>
         <name>fixdli.obj</name>
      </input_file>
      <input_file id="fl-a5">
         <path>C:\ti\ccsv7\tools\compiler\c6000_7.4.20\lib\</path>
         <kind>archive</kind>
         <file>rts6700.lib</file>
         <name>fltlid.obj</name>
      </input_file>
      <input_file id="fl-a6">
         <path>C:\ti\ccsv7\tools\compiler\c6000_7.4.20\lib\</path>
         <kind>archive</kind>
         <file>rts6700.lib</file>
         <name>fputc.obj</name>
      </input_file>
      <input_file id="fl-a7">
         <path>C:\ti\ccsv7\tools\compiler\c6000_7.4.20\lib\</path>
         <kind>archive</kind>
         <file>rts6700.lib</file>
         <name>fputs.obj</name>
      </input_file>
      <input_file id="fl-a8">
         <path>C:\ti\ccsv7\tools\compiler\c6000_7.4.20\lib\</path>
         <kind>archive</kind>
         <file>rts6700.lib</file>
         <name>frexp.obj</name>
      </input_file>
      <input_file id="fl-a9">
         <path>C:\ti\ccsv7\tools\compiler\c6000_7.4.20\lib\</path>
         <kind>archive</kind>
         <file>rts6700.lib</file>
         <name>imath40.obj</name>
      </input_file>
      <input_file id="fl-aa">
         <path>C:\ti\ccsv7\tools\compiler\c6000_7.4.20\lib\</path>
         <kind>archive</kind>
         <file>rts6700.lib</file>
         <name>imath64.obj</name>
      </input_file>
      <input_file id="fl-ab">
         <path>C:\ti\ccsv7\tools\compiler\c6000_7.4.20\lib\</path>
         <kind>archive</kind>
         <file>rts6700.lib</file>
         <name>isinf.obj</name>
      </input_file>
      <input_file id="fl-ac">
         <path>C:\ti\ccsv7\tools\compiler\c6000_7.4.20\lib\</path>
         <kind>archive</kind>
         <file>rts6700.lib</file>
         <name>ldexp.obj</name>
      </input_file>
      <input_file id="fl-ad">
         <path>C:\ti\ccsv7\tools\compiler\c6000_7.4.20\lib\</path>
         <kind>archive</kind>
         <file>rts6700.lib</file>
         <name>lowlev.obj</name>
      </input_file>
      <input_file id="fl-ae">
         <path>C:\ti\ccsv7\tools\compiler\c6000_7.4.20\lib\</path>
         <kind>archive</kind>
         <file>rts6700.lib</file>
         <name>ltoa.obj</name>
      </input_file>
      <input_file id="fl-af">
         <path>C:\ti\ccsv7\tools\compiler\c6000_7.4.20\lib\</path>
         <kind>archive</kind>
         <file>rts6700.lib</file>
         <name>memccpy.obj</name>
      </input_file>
      <input_file id="fl-b0">
         <path>C:\ti\ccsv7\tools\compiler\c6000_7.4.20\lib\</path>
         <kind>archive</kind>
         <file>rts6700.lib</file>
         <name>memcpy62.obj</name>
      </input_file>
      <input_file id="fl-b1">
         <path>C:\ti\ccsv7\tools\compiler\c6000_7.4.20\lib\</path>
         <kind>archive</kind>
         <file>rts6700.lib</file>
         <name>memset.obj</name>
      </input_file>
      <input_file id="fl-b2">
         <path>C:\ti\ccsv7\tools\compiler\c6000_7.4.20\lib\</path>
         <kind>archive</kind>
         <file>rts6700.lib</file>
         <name>negll.obj</name>
      </input_file>
      <input_file id="fl-b3">
         <path>C:\ti\ccsv7\tools\compiler\c6000_7.4.20\lib\</path>
         <kind>archive</kind>
         <file>rts6700.lib</file>
         <name>trgdrv.obj</name>
      </input_file>
      <input_file id="fl-b4">
         <path>C:\ti\ccsv7\tools\compiler\c6000_7.4.20\lib\</path>
         <kind>archive</kind>
         <file>rts6700.lib</file>
         <name>trgmsg.obj</name>
      </input_file>
      <input_file id="fl-b5">
         <path>C:\ti\ccsv7\tools\compiler\c6000_7.4.20\lib\</path>
         <kind>archive</kind>
         <file>rts6700.lib</file>
         <name>_io_perm.obj</name>
      </input_file>
      <input_file id="fl-b6">
         <path>C:\ti\ccsv7\tools\compiler\c6000_7.4.20\lib\</path>
         <kind>archive</kind>
         <file>rts6700.lib</file>
         <name>abs.obj</name>
      </input_file>
      <input_file id="fl-b7">
         <path>C:\ti\ccsv7\tools\compiler\c6000_7.4.20\lib\</path>
         <kind>archive</kind>
         <file>rts6700.lib</file>
         <name>fflush.obj</name>
      </input_file>
      <input_file id="fl-b8">
         <path>C:\ti\ccsv7\tools\compiler\c6000_7.4.20\lib\</path>
         <kind>archive</kind>
         <file>rts6700.lib</file>
         <name>fseek.obj</name>
      </input_file>
      <input_file id="fl-b9">
         <path>C:\ti\ccsv7\tools\compiler\c6000_7.4.20\lib\</path>
         <kind>archive</kind>
         <file>rts6700.lib</file>
         <name>setvbuf.obj</name>
      </input_file>
      <input_file id="fl-ba">
         <path>C:\ti\ccsv7\tools\compiler\c6000_7.4.20\lib\</path>
         <kind>archive</kind>
         <file>rts6700.lib</file>
         <name>fopen.obj</name>
      </input_file>
      <input_file id="fl-bb">
         <path>C:\ti\ccsv7\tools\compiler\c6000_7.4.20\lib\</path>
         <kind>archive</kind>
         <file>rts6700.lib</file>
         <name>memory.obj</name>
      </input_file>
      <input_file id="fl-bc">
         <path>C:\ti\ccsv7\tools\compiler\c6000_7.4.20\lib\</path>
         <kind>archive</kind>
         <file>rts6700.lib</file>
         <name>fclose.obj</name>
      </input_file>
      <input_file id="fl-bd">
         <path>C:\ti\ccsv7\tools\compiler\c6000_7.4.20\lib\</path>
         <kind>archive</kind>
         <file>rts6700.lib</file>
         <name>remove.obj</name>
      </input_file>
      <input_file id="fl-be">
         <path>C:\ti\ccsv7\ccs_base\C6700\dsplib\lib\</path>
         <kind>archive</kind>
         <file>dsp67x.lib</file>
         <name>DSPF_sp_bitrev_cplx.obj</name>
      </input_file>
      <input_file id="fl-bf">
         <path>C:\ti\ccsv7\ccs_base\C6700\dsplib\lib\</path>
         <kind>archive</kind>
         <file>dsp67x.lib</file>
         <name>DSPF_sp_cfftr2_dit.obj</name>
      </input_file>
      <input_file id="fl-c0">
         <path>C:\ti\ccsv7\ccs_base\C6xCSL\lib_3x\</path>
         <kind>archive</kind>
         <file>csl6713.lib</file>
         <name>csl_irq.obj</name>
      </input_file>
      <input_file id="fl-c1">
         <path>C:\ti\ccsv7\ccs_base\C6xCSL\lib_3x\</path>
         <kind>archive</kind>
         <file>csl6713.lib</file>
         <name>csl_mcbsp.obj</name>
      </input_file>
      <input_file id="fl-c2">
         <path>C:\ti\dsk6713\lib\</path>
         <kind>archive</kind>
         <file>dsk6713bsl.lib</file>
         <name>dsk6713.obj</name>
      </input_file>
      <input_file id="fl-c3">
         <path>C:\ti\dsk6713\lib\</path>
         <kind>archive</kind>
         <file>dsk6713bsl.lib</file>
         <name>dsk6713_aic23_closecodec.obj</name>
      </input_file>
      <input_file id="fl-c4">
         <path>C:\ti\dsk6713\lib\</path>
         <kind>archive</kind>
         <file>dsk6713bsl.lib</file>
         <name>dsk6713_aic23_opencodec.obj</name>
      </input_file>
      <input_file id="fl-c5">
         <path>C:\ti\dsk6713\lib\</path>
         <kind>archive</kind>
         <file>dsk6713bsl.lib</file>
         <name>dsk6713_aic23_registers.obj</name>
      </input_file>
      <input_file id="fl-c6">
         <path>C:\ti\dsk6713\lib\</path>
         <kind>archive</kind>
         <file>dsk6713bsl.lib</file>
         <name>dsk6713_aic23_setfreq.obj</name>
      </input_file>
      <input_file id="fl-c7">
         <path>C:\ti\ccsv7\tools\compiler\c6000_7.4.20\lib\</path>
         <kind>archive</kind>
         <file>rts6700.lib</file>
         <name>strasg.obj</name>
      </input_file>
   </input_file_list>
   <object_component_list>
      <object_component id="oc-14">
         <name>.vectors</name>
         <load_address>0x0</load_address>
         <run_address>0x0</run_address>
         <size>0x200</size>
         <input_file_ref idref="fl-3"/>
      </object_component>
      <object_component id="oc-131">
         <name>.text</name>
         <load_address>0x220</load_address>
         <run_address>0x220</run_address>
         <size>0x1300</size>
         <input_file_ref idref="fl-a"/>
      </object_component>
      <object_component id="oc-15c">
         <name>.text:_pow</name>
         <load_address>0x1520</load_address>
         <run_address>0x1520</run_address>
         <size>0x900</size>
         <input_file_ref idref="fl-93"/>
      </object_component>
      <object_component id="oc-12f">
         <name>.text</name>
         <load_address>0x1e20</load_address>
         <run_address>0x1e20</run_address>
         <size>0x800</size>
         <input_file_ref idref="fl-5"/>
      </object_component>
      <object_component id="oc-12d">
         <name>.text:__divd</name>
         <load_address>0x2620</load_address>
         <run_address>0x2620</run_address>
         <size>0x720</size>
         <input_file_ref idref="fl-8c"/>
      </object_component>
      <object_component id="oc-180">
         <name>.text:__getarg_diouxp</name>
         <load_address>0x2d40</load_address>
         <run_address>0x2d40</run_address>
         <size>0x6c0</size>
         <input_file_ref idref="fl-9a"/>
      </object_component>
      <object_component id="oc-16e">
         <name>.text:__setfield</name>
         <load_address>0x3400</load_address>
         <run_address>0x3400</run_address>
         <size>0x640</size>
         <input_file_ref idref="fl-9a"/>
      </object_component>
      <object_component id="oc-26">
         <name>.text:retain</name>
         <load_address>0x3a40</load_address>
         <run_address>0x3a40</run_address>
         <size>0x640</size>
         <input_file_ref idref="fl-6"/>
      </object_component>
      <object_component id="oc-160">
         <name>.text:__printfi</name>
         <load_address>0x4080</load_address>
         <run_address>0x4080</run_address>
         <size>0x560</size>
         <input_file_ref idref="fl-9a"/>
      </object_component>
      <object_component id="oc-fc">
         <name>.text</name>
         <load_address>0x45e0</load_address>
         <run_address>0x45e0</run_address>
         <size>0x4e0</size>
         <input_file_ref idref="fl-bf"/>
      </object_component>
      <object_component id="oc-16a">
         <name>.text:_fputs</name>
         <load_address>0x4ac0</load_address>
         <run_address>0x4ac0</run_address>
         <size>0x4c0</size>
         <input_file_ref idref="fl-a7"/>
      </object_component>
      <object_component id="oc-142">
         <name>.text</name>
         <load_address>0x4f80</load_address>
         <run_address>0x4f80</run_address>
         <size>0x480</size>
         <input_file_ref idref="fl-6"/>
      </object_component>
      <object_component id="oc-10b">
         <name>.text</name>
         <load_address>0x5400</load_address>
         <run_address>0x5400</run_address>
         <size>0x480</size>
         <input_file_ref idref="fl-c2"/>
      </object_component>
      <object_component id="oc-18a">
         <name>.text:_fcvt</name>
         <load_address>0x5880</load_address>
         <run_address>0x5880</run_address>
         <size>0x420</size>
         <input_file_ref idref="fl-9a"/>
      </object_component>
      <object_component id="oc-175">
         <name>.text:__pproc_fge</name>
         <load_address>0x5ca0</load_address>
         <run_address>0x5ca0</run_address>
         <size>0x400</size>
         <input_file_ref idref="fl-9a"/>
      </object_component>
      <object_component id="oc-187">
         <name>.text:_ecvt</name>
         <load_address>0x60a0</load_address>
         <run_address>0x60a0</run_address>
         <size>0x400</size>
         <input_file_ref idref="fl-9a"/>
      </object_component>
      <object_component id="oc-130">
         <name>.text</name>
         <load_address>0x64a0</load_address>
         <run_address>0x64a0</run_address>
         <size>0x3a0</size>
         <input_file_ref idref="fl-8"/>
      </object_component>
      <object_component id="oc-195">
         <name>.text:__divull</name>
         <load_address>0x6840</load_address>
         <run_address>0x6840</run_address>
         <size>0x380</size>
         <input_file_ref idref="fl-aa"/>
      </object_component>
      <object_component id="oc-184">
         <name>.text:_free</name>
         <load_address>0x6bc0</load_address>
         <run_address>0x6bc0</run_address>
         <size>0x380</size>
         <input_file_ref idref="fl-bb"/>
      </object_component>
      <object_component id="oc-17f">
         <name>.text:__pconv_e</name>
         <load_address>0x6f40</load_address>
         <run_address>0x6f40</run_address>
         <size>0x360</size>
         <input_file_ref idref="fl-9a"/>
      </object_component>
      <object_component id="oc-16d">
         <name>.text:__pproc_fwp</name>
         <load_address>0x72a0</load_address>
         <run_address>0x72a0</run_address>
         <size>0x360</size>
         <input_file_ref idref="fl-9a"/>
      </object_component>
      <object_component id="oc-12e">
         <name>.text:_cos</name>
         <load_address>0x7600</load_address>
         <run_address>0x7600</run_address>
         <size>0x340</size>
         <input_file_ref idref="fl-8b"/>
      </object_component>
      <object_component id="oc-115">
         <name>.text</name>
         <load_address>0x7940</load_address>
         <run_address>0x7940</run_address>
         <size>0x320</size>
         <input_file_ref idref="fl-c4"/>
      </object_component>
      <object_component id="oc-176">
         <name>.text:__pproc_diouxp</name>
         <load_address>0x7c60</load_address>
         <run_address>0x7c60</run_address>
         <size>0x300</size>
         <input_file_ref idref="fl-9a"/>
      </object_component>
      <object_component id="oc-167">
         <name>.text:_sin</name>
         <load_address>0x7f60</load_address>
         <run_address>0x7f60</run_address>
         <size>0x2e0</size>
         <input_file_ref idref="fl-96"/>
      </object_component>
      <object_component id="oc-16f">
         <name>.text:__pproc_str</name>
         <load_address>0x8240</load_address>
         <run_address>0x8240</run_address>
         <size>0x2c0</size>
         <input_file_ref idref="fl-9a"/>
      </object_component>
      <object_component id="oc-179">
         <name>.text:_setvbuf</name>
         <load_address>0x8500</load_address>
         <run_address>0x8500</run_address>
         <size>0x2c0</size>
         <input_file_ref idref="fl-b9"/>
      </object_component>
      <object_component id="oc-17d">
         <name>.text:__pconv_g</name>
         <load_address>0x87c0</load_address>
         <run_address>0x87c0</run_address>
         <size>0x2a0</size>
         <input_file_ref idref="fl-9a"/>
      </object_component>
      <object_component id="oc-16b">
         <name>.text:_fputc</name>
         <load_address>0x8a60</load_address>
         <run_address>0x8a60</run_address>
         <size>0x2a0</size>
         <input_file_ref idref="fl-a6"/>
      </object_component>
      <object_component id="oc-194">
         <name>.text:__divul</name>
         <load_address>0x8d00</load_address>
         <run_address>0x8d00</run_address>
         <size>0x260</size>
         <input_file_ref idref="fl-a9"/>
      </object_component>
      <object_component id="oc-f8">
         <name>.text</name>
         <load_address>0x8f60</load_address>
         <run_address>0x8f60</run_address>
         <size>0x260</size>
         <input_file_ref idref="fl-be"/>
      </object_component>
      <object_component id="oc-189">
         <name>.text:__mcpy</name>
         <load_address>0x91c0</load_address>
         <run_address>0x91c0</run_address>
         <size>0x240</size>
         <input_file_ref idref="fl-9a"/>
      </object_component>
      <object_component id="oc-166">
         <name>.text:_atan</name>
         <load_address>0x9400</load_address>
         <run_address>0x9400</run_address>
         <size>0x240</size>
         <input_file_ref idref="fl-89"/>
      </object_component>
      <object_component id="oc-185">
         <name>.text:_malloc</name>
         <load_address>0x9640</load_address>
         <run_address>0x9640</run_address>
         <size>0x240</size>
         <input_file_ref idref="fl-bb"/>
      </object_component>
      <object_component id="oc-140">
         <name>.text:_memcpy</name>
         <load_address>0x9880</load_address>
         <run_address>0x9880</run_address>
         <size>0x240</size>
         <input_file_ref idref="fl-b0"/>
      </object_component>
      <object_component id="oc-15b">
         <name>.text</name>
         <load_address>0x9ac0</load_address>
         <run_address>0x9ac0</run_address>
         <size>0x240</size>
         <input_file_ref idref="fl-7"/>
      </object_component>
      <object_component id="oc-13a">
         <name>.text:_HOSTrename</name>
         <load_address>0x9d00</load_address>
         <run_address>0x9d00</run_address>
         <size>0x220</size>
         <input_file_ref idref="fl-b3"/>
      </object_component>
      <object_component id="oc-19d">
         <name>.text:_getdevice</name>
         <load_address>0x9f20</load_address>
         <run_address>0x9f20</run_address>
         <size>0x1e0</size>
         <input_file_ref idref="fl-ad"/>
      </object_component>
      <object_component id="oc-150">
         <name>.text:_IRQ_map</name>
         <load_address>0xa100</load_address>
         <run_address>0xa100</run_address>
         <size>0x1c0</size>
         <input_file_ref idref="fl-c0"/>
      </object_component>
      <object_component id="oc-178">
         <name>.text:_fseek</name>
         <load_address>0xa2c0</load_address>
         <run_address>0xa2c0</run_address>
         <size>0x1c0</size>
         <input_file_ref idref="fl-b8"/>
      </object_component>
      <object_component id="oc-163">
         <name>.text:_MCBSP_reset</name>
         <load_address>0xa480</load_address>
         <run_address>0xa480</run_address>
         <size>0x1a0</size>
         <input_file_ref idref="fl-c1"/>
      </object_component>
      <object_component id="oc-182">
         <name>.text:__ltostr</name>
         <load_address>0xa620</load_address>
         <run_address>0xa620</run_address>
         <size>0x1a0</size>
         <input_file_ref idref="fl-9a"/>
      </object_component>
      <object_component id="oc-16c">
         <name>.text:__pproc_fflags</name>
         <load_address>0xa7c0</load_address>
         <run_address>0xa7c0</run_address>
         <size>0x1a0</size>
         <input_file_ref idref="fl-9a"/>
      </object_component>
      <object_component id="oc-169">
         <name>.text:_ldexp</name>
         <load_address>0xa960</load_address>
         <run_address>0xa960</run_address>
         <size>0x1a0</size>
         <input_file_ref idref="fl-ac"/>
      </object_component>
      <object_component id="oc-15a">
         <name>.text</name>
         <load_address>0xab00</load_address>
         <run_address>0xab00</run_address>
         <size>0x180</size>
         <input_file_ref idref="fl-9"/>
      </object_component>
      <object_component id="oc-138">
         <name>.text:_HOSTlseek</name>
         <load_address>0xac80</load_address>
         <run_address>0xac80</run_address>
         <size>0x160</size>
         <input_file_ref idref="fl-b3"/>
      </object_component>
      <object_component id="oc-18f">
         <name>.text:__closefile</name>
         <load_address>0xade0</load_address>
         <run_address>0xade0</run_address>
         <size>0x160</size>
         <input_file_ref idref="fl-bc"/>
      </object_component>
      <object_component id="oc-11b">
         <name>.text</name>
         <load_address>0xaf40</load_address>
         <run_address>0xaf40</run_address>
         <size>0x160</size>
         <input_file_ref idref="fl-c5"/>
      </object_component>
      <object_component id="oc-136">
         <name>.text:_HOSTread</name>
         <load_address>0xb0a0</load_address>
         <run_address>0xb0a0</run_address>
         <size>0x140</size>
         <input_file_ref idref="fl-b3"/>
      </object_component>
      <object_component id="oc-145">
         <name>.text:__frcmpyd_div</name>
         <load_address>0xb1e0</load_address>
         <run_address>0xb1e0</run_address>
         <size>0x140</size>
         <input_file_ref idref="fl-8f"/>
      </object_component>
      <object_component id="oc-174">
         <name>.text:_atoi</name>
         <load_address>0xb320</load_address>
         <run_address>0xb320</run_address>
         <size>0x140</size>
         <input_file_ref idref="fl-9c"/>
      </object_component>
      <object_component id="oc-191">
         <name>.text:_ltoa</name>
         <load_address>0xb460</load_address>
         <run_address>0xb460</run_address>
         <size>0x140</size>
         <input_file_ref idref="fl-ae"/>
      </object_component>
      <object_component id="oc-15d">
         <name>.text:_sqrt</name>
         <load_address>0xb5a0</load_address>
         <run_address>0xb5a0</run_address>
         <size>0x140</size>
         <input_file_ref idref="fl-97"/>
      </object_component>
      <object_component id="oc-f">
         <name>.text</name>
         <load_address>0xb6e0</load_address>
         <run_address>0xb6e0</run_address>
         <size>0x120</size>
         <input_file_ref idref="fl-2"/>
      </object_component>
      <object_component id="oc-134">
         <name>.text:_HOSTopen</name>
         <load_address>0xb800</load_address>
         <run_address>0xb800</run_address>
         <size>0x120</size>
         <input_file_ref idref="fl-b3"/>
      </object_component>
      <object_component id="oc-137">
         <name>.text:_HOSTwrite</name>
         <load_address>0xb920</load_address>
         <run_address>0xb920</run_address>
         <size>0x120</size>
         <input_file_ref idref="fl-b3"/>
      </object_component>
      <object_component id="oc-159">
         <name>.text:__divi</name>
         <load_address>0xba40</load_address>
         <run_address>0xba40</run_address>
         <size>0x120</size>
         <input_file_ref idref="fl-8d"/>
      </object_component>
      <object_component id="oc-170">
         <name>.text:__wrt_ok</name>
         <load_address>0xbb60</load_address>
         <run_address>0xbb60</run_address>
         <size>0x120</size>
         <input_file_ref idref="fl-b5"/>
      </object_component>
      <object_component id="oc-196">
         <name>.text:_close</name>
         <load_address>0xbc80</load_address>
         <run_address>0xbc80</run_address>
         <size>0x120</size>
         <input_file_ref idref="fl-ad"/>
      </object_component>
      <object_component id="oc-168">
         <name>.text:_frexp</name>
         <load_address>0xbda0</load_address>
         <run_address>0xbda0</run_address>
         <size>0x120</size>
         <input_file_ref idref="fl-a8"/>
      </object_component>
      <object_component id="oc-173">
         <name>.text:_memset</name>
         <load_address>0xbec0</load_address>
         <run_address>0xbec0</run_address>
         <size>0x120</size>
         <input_file_ref idref="fl-b1"/>
      </object_component>
      <object_component id="oc-135">
         <name>.text:_HOSTclose</name>
         <load_address>0xbfe0</load_address>
         <run_address>0xbfe0</run_address>
         <size>0x100</size>
         <input_file_ref idref="fl-b3"/>
      </object_component>
      <object_component id="oc-139">
         <name>.text:_HOSTunlink</name>
         <load_address>0xc0e0</load_address>
         <run_address>0xc0e0</run_address>
         <size>0x100</size>
         <input_file_ref idref="fl-b3"/>
      </object_component>
      <object_component id="oc-13d">
         <name>.text:_MCBSP_open</name>
         <load_address>0xc1e0</load_address>
         <run_address>0xc1e0</run_address>
         <size>0x100</size>
         <input_file_ref idref="fl-c1"/>
      </object_component>
      <object_component id="oc-13e">
         <name>.text:_MCBSP_start</name>
         <load_address>0xc2e0</load_address>
         <run_address>0xc2e0</run_address>
         <size>0x100</size>
         <input_file_ref idref="fl-c1"/>
      </object_component>
      <object_component id="oc-12a">
         <name>.text:__auto_init</name>
         <load_address>0xc3e0</load_address>
         <run_address>0xc3e0</run_address>
         <size>0x100</size>
         <input_file_ref idref="fl-9d"/>
      </object_component>
      <object_component id="oc-18c">
         <name>.text:__div</name>
         <load_address>0xc4e0</load_address>
         <run_address>0xc4e0</run_address>
         <size>0x100</size>
         <input_file_ref idref="fl-9a"/>
      </object_component>
      <object_component id="oc-199">
         <name>.text:__divli</name>
         <load_address>0xc5e0</load_address>
         <run_address>0xc5e0</run_address>
         <size>0x100</size>
         <input_file_ref idref="fl-a9"/>
      </object_component>
      <object_component id="oc-17e">
         <name>.text:__pconv_f</name>
         <load_address>0xc6e0</load_address>
         <run_address>0xc6e0</run_address>
         <size>0x100</size>
         <input_file_ref idref="fl-9a"/>
      </object_component>
      <object_component id="oc-183">
         <name>.text:_lseek</name>
         <load_address>0xc7e0</load_address>
         <run_address>0xc7e0</run_address>
         <size>0x100</size>
         <input_file_ref idref="fl-ad"/>
      </object_component>
      <object_component id="oc-132">
         <name>.text:_printf</name>
         <load_address>0xc8e0</load_address>
         <run_address>0xc8e0</run_address>
         <size>0x100</size>
         <input_file_ref idref="fl-94"/>
      </object_component>
      <object_component id="oc-172">
         <name>.text:_write</name>
         <load_address>0xc9e0</load_address>
         <run_address>0xc9e0</run_address>
         <size>0x100</size>
         <input_file_ref idref="fl-ad"/>
      </object_component>
      <object_component id="oc-186">
         <name>.text:__cleanup</name>
         <load_address>0xcae0</load_address>
         <run_address>0xcae0</run_address>
         <size>0xe0</size>
         <input_file_ref idref="fl-ba"/>
      </object_component>
      <object_component id="oc-171">
         <name>.text:__doflush</name>
         <load_address>0xcbc0</load_address>
         <run_address>0xcbc0</run_address>
         <size>0xe0</size>
         <input_file_ref idref="fl-b7"/>
      </object_component>
      <object_component id="oc-188">
         <name>.text:__ecpy</name>
         <load_address>0xcca0</load_address>
         <run_address>0xcca0</run_address>
         <size>0xe0</size>
         <input_file_ref idref="fl-9a"/>
      </object_component>
      <object_component id="oc-18b">
         <name>.text:__fcpy</name>
         <load_address>0xcd80</load_address>
         <run_address>0xcd80</run_address>
         <size>0xe0</size>
         <input_file_ref idref="fl-9a"/>
      </object_component>
      <object_component id="oc-147">
         <name>.text:__nround</name>
         <load_address>0xce60</load_address>
         <run_address>0xce60</run_address>
         <size>0xe0</size>
         <input_file_ref idref="fl-95"/>
      </object_component>
      <object_component id="oc-13b">
         <name>.text:__strasg</name>
         <load_address>0xcf40</load_address>
         <run_address>0xcf40</run_address>
         <size>0xe0</size>
         <input_file_ref idref="fl-c7"/>
      </object_component>
      <object_component id="oc-12c">
         <name>.text:_exit</name>
         <load_address>0xd020</load_address>
         <run_address>0xd020</run_address>
         <size>0xe0</size>
         <input_file_ref idref="fl-8e"/>
      </object_component>
      <object_component id="oc-18e">
         <name>.text:_minsert</name>
         <load_address>0xd100</load_address>
         <run_address>0xd100</run_address>
         <size>0xe0</size>
         <input_file_ref idref="fl-bb"/>
      </object_component>
      <object_component id="oc-148">
         <name>.text:_modf</name>
         <load_address>0xd1e0</load_address>
         <run_address>0xd1e0</run_address>
         <size>0xe0</size>
         <input_file_ref idref="fl-91"/>
      </object_component>
      <object_component id="oc-18d">
         <name>.text:_mremove</name>
         <load_address>0xd2c0</load_address>
         <run_address>0xd2c0</run_address>
         <size>0xe0</size>
         <input_file_ref idref="fl-bb"/>
      </object_component>
      <object_component id="oc-193">
         <name>.text:__divu</name>
         <load_address>0xd3a0</load_address>
         <run_address>0xd3a0</run_address>
         <size>0xc0</size>
         <input_file_ref idref="fl-a2"/>
      </object_component>
      <object_component id="oc-13f">
         <name>.text:_copy_in</name>
         <load_address>0xd460</load_address>
         <run_address>0xd460</run_address>
         <size>0xc0</size>
         <input_file_ref idref="fl-9f"/>
      </object_component>
      <object_component id="oc-19e">
         <name>.text:_finddevice</name>
         <load_address>0xd520</load_address>
         <run_address>0xd520</run_address>
         <size>0xc0</size>
         <input_file_ref idref="fl-ad"/>
      </object_component>
      <object_component id="oc-18">
         <name>.text</name>
         <load_address>0xd5e0</load_address>
         <run_address>0xd5e0</run_address>
         <size>0xc0</size>
         <input_file_ref idref="fl-4"/>
      </object_component>
      <object_component id="oc-121">
         <name>.text</name>
         <load_address>0xd6a0</load_address>
         <run_address>0xd6a0</run_address>
         <size>0xc0</size>
         <input_file_ref idref="fl-c6"/>
      </object_component>
      <object_component id="oc-13c">
         <name>.text:_MCBSP_close</name>
         <load_address>0xd760</load_address>
         <run_address>0xd760</run_address>
         <size>0xa0</size>
         <input_file_ref idref="fl-c1"/>
      </object_component>
      <object_component id="oc-149">
         <name>.text:_MCBSP_config</name>
         <load_address>0xd800</load_address>
         <run_address>0xd800</run_address>
         <size>0xa0</size>
         <input_file_ref idref="fl-c1"/>
      </object_component>
      <object_component id="oc-190">
         <name>.text:__fixdli</name>
         <load_address>0xd8a0</load_address>
         <run_address>0xd8a0</run_address>
         <size>0xa0</size>
         <input_file_ref idref="fl-a4"/>
      </object_component>
      <object_component id="oc-164">
         <name>.text:__mpyll</name>
         <load_address>0xd940</load_address>
         <run_address>0xd940</run_address>
         <size>0xa0</size>
         <input_file_ref idref="fl-92"/>
      </object_component>
      <object_component id="oc-198">
         <name>.text:__remli</name>
         <load_address>0xd9e0</load_address>
         <run_address>0xd9e0</run_address>
         <size>0xa0</size>
         <input_file_ref idref="fl-a9"/>
      </object_component>
      <object_component id="oc-162">
         <name>.text:_readmsg</name>
         <load_address>0xda80</load_address>
         <run_address>0xda80</run_address>
         <size>0xa0</size>
         <input_file_ref idref="fl-b4"/>
      </object_component>
      <object_component id="oc-165">
         <name>.text:_setMux</name>
         <load_address>0xdb20</load_address>
         <run_address>0xdb20</run_address>
         <size>0xa0</size>
         <input_file_ref idref="fl-c0"/>
      </object_component>
      <object_component id="oc-19c">
         <name>.text:_unlink</name>
         <load_address>0xdbc0</load_address>
         <run_address>0xdbc0</run_address>
         <size>0xa0</size>
         <input_file_ref idref="fl-ad"/>
      </object_component>
      <object_component id="oc-161">
         <name>.text:_writemsg</name>
         <load_address>0xdc60</load_address>
         <run_address>0xdc60</run_address>
         <size>0xa0</size>
         <input_file_ref idref="fl-b4"/>
      </object_component>
      <object_component id="oc-141">
         <name>.text:___TI_cpp_init</name>
         <load_address>0xdd00</load_address>
         <run_address>0xdd00</run_address>
         <size>0x80</size>
         <input_file_ref idref="fl-9e"/>
      </object_component>
      <object_component id="oc-192">
         <name>.text:__fltlid</name>
         <load_address>0xdd80</load_address>
         <run_address>0xdd80</run_address>
         <size>0x80</size>
         <input_file_ref idref="fl-a5"/>
      </object_component>
      <object_component id="oc-19a">
         <name>.text:__llshl</name>
         <load_address>0xde00</load_address>
         <run_address>0xde00</run_address>
         <size>0x80</size>
         <input_file_ref idref="fl-90"/>
      </object_component>
      <object_component id="oc-e">
         <name>.text:_c_int00</name>
         <load_address>0xde80</load_address>
         <run_address>0xde80</run_address>
         <size>0x80</size>
         <input_file_ref idref="fl-8a"/>
      </object_component>
      <object_component id="oc-177">
         <name>.text:_memccpy</name>
         <load_address>0xdf00</load_address>
         <run_address>0xdf00</run_address>
         <size>0x80</size>
         <input_file_ref idref="fl-af"/>
      </object_component>
      <object_component id="oc-111">
         <name>.text</name>
         <load_address>0xdf80</load_address>
         <run_address>0xdf80</run_address>
         <size>0x80</size>
         <input_file_ref idref="fl-c3"/>
      </object_component>
      <object_component id="oc-17c">
         <name>.text:___isinf</name>
         <load_address>0xe000</load_address>
         <run_address>0xe000</run_address>
         <size>0x60</size>
         <input_file_ref idref="fl-ab"/>
      </object_component>
      <object_component id="oc-144">
         <name>.text:__llshru</name>
         <load_address>0xe060</load_address>
         <run_address>0xe060</run_address>
         <size>0x60</size>
         <input_file_ref idref="fl-90"/>
      </object_component>
      <object_component id="oc-19b">
         <name>.text:__subcull</name>
         <load_address>0xe0c0</load_address>
         <run_address>0xe0c0</run_address>
         <size>0x60</size>
         <input_file_ref idref="fl-aa"/>
      </object_component>
      <object_component id="oc-154">
         <name>.text:_IRQ_enable</name>
         <load_address>0xe120</load_address>
         <run_address>0xe120</run_address>
         <size>0x40</size>
         <input_file_ref idref="fl-c0"/>
      </object_component>
      <object_component id="oc-151">
         <name>.text:_IRQ_reset</name>
         <load_address>0xe160</load_address>
         <run_address>0xe160</run_address>
         <size>0x40</size>
         <input_file_ref idref="fl-c0"/>
      </object_component>
      <object_component id="oc-17b">
         <name>.text:___isnan</name>
         <load_address>0xe1a0</load_address>
         <run_address>0xe1a0</run_address>
         <size>0x40</size>
         <input_file_ref idref="fl-9a"/>
      </object_component>
      <object_component id="oc-12b">
         <name>.text:__args_main</name>
         <load_address>0xe1e0</load_address>
         <run_address>0xe1e0</run_address>
         <size>0x40</size>
         <input_file_ref idref="fl-9b"/>
      </object_component>
      <object_component id="oc-146">
         <name>.text:__trunc</name>
         <load_address>0xe220</load_address>
         <run_address>0xe220</run_address>
         <size>0x40</size>
         <input_file_ref idref="fl-98"/>
      </object_component>
      <object_component id="oc-13">
         <name>.text</name>
         <load_address>0xe260</load_address>
         <run_address>0xe260</run_address>
         <size>0x20</size>
         <input_file_ref idref="fl-3"/>
      </object_component>
      <object_component id="oc-14e">
         <name>.text:_IRQ_globalDisable</name>
         <load_address>0xe280</load_address>
         <run_address>0xe280</run_address>
         <size>0x20</size>
         <input_file_ref idref="fl-c0"/>
      </object_component>
      <object_component id="oc-152">
         <name>.text:_IRQ_globalEnable</name>
         <load_address>0xe2a0</load_address>
         <run_address>0xe2a0</run_address>
         <size>0x20</size>
         <input_file_ref idref="fl-c0"/>
      </object_component>
      <object_component id="oc-153">
         <name>.text:_IRQ_nmiEnable</name>
         <load_address>0xe2c0</load_address>
         <run_address>0xe2c0</run_address>
         <size>0x20</size>
         <input_file_ref idref="fl-c0"/>
      </object_component>
      <object_component id="oc-14f">
         <name>.text:_MCBSP_getXmtEventId</name>
         <load_address>0xe2e0</load_address>
         <run_address>0xe2e0</run_address>
         <size>0x20</size>
         <input_file_ref idref="fl-c1"/>
      </object_component>
      <object_component id="oc-14d">
         <name>.text:_MCBSP_read</name>
         <load_address>0xe300</load_address>
         <run_address>0xe300</run_address>
         <size>0x20</size>
         <input_file_ref idref="fl-c1"/>
      </object_component>
      <object_component id="oc-14c">
         <name>.text:_MCBSP_rrdy</name>
         <load_address>0xe320</load_address>
         <run_address>0xe320</run_address>
         <size>0x20</size>
         <input_file_ref idref="fl-c1"/>
      </object_component>
      <object_component id="oc-14b">
         <name>.text:_MCBSP_write</name>
         <load_address>0xe340</load_address>
         <run_address>0xe340</run_address>
         <size>0x20</size>
         <input_file_ref idref="fl-c1"/>
      </object_component>
      <object_component id="oc-14a">
         <name>.text:_MCBSP_xrdy</name>
         <load_address>0xe360</load_address>
         <run_address>0xe360</run_address>
         <size>0x20</size>
         <input_file_ref idref="fl-c1"/>
      </object_component>
      <object_component id="oc-181">
         <name>.text:__negll</name>
         <load_address>0xe380</load_address>
         <run_address>0xe380</run_address>
         <size>0x20</size>
         <input_file_ref idref="fl-b2"/>
      </object_component>
      <object_component id="oc-133">
         <name>.text:__nop</name>
         <load_address>0xe3a0</load_address>
         <run_address>0xe3a0</run_address>
         <size>0x20</size>
         <input_file_ref idref="fl-99"/>
      </object_component>
      <object_component id="oc-15f">
         <name>.text:__outc</name>
         <load_address>0xe3c0</load_address>
         <run_address>0xe3c0</run_address>
         <size>0x20</size>
         <input_file_ref idref="fl-94"/>
      </object_component>
      <object_component id="oc-15e">
         <name>.text:__outs</name>
         <load_address>0xe3e0</load_address>
         <run_address>0xe3e0</run_address>
         <size>0x20</size>
         <input_file_ref idref="fl-94"/>
      </object_component>
      <object_component id="oc-143">
         <name>.text:_abort</name>
         <load_address>0xe400</load_address>
         <run_address>0xe400</run_address>
         <size>0x20</size>
         <input_file_ref idref="fl-8e"/>
      </object_component>
      <object_component id="oc-197">
         <name>.text:_remove</name>
         <load_address>0xe420</load_address>
         <run_address>0xe420</run_address>
         <size>0x20</size>
         <input_file_ref idref="fl-bd"/>
      </object_component>
      <object_component id="oc-100">
         <name>.text</name>
         <load_address>0xe440</load_address>
         <run_address>0xe440</run_address>
         <size>0x20</size>
         <input_file_ref idref="fl-c0"/>
      </object_component>
      <object_component id="oc-23">
         <name>.cinit</name>
         <load_address>0x13618</load_address>
         <run_address>0x13618</run_address>
         <size>0x2cc</size>
         <input_file_ref idref="fl-6"/>
      </object_component>
      <object_component id="oc-66">
         <name>.cinit</name>
         <load_address>0x138e8</load_address>
         <run_address>0x138e8</run_address>
         <size>0x140</size>
         <input_file_ref idref="fl-93"/>
      </object_component>
      <object_component id="oc-101">
         <name>.cinit</name>
         <load_address>0x13a28</load_address>
         <run_address>0x13a28</run_address>
         <size>0x12c</size>
         <input_file_ref idref="fl-c0"/>
      </object_component>
      <object_component id="oc-41">
         <name>.cinit</name>
         <load_address>0x13b58</load_address>
         <run_address>0x13b58</run_address>
         <size>0x70</size>
         <input_file_ref idref="fl-89"/>
      </object_component>
      <object_component id="oc-96">
         <name>.cinit</name>
         <load_address>0x13bc8</load_address>
         <run_address>0x13bc8</run_address>
         <size>0x5c</size>
         <input_file_ref idref="fl-a1"/>
      </object_component>
      <object_component id="oc-bd">
         <name>.cinit</name>
         <load_address>0x13c28</load_address>
         <run_address>0x13c28</run_address>
         <size>0x5c</size>
         <input_file_ref idref="fl-ad"/>
      </object_component>
      <object_component id="oc-1d">
         <name>.cinit</name>
         <load_address>0x13c88</load_address>
         <run_address>0x13c88</run_address>
         <size>0x58</size>
         <input_file_ref idref="fl-5"/>
      </object_component>
      <object_component id="oc-106">
         <name>.cinit</name>
         <load_address>0x13ce0</load_address>
         <run_address>0x13ce0</run_address>
         <size>0x54</size>
         <input_file_ref idref="fl-c1"/>
      </object_component>
      <object_component id="oc-4a">
         <name>.cinit</name>
         <load_address>0x13d38</load_address>
         <run_address>0x13d38</run_address>
         <size>0x48</size>
         <input_file_ref idref="fl-8b"/>
      </object_component>
      <object_component id="oc-71">
         <name>.cinit</name>
         <load_address>0x13d80</load_address>
         <run_address>0x13d80</run_address>
         <size>0x48</size>
         <input_file_ref idref="fl-96"/>
      </object_component>
      <object_component id="oc-11c">
         <name>.cinit</name>
         <load_address>0x13dc8</load_address>
         <run_address>0x13dc8</run_address>
         <size>0x30</size>
         <input_file_ref idref="fl-c5"/>
      </object_component>
      <object_component id="oc-30">
         <name>.cinit</name>
         <load_address>0x13df8</load_address>
         <run_address>0x13df8</run_address>
         <size>0x2c</size>
         <input_file_ref idref="fl-8"/>
      </object_component>
      <object_component id="oc-55">
         <name>.cinit</name>
         <load_address>0x13e28</load_address>
         <run_address>0x13e28</run_address>
         <size>0x2c</size>
         <input_file_ref idref="fl-8e"/>
      </object_component>
      <object_component id="oc-ed">
         <name>.cinit</name>
         <load_address>0x13e58</load_address>
         <run_address>0x13e58</run_address>
         <size>0x2c</size>
         <input_file_ref idref="fl-bb"/>
      </object_component>
      <object_component id="oc-122">
         <name>.cinit</name>
         <load_address>0x13e88</load_address>
         <run_address>0x13e88</run_address>
         <size>0x28</size>
         <input_file_ref idref="fl-c6"/>
      </object_component>
      <object_component id="oc-7c">
         <name>.cinit</name>
         <load_address>0x13eb0</load_address>
         <run_address>0x13eb0</run_address>
         <size>0x1c</size>
         <input_file_ref idref="fl-99"/>
      </object_component>
      <object_component id="oc-9d">
         <name>.cinit</name>
         <load_address>0x13ed0</load_address>
         <run_address>0x13ed0</run_address>
         <size>0xc</size>
         <input_file_ref idref="fl-a3"/>
      </object_component>
      <object_component id="oc-e8">
         <name>.cinit</name>
         <load_address>0x13ee0</load_address>
         <run_address>0x13ee0</run_address>
         <size>0xc</size>
         <input_file_ref idref="fl-ba"/>
      </object_component>
      <object_component id="oc-3a">
         <name>.cinit</name>
         <load_address>0x13ef0</load_address>
         <run_address>0x13ef0</run_address>
         <size>0xc</size>
         <input_file_ref idref="fl-a"/>
      </object_component>
      <object_component id="oc-46">
         <name>.stack</name>
         <uninitialized>true</uninitialized>
         <run_address>0x11618</run_address>
         <size>0x8</size>
         <input_file_ref idref="fl-8a"/>
      </object_component>
      <object_component id="oc-1b4">
         <name>.stack</name>
         <uninitialized>true</uninitialized>
         <run_address>0x11618</run_address>
         <size>0x0</size>
      </object_component>
      <object_component id="oc-ef">
         <name>.sysmem</name>
         <uninitialized>true</uninitialized>
         <run_address>0x12618</run_address>
         <size>0x8</size>
         <input_file_ref idref="fl-bb"/>
      </object_component>
      <object_component id="oc-1b5">
         <name>.sysmem</name>
         <uninitialized>true</uninitialized>
         <run_address>0x12618</run_address>
         <size>0x0</size>
      </object_component>
      <object_component id="oc-17a">
         <name>.const:.string:__ctypes_</name>
         <load_address>0x13f08</load_address>
         <run_address>0x13f08</run_address>
         <size>0x101</size>
         <input_file_ref idref="fl-a0"/>
      </object_component>
      <object_component id="oc-aa">
         <name>.const:.string</name>
         <load_address>0x14009</load_address>
         <run_address>0x14009</run_address>
         <size>0x2</size>
         <input_file_ref idref="fl-a7"/>
      </object_component>
      <object_component id="oc-157">
         <name>.const:_IIR_COEFFS</name>
         <load_address>0x1400c</load_address>
         <run_address>0x1400c</run_address>
         <size>0xf0</size>
         <input_file_ref idref="fl-8"/>
      </object_component>
      <object_component id="oc-117">
         <name>.const</name>
         <load_address>0x140fc</load_address>
         <run_address>0x140fc</run_address>
         <size>0x40</size>
         <input_file_ref idref="fl-c4"/>
      </object_component>
      <object_component id="oc-3c">
         <name>.const:.string</name>
         <load_address>0x1413c</load_address>
         <run_address>0x1413c</run_address>
         <size>0x2c</size>
         <input_file_ref idref="fl-a"/>
      </object_component>
      <object_component id="oc-81">
         <name>.const:.string</name>
         <load_address>0x14168</load_address>
         <run_address>0x14168</run_address>
         <size>0x23</size>
         <input_file_ref idref="fl-9a"/>
      </object_component>
      <object_component id="oc-10d">
         <name>.const</name>
         <load_address>0x1418c</load_address>
         <run_address>0x1418c</run_address>
         <size>0x20</size>
         <input_file_ref idref="fl-c2"/>
      </object_component>
      <object_component id="oc-27">
         <name>.const:.string</name>
         <load_address>0x141ac</load_address>
         <run_address>0x141ac</run_address>
         <size>0x10</size>
         <input_file_ref idref="fl-6"/>
      </object_component>
      <object_component id="oc-155">
         <name>.const:_IIR_NB_ORDRE2</name>
         <load_address>0x141bc</load_address>
         <run_address>0x141bc</run_address>
         <size>0x4</size>
         <input_file_ref idref="fl-8"/>
      </object_component>
      <object_component id="oc-25">
         <name>.const</name>
         <load_address>0x141c0</load_address>
         <run_address>0x141c0</run_address>
         <size>0xc</size>
         <input_file_ref idref="fl-6"/>
      </object_component>
      <object_component id="oc-158">
         <name>.const:_IIR_GAINS</name>
         <load_address>0x141cc</load_address>
         <run_address>0x141cc</run_address>
         <size>0x8</size>
         <input_file_ref idref="fl-8"/>
      </object_component>
      <object_component id="oc-156">
         <name>.const:_IIR_NO_LIGNE</name>
         <load_address>0x141d4</load_address>
         <run_address>0x141d4</run_address>
         <size>0x4</size>
         <input_file_ref idref="fl-8"/>
      </object_component>
      <object_component id="oc-1e">
         <name>.far</name>
         <uninitialized>true</uninitialized>
         <run_address>0x11480</run_address>
         <size>0x58</size>
         <input_file_ref idref="fl-5"/>
      </object_component>
      <object_component id="oc-24">
         <name>.far</name>
         <uninitialized>true</uninitialized>
         <run_address>0xe480</run_address>
         <size>0x28ce</size>
         <input_file_ref idref="fl-6"/>
      </object_component>
      <object_component id="oc-31">
         <name>.far</name>
         <uninitialized>true</uninitialized>
         <run_address>0x113a8</run_address>
         <size>0x78</size>
         <input_file_ref idref="fl-8"/>
      </object_component>
      <object_component id="oc-3b">
         <name>.far</name>
         <uninitialized>true</uninitialized>
         <run_address>0x115e4</run_address>
         <size>0xa</size>
         <input_file_ref idref="fl-a"/>
      </object_component>
      <object_component id="oc-42">
         <name>.far</name>
         <uninitialized>true</uninitialized>
         <run_address>0x11420</run_address>
         <size>0x60</size>
         <input_file_ref idref="fl-89"/>
      </object_component>
      <object_component id="oc-4b">
         <name>.far</name>
         <uninitialized>true</uninitialized>
         <run_address>0x114d8</run_address>
         <size>0x40</size>
         <input_file_ref idref="fl-8b"/>
      </object_component>
      <object_component id="oc-56">
         <name>.far</name>
         <uninitialized>true</uninitialized>
         <run_address>0x115d8</run_address>
         <size>0xc</size>
         <input_file_ref idref="fl-8e"/>
      </object_component>
      <object_component id="oc-67">
         <name>.far</name>
         <uninitialized>true</uninitialized>
         <run_address>0x11078</run_address>
         <size>0x120</size>
         <input_file_ref idref="fl-93"/>
      </object_component>
      <object_component id="oc-72">
         <name>.far</name>
         <uninitialized>true</uninitialized>
         <run_address>0x11518</run_address>
         <size>0x40</size>
         <input_file_ref idref="fl-96"/>
      </object_component>
      <object_component id="oc-7d">
         <name>.far</name>
         <uninitialized>true</uninitialized>
         <run_address>0x115f8</run_address>
         <size>0x8</size>
         <input_file_ref idref="fl-99"/>
      </object_component>
      <object_component id="oc-97">
         <name>.far</name>
         <uninitialized>true</uninitialized>
         <run_address>0x10d50</run_address>
         <size>0x324</size>
         <input_file_ref idref="fl-a1"/>
      </object_component>
      <object_component id="oc-9e">
         <name>.far</name>
         <uninitialized>true</uninitialized>
         <run_address>0x11074</run_address>
         <size>0x4</size>
         <input_file_ref idref="fl-a3"/>
      </object_component>
      <object_component id="oc-be">
         <name>.far</name>
         <uninitialized>true</uninitialized>
         <run_address>0x11198</run_address>
         <size>0x11c</size>
         <input_file_ref idref="fl-ad"/>
      </object_component>
      <object_component id="oc-d1">
         <name>.far</name>
         <uninitialized>true</uninitialized>
         <run_address>0x11608</run_address>
         <size>0x8</size>
         <input_file_ref idref="fl-b3"/>
      </object_component>
      <object_component id="oc-e9">
         <name>.far</name>
         <uninitialized>true</uninitialized>
         <run_address>0x11610</run_address>
         <size>0x4</size>
         <input_file_ref idref="fl-ba"/>
      </object_component>
      <object_component id="oc-ee">
         <name>.far</name>
         <uninitialized>true</uninitialized>
         <run_address>0x11600</run_address>
         <size>0x8</size>
         <input_file_ref idref="fl-bb"/>
      </object_component>
      <object_component id="oc-102">
         <name>.far</name>
         <uninitialized>true</uninitialized>
         <run_address>0x112b4</run_address>
         <size>0xf4</size>
         <input_file_ref idref="fl-c0"/>
      </object_component>
      <object_component id="oc-107">
         <name>.far</name>
         <uninitialized>true</uninitialized>
         <run_address>0x11558</run_address>
         <size>0x38</size>
         <input_file_ref idref="fl-c1"/>
      </object_component>
      <object_component id="oc-10c">
         <name>.far</name>
         <uninitialized>true</uninitialized>
         <run_address>0x10d4e</run_address>
         <size>0x2</size>
         <input_file_ref idref="fl-c2"/>
      </object_component>
      <object_component id="oc-116">
         <name>.far</name>
         <uninitialized>true</uninitialized>
         <run_address>0x115f0</run_address>
         <size>0x8</size>
         <input_file_ref idref="fl-c4"/>
      </object_component>
      <object_component id="oc-11d">
         <name>.far</name>
         <uninitialized>true</uninitialized>
         <run_address>0x11590</run_address>
         <size>0x28</size>
         <input_file_ref idref="fl-c5"/>
      </object_component>
      <object_component id="oc-123">
         <name>.far</name>
         <uninitialized>true</uninitialized>
         <run_address>0x115b8</run_address>
         <size>0x20</size>
         <input_file_ref idref="fl-c6"/>
      </object_component>
      <object_component id="oc-d5">
         <name>.cio</name>
         <uninitialized>true</uninitialized>
         <run_address>0x141d8</run_address>
         <size>0x120</size>
         <input_file_ref idref="fl-b4"/>
      </object_component>
      <object_component id="oc-10">
         <name>.debug_info</name>
         <load_address>0x0</load_address>
         <run_address>0x0</run_address>
         <size>0x108</size>
         <input_file_ref idref="fl-2"/>
      </object_component>
      <object_component id="oc-15">
         <name>.debug_info</name>
         <load_address>0x108</load_address>
         <run_address>0x108</run_address>
         <size>0x11f</size>
         <input_file_ref idref="fl-3"/>
      </object_component>
      <object_component id="oc-19">
         <name>.debug_info</name>
         <load_address>0x227</load_address>
         <run_address>0x227</run_address>
         <size>0xd3</size>
         <input_file_ref idref="fl-4"/>
      </object_component>
      <object_component id="oc-1c">
         <name>.debug_info</name>
         <load_address>0x2fa</load_address>
         <run_address>0x2fa</run_address>
         <size>0x17c3</size>
         <input_file_ref idref="fl-5"/>
      </object_component>
      <object_component id="oc-22">
         <name>.debug_info</name>
         <load_address>0x1abd</load_address>
         <run_address>0x1abd</run_address>
         <size>0x1428</size>
         <input_file_ref idref="fl-6"/>
      </object_component>
      <object_component id="oc-2b">
         <name>.debug_info</name>
         <load_address>0x2ee5</load_address>
         <run_address>0x2ee5</run_address>
         <size>0x8bc</size>
         <input_file_ref idref="fl-7"/>
      </object_component>
      <object_component id="oc-2f">
         <name>.debug_info</name>
         <load_address>0x37a1</load_address>
         <run_address>0x37a1</run_address>
         <size>0xbc5</size>
         <input_file_ref idref="fl-8"/>
      </object_component>
      <object_component id="oc-35">
         <name>.debug_info</name>
         <load_address>0x4366</load_address>
         <run_address>0x4366</run_address>
         <size>0x77a</size>
         <input_file_ref idref="fl-9"/>
      </object_component>
      <object_component id="oc-39">
         <name>.debug_info</name>
         <load_address>0x4ae0</load_address>
         <run_address>0x4ae0</run_address>
         <size>0x1e85</size>
         <input_file_ref idref="fl-a"/>
      </object_component>
      <object_component id="oc-40">
         <name>.debug_info</name>
         <load_address>0x6965</load_address>
         <run_address>0x6965</run_address>
         <size>0x6a9</size>
         <input_file_ref idref="fl-89"/>
      </object_component>
      <object_component id="oc-45">
         <name>.debug_info</name>
         <load_address>0x700e</load_address>
         <run_address>0x700e</run_address>
         <size>0x70b</size>
         <input_file_ref idref="fl-8a"/>
      </object_component>
      <object_component id="oc-49">
         <name>.debug_info</name>
         <load_address>0x7719</load_address>
         <run_address>0x7719</run_address>
         <size>0x717</size>
         <input_file_ref idref="fl-8b"/>
      </object_component>
      <object_component id="oc-4e">
         <name>.debug_info</name>
         <load_address>0x7e30</load_address>
         <run_address>0x7e30</run_address>
         <size>0x982</size>
         <input_file_ref idref="fl-8c"/>
      </object_component>
      <object_component id="oc-51">
         <name>.debug_info</name>
         <load_address>0x87b2</load_address>
         <run_address>0x87b2</run_address>
         <size>0xd0</size>
         <input_file_ref idref="fl-8d"/>
      </object_component>
      <object_component id="oc-54">
         <name>.debug_info</name>
         <load_address>0x8882</load_address>
         <run_address>0x8882</run_address>
         <size>0x7ff</size>
         <input_file_ref idref="fl-8e"/>
      </object_component>
      <object_component id="oc-59">
         <name>.debug_info</name>
         <load_address>0x9081</load_address>
         <run_address>0x9081</run_address>
         <size>0x6a4</size>
         <input_file_ref idref="fl-8f"/>
      </object_component>
      <object_component id="oc-5c">
         <name>.debug_info</name>
         <load_address>0x9725</load_address>
         <run_address>0x9725</run_address>
         <size>0x701</size>
         <input_file_ref idref="fl-90"/>
      </object_component>
      <object_component id="oc-5f">
         <name>.debug_info</name>
         <load_address>0x9e26</load_address>
         <run_address>0x9e26</run_address>
         <size>0x680</size>
         <input_file_ref idref="fl-91"/>
      </object_component>
      <object_component id="oc-62">
         <name>.debug_info</name>
         <load_address>0xa4a6</load_address>
         <run_address>0xa4a6</run_address>
         <size>0x6b7</size>
         <input_file_ref idref="fl-92"/>
      </object_component>
      <object_component id="oc-65">
         <name>.debug_info</name>
         <load_address>0xab5d</load_address>
         <run_address>0xab5d</run_address>
         <size>0x8b9</size>
         <input_file_ref idref="fl-93"/>
      </object_component>
      <object_component id="oc-6a">
         <name>.debug_info</name>
         <load_address>0xb416</load_address>
         <run_address>0xb416</run_address>
         <size>0x902</size>
         <input_file_ref idref="fl-94"/>
      </object_component>
      <object_component id="oc-6d">
         <name>.debug_info</name>
         <load_address>0xbd18</load_address>
         <run_address>0xbd18</run_address>
         <size>0x659</size>
         <input_file_ref idref="fl-95"/>
      </object_component>
      <object_component id="oc-70">
         <name>.debug_info</name>
         <load_address>0xc371</load_address>
         <run_address>0xc371</run_address>
         <size>0x717</size>
         <input_file_ref idref="fl-96"/>
      </object_component>
      <object_component id="oc-75">
         <name>.debug_info</name>
         <load_address>0xca88</load_address>
         <run_address>0xca88</run_address>
         <size>0x88f</size>
         <input_file_ref idref="fl-97"/>
      </object_component>
      <object_component id="oc-78">
         <name>.debug_info</name>
         <load_address>0xd317</load_address>
         <run_address>0xd317</run_address>
         <size>0x651</size>
         <input_file_ref idref="fl-98"/>
      </object_component>
      <object_component id="oc-7b">
         <name>.debug_info</name>
         <load_address>0xd968</load_address>
         <run_address>0xd968</run_address>
         <size>0x64c</size>
         <input_file_ref idref="fl-99"/>
      </object_component>
      <object_component id="oc-80">
         <name>.debug_info</name>
         <load_address>0xdfb4</load_address>
         <run_address>0xdfb4</run_address>
         <size>0x2bda</size>
         <input_file_ref idref="fl-9a"/>
      </object_component>
      <object_component id="oc-84">
         <name>.debug_info</name>
         <load_address>0x10b8e</load_address>
         <run_address>0x10b8e</run_address>
         <size>0x6e1</size>
         <input_file_ref idref="fl-9b"/>
      </object_component>
      <object_component id="oc-87">
         <name>.debug_info</name>
         <load_address>0x1126f</load_address>
         <run_address>0x1126f</run_address>
         <size>0x722</size>
         <input_file_ref idref="fl-9c"/>
      </object_component>
      <object_component id="oc-8a">
         <name>.debug_info</name>
         <load_address>0x11991</load_address>
         <run_address>0x11991</run_address>
         <size>0x871</size>
         <input_file_ref idref="fl-9d"/>
      </object_component>
      <object_component id="oc-8d">
         <name>.debug_info</name>
         <load_address>0x12202</load_address>
         <run_address>0x12202</run_address>
         <size>0x6e9</size>
         <input_file_ref idref="fl-9e"/>
      </object_component>
      <object_component id="oc-90">
         <name>.debug_info</name>
         <load_address>0x128eb</load_address>
         <run_address>0x128eb</run_address>
         <size>0x7df</size>
         <input_file_ref idref="fl-9f"/>
      </object_component>
      <object_component id="oc-93">
         <name>.debug_info</name>
         <load_address>0x130ca</load_address>
         <run_address>0x130ca</run_address>
         <size>0x5fa</size>
         <input_file_ref idref="fl-a0"/>
      </object_component>
      <object_component id="oc-95">
         <name>.debug_info</name>
         <load_address>0x136c4</load_address>
         <run_address>0x136c4</run_address>
         <size>0x6e7</size>
         <input_file_ref idref="fl-a1"/>
      </object_component>
      <object_component id="oc-99">
         <name>.debug_info</name>
         <load_address>0x13dab</load_address>
         <run_address>0x13dab</run_address>
         <size>0xd0</size>
         <input_file_ref idref="fl-a2"/>
      </object_component>
      <object_component id="oc-9c">
         <name>.debug_info</name>
         <load_address>0x13e7b</load_address>
         <run_address>0x13e7b</run_address>
         <size>0x5e2</size>
         <input_file_ref idref="fl-a3"/>
      </object_component>
      <object_component id="oc-a0">
         <name>.debug_info</name>
         <load_address>0x1445d</load_address>
         <run_address>0x1445d</run_address>
         <size>0x691</size>
         <input_file_ref idref="fl-a4"/>
      </object_component>
      <object_component id="oc-a3">
         <name>.debug_info</name>
         <load_address>0x14aee</load_address>
         <run_address>0x14aee</run_address>
         <size>0x6aa</size>
         <input_file_ref idref="fl-a5"/>
      </object_component>
      <object_component id="oc-a6">
         <name>.debug_info</name>
         <load_address>0x15198</load_address>
         <run_address>0x15198</run_address>
         <size>0x82a</size>
         <input_file_ref idref="fl-a6"/>
      </object_component>
      <object_component id="oc-a9">
         <name>.debug_info</name>
         <load_address>0x159c2</load_address>
         <run_address>0x159c2</run_address>
         <size>0xb90</size>
         <input_file_ref idref="fl-a7"/>
      </object_component>
      <object_component id="oc-ad">
         <name>.debug_info</name>
         <load_address>0x16552</load_address>
         <run_address>0x16552</run_address>
         <size>0x69b</size>
         <input_file_ref idref="fl-a8"/>
      </object_component>
      <object_component id="oc-b0">
         <name>.debug_info</name>
         <load_address>0x16bed</load_address>
         <run_address>0x16bed</run_address>
         <size>0x7bd</size>
         <input_file_ref idref="fl-a9"/>
      </object_component>
      <object_component id="oc-b3">
         <name>.debug_info</name>
         <load_address>0x173aa</load_address>
         <run_address>0x173aa</run_address>
         <size>0x7b8</size>
         <input_file_ref idref="fl-aa"/>
      </object_component>
      <object_component id="oc-b6">
         <name>.debug_info</name>
         <load_address>0x17b62</load_address>
         <run_address>0x17b62</run_address>
         <size>0x816</size>
         <input_file_ref idref="fl-ab"/>
      </object_component>
      <object_component id="oc-b9">
         <name>.debug_info</name>
         <load_address>0x18378</load_address>
         <run_address>0x18378</run_address>
         <size>0x697</size>
         <input_file_ref idref="fl-ac"/>
      </object_component>
      <object_component id="oc-bc">
         <name>.debug_info</name>
         <load_address>0x18a0f</load_address>
         <run_address>0x18a0f</run_address>
         <size>0xf67</size>
         <input_file_ref idref="fl-ad"/>
      </object_component>
      <object_component id="oc-c1">
         <name>.debug_info</name>
         <load_address>0x19976</load_address>
         <run_address>0x19976</run_address>
         <size>0x748</size>
         <input_file_ref idref="fl-ae"/>
      </object_component>
      <object_component id="oc-c4">
         <name>.debug_info</name>
         <load_address>0x1a0be</load_address>
         <run_address>0x1a0be</run_address>
         <size>0x6ec</size>
         <input_file_ref idref="fl-af"/>
      </object_component>
      <object_component id="oc-c7">
         <name>.debug_info</name>
         <load_address>0x1a7aa</load_address>
         <run_address>0x1a7aa</run_address>
         <size>0x792</size>
         <input_file_ref idref="fl-b0"/>
      </object_component>
      <object_component id="oc-ca">
         <name>.debug_info</name>
         <load_address>0x1af3c</load_address>
         <run_address>0x1af3c</run_address>
         <size>0x730</size>
         <input_file_ref idref="fl-b1"/>
      </object_component>
      <object_component id="oc-cd">
         <name>.debug_info</name>
         <load_address>0x1b66c</load_address>
         <run_address>0x1b66c</run_address>
         <size>0x618</size>
         <input_file_ref idref="fl-b2"/>
      </object_component>
      <object_component id="oc-d0">
         <name>.debug_info</name>
         <load_address>0x1bc84</load_address>
         <run_address>0x1bc84</run_address>
         <size>0xf02</size>
         <input_file_ref idref="fl-b3"/>
      </object_component>
      <object_component id="oc-d4">
         <name>.debug_info</name>
         <load_address>0x1cb86</load_address>
         <run_address>0x1cb86</run_address>
         <size>0x8d1</size>
         <input_file_ref idref="fl-b4"/>
      </object_component>
      <object_component id="oc-d8">
         <name>.debug_info</name>
         <load_address>0x1d457</load_address>
         <run_address>0x1d457</run_address>
         <size>0x75a</size>
         <input_file_ref idref="fl-b5"/>
      </object_component>
      <object_component id="oc-db">
         <name>.debug_info</name>
         <load_address>0x1dbb1</load_address>
         <run_address>0x1dbb1</run_address>
         <size>0x5cc</size>
         <input_file_ref idref="fl-b6"/>
      </object_component>
      <object_component id="oc-de">
         <name>.debug_info</name>
         <load_address>0x1e17d</load_address>
         <run_address>0x1e17d</run_address>
         <size>0x781</size>
         <input_file_ref idref="fl-b7"/>
      </object_component>
      <object_component id="oc-e1">
         <name>.debug_info</name>
         <load_address>0x1e8fe</load_address>
         <run_address>0x1e8fe</run_address>
         <size>0x7b9</size>
         <input_file_ref idref="fl-b8"/>
      </object_component>
      <object_component id="oc-e4">
         <name>.debug_info</name>
         <load_address>0x1f0b7</load_address>
         <run_address>0x1f0b7</run_address>
         <size>0x813</size>
         <input_file_ref idref="fl-b9"/>
      </object_component>
      <object_component id="oc-e7">
         <name>.debug_info</name>
         <load_address>0x1f8ca</load_address>
         <run_address>0x1f8ca</run_address>
         <size>0x885</size>
         <input_file_ref idref="fl-ba"/>
      </object_component>
      <object_component id="oc-ec">
         <name>.debug_info</name>
         <load_address>0x2014f</load_address>
         <run_address>0x2014f</run_address>
         <size>0xb47</size>
         <input_file_ref idref="fl-bb"/>
      </object_component>
      <object_component id="oc-f2">
         <name>.debug_info</name>
         <load_address>0x20c96</load_address>
         <run_address>0x20c96</run_address>
         <size>0x806</size>
         <input_file_ref idref="fl-bc"/>
      </object_component>
      <object_component id="oc-f5">
         <name>.debug_info</name>
         <load_address>0x2149c</load_address>
         <run_address>0x2149c</run_address>
         <size>0x664</size>
         <input_file_ref idref="fl-bd"/>
      </object_component>
      <object_component id="oc-fa">
         <name>.debug_info</name>
         <load_address>0x21b00</load_address>
         <run_address>0x21b00</run_address>
         <size>0xb1</size>
         <input_file_ref idref="fl-be"/>
      </object_component>
      <object_component id="oc-fe">
         <name>.debug_info</name>
         <load_address>0x21bb1</load_address>
         <run_address>0x21bb1</run_address>
         <size>0xaf</size>
         <input_file_ref idref="fl-bf"/>
      </object_component>
      <object_component id="oc-104">
         <name>.debug_info</name>
         <load_address>0x21c60</load_address>
         <run_address>0x21c60</run_address>
         <size>0xcc5</size>
         <input_file_ref idref="fl-c0"/>
      </object_component>
      <object_component id="oc-109">
         <name>.debug_info</name>
         <load_address>0x22925</load_address>
         <run_address>0x22925</run_address>
         <size>0xf6e</size>
         <input_file_ref idref="fl-c1"/>
      </object_component>
      <object_component id="oc-10f">
         <name>.debug_info</name>
         <load_address>0x23893</load_address>
         <run_address>0x23893</run_address>
         <size>0xa4e</size>
         <input_file_ref idref="fl-c2"/>
      </object_component>
      <object_component id="oc-113">
         <name>.debug_info</name>
         <load_address>0x242e1</load_address>
         <run_address>0x242e1</run_address>
         <size>0x7c9</size>
         <input_file_ref idref="fl-c3"/>
      </object_component>
      <object_component id="oc-119">
         <name>.debug_info</name>
         <load_address>0x24aaa</load_address>
         <run_address>0x24aaa</run_address>
         <size>0xa20</size>
         <input_file_ref idref="fl-c4"/>
      </object_component>
      <object_component id="oc-11f">
         <name>.debug_info</name>
         <load_address>0x254ca</load_address>
         <run_address>0x254ca</run_address>
         <size>0xaa0</size>
         <input_file_ref idref="fl-c5"/>
      </object_component>
      <object_component id="oc-125">
         <name>.debug_info</name>
[...]
         <object_component_ref idref="oc-131"/>
      </symbol>
      <symbol id="sm-25c">
         <name>_GenHamming</name>
         <value>0xdf4</value>
         <object_component_ref idref="oc-131"/>
      </symbol>
      <symbol id="sm-25d">
         <name>_ApplicationFentre</name>
         <value>0xf08</value>
         <object_component_ref idref="oc-131"/>
      </symbol>
      <symbol id="sm-25e">
         <name>_CorrManip</name>
         <value>0x3d0</value>
         <object_component_ref idref="oc-131"/>
      </symbol>
      <symbol id="sm-25f">
         <name>_GenererMetronome</name>
         <value>0xfb8</value>
         <object_component_ref idref="oc-131"/>
      </symbol>
      <symbol id="sm-26d">
         <name>_atan</name>
         <value>0x9400</value>
         <object_component_ref idref="oc-166"/>
      </symbol>
      <symbol id="sm-279">
         <name>_c_int00</name>
         <value>0xde80</value>
         <object_component_ref idref="oc-e"/>
      </symbol>
      <symbol id="sm-27a">
         <name>__stack</name>
         <value>0x11618</value>
         <object_component_ref idref="oc-46"/>
      </symbol>
      <symbol id="sm-288">
         <name>_cos</name>
         <value>0x7600</value>
         <object_component_ref idref="oc-12e"/>
      </symbol>
      <symbol id="sm-292">
         <name>__divd</name>
         <value>0x2620</value>
         <object_component_ref idref="oc-12d"/>
      </symbol>
      <symbol id="sm-29a">
         <name>__c6xabi_divi</name>
         <value>0xba40</value>
         <object_component_ref idref="oc-159"/>
      </symbol>
      <symbol id="sm-29b">
         <name>__divi</name>
         <value>0xba40</value>
         <object_component_ref idref="oc-159"/>
      </symbol>
      <symbol id="sm-2ab">
         <name>C$$EXIT</name>
         <value>0xe400</value>
         <object_component_ref idref="oc-143"/>
      </symbol>
      <symbol id="sm-2ac">
         <name>_exit</name>
         <value>0xd020</value>
         <object_component_ref idref="oc-12c"/>
      </symbol>
      <symbol id="sm-2ad">
         <name>___TI_enable_exit_profile_output</name>
         <value>0x115e0</value>
         <object_component_ref idref="oc-56"/>
      </symbol>
      <symbol id="sm-2ae">
         <name>_abort</name>
         <value>0xe400</value>
         <object_component_ref idref="oc-143"/>
      </symbol>
      <symbol id="sm-2af">
         <name>__cleanup_ptr</name>
         <value>0x115d8</value>
         <object_component_ref idref="oc-56"/>
      </symbol>
      <symbol id="sm-2b0">
         <name>__dtors_ptr</name>
         <value>0x115dc</value>
         <object_component_ref idref="oc-56"/>
      </symbol>
      <symbol id="sm-2ba">
         <name>__frcmpyd_div</name>
         <value>0xb1e0</value>
         <object_component_ref idref="oc-145"/>
      </symbol>
      <symbol id="sm-2c6">
         <name>__llshl</name>
         <value>0xde00</value>
         <object_component_ref idref="oc-19a"/>
      </symbol>
      <symbol id="sm-2c7">
         <name>__llshru</name>
         <value>0xe060</value>
         <object_component_ref idref="oc-144"/>
      </symbol>
      <symbol id="sm-2d1">
         <name>_modf</name>
         <value>0xd1e0</value>
         <object_component_ref idref="oc-148"/>
      </symbol>
      <symbol id="sm-2db">
         <name>__mpyll</name>
         <value>0xd940</value>
         <object_component_ref idref="oc-164"/>
      </symbol>
      <symbol id="sm-2e9">
         <name>_pow</name>
         <value>0x1520</value>
         <object_component_ref idref="oc-15c"/>
      </symbol>
      <symbol id="sm-2f7">
         <name>_printf</name>
         <value>0xc8e0</value>
         <object_component_ref idref="oc-132"/>
      </symbol>
      <symbol id="sm-301">
         <name>__nround</name>
         <value>0xce60</value>
         <object_component_ref idref="oc-147"/>
      </symbol>
      <symbol id="sm-30f">
         <name>_sin</name>
         <value>0x7f60</value>
         <object_component_ref idref="oc-167"/>
      </symbol>
      <symbol id="sm-319">
         <name>_sqrt</name>
         <value>0xb5a0</value>
         <object_component_ref idref="oc-15d"/>
      </symbol>
      <symbol id="sm-323">
         <name>__trunc</name>
         <value>0xe220</value>
         <object_component_ref idref="oc-146"/>
      </symbol>
      <symbol id="sm-331">
         <name>__unlock</name>
         <value>0x115fc</value>
         <object_component_ref idref="oc-7d"/>
      </symbol>
      <symbol id="sm-332">
         <name>__lock</name>
         <value>0x115f8</value>
         <object_component_ref idref="oc-7d"/>
      </symbol>
      <symbol id="sm-333">
         <name>__nop</name>
         <value>0xe3a0</value>
         <object_component_ref idref="oc-133"/>
      </symbol>
      <symbol id="sm-363">
         <name>__printfi</name>
         <value>0x4080</value>
         <object_component_ref idref="oc-160"/>
      </symbol>
      <symbol id="sm-36d">
         <name>__args_main</name>
         <value>0xe1e0</value>
         <object_component_ref idref="oc-12b"/>
      </symbol>
      <symbol id="sm-36e">
         <name>__TI_args_main</name>
         <value>0x1</value>
      </symbol>
      <symbol id="sm-378">
         <name>_atoi</name>
         <value>0xb320</value>
         <object_component_ref idref="oc-174"/>
      </symbol>
      <symbol id="sm-382">
         <name>__auto_init</name>
         <value>0xc3e0</value>
         <object_component_ref idref="oc-12a"/>
      </symbol>
      <symbol id="sm-38c">
         <name>___TI_cpp_init</name>
         <value>0xdd00</value>
         <object_component_ref idref="oc-141"/>
      </symbol>
      <symbol id="sm-396">
         <name>_copy_in</name>
         <value>0xd460</value>
         <object_component_ref idref="oc-13f"/>
      </symbol>
      <symbol id="sm-39e">
         <name>__ctypes_</name>
         <value>0x13f08</value>
         <object_component_ref idref="oc-17a"/>
      </symbol>
      <symbol id="sm-3a8">
         <name>__tmpnams</name>
         <value>0x10f30</value>
         <object_component_ref idref="oc-97"/>
      </symbol>
      <symbol id="sm-3a9">
         <name>__ft_end</name>
         <value>0x11070</value>
         <object_component_ref idref="oc-97"/>
      </symbol>
      <symbol id="sm-3aa">
         <name>__ftable</name>
         <value>0x10d50</value>
         <object_component_ref idref="oc-97"/>
      </symbol>
      <symbol id="sm-3b2">
         <name>__c6xabi_divu</name>
         <value>0xd3a0</value>
         <object_component_ref idref="oc-193"/>
      </symbol>
      <symbol id="sm-3b3">
         <name>__divu</name>
         <value>0xd3a0</value>
         <object_component_ref idref="oc-193"/>
      </symbol>
      <symbol id="sm-3bd">
         <name>_errno</name>
         <value>0x11074</value>
         <object_component_ref idref="oc-9e"/>
      </symbol>
      <symbol id="sm-3c7">
         <name>__fixdli</name>
         <value>0xd8a0</value>
         <object_component_ref idref="oc-190"/>
      </symbol>
      <symbol id="sm-3d1">
         <name>__fltlid</name>
         <value>0xdd80</value>
         <object_component_ref idref="oc-192"/>
      </symbol>
      <symbol id="sm-3db">
         <name>_putc</name>
         <value>0x8a60</value>
         <object_component_ref idref="oc-16b"/>
      </symbol>
      <symbol id="sm-3dc">
         <name>_fputc</name>
         <value>0x8a60</value>
         <object_component_ref idref="oc-16b"/>
      </symbol>
      <symbol id="sm-3e8">
         <name>_fputs</name>
         <value>0x4ac0</value>
         <object_component_ref idref="oc-16a"/>
      </symbol>
      <symbol id="sm-3f2">
         <name>_frexp</name>
         <value>0xbda0</value>
         <object_component_ref idref="oc-168"/>
      </symbol>
      <symbol id="sm-400">
         <name>__divul</name>
         <value>0x8d00</value>
         <object_component_ref idref="oc-194"/>
      </symbol>
      <symbol id="sm-401">
         <name>__remli</name>
         <value>0xd9e0</value>
         <object_component_ref idref="oc-198"/>
      </symbol>
      <symbol id="sm-402">
         <name>__divli</name>
         <value>0xc5e0</value>
         <object_component_ref idref="oc-199"/>
      </symbol>
      <symbol id="sm-40e">
         <name>__subcull</name>
         <value>0xe0c0</value>
         <object_component_ref idref="oc-19b"/>
      </symbol>
      <symbol id="sm-40f">
         <name>__divull</name>
         <value>0x6840</value>
         <object_component_ref idref="oc-195"/>
      </symbol>
      <symbol id="sm-419">
         <name>___isinf</name>
         <value>0xe000</value>
         <object_component_ref idref="oc-17c"/>
      </symbol>
      <symbol id="sm-423">
         <name>_ldexp</name>
         <value>0xa960</value>
         <object_component_ref idref="oc-169"/>
      </symbol>
      <symbol id="sm-43b">
         <name>_unlink</name>
         <value>0xdbc0</value>
         <object_component_ref idref="oc-19c"/>
      </symbol>
      <symbol id="sm-43c">
         <name>_lseek</name>
         <value>0xc7e0</value>
         <object_component_ref idref="oc-183"/>
      </symbol>
      <symbol id="sm-43d">
         <name>_close</name>
         <value>0xbc80</value>
         <object_component_ref idref="oc-196"/>
      </symbol>
      <symbol id="sm-43e">
         <name>_write</name>
         <value>0xc9e0</value>
         <object_component_ref idref="oc-172"/>
      </symbol>
      <symbol id="sm-448">
         <name>_ltoa</name>
         <value>0xb460</value>
         <object_component_ref idref="oc-191"/>
      </symbol>
      <symbol id="sm-452">
         <name>_memccpy</name>
         <value>0xdf00</value>
         <object_component_ref idref="oc-177"/>
      </symbol>
      <symbol id="sm-45c">
         <name>_memcpy</name>
         <value>0x9880</value>
         <object_component_ref idref="oc-140"/>
      </symbol>
      <symbol id="sm-466">
         <name>_memset</name>
         <value>0xbec0</value>
         <object_component_ref idref="oc-173"/>
      </symbol>
      <symbol id="sm-470">
         <name>__negll</name>
         <value>0xe380</value>
         <object_component_ref idref="oc-181"/>
      </symbol>
      <symbol id="sm-488">
         <name>_HOSTopen</name>
         <value>0xb800</value>
         <object_component_ref idref="oc-134"/>
      </symbol>
      <symbol id="sm-489">
         <name>_HOSTread</name>
         <value>0xb0a0</value>
         <object_component_ref idref="oc-136"/>
      </symbol>
      <symbol id="sm-48a">
         <name>_HOSTrename</name>
         <value>0x9d00</value>
         <object_component_ref idref="oc-13a"/>
      </symbol>
      <symbol id="sm-48b">
         <name>_HOSTwrite</name>
         <value>0xb920</value>
         <object_component_ref idref="oc-137"/>
      </symbol>
      <symbol id="sm-48c">
         <name>_HOSTlseek</name>
         <value>0xac80</value>
         <object_component_ref idref="oc-138"/>
      </symbol>
      <symbol id="sm-48d">
         <name>_HOSTunlink</name>
         <value>0xc0e0</value>
         <object_component_ref idref="oc-139"/>
      </symbol>
      <symbol id="sm-48e">
         <name>_HOSTclose</name>
         <value>0xbfe0</value>
         <object_component_ref idref="oc-135"/>
      </symbol>
      <symbol id="sm-49c">
         <name>C$$IO$$</name>
         <value>0xdcd8</value>
         <object_component_ref idref="oc-161"/>
      </symbol>
      <symbol id="sm-49d">
         <name>__CIOBUF_</name>
         <value>0x141d8</value>
         <object_component_ref idref="oc-d5"/>
      </symbol>
      <symbol id="sm-49e">
         <name>_readmsg</name>
         <value>0xda80</value>
         <object_component_ref idref="oc-162"/>
      </symbol>
      <symbol id="sm-49f">
         <name>_writemsg</name>
         <value>0xdc60</value>
         <object_component_ref idref="oc-161"/>
      </symbol>
      <symbol id="sm-4a9">
         <name>__wrt_ok</name>
         <value>0xbb60</value>
         <object_component_ref idref="oc-170"/>
      </symbol>
      <symbol id="sm-4ba">
         <name>__doflush</name>
         <value>0xcbc0</value>
         <object_component_ref idref="oc-171"/>
      </symbol>
      <symbol id="sm-4c4">
         <name>_fseek</name>
         <value>0xa2c0</value>
         <object_component_ref idref="oc-178"/>
      </symbol>
      <symbol id="sm-4ce">
         <name>_setvbuf</name>
         <value>0x8500</value>
         <object_component_ref idref="oc-179"/>
      </symbol>
      <symbol id="sm-4dc">
         <name>__cleanup</name>
         <value>0xcae0</value>
         <object_component_ref idref="oc-186"/>
      </symbol>
      <symbol id="sm-4f2">
         <name>__sys_memory</name>
         <value>0x12618</value>
         <object_component_ref idref="oc-ef"/>
      </symbol>
      <symbol id="sm-4f3">
         <name>_free</name>
         <value>0x6bc0</value>
         <object_component_ref idref="oc-184"/>
      </symbol>
      <symbol id="sm-4f4">
         <name>_malloc</name>
         <value>0x9640</value>
         <object_component_ref idref="oc-185"/>
      </symbol>
      <symbol id="sm-4fe">
         <name>__closefile</name>
         <value>0xade0</value>
         <object_component_ref idref="oc-18f"/>
      </symbol>
      <symbol id="sm-508">
         <name>_remove</name>
         <value>0xe420</value>
         <object_component_ref idref="oc-197"/>
      </symbol>
      <symbol id="sm-512">
         <name>_DSPF_sp_bitrev_cplx</name>
         <value>0x8f60</value>
         <object_component_ref idref="oc-f8"/>
      </symbol>
      <symbol id="sm-51c">
         <name>_DSPF_sp_cfftr2_dit</name>
         <value>0x45e0</value>
         <object_component_ref idref="oc-fc"/>
      </symbol>
      <symbol id="sm-538">
         <name>__IRQ_eventTable</name>
         <value>0x112dc</value>
         <object_component_ref idref="oc-102"/>
      </symbol>
      <symbol id="sm-539">
         <name>_IRQ_nmiEnable</name>
         <value>0xe2c0</value>
         <object_component_ref idref="oc-153"/>
      </symbol>
      <symbol id="sm-53a">
         <name>_IRQ_reset</name>
         <value>0xe160</value>
         <object_component_ref idref="oc-151"/>
      </symbol>
      <symbol id="sm-53b">
         <name>__IRQ_intTable</name>
         <value>0x11360</value>
         <object_component_ref idref="oc-102"/>
      </symbol>
      <symbol id="sm-53c">
         <name>_IRQ_globalEnable</name>
         <value>0xe2a0</value>
         <object_component_ref idref="oc-152"/>
      </symbol>
      <symbol id="sm-53d">
         <name>_IRQ_globalDisable</name>
         <value>0xe280</value>
         <object_component_ref idref="oc-14e"/>
      </symbol>
      <symbol id="sm-53e">
         <name>_IRQ_map</name>
         <value>0xa100</value>
         <object_component_ref idref="oc-150"/>
      </symbol>
      <symbol id="sm-53f">
         <name>_IRQ_enable</name>
         <value>0xe120</value>
         <object_component_ref idref="oc-154"/>
      </symbol>
      <symbol id="sm-540">
         <name>__IRQ_dispatchTable</name>
         <value>0x113a0</value>
         <object_component_ref idref="oc-102"/>
      </symbol>
      <symbol id="sm-541">
         <name>__IRQ_hookFetchPacket</name>
         <value>0xe440</value>
         <object_component_ref idref="oc-100"/>
      </symbol>
      <symbol id="sm-561">
         <name>_MCBSP_reset</name>
         <value>0xa480</value>
         <object_component_ref idref="oc-163"/>
      </symbol>
      <symbol id="sm-562">
         <name>_MCBSP_read</name>
         <value>0xe300</value>
         <object_component_ref idref="oc-14d"/>
      </symbol>
      <symbol id="sm-563">
         <name>_MCBSP_close</name>
         <value>0xd760</value>
         <object_component_ref idref="oc-13c"/>
      </symbol>
      <symbol id="sm-564">
         <name>_MCBSP_getXmtEventId</name>
         <value>0xe2e0</value>
         <object_component_ref idref="oc-14f"/>
      </symbol>
      <symbol id="sm-565">
         <name>_MCBSP_open</name>
         <value>0xc1e0</value>
         <object_component_ref idref="oc-13d"/>
      </symbol>
      <symbol id="sm-566">
         <name>__MCBSP_hDev0</name>
         <value>0x11588</value>
         <object_component_ref idref="oc-107"/>
      </symbol>
      <symbol id="sm-567">
         <name>__MCBSP_hDev1</name>
         <value>0x1158c</value>
         <object_component_ref idref="oc-107"/>
      </symbol>
      <symbol id="sm-568">
         <name>_MCBSP_start</name>
         <value>0xc2e0</value>
         <object_component_ref idref="oc-13e"/>
      </symbol>
      <symbol id="sm-569">
         <name>_MCBSP_rrdy</name>
         <value>0xe320</value>
         <object_component_ref idref="oc-14c"/>
      </symbol>
      <symbol id="sm-56a">
         <name>_MCBSP_config</name>
         <value>0xd800</value>
         <object_component_ref idref="oc-149"/>
      </symbol>
      <symbol id="sm-56b">
         <name>_MCBSP_xrdy</name>
         <value>0xe360</value>
         <object_component_ref idref="oc-14a"/>
      </symbol>
      <symbol id="sm-56c">
         <name>_MCBSP_write</name>
         <value>0xe340</value>
         <object_component_ref idref="oc-14b"/>
      </symbol>
      <symbol id="sm-57a">
         <name>_DSK6713_init</name>
         <value>0x544c</value>
         <object_component_ref idref="oc-10b"/>
      </symbol>
      <symbol id="sm-57b">
         <name>_DSK6713_version</name>
         <value>0x10d4e</value>
         <object_component_ref idref="oc-10c"/>
      </symbol>
      <symbol id="sm-57c">
         <name>_DSK6713_rget</name>
         <value>0x5768</value>
         <object_component_ref idref="oc-10b"/>
      </symbol>
      <symbol id="sm-57d">
         <name>_DSK6713_wait</name>
         <value>0x5790</value>
         <object_component_ref idref="oc-10b"/>
      </symbol>
      <symbol id="sm-57e">
         <name>_DSK6713_rset</name>
         <value>0x577c</value>
         <object_component_ref idref="oc-10b"/>
      </symbol>
      <symbol id="sm-57f">
         <name>_DSK6713_waitusec</name>
         <value>0x57e8</value>
         <object_component_ref idref="oc-10b"/>
      </symbol>
      <symbol id="sm-580">
         <name>_DSK6713_getVersion</name>
         <value>0x5814</value>
         <object_component_ref idref="oc-10b"/>
      </symbol>
      <symbol id="sm-58a">
         <name>_DSK6713_AIC23_closeCodec</name>
         <value>0xdf80</value>
         <object_component_ref idref="oc-111"/>
      </symbol>
      <symbol id="sm-598">
         <name>_DSK6713_AIC23_codeccontrolhandle</name>
         <value>0x115f0</value>
         <object_component_ref idref="oc-116"/>
      </symbol>
      <symbol id="sm-599">
         <name>_DSK6713_AIC23_codecdatahandle</name>
         <value>0x115f4</value>
         <object_component_ref idref="oc-116"/>
      </symbol>
      <symbol id="sm-59a">
         <name>_DSK6713_AIC23_openCodec</name>
         <value>0x7940</value>
         <object_component_ref idref="oc-115"/>
      </symbol>
      <symbol id="sm-5a8">
         <name>_DSK6713_AIC23_config</name>
         <value>0xb000</value>
         <object_component_ref idref="oc-11b"/>
      </symbol>
      <symbol id="sm-5a9">
         <name>_DSK6713_AIC23_rget</name>
         <value>0xafdc</value>
         <object_component_ref idref="oc-11b"/>
      </symbol>
      <symbol id="sm-5aa">
         <name>_DSK6713_AIC23_rset</name>
         <value>0xaf40</value>
         <object_component_ref idref="oc-11b"/>
      </symbol>
      <symbol id="sm-5b8">
         <name>_DSK6713_AIC23_setFreq</name>
         <value>0xd6a0</value>
         <object_component_ref idref="oc-121"/>
      </symbol>
      <symbol id="sm-5c0">
         <name>__strasg</name>
         <value>0xcf40</value>
         <object_component_ref idref="oc-13b"/>
      </symbol>
   </symbol_table>
</link_info>
