******************************************************************************
               TMS320C6x Linker PC v7.4.20                     
******************************************************************************
>> Linked Sat Apr 15 10:56:54 2017

OUTPUT FILE NAME:   <CODE_BASE_PROJET_S5.out>
ENTRY POINT SYMBOL: "_c_int00"  address: 00016780


MEMORY CONFIGURATION

         name            origin    length      used     unused   attr    fill
----------------------  --------  ---------  --------  --------  ----  --------
  IVECS                 00000000   00000220  00000200  00000020  RWIX
  IRAM                  00000220   0002fde0  0002304e  0000cd92  RWIX
  SDRAM                 80000000   01000000  00000000  01000000  RWIX
  FLASH                 90000000   00020000  00000000  00020000  RWIX


SECTION ALLOCATION MAP

 output                                  attributes/
section   page    origin      length       input sections
--------  ----  ----------  ----------   ----------------
.vectors   0    00000000    00000200     
                  00000000    00000200     Vectors_intr.obj (.vectors)

.bss       0    00000220    00000000     UNINITIALIZED

.text      0    00000220    00016bc0     
                  00000220    00003fc0     traitement_audio.obj (.text)
                  000041e0    00000bc0     rts6700.lib : _scanfi.obj (.text:__scanfi)
                  00004da0    000009c0     MAIN.obj (.text:retain)
                  00005760    00000900     rts6700.lib : pow.obj (.text:_pow)
                  00006060    00000800     C6713Helper_UdeS.obj (.text)
                  00006860    00000800     MAIN.obj (.text)
                  00007060    000007c0     rts6700.lib : _scanfi.obj (.text:__sset_arg)
                  00007820    00000720                 : divd.obj (.text:__divd)
                  00007f40    000006c0                 : _printfi.obj (.text:__getarg_diouxp)
                  00008600    00000640                 : _printfi.obj (.text:__setfield)
                  00008c40    000005e0                 : strtod.obj (.text:_strtod)
                  00009220    000005e0                 : strtold.obj (.text:_strtold)
                  00009800    000005e0                 : strtoll.obj (.text:_strtoll)
                  00009de0    000005a0                 : _scanfi.obj (.text:__sproc_int)
                  0000a380    00000580                 : strtol.obj (.text:_strtol)
                  0000a900    00000560                 : _printfi.obj (.text:__printfi)
                  0000ae60    00000520                 : strtoul.obj (.text:_strtoul)
                  0000b380    000004e0     dsp67x.lib : DSPF_sp_cfftr2_dit.obj (.text)
                  0000b860    000004c0     rts6700.lib : fputs.obj (.text:_fputs)
                  0000bd20    000004c0     filtrerCascadeIIR.obj (.text)
                  0000c1e0    000004a0     rts6700.lib : strtoull.obj (.text:_strtoull)
                  0000c680    00000480     dsk6713bsl.lib : dsk6713.obj (.text)
                  0000cb00    00000420     rts6700.lib : _printfi.obj (.text:_fcvt)
                  0000cf20    00000400                 : _printfi.obj (.text:__pproc_fge)
                  0000d320    00000400                 : _printfi.obj (.text:_ecvt)
                  0000d720    000003a0                 : _scanfi.obj (.text:__sget_conv)
                  0000dac0    00000380                 : imath64.obj (.text:__divull)
                  0000de40    00000380                 : _scanfi.obj (.text:__sproc_float)
                  0000e1c0    00000380                 : memory.obj (.text:_free)
                  0000e540    00000360                 : _printfi.obj (.text:__pconv_e)
                  0000e8a0    00000360                 : _printfi.obj (.text:__pproc_fwp)
                  0000ec00    00000340                 : cos.obj (.text:_cos)
                  0000ef40    00000320     dsk6713bsl.lib : dsk6713_aic23_opencodec.obj (.text)
                  0000f260    00000300     rts6700.lib : divf.obj (.text:__divf)
                  0000f560    00000300                 : _printfi.obj (.text:__pproc_diouxp)
                  0000f860    000002e0                 : sin.obj (.text:_sin)
                  0000fb40    000002c0                 : _printfi.obj (.text:__pproc_str)
                  0000fe00    000002c0                 : setvbuf.obj (.text:_setvbuf)
                  000100c0    000002a0                 : _printfi.obj (.text:__pconv_g)
                  00010360    000002a0                 : fputc.obj (.text:_fputc)
                  00010600    00000260                 : imath40.obj (.text:__divul)
                  00010860    00000260     dsp67x.lib : DSPF_sp_bitrev_cplx.obj (.text)
                  00010ac0    00000240     rts6700.lib : _printfi.obj (.text:__mcpy)
                  00010d00    00000240                 : atan.obj (.text:_atan)
                  00010f40    00000240                 : memory.obj (.text:_malloc)
                  00011180    00000240                 : memcpy62.obj (.text:_memcpy)
                  000113c0    00000240     bitrev_index.obj (.text)
                  00011600    00000220     rts6700.lib : trgdrv.obj (.text:_HOSTrename)
                  00011820    00000220                 : _scanfi.obj (.text:__sproc_str)
                  00011a40    00000200                 : fscanf.obj (.text:__chkmbc)
                  00011c40    000001e0                 : _scanfi.obj (.text:__sproc_lb)
                  00011e20    000001e0                 : lowlev.obj (.text:_getdevice)
                  00012000    000001c0     csl6713.lib : csl_irq.obj (.text:_IRQ_map)
                  000121c0    000001c0     rts6700.lib : fseek.obj (.text:_fseek)
                  00012380    000001a0     csl6713.lib : csl_mcbsp.obj (.text:_MCBSP_reset)
                  00012520    000001a0     rts6700.lib : _printfi.obj (.text:__ltostr)
                  000126c0    000001a0                 : _printfi.obj (.text:__pproc_fflags)
                  00012860    000001a0                 : ldexp.obj (.text:_ldexp)
                  00012a00    00000180                 : fgetc.obj (.text:_fgetc)
                  00012b80    00000180     gen_w_r2.obj (.text)
                  00012d00    00000160     IIR_2ndOrder_directII_ASM.obj (.text)
                  00012e60    00000160     rts6700.lib : trgdrv.obj (.text:_HOSTlseek)
                  00012fc0    00000160                 : _bufread.obj (.text:__buff_read)
                  00013120    00000160                 : fclose.obj (.text:__closefile)
                  00013280    00000160                 : _scanfi.obj (.text:__sget_scanset)
                  000133e0    00000160                 : ungetc.obj (.text:_ungetc)
                  00013540    00000160     dsk6713bsl.lib : dsk6713_aic23_registers.obj (.text)
                  000136a0    00000140     rts6700.lib : trgdrv.obj (.text:_HOSTread)
                  000137e0    00000140                 : frcmpyd_div.obj (.text:__frcmpyd_div)
                  00013920    00000140                 : atoi.obj (.text:_atoi)
                  00013a60    00000140                 : ltoa.obj (.text:_ltoa)
                  00013ba0    00000140                 : sqrt.obj (.text:_sqrt)
                  00013ce0    00000120                 : trgdrv.obj (.text:_HOSTopen)
                  00013e00    00000120                 : trgdrv.obj (.text:_HOSTwrite)
                  00013f20    00000120                 : divi.obj (.text:__divi)
                  00014040    00000120                 : _io_perm.obj (.text:__wrt_ok)
                  00014160    00000120                 : lowlev.obj (.text:_close)
                  00014280    00000120                 : frexp.obj (.text:_frexp)
                  000143a0    00000120                 : memset.obj (.text:_memset)
                  000144c0    00000100                 : trgdrv.obj (.text:_HOSTclose)
                  000145c0    00000100                 : trgdrv.obj (.text:_HOSTunlink)
                  000146c0    00000100     csl6713.lib : csl_mcbsp.obj (.text:_MCBSP_open)
                  000147c0    00000100                 : csl_mcbsp.obj (.text:_MCBSP_start)
                  000148c0    00000100     rts6700.lib : autoinit.obj (.text:__auto_init)
                  000149c0    00000100                 : _printfi.obj (.text:__div)
                  00014ac0    00000100                 : imath40.obj (.text:__divli)
                  00014bc0    00000100                 : _printfi.obj (.text:__pconv_f)
                  00014cc0    00000100                 : lowlev.obj (.text:_lseek)
                  00014dc0    00000100                 : printf.obj (.text:_printf)
                  00014ec0    00000100                 : lowlev.obj (.text:_read)
                  00014fc0    00000100                 : fscanf.obj (.text:_scanf)
                  000150c0    00000100                 : lowlev.obj (.text:_write)
                  000151c0    000000e0                 : fopen.obj (.text:__cleanup)
                  000152a0    000000e0                 : fflush.obj (.text:__doflush)
                  00015380    000000e0                 : _printfi.obj (.text:__ecpy)
                  00015460    000000e0                 : _printfi.obj (.text:__fcpy)
                  00015540    000000e0                 : round.obj (.text:__nround)
                  00015620    000000e0                 : _io_perm.obj (.text:__rd_ok)
                  00015700    000000e0                 : strasg.obj (.text:__strasg)
                  000157e0    000000e0                 : exit.obj (.text:_exit)
                  000158c0    000000e0                 : memory.obj (.text:_minsert)
                  000159a0    000000e0                 : modf.obj (.text:_modf)
                  00015a80    000000e0                 : memory.obj (.text:_mremove)
                  00015b60    000000c0                 : divu.obj (.text:__divu)
                  00015c20    000000c0                 : cpy_tbl.obj (.text:_copy_in)
                  00015ce0    000000c0                 : lowlev.obj (.text:_finddevice)
                  00015da0    000000c0     corr.obj (.text)
                  00015e60    000000c0     dsk6713bsl.lib : dsk6713_aic23_setfreq.obj (.text)
                  00015f20    000000a0     csl6713.lib : csl_mcbsp.obj (.text:_MCBSP_close)
                  00015fc0    000000a0                 : csl_mcbsp.obj (.text:_MCBSP_config)
                  00016060    000000a0     rts6700.lib : fixdli.obj (.text:__fixdli)
                  00016100    000000a0                 : mpyll.obj (.text:__mpyll)
                  000161a0    000000a0                 : imath40.obj (.text:__remli)
                  00016240    000000a0                 : imath40.obj (.text:__remul)
                  000162e0    000000a0                 : imath64.obj (.text:__remull)
                  00016380    000000a0                 : trgmsg.obj (.text:_readmsg)
                  00016420    000000a0     csl6713.lib : csl_irq.obj (.text:_setMux)
                  000164c0    000000a0     rts6700.lib : lowlev.obj (.text:_unlink)
                  00016560    000000a0                 : trgmsg.obj (.text:_writemsg)
                  00016600    00000080                 : cpp_init.obj (.text:___TI_cpp_init)
                  00016680    00000080                 : fltlid.obj (.text:__fltlid)
                  00016700    00000080                 : llshift.obj (.text:__llshl)
                  00016780    00000080                 : boot.obj (.text:_c_int00)
                  00016800    00000080                 : memccpy.obj (.text:_memccpy)
                  00016880    00000080     dsk6713bsl.lib : dsk6713_aic23_closecodec.obj (.text)
                  00016900    00000060     rts6700.lib : isinf.obj (.text:___isinf)
                  00016960    00000060                 : llshift.obj (.text:__llshru)
                  000169c0    00000060                 : imath64.obj (.text:__subcull)
                  00016a20    00000040     csl6713.lib : csl_irq.obj (.text:_IRQ_enable)
                  00016a60    00000040                 : csl_irq.obj (.text:_IRQ_reset)
                  00016aa0    00000040     rts6700.lib : _printfi.obj (.text:___isnan)
                  00016ae0    00000040                 : args_main.obj (.text:__args_main)
                  00016b20    00000040                 : trunc.obj (.text:__trunc)
                  00016b60    00000040     SPI_driver.obj (.text:retain)
                  00016ba0    00000020     Vectors_intr.obj (.text)
                  00016bc0    00000020     csl6713.lib : csl_irq.obj (.text:_IRQ_globalDisable)
                  00016be0    00000020                 : csl_irq.obj (.text:_IRQ_globalEnable)
                  00016c00    00000020                 : csl_irq.obj (.text:_IRQ_nmiEnable)
                  00016c20    00000020                 : csl_mcbsp.obj (.text:_MCBSP_getXmtEventId)
                  00016c40    00000020                 : csl_mcbsp.obj (.text:_MCBSP_read)
                  00016c60    00000020                 : csl_mcbsp.obj (.text:_MCBSP_rrdy)
                  00016c80    00000020                 : csl_mcbsp.obj (.text:_MCBSP_write)
                  00016ca0    00000020                 : csl_mcbsp.obj (.text:_MCBSP_xrdy)
                  00016cc0    00000020     rts6700.lib : fscanf.obj (.text:__inpchar)
                  00016ce0    00000020                 : negll.obj (.text:__negll)
                  00016d00    00000020                 : _lock.obj (.text:__nop)
                  00016d20    00000020                 : printf.obj (.text:__outc)
                  00016d40    00000020                 : printf.obj (.text:__outs)
                  00016d60    00000020                 : fscanf.obj (.text:__uninpchar)
                  00016d80    00000020                 : exit.obj (.text:_abort)
                  00016da0    00000020                 : remove.obj (.text:_remove)
                  00016dc0    00000020     csl6713.lib : csl_irq.obj (.text)

.far       0    00016e00    00009264     UNINITIALIZED
                  00016e00    00008950     MAIN.obj (.far)
                  0001f750    00000324     rts6700.lib : defs.obj (.far)
                  0001fa74    00000004                 : errno.obj (.far)
                  0001fa78    00000120                 : pow.obj (.far)
                  0001fb98    0000011c                 : lowlev.obj (.far)
                  0001fcb4    000000f4     csl6713.lib : csl_irq.obj (.far)
                  0001fda8    00000078     filtrerCascadeIIR.obj (.far)
                  0001fe20    00000060     rts6700.lib : atan.obj (.far)
                  0001fe80    00000058     C6713Helper_UdeS.obj (.far)
                  0001fed8    00000040     rts6700.lib : cos.obj (.far)
                  0001ff18    00000040                 : sin.obj (.far)
                  0001ff58    00000038     csl6713.lib : csl_mcbsp.obj (.far)
                  0001ff90    00000028     SPI_driver.obj (.far)
                  0001ffb8    00000028     dsk6713bsl.lib : dsk6713_aic23_registers.obj (.far)
                  0001ffe0    00000024     csl6713.lib : csl_gpio.obj (.far)
                  00020004    00000020     dsk6713bsl.lib : dsk6713_aic23_setfreq.obj (.far)
                  00020024    0000000e     traitement_audio.obj (.far)
                  00020032    00000002     dsk6713bsl.lib : dsk6713.obj (.far)
                  00020034    0000000c     rts6700.lib : exit.obj (.far)
                  00020040    00000008     dsk6713bsl.lib : dsk6713_aic23_opencodec.obj (.far)
                  00020048    00000008     rts6700.lib : _lock.obj (.far)
                  00020050    00000008                 : memory.obj (.far)
                  00020058    00000008                 : trgdrv.obj (.far)
                  00020060    00000004                 : fopen.obj (.far)

.stack     0    00020068    00001000     UNINITIALIZED
                  00020068    00000008     rts6700.lib : boot.obj (.stack)
                  00020070    00000ff8     --HOLE--

.sysmem    0    00021068    00001000     UNINITIALIZED
                  00021068    00000008     rts6700.lib : memory.obj (.sysmem)
                  00021070    00000ff8     --HOLE--

.cinit     0    00022068    00000b64     
                  00022068    000004cc     MAIN.obj (.cinit)
                  00022534    00000004     --HOLE-- [fill = 0]
                  00022538    00000140     rts6700.lib : pow.obj (.cinit)
                  00022678    0000012c     csl6713.lib : csl_irq.obj (.cinit)
                  000227a4    00000004     --HOLE-- [fill = 0]
                  000227a8    00000070     rts6700.lib : atan.obj (.cinit)
                  00022818    0000005c                 : defs.obj (.cinit)
                  00022874    00000004     --HOLE-- [fill = 0]
                  00022878    0000005c                 : lowlev.obj (.cinit)
                  000228d4    00000004     --HOLE-- [fill = 0]
                  000228d8    00000058     C6713Helper_UdeS.obj (.cinit)
                  00022930    00000054     csl6713.lib : csl_mcbsp.obj (.cinit)
                  00022984    00000004     --HOLE-- [fill = 0]
                  00022988    00000048     rts6700.lib : cos.obj (.cinit)
                  000229d0    00000048                 : sin.obj (.cinit)
                  00022a18    00000044     csl6713.lib : csl_gpio.obj (.cinit)
                  00022a5c    00000004     --HOLE-- [fill = 0]
                  00022a60    00000030     dsk6713bsl.lib : dsk6713_aic23_registers.obj (.cinit)
                  00022a90    0000002c     SPI_driver.obj (.cinit)
                  00022abc    00000004     --HOLE-- [fill = 0]
                  00022ac0    0000002c     filtrerCascadeIIR.obj (.cinit)
                  00022aec    00000004     --HOLE-- [fill = 0]
                  00022af0    0000002c     rts6700.lib : exit.obj (.cinit)
                  00022b1c    00000004     --HOLE-- [fill = 0]
                  00022b20    0000002c                 : memory.obj (.cinit)
                  00022b4c    00000004     --HOLE-- [fill = 0]
                  00022b50    00000028     dsk6713bsl.lib : dsk6713_aic23_setfreq.obj (.cinit)
                  00022b78    0000001c     rts6700.lib : _lock.obj (.cinit)
                  00022b94    00000004     --HOLE-- [fill = 0]
                  00022b98    0000000c                 : errno.obj (.cinit)
                  00022ba4    00000004     --HOLE-- [fill = 0]
                  00022ba8    0000000c                 : fopen.obj (.cinit)
                  00022bb4    00000004     --HOLE-- [fill = 0]
                  00022bb8    0000000c     traitement_audio.obj (.cinit)
                  00022bc4    00000004     --HOLE-- [fill = 0]
                  00022bc8    00000004     (.pad.cinit) [fill = 0]

.const     0    00022bd0    0000057e     
                  00022bd0    00000168     filtrerCascadeIIR.obj (.const:_IIR_COEFFS)
                  00022d38    00000101     rts6700.lib : ctype.obj (.const:.string:__ctypes_)
                  00022e39    00000002                 : fputs.obj (.const:.string)
                  00022e3b    00000001     --HOLE-- [fill = 0]
                  00022e3c    000000c8     traitement_audio.obj (.const:.string)
                  00022f04    00000004     --HOLE-- [fill = 0]
                  00022f08    00000050     rts6700.lib : strtod.obj (.const:_digits)
                  00022f58    00000050                 : strtold.obj (.const:_digits)
                  00022fa8    00000048                 : strtod.obj (.const:_powerof10)
                  00022ff0    00000048                 : strtold.obj (.const:_powerof10)
                  00023038    00000040     dsk6713bsl.lib : dsk6713_aic23_opencodec.obj (.const)
                  00023078    00000038     MAIN.obj (.const:.string)
                  000230b0    00000023     rts6700.lib : _printfi.obj (.const:.string)
                  000230d3    00000001     --HOLE-- [fill = 0]
                  000230d4    00000020     SPI_driver.obj (.const)
                  000230f4    00000020     dsk6713bsl.lib : dsk6713.obj (.const)
                  00023114    00000004     --HOLE-- [fill = 0]
                  00023118    0000000c     MAIN.obj (.const)
                  00023124    0000000c     filtrerCascadeIIR.obj (.const:_IIR_GAINS)
                  00023130    00000007     rts6700.lib : _scanfi.obj (.const:.string:_flit$1)
                  00023137    00000001     --HOLE-- [fill = 0]
                  00023138    00000006                 : _scanfi.obj (.const:.string:_barr$2)
                  0002313e    00000002     --HOLE-- [fill = 0]
                  00023140    00000006     filtrerCascadeIIR.obj (.const:_IIR_NB_ORDRE2)
                  00023146    00000002     --HOLE-- [fill = 0]
                  00023148    00000006     filtrerCascadeIIR.obj (.const:_IIR_NO_LIGNE)

.cio       0    00023150    00000120     UNINITIALIZED
                  00023150    00000120     rts6700.lib : trgmsg.obj (.cio)

.switch    0    00023270    00000028     
                  00023270    00000028     rts6700.lib : _scanfi.obj (.switch:__sset_arg)


GLOBAL SYMBOLS: SORTED ALPHABETICALLY BY Name 

address    name
--------   ----
00000220   $bss
00000220   .bss
00000220   .text
00016d80   C$$EXIT
000165d8   C$$IO$$
0001feb4   _AIC23CfgData
00016e00   _AIC23_data
0001fe88   _AIC_data
00001660   _AnalyseFFT_Accord
00001064   _AnalyseFFT_Singuliere
00000fc8   _ApplicationFentre
0001e480   _BPM
0001e500   _Buff_Do
0001e504   _Buff_Do_dies
0001e514   _Buff_Fa
0001e518   _Buff_Fa_dies
0001e524   _Buff_La
0001e528   _Buff_La_dies
0001e510   _Buff_Mi
0001e530   _Buff_Notes_Mesure
0001e508   _Buff_Re
0001e50c   _Buff_Re_dies
0001e52c   _Buff_Si
0001e51c   _Buff_Sol
0001e520   _Buff_Sol_dies
0001e574   _Buff_int
0001e63c   _Buff_note
00006094   _CODEC_start
00006178   _CODEC_stop
0001ffac   _Config_act
00015da0   _CorrASM
000003d0   _CorrManip
0001ffb4   _DSK6713_AIC23_CONTROLHANDLE
00016880   _DSK6713_AIC23_closeCodec
00020040   _DSK6713_AIC23_codeccontrolhandle
00020044   _DSK6713_AIC23_codecdatahandle
00013600   _DSK6713_AIC23_config
0000ef40   _DSK6713_AIC23_openCodec
000135dc   _DSK6713_AIC23_rget
00013540   _DSK6713_AIC23_rset
00015e60   _DSK6713_AIC23_setFreq
0000ca94   _DSK6713_getVersion
0000c6cc   _DSK6713_init
0000c9e8   _DSK6713_rget
0000c9fc   _DSK6713_rset
00020032   _DSK6713_version
0000ca10   _DSK6713_wait
0000ca68   _DSK6713_waitusec
00010860   _DSPF_sp_bitrev_cplx
0000b380   _DSPF_sp_cfftr2_dit
0001ffa0   _DirectionSettings
0001f718   _F2
0001d378   _FenHamming
0001e47c   _FlagLed0
00006ec8   _FonctionTEST
00023120   _Fs
00016f18   _GainNum
00000eb4   _GenHamming
00003c68   _GenererMetronome
000144c0   _HOSTclose
00012e60   _HOSTlseek
00013ce0   _HOSTopen
000136a0   _HOSTread
00011600   _HOSTrename
000145c0   _HOSTunlink
00013e00   _HOSTwrite
00012d00   _IIR_2ndOrder_directII_ASM
00022bd0   _IIR_COEFFS
00023124   _IIR_GAINS
00023140   _IIR_NB_ORDRE2
00023148   _IIR_NO_LIGNE
0001fda8   _IIR_W1
0001fde4   _IIR_W2
00016a20   _IRQ_enable
00016bc0   _IRQ_globalDisable
00016be0   _IRQ_globalEnable
00012000   _IRQ_map
00016c00   _IRQ_nmiEnable
00016a60   _IRQ_reset
00003f4c   _InitialiseMetronome
0001e560   _Intensite_actu
00016f10   _IsSound
00015f20   _MCBSP_close
00015fc0   _MCBSP_config
00016c20   _MCBSP_getXmtEventId
000146c0   _MCBSP_open
00016c40   _MCBSP_read
00012380   _MCBSP_reset
00016c60   _MCBSP_rrdy
000147c0   _MCBSP_start
00016c80   _MCBSP_write
00016ca0   _MCBSP_xrdy
0001e550   _MesurePrete
0001ff9c   _My_GPIO_Handle
0001ff98   _My_MCBSP_handle
0001e4f8   _NbTemps
0001e4ec   _Nbexecution
0001e55c   _Note_actu
00023118   _PI
0001f71c   _SON
0001ffb0   _SPI_Config_Verif
00006de8   _SetupALL
00016f1c   _SeuilSon
0001a378   _Sortie_FFT
0001e48c   _TabFreqMet
0001e454   _TabPeak
0001e714   _TableCos3
0001b378   _TableInputPadder
0001e488   _TempsMet
0001e37c   _TestAmp
0000065c   _TestIntensite
000007cc   _TestPeriodicite
0001ffa4   _Test_bidon
00016f14   _TrameEnr
000036ec   _TrouveNote_WO_Harm
00001e5c   _TrouveNote_W_Harm
00018134   _VectPadder
00017f30   _VectRep
00016f24   _VectTrame
0001ffa8   _Verif
00023150   __CIOBUF_
0001ffec   __GPIO_intTable
0001fda0   __IRQ_dispatchTable
0001fcdc   __IRQ_eventTable
00016dc0   __IRQ_hookFetchPacket
0001fd60   __IRQ_intTable
0001ff88   __MCBSP_hDev0
0001ff8c   __MCBSP_hDev1
00021068   __STACK_END
00001000   __STACK_SIZE
00001000   __SYSMEM_SIZE
00000001   __TI_args_main
00016600   ___TI_cpp_init
0002003c   ___TI_enable_exit_profile_output
ffffffff   ___TI_pprof_out_hndl
ffffffff   ___TI_prof_data_size
ffffffff   ___TI_prof_data_start
ffffffff   ___binit__
00000220   ___bss__
ffffffff   ___c_args__
00022068   ___cinit__
00000220   ___end__
00016de0   ___etext__
00016900   ___isinf
ffffffff   ___pinit__
00000220   ___text__
00016ae0   __args_main
000148c0   __auto_init
00012fc0   __buff_read
00013f20   __c6xabi_divi
00015b60   __c6xabi_divu
000151c0   __cleanup
00020034   __cleanup_ptr
00013120   __closefile
00022d38   __ctypes_
00007820   __divd
0000f260   __divf
00013f20   __divi
00014ac0   __divli
00015b60   __divu
00010600   __divul
0000dac0   __divull
000152a0   __doflush
00020038   __dtors_ptr
00016060   __fixdli
00016680   __fltlid
000137e0   __frcmpyd_div
0001fa70   __ft_end
0001f750   __ftable
00020000   __hGpioDev0
00016700   __llshl
00016960   __llshru
00020048   __lock
00016100   __mpyll
00016ce0   __negll
00016d00   __nop
00015540   __nround
0000a900   __printfi
00015620   __rd_ok
000161a0   __remli
00016240   __remul
000162e0   __remull
000041e0   __scanfi
00020068   __stack
00015700   __strasg
000169c0   __subcull
00021068   __sys_memory
0001f930   __tmpnams
00016b20   __trunc
0002004c   __unlock
00014040   __wrt_ok
00016d80   _abort
0001e56c   _acq_fini
0001e54c   _amp_note_act
00010d00   _atan
00013920   _atoi
00000220   _bit_rev
000113c0   _bitrev_index
00016780   _c_int00
00016b60   _c_int04
00004da0   _c_int11
00000be0   _calculFFT
0001e568   _clavier
00014160   _close
00006710   _comm_intr
00006060   _comm_poll
0001e544   _comp_notes
0001e558   _compteurBuff
0001e4e8   _compteurNBfois
0001e4e0   _compteurNBsinus
0001e4f4   _compteurTemps
0001e4e4   _compteurpulsation
0001fe8c   _config
00015c20   _copy_in
0000ec00   _cos
0001f714   _debug
0001f720   _desactiveINT
0001fa74   _errno
000157e0   _exit
00012a00   _fgetc
0000bd20   _filtrerCascadeIIR
0001ff90   _flag_SPI
00010360   _fputc
0000b860   _fputs
0000e1c0   _free
0001e484   _freqMet
00014280   _frexp
00016f04   _frq
000121c0   _fseek
00012b80   _gen_w_r2
00012a00   _getc
0001fed4   _hAIC23_handle
0001e704   _ii
00019334   _index
0000c0b8   _init_w
0001ff94   _input_SPI
00006580   _input_left_sample
00006648   _input_right_sample
0000647c   _input_sample
00000570   _intensitesynchrone
00012860   _ldexp
00014cc0   _lseek
00013a60   _ltoa
00006860   _main
00010f40   _malloc
00016800   _memccpy
00011180   _memcpy
000143a0   _memset
0001e4fc   _metready
0001e710   _modeaccords
000159a0   _modf
0001e450   _nVerif
00016f08   _nbEchADC
00016f0c   _nbEchDebugMic
0001e540   _nbnotes
00017f24   _ndecalage
0001e548   _note_act
00017f2c   _npadd
00017f28   _nrep
0001e378   _ntestson
00016f20   _ntrame
000062bc   _output_left_sample
0000639c   _output_right_sample
000061a8   _output_sample
00016f00   _pTampon
00000dd4   _padderFFT
00005760   _pow
00014dc0   _printf
00010360   _putc
00014ec0   _read
00016380   _readmsg
00016da0   _remove
0001e448   _scale
00014fc0   _scanf
0000fe00   _setvbuf
0000f860   _sin
0001e4dc   _sonMetronome
00013ba0   _sqrt
0001e554   _start
0001e564   _start_acq
00008c40   _strtod
0000a380   _strtol
00009220   _strtold
00009800   _strtoll
0000ae60   _strtoul
0000c1e0   _strtoull
00016e80   _tampon
0001e70c   _testsynchrone
0001e708   _traiteaffichage
0001e570   _trig_acq
000133e0   _ungetc
000164c0   _unlink
00000020   _vector1
00000140   _vector10
00000180   _vector12
000001a0   _vector13
000001c0   _vector14
000001e0   _vector15
00000040   _vector2
00000060   _vector3
00000080   _vector4
000000a0   _vector5
000000c0   _vector6
000000e0   _vector7
00000100   _vector8
00000120   _vector9
00000000   _vectors
0001e4f0   _volumeMet
00019378   _w
000150c0   _write
00016560   _writemsg
ffffffff   binit
00022068   cinit
00000220   end
00016de0   etext
ffffffff   pinit


GLOBAL SYMBOLS: SORTED BY Symbol Address 

address    name
--------   ----
00000000   _vectors
00000001   __TI_args_main
00000020   _vector1
00000040   _vector2
00000060   _vector3
00000080   _vector4
000000a0   _vector5
000000c0   _vector6
000000e0   _vector7
00000100   _vector8
00000120   _vector9
00000140   _vector10
00000180   _vector12
000001a0   _vector13
000001c0   _vector14
000001e0   _vector15
00000220   $bss
00000220   .bss
00000220   .text
00000220   ___bss__
00000220   ___end__
00000220   ___text__
00000220   _bit_rev
00000220   end
000003d0   _CorrManip
00000570   _intensitesynchrone
0000065c   _TestIntensite
000007cc   _TestPeriodicite
00000be0   _calculFFT
00000dd4   _padderFFT
00000eb4   _GenHamming
00000fc8   _ApplicationFentre
00001000   __STACK_SIZE
00001000   __SYSMEM_SIZE
00001064   _AnalyseFFT_Singuliere
00001660   _AnalyseFFT_Accord
00001e5c   _TrouveNote_W_Harm
000036ec   _TrouveNote_WO_Harm
00003c68   _GenererMetronome
00003f4c   _InitialiseMetronome
000041e0   __scanfi
00004da0   _c_int11
00005760   _pow
00006060   _comm_poll
00006094   _CODEC_start
00006178   _CODEC_stop
000061a8   _output_sample
000062bc   _output_left_sample
0000639c   _output_right_sample
0000647c   _input_sample
00006580   _input_left_sample
00006648   _input_right_sample
00006710   _comm_intr
00006860   _main
00006de8   _SetupALL
00006ec8   _FonctionTEST
00007820   __divd
00008c40   _strtod
00009220   _strtold
00009800   _strtoll
0000a380   _strtol
0000a900   __printfi
0000ae60   _strtoul
0000b380   _DSPF_sp_cfftr2_dit
0000b860   _fputs
0000bd20   _filtrerCascadeIIR
0000c0b8   _init_w
0000c1e0   _strtoull
0000c6cc   _DSK6713_init
0000c9e8   _DSK6713_rget
0000c9fc   _DSK6713_rset
0000ca10   _DSK6713_wait
0000ca68   _DSK6713_waitusec
0000ca94   _DSK6713_getVersion
0000dac0   __divull
0000e1c0   _free
0000ec00   _cos
0000ef40   _DSK6713_AIC23_openCodec
0000f260   __divf
0000f860   _sin
0000fe00   _setvbuf
00010360   _fputc
00010360   _putc
00010600   __divul
00010860   _DSPF_sp_bitrev_cplx
00010d00   _atan
00010f40   _malloc
00011180   _memcpy
000113c0   _bitrev_index
00011600   _HOSTrename
00012000   _IRQ_map
000121c0   _fseek
00012380   _MCBSP_reset
00012860   _ldexp
00012a00   _fgetc
00012a00   _getc
00012b80   _gen_w_r2
00012d00   _IIR_2ndOrder_directII_ASM
00012e60   _HOSTlseek
00012fc0   __buff_read
00013120   __closefile
000133e0   _ungetc
00013540   _DSK6713_AIC23_rset
000135dc   _DSK6713_AIC23_rget
00013600   _DSK6713_AIC23_config
000136a0   _HOSTread
000137e0   __frcmpyd_div
00013920   _atoi
00013a60   _ltoa
00013ba0   _sqrt
00013ce0   _HOSTopen
00013e00   _HOSTwrite
00013f20   __c6xabi_divi
00013f20   __divi
00014040   __wrt_ok
00014160   _close
00014280   _frexp
000143a0   _memset
000144c0   _HOSTclose
000145c0   _HOSTunlink
000146c0   _MCBSP_open
000147c0   _MCBSP_start
000148c0   __auto_init
00014ac0   __divli
00014cc0   _lseek
00014dc0   _printf
00014ec0   _read
00014fc0   _scanf
000150c0   _write
000151c0   __cleanup
000152a0   __doflush
00015540   __nround
00015620   __rd_ok
00015700   __strasg
000157e0   _exit
000159a0   _modf
00015b60   __c6xabi_divu
00015b60   __divu
00015c20   _copy_in
00015da0   _CorrASM
00015e60   _DSK6713_AIC23_setFreq
00015f20   _MCBSP_close
00015fc0   _MCBSP_config
00016060   __fixdli
00016100   __mpyll
000161a0   __remli
00016240   __remul
000162e0   __remull
00016380   _readmsg
000164c0   _unlink
00016560   _writemsg
000165d8   C$$IO$$
00016600   ___TI_cpp_init
00016680   __fltlid
00016700   __llshl
00016780   _c_int00
00016800   _memccpy
00016880   _DSK6713_AIC23_closeCodec
00016900   ___isinf
00016960   __llshru
000169c0   __subcull
00016a20   _IRQ_enable
00016a60   _IRQ_reset
00016ae0   __args_main
00016b20   __trunc
00016b60   _c_int04
00016bc0   _IRQ_globalDisable
00016be0   _IRQ_globalEnable
00016c00   _IRQ_nmiEnable
00016c20   _MCBSP_getXmtEventId
00016c40   _MCBSP_read
00016c60   _MCBSP_rrdy
00016c80   _MCBSP_write
00016ca0   _MCBSP_xrdy
00016ce0   __negll
00016d00   __nop
00016d80   C$$EXIT
00016d80   _abort
00016da0   _remove
00016dc0   __IRQ_hookFetchPacket
00016de0   ___etext__
00016de0   etext
00016e00   _AIC23_data
00016e80   _tampon
00016f00   _pTampon
00016f04   _frq
00016f08   _nbEchADC
00016f0c   _nbEchDebugMic
00016f10   _IsSound
00016f14   _TrameEnr
00016f18   _GainNum
00016f1c   _SeuilSon
00016f20   _ntrame
00016f24   _VectTrame
00017f24   _ndecalage
00017f28   _nrep
00017f2c   _npadd
00017f30   _VectRep
00018134   _VectPadder
00019334   _index
00019378   _w
0001a378   _Sortie_FFT
0001b378   _TableInputPadder
0001d378   _FenHamming
0001e378   _ntestson
0001e37c   _TestAmp
0001e448   _scale
0001e450   _nVerif
0001e454   _TabPeak
0001e47c   _FlagLed0
0001e480   _BPM
0001e484   _freqMet
0001e488   _TempsMet
0001e48c   _TabFreqMet
0001e4dc   _sonMetronome
0001e4e0   _compteurNBsinus
0001e4e4   _compteurpulsation
0001e4e8   _compteurNBfois
0001e4ec   _Nbexecution
0001e4f0   _volumeMet
0001e4f4   _compteurTemps
0001e4f8   _NbTemps
0001e4fc   _metready
0001e500   _Buff_Do
0001e504   _Buff_Do_dies
0001e508   _Buff_Re
0001e50c   _Buff_Re_dies
0001e510   _Buff_Mi
0001e514   _Buff_Fa
0001e518   _Buff_Fa_dies
0001e51c   _Buff_Sol
0001e520   _Buff_Sol_dies
0001e524   _Buff_La
0001e528   _Buff_La_dies
0001e52c   _Buff_Si
0001e530   _Buff_Notes_Mesure
0001e540   _nbnotes
0001e544   _comp_notes
0001e548   _note_act
0001e54c   _amp_note_act
0001e550   _MesurePrete
0001e554   _start
0001e558   _compteurBuff
0001e55c   _Note_actu
0001e560   _Intensite_actu
0001e564   _start_acq
0001e568   _clavier
0001e56c   _acq_fini
0001e570   _trig_acq
0001e574   _Buff_int
0001e63c   _Buff_note
0001e704   _ii
0001e708   _traiteaffichage
0001e70c   _testsynchrone
0001e710   _modeaccords
0001e714   _TableCos3
0001f714   _debug
0001f718   _F2
0001f71c   _SON
0001f720   _desactiveINT
0001f750   __ftable
0001f930   __tmpnams
0001fa70   __ft_end
0001fa74   _errno
0001fcdc   __IRQ_eventTable
0001fd60   __IRQ_intTable
0001fda0   __IRQ_dispatchTable
0001fda8   _IIR_W1
0001fde4   _IIR_W2
0001fe88   _AIC_data
0001fe8c   _config
0001feb4   _AIC23CfgData
0001fed4   _hAIC23_handle
0001ff88   __MCBSP_hDev0
0001ff8c   __MCBSP_hDev1
0001ff90   _flag_SPI
0001ff94   _input_SPI
0001ff98   _My_MCBSP_handle
0001ff9c   _My_GPIO_Handle
0001ffa0   _DirectionSettings
0001ffa4   _Test_bidon
0001ffa8   _Verif
0001ffac   _Config_act
0001ffb0   _SPI_Config_Verif
0001ffb4   _DSK6713_AIC23_CONTROLHANDLE
0001ffec   __GPIO_intTable
00020000   __hGpioDev0
00020032   _DSK6713_version
00020034   __cleanup_ptr
00020038   __dtors_ptr
0002003c   ___TI_enable_exit_profile_output
00020040   _DSK6713_AIC23_codeccontrolhandle
00020044   _DSK6713_AIC23_codecdatahandle
00020048   __lock
0002004c   __unlock
00020068   __stack
00021068   __STACK_END
00021068   __sys_memory
00022068   ___cinit__
00022068   cinit
00022bd0   _IIR_COEFFS
00022d38   __ctypes_
00023118   _PI
00023120   _Fs
00023124   _IIR_GAINS
00023140   _IIR_NB_ORDRE2
00023148   _IIR_NO_LIGNE
00023150   __CIOBUF_
ffffffff   ___TI_pprof_out_hndl
ffffffff   ___TI_prof_data_size
ffffffff   ___TI_prof_data_start
ffffffff   ___binit__
ffffffff   ___c_args__
ffffffff   ___pinit__
ffffffff   binit
ffffffff   pinit

[316 symbols]
