******************************************************************************
               TMS320C6x Linker PC v7.4.20                     
******************************************************************************
>> Linked Fri Mar 24 12:24:26 2017

OUTPUT FILE NAME:   <CODE_BASE_PROJET_S5.out>
ENTRY POINT SYMBOL: "_c_int00"  address: 0000d700


MEMORY CONFIGURATION

         name            origin    length      used     unused   attr    fill
----------------------  --------  ---------  --------  --------  ----  --------
  IVECS                 00000000   00000220  00000200  00000020  RWIX
  IRAM                  00000220   0002fde0  000137c6  0001c61a  RWIX
  SDRAM                 80000000   01000000  00000000  01000000  RWIX
  FLASH                 90000000   00020000  00000000  00020000  RWIX


SECTION ALLOCATION MAP

 output                                  attributes/
section   page    origin      length       input sections
--------  ----  ----------  ----------   ----------------
.vectors   0    00000000    00000200     
                  00000000    00000200     Vectors_intr.obj (.vectors)

.bss       0    00000220    00000000     UNINITIALIZED

.text      0    00000220    0000dac0     
                  00000220    00000da0     traitement_audio.obj (.text)
                  00000fc0    00000900     rts6700.lib : pow.obj (.text:_pow)
                  000018c0    000007e0     C6713Helper_UdeS.obj (.text)
                  000020a0    00000720     rts6700.lib : divd.obj (.text:__divd)
                  000027c0    000006c0                 : _printfi.obj (.text:__getarg_diouxp)
                  00002e80    00000640                 : _printfi.obj (.text:__setfield)
                  000034c0    00000560                 : _printfi.obj (.text:__printfi)
                  00003a20    000004e0     dsp67x.lib : DSPF_sp_cfftr2_dit.obj (.text)
                  00003f00    000004e0     main_filtre_IIR_Biquad.obj (.text:retain)
                  000043e0    000004c0     rts6700.lib : fputs.obj (.text:_fputs)
                  000048a0    00000480     dsk6713bsl.lib : dsk6713.obj (.text)
                  00004d20    00000420     rts6700.lib : _printfi.obj (.text:_fcvt)
                  00005140    00000400                 : _printfi.obj (.text:__pproc_fge)
                  00005540    00000400                 : _printfi.obj (.text:_ecvt)
                  00005940    000003e0     main_filtre_IIR_Biquad.obj (.text)
                  00005d20    000003a0     filtrerCascadeIIR.obj (.text)
                  000060c0    00000380     rts6700.lib : imath64.obj (.text:__divull)
                  00006440    00000380                 : memory.obj (.text:_free)
                  000067c0    00000360                 : _printfi.obj (.text:__pconv_e)
                  00006b20    00000360                 : _printfi.obj (.text:__pproc_fwp)
                  00006e80    00000340                 : cos.obj (.text:_cos)
                  000071c0    00000320     dsk6713bsl.lib : dsk6713_aic23_opencodec.obj (.text)
                  000074e0    00000300     rts6700.lib : _printfi.obj (.text:__pproc_diouxp)
                  000077e0    000002e0                 : sin.obj (.text:_sin)
                  00007ac0    000002c0                 : _printfi.obj (.text:__pproc_str)
                  00007d80    000002c0                 : setvbuf.obj (.text:_setvbuf)
                  00008040    000002a0                 : _printfi.obj (.text:__pconv_g)
                  000082e0    000002a0                 : fputc.obj (.text:_fputc)
                  00008580    00000260                 : imath40.obj (.text:__divul)
                  000087e0    00000260     dsp67x.lib : DSPF_sp_bitrev_cplx.obj (.text)
                  00008a40    00000240     rts6700.lib : _printfi.obj (.text:__mcpy)
                  00008c80    00000240                 : atan.obj (.text:_atan)
                  00008ec0    00000240                 : memory.obj (.text:_malloc)
                  00009100    00000240                 : memcpy62.obj (.text:_memcpy)
                  00009340    00000240     bitrev_index.obj (.text)
                  00009580    00000220     rts6700.lib : trgdrv.obj (.text:_HOSTrename)
                  000097a0    000001e0                 : lowlev.obj (.text:_getdevice)
                  00009980    000001c0     csl6713.lib : csl_irq.obj (.text:_IRQ_map)
                  00009b40    000001c0     rts6700.lib : fseek.obj (.text:_fseek)
                  00009d00    000001a0     csl6713.lib : csl_mcbsp.obj (.text:_MCBSP_reset)
                  00009ea0    000001a0     rts6700.lib : _printfi.obj (.text:__ltostr)
                  0000a040    000001a0                 : _printfi.obj (.text:__pproc_fflags)
                  0000a1e0    000001a0                 : ldexp.obj (.text:_ldexp)
                  0000a380    00000180     gen_w_r2.obj (.text)
                  0000a500    00000160     rts6700.lib : trgdrv.obj (.text:_HOSTlseek)
                  0000a660    00000160                 : fclose.obj (.text:__closefile)
                  0000a7c0    00000160     dsk6713bsl.lib : dsk6713_aic23_registers.obj (.text)
                  0000a920    00000140     rts6700.lib : trgdrv.obj (.text:_HOSTread)
                  0000aa60    00000140                 : frcmpyd_div.obj (.text:__frcmpyd_div)
                  0000aba0    00000140                 : atoi.obj (.text:_atoi)
                  0000ace0    00000140                 : ltoa.obj (.text:_ltoa)
                  0000ae20    00000140                 : sqrt.obj (.text:_sqrt)
                  0000af60    00000120     IIR_2ndOrder_directII_ASM.obj (.text)
                  0000b080    00000120     rts6700.lib : trgdrv.obj (.text:_HOSTopen)
                  0000b1a0    00000120                 : trgdrv.obj (.text:_HOSTwrite)
                  0000b2c0    00000120                 : divi.obj (.text:__divi)
                  0000b3e0    00000120                 : _io_perm.obj (.text:__wrt_ok)
                  0000b500    00000120                 : lowlev.obj (.text:_close)
                  0000b620    00000120                 : frexp.obj (.text:_frexp)
                  0000b740    00000120                 : memset.obj (.text:_memset)
                  0000b860    00000100                 : trgdrv.obj (.text:_HOSTclose)
                  0000b960    00000100                 : trgdrv.obj (.text:_HOSTunlink)
                  0000ba60    00000100     csl6713.lib : csl_mcbsp.obj (.text:_MCBSP_open)
                  0000bb60    00000100                 : csl_mcbsp.obj (.text:_MCBSP_start)
                  0000bc60    00000100     rts6700.lib : autoinit.obj (.text:__auto_init)
                  0000bd60    00000100                 : _printfi.obj (.text:__div)
                  0000be60    00000100                 : imath40.obj (.text:__divli)
                  0000bf60    00000100                 : _printfi.obj (.text:__pconv_f)
                  0000c060    00000100                 : lowlev.obj (.text:_lseek)
                  0000c160    00000100                 : printf.obj (.text:_printf)
                  0000c260    00000100                 : lowlev.obj (.text:_write)
                  0000c360    000000e0                 : fopen.obj (.text:__cleanup)
                  0000c440    000000e0                 : fflush.obj (.text:__doflush)
                  0000c520    000000e0                 : _printfi.obj (.text:__ecpy)
                  0000c600    000000e0                 : _printfi.obj (.text:__fcpy)
                  0000c6e0    000000e0                 : round.obj (.text:__nround)
                  0000c7c0    000000e0                 : strasg.obj (.text:__strasg)
                  0000c8a0    000000e0                 : exit.obj (.text:_exit)
                  0000c980    000000e0                 : memory.obj (.text:_minsert)
                  0000ca60    000000e0                 : modf.obj (.text:_modf)
                  0000cb40    000000e0                 : memory.obj (.text:_mremove)
                  0000cc20    000000c0                 : divu.obj (.text:__divu)
                  0000cce0    000000c0                 : cpy_tbl.obj (.text:_copy_in)
                  0000cda0    000000c0                 : lowlev.obj (.text:_finddevice)
                  0000ce60    000000c0     corr.obj (.text)
                  0000cf20    000000c0     dsk6713bsl.lib : dsk6713_aic23_setfreq.obj (.text)
                  0000cfe0    000000a0     csl6713.lib : csl_mcbsp.obj (.text:_MCBSP_close)
                  0000d080    000000a0                 : csl_mcbsp.obj (.text:_MCBSP_config)
                  0000d120    000000a0     rts6700.lib : fixdli.obj (.text:__fixdli)
                  0000d1c0    000000a0                 : mpyll.obj (.text:__mpyll)
                  0000d260    000000a0                 : imath40.obj (.text:__remli)
                  0000d300    000000a0                 : trgmsg.obj (.text:_readmsg)
                  0000d3a0    000000a0     csl6713.lib : csl_irq.obj (.text:_setMux)
                  0000d440    000000a0     rts6700.lib : lowlev.obj (.text:_unlink)
                  0000d4e0    000000a0                 : trgmsg.obj (.text:_writemsg)
                  0000d580    00000080                 : cpp_init.obj (.text:___TI_cpp_init)
                  0000d600    00000080                 : fltlid.obj (.text:__fltlid)
                  0000d680    00000080                 : llshift.obj (.text:__llshl)
                  0000d700    00000080                 : boot.obj (.text:_c_int00)
                  0000d780    00000080                 : memccpy.obj (.text:_memccpy)
                  0000d800    00000080     dsk6713bsl.lib : dsk6713_aic23_closecodec.obj (.text)
                  0000d880    00000060     rts6700.lib : isinf.obj (.text:___isinf)
                  0000d8e0    00000060                 : llshift.obj (.text:__llshru)
                  0000d940    00000060                 : imath64.obj (.text:__subcull)
                  0000d9a0    00000040     csl6713.lib : csl_irq.obj (.text:_IRQ_enable)
                  0000d9e0    00000040                 : csl_irq.obj (.text:_IRQ_reset)
                  0000da20    00000040     rts6700.lib : _printfi.obj (.text:___isnan)
                  0000da60    00000040                 : args_main.obj (.text:__args_main)
                  0000daa0    00000040                 : trunc.obj (.text:__trunc)
                  0000dae0    00000020     Vectors_intr.obj (.text)
                  0000db00    00000020     csl6713.lib : csl_irq.obj (.text:_IRQ_globalDisable)
                  0000db20    00000020                 : csl_irq.obj (.text:_IRQ_globalEnable)
                  0000db40    00000020                 : csl_irq.obj (.text:_IRQ_nmiEnable)
                  0000db60    00000020                 : csl_mcbsp.obj (.text:_MCBSP_getXmtEventId)
                  0000db80    00000020                 : csl_mcbsp.obj (.text:_MCBSP_read)
                  0000dba0    00000020                 : csl_mcbsp.obj (.text:_MCBSP_rrdy)
                  0000dbc0    00000020                 : csl_mcbsp.obj (.text:_MCBSP_write)
                  0000dbe0    00000020                 : csl_mcbsp.obj (.text:_MCBSP_xrdy)
                  0000dc00    00000020     rts6700.lib : negll.obj (.text:__negll)
                  0000dc20    00000020                 : _lock.obj (.text:__nop)
                  0000dc40    00000020                 : printf.obj (.text:__outc)
                  0000dc60    00000020                 : printf.obj (.text:__outs)
                  0000dc80    00000020                 : exit.obj (.text:_abort)
                  0000dca0    00000020                 : remove.obj (.text:_remove)
                  0000dcc0    00000020     csl6713.lib : csl_irq.obj (.text)

.far       0    0000dd00    000030fa     UNINITIALIZED
                  0000dd00    00002840     main_filtre_IIR_Biquad.obj (.far)
                  00010540    00000324     rts6700.lib : defs.obj (.far)
                  00010864    00000004                 : errno.obj (.far)
                  00010868    00000120                 : pow.obj (.far)
                  00010988    0000011c                 : lowlev.obj (.far)
                  00010aa4    000000f4     csl6713.lib : csl_irq.obj (.far)
                  00010b98    00000078     filtrerCascadeIIR.obj (.far)
                  00010c10    00000060     rts6700.lib : atan.obj (.far)
                  00010c70    00000058     C6713Helper_UdeS.obj (.far)
                  00010cc8    00000040     rts6700.lib : cos.obj (.far)
                  00010d08    00000040                 : sin.obj (.far)
                  00010d48    00000038     csl6713.lib : csl_mcbsp.obj (.far)
                  00010d80    00000028     dsk6713bsl.lib : dsk6713_aic23_registers.obj (.far)
                  00010da8    00000020                    : dsk6713_aic23_setfreq.obj (.far)
                  00010dc8    0000000c     rts6700.lib : exit.obj (.far)
                  00010dd4    00000008     dsk6713bsl.lib : dsk6713_aic23_opencodec.obj (.far)
                  00010ddc    00000008     rts6700.lib : _lock.obj (.far)
                  00010de4    00000008                 : memory.obj (.far)
                  00010dec    00000008                 : trgdrv.obj (.far)
                  00010df4    00000004                 : fopen.obj (.far)
                  00010df8    00000002     dsk6713bsl.lib : dsk6713.obj (.far)

.stack     0    00010e00    00001000     UNINITIALIZED
                  00010e00    00000008     rts6700.lib : boot.obj (.stack)
                  00010e08    00000ff8     --HOLE--

.sysmem    0    00011e00    00001000     UNINITIALIZED
                  00011e00    00000008     rts6700.lib : memory.obj (.sysmem)
                  00011e08    00000ff8     --HOLE--

.cinit     0    00012e00    0000081c     
                  00012e00    0000020c     main_filtre_IIR_Biquad.obj (.cinit)
                  0001300c    00000004     --HOLE-- [fill = 0]
                  00013010    00000140     rts6700.lib : pow.obj (.cinit)
                  00013150    0000012c     csl6713.lib : csl_irq.obj (.cinit)
                  0001327c    00000004     --HOLE-- [fill = 0]
                  00013280    00000070     rts6700.lib : atan.obj (.cinit)
                  000132f0    0000005c                 : defs.obj (.cinit)
                  0001334c    00000004     --HOLE-- [fill = 0]
                  00013350    0000005c                 : lowlev.obj (.cinit)
                  000133ac    00000004     --HOLE-- [fill = 0]
                  000133b0    00000058     C6713Helper_UdeS.obj (.cinit)
                  00013408    00000054     csl6713.lib : csl_mcbsp.obj (.cinit)
                  0001345c    00000004     --HOLE-- [fill = 0]
                  00013460    00000048     rts6700.lib : cos.obj (.cinit)
                  000134a8    00000048                 : sin.obj (.cinit)
                  000134f0    00000030     dsk6713bsl.lib : dsk6713_aic23_registers.obj (.cinit)
                  00013520    0000002c     filtrerCascadeIIR.obj (.cinit)
                  0001354c    00000004     --HOLE-- [fill = 0]
                  00013550    0000002c     rts6700.lib : exit.obj (.cinit)
                  0001357c    00000004     --HOLE-- [fill = 0]
                  00013580    0000002c                 : memory.obj (.cinit)
                  000135ac    00000004     --HOLE-- [fill = 0]
                  000135b0    00000028     dsk6713bsl.lib : dsk6713_aic23_setfreq.obj (.cinit)
                  000135d8    0000001c     rts6700.lib : _lock.obj (.cinit)
                  000135f4    00000004     --HOLE-- [fill = 0]
                  000135f8    0000000c                 : errno.obj (.cinit)
                  00013604    00000004     --HOLE-- [fill = 0]
                  00013608    0000000c                 : fopen.obj (.cinit)
                  00013614    00000004     --HOLE-- [fill = 0]
                  00013618    00000004     (.pad.cinit) [fill = 0]

.const     0    00013620    000002d0     
                  00013620    00000101     rts6700.lib : ctype.obj (.const:.string:__ctypes_)
                  00013721    00000002                 : fputs.obj (.const:.string)
                  00013723    00000001     --HOLE-- [fill = 0]
                  00013724    000000f0     filtrerCascadeIIR.obj (.const:_IIR_COEFFS)
                  00013814    00000040     dsk6713bsl.lib : dsk6713_aic23_opencodec.obj (.const)
                  00013854    0000002c     traitement_audio.obj (.const:.string)
                  00013880    00000023     rts6700.lib : _printfi.obj (.const:.string)
                  000138a3    00000001     --HOLE-- [fill = 0]
                  000138a4    00000020     dsk6713bsl.lib : dsk6713.obj (.const)
                  000138c4    00000010     main_filtre_IIR_Biquad.obj (.const:.string)
                  000138d4    00000004     filtrerCascadeIIR.obj (.const:_IIR_NB_ORDRE2)
                  000138d8    0000000c     main_filtre_IIR_Biquad.obj (.const)
                  000138e4    00000008     filtrerCascadeIIR.obj (.const:_IIR_GAINS)
                  000138ec    00000004     filtrerCascadeIIR.obj (.const:_IIR_NO_LIGNE)

.cio       0    000138f0    00000120     UNINITIALIZED
                  000138f0    00000120     rts6700.lib : trgmsg.obj (.cio)


GLOBAL SYMBOLS: SORTED ALPHABETICALLY BY Name 

address    name
--------   ----
00000220   $bss
00000220   .bss
00000220   .text
0000dc80   C$$EXIT
0000d558   C$$IO$$
00010ca4   _AIC23CfgData
0000dd08   _AIC23_data
00010c78   _AIC_data
00000f9c   _AnalyseFFT
00000f00   _ApplicationFentre
000018f4   _CODEC_start
000019c0   _CODEC_stop
0000ce60   _CorrASM
000003d0   _CorrManip
0000d800   _DSK6713_AIC23_closeCodec
00010dd4   _DSK6713_AIC23_codeccontrolhandle
00010dd8   _DSK6713_AIC23_codecdatahandle
0000a880   _DSK6713_AIC23_config
000071c0   _DSK6713_AIC23_openCodec
0000a85c   _DSK6713_AIC23_rget
0000a7c0   _DSK6713_AIC23_rset
0000cf20   _DSK6713_AIC23_setFreq
00004cb4   _DSK6713_getVersion
000048ec   _DSK6713_init
00004c08   _DSK6713_rget
00004c1c   _DSK6713_rset
00010df8   _DSK6713_version
00004c30   _DSK6713_wait
00004c88   _DSK6713_waitusec
000087e0   _DSPF_sp_bitrev_cplx
00003a20   _DSPF_sp_cfftr2_dit
00010524   _F2
0000fcb8   _FenHamming
0001011c   _FlagLed0
000138e0   _Fs
0000de18   _GainNum
00000dec   _GenHamming
0000b860   _HOSTclose
0000a500   _HOSTlseek
0000b080   _HOSTopen
0000a920   _HOSTread
00009580   _HOSTrename
0000b960   _HOSTunlink
0000b1a0   _HOSTwrite
0000af60   _IIR_2ndOrder_directII_ASM
00013724   _IIR_COEFFS
000138e4   _IIR_GAINS
000138d4   _IIR_NB_ORDRE2
000138ec   _IIR_NO_LIGNE
00010b98   _IIR_W1
00010bd4   _IIR_W2
0000d9a0   _IRQ_enable
0000db00   _IRQ_globalDisable
0000db20   _IRQ_globalEnable
00009980   _IRQ_map
0000db40   _IRQ_nmiEnable
0000d9e0   _IRQ_reset
0000de10   _IsSound
0000cfe0   _MCBSP_close
0000d080   _MCBSP_config
0000db60   _MCBSP_getXmtEventId
0000ba60   _MCBSP_open
0000db80   _MCBSP_read
00009d00   _MCBSP_reset
0000dba0   _MCBSP_rrdy
0000bb60   _MCBSP_start
0000dbc0   _MCBSP_write
0000dbe0   _MCBSP_xrdy
000138d8   _PI
0000de1c   _SeuilSon
0000f0b8   _Sortie_FFT
000100f4   _TabPeak
00010120   _TableCos3
0000f4b8   _TableInputPadder
000100bc   _TestAmp
00000570   _TestIntensite
000006e0   _TestPeriodicite
0000de14   _TrameEnr
0000de30   _VectCorr
0000e554   _VectPadder
0000e230   _VectRep
000138f0   __CIOBUF_
00010b90   __IRQ_dispatchTable
00010acc   __IRQ_eventTable
0000dcc0   __IRQ_hookFetchPacket
00010b50   __IRQ_intTable
00010d78   __MCBSP_hDev0
00010d7c   __MCBSP_hDev1
00011e00   __STACK_END
00001000   __STACK_SIZE
00001000   __SYSMEM_SIZE
00000001   __TI_args_main
0000d580   ___TI_cpp_init
00010dd0   ___TI_enable_exit_profile_output
ffffffff   ___TI_pprof_out_hndl
ffffffff   ___TI_prof_data_size
ffffffff   ___TI_prof_data_start
ffffffff   ___binit__
00000220   ___bss__
ffffffff   ___c_args__
00012e00   ___cinit__
00000220   ___end__
0000dce0   ___etext__
0000d880   ___isinf
ffffffff   ___pinit__
00000220   ___text__
0000da60   __args_main
0000bc60   __auto_init
0000b2c0   __c6xabi_divi
0000cc20   __c6xabi_divu
0000c360   __cleanup
00010dc8   __cleanup_ptr
0000a660   __closefile
00013620   __ctypes_
000020a0   __divd
0000b2c0   __divi
0000be60   __divli
0000cc20   __divu
00008580   __divul
000060c0   __divull
0000c440   __doflush
00010dcc   __dtors_ptr
0000d120   __fixdli
0000d600   __fltlid
0000aa60   __frcmpyd_div
00010860   __ft_end
00010540   __ftable
0000d680   __llshl
0000d8e0   __llshru
00010ddc   __lock
0000d1c0   __mpyll
0000dc00   __negll
0000dc20   __nop
0000c6e0   __nround
000034c0   __printfi
0000d260   __remli
00010e00   __stack
0000c7c0   __strasg
0000d940   __subcull
00011e00   __sys_memory
00010720   __tmpnams
0000daa0   __trunc
00010de0   __unlock
0000b3e0   __wrt_ok
0000dc80   _abort
00008c80   _atan
0000aba0   _atoi
00000220   _bit_rev
00009340   _bitrev_index
0000d700   _c_int00
00003f00   _c_int11
00000b30   _calculFFT
0000b500   _close
00001f60   _comm_intr
000018c0   _comm_poll
00010c7c   _config
0000cce0   _copy_in
00006e80   _cos
00010520   _debug
00010864   _errno
0000c8a0   _exit
00005d20   _filtrerCascadeIIR
000082e0   _fputc
000043e0   _fputs
00006440   _free
0000b620   _frexp
0000de04   _frq
0000dd00   _fs
00009b40   _fseek
0000a380   _gen_w_r2
00010cc4   _hAIC23_handle
0000ec74   _index
00005f98   _init_w
00001dd0   _input_left_sample
00001e98   _input_right_sample
00001ccc   _input_sample
0000dd04   _inputsource
0000a1e0   _ldexp
0000c060   _lseek
0000ace0   _ltoa
00005940   _main
00008ec0   _malloc
0000d780   _memccpy
00009100   _memcpy
0000b740   _memset
0000ca60   _modf
000100f0   _nVerif
0000de08   _nbEchADC
0000de0c   _nbEchDebugMic
0000de20   _ncorr
0000de24   _ndecalage
0000de2c   _npadd
0000de28   _nrep
000100b8   _ntestson
00001b0c   _output_left_sample
00001bec   _output_right_sample
000019f0   _output_sample
0000de00   _pTampon
00000d1c   _padderFFT
00000fc0   _pow
0000c160   _printf
000082e0   _putc
0000d300   _readmsg
0000dca0   _remove
000100e8   _scale
00007d80   _setvbuf
000077e0   _sin
0000ae20   _sqrt
0000dd80   _tampon
0000d440   _unlink
00000020   _vector1
00000140   _vector10
00000180   _vector12
000001a0   _vector13
000001c0   _vector14
000001e0   _vector15
00000040   _vector2
00000060   _vector3
00000080   _vector4
000000a0   _vector5
000000c0   _vector6
000000e0   _vector7
00000100   _vector8
00000120   _vector9
00000000   _vectors
0000ecb8   _w
0000c260   _write
0000d4e0   _writemsg
ffffffff   binit
00012e00   cinit
00000220   end
0000dce0   etext
ffffffff   pinit


GLOBAL SYMBOLS: SORTED BY Symbol Address 

address    name
--------   ----
00000000   _vectors
00000001   __TI_args_main
00000020   _vector1
00000040   _vector2
00000060   _vector3
00000080   _vector4
000000a0   _vector5
000000c0   _vector6
000000e0   _vector7
00000100   _vector8
00000120   _vector9
00000140   _vector10
00000180   _vector12
000001a0   _vector13
000001c0   _vector14
000001e0   _vector15
00000220   $bss
00000220   .bss
00000220   .text
00000220   ___bss__
00000220   ___end__
00000220   ___text__
00000220   _bit_rev
00000220   end
000003d0   _CorrManip
00000570   _TestIntensite
000006e0   _TestPeriodicite
00000b30   _calculFFT
00000d1c   _padderFFT
00000dec   _GenHamming
00000f00   _ApplicationFentre
00000f9c   _AnalyseFFT
00000fc0   _pow
00001000   __STACK_SIZE
00001000   __SYSMEM_SIZE
000018c0   _comm_poll
000018f4   _CODEC_start
000019c0   _CODEC_stop
000019f0   _output_sample
00001b0c   _output_left_sample
00001bec   _output_right_sample
00001ccc   _input_sample
00001dd0   _input_left_sample
00001e98   _input_right_sample
00001f60   _comm_intr
000020a0   __divd
000034c0   __printfi
00003a20   _DSPF_sp_cfftr2_dit
00003f00   _c_int11
000043e0   _fputs
000048ec   _DSK6713_init
00004c08   _DSK6713_rget
00004c1c   _DSK6713_rset
00004c30   _DSK6713_wait
00004c88   _DSK6713_waitusec
00004cb4   _DSK6713_getVersion
00005940   _main
00005d20   _filtrerCascadeIIR
00005f98   _init_w
000060c0   __divull
00006440   _free
00006e80   _cos
000071c0   _DSK6713_AIC23_openCodec
000077e0   _sin
00007d80   _setvbuf
000082e0   _fputc
000082e0   _putc
00008580   __divul
000087e0   _DSPF_sp_bitrev_cplx
00008c80   _atan
00008ec0   _malloc
00009100   _memcpy
00009340   _bitrev_index
00009580   _HOSTrename
00009980   _IRQ_map
00009b40   _fseek
00009d00   _MCBSP_reset
0000a1e0   _ldexp
0000a380   _gen_w_r2
0000a500   _HOSTlseek
0000a660   __closefile
0000a7c0   _DSK6713_AIC23_rset
0000a85c   _DSK6713_AIC23_rget
0000a880   _DSK6713_AIC23_config
0000a920   _HOSTread
0000aa60   __frcmpyd_div
0000aba0   _atoi
0000ace0   _ltoa
0000ae20   _sqrt
0000af60   _IIR_2ndOrder_directII_ASM
0000b080   _HOSTopen
0000b1a0   _HOSTwrite
0000b2c0   __c6xabi_divi
0000b2c0   __divi
0000b3e0   __wrt_ok
0000b500   _close
0000b620   _frexp
0000b740   _memset
0000b860   _HOSTclose
0000b960   _HOSTunlink
0000ba60   _MCBSP_open
0000bb60   _MCBSP_start
0000bc60   __auto_init
0000be60   __divli
0000c060   _lseek
0000c160   _printf
0000c260   _write
0000c360   __cleanup
0000c440   __doflush
0000c6e0   __nround
0000c7c0   __strasg
0000c8a0   _exit
0000ca60   _modf
0000cc20   __c6xabi_divu
0000cc20   __divu
0000cce0   _copy_in
0000ce60   _CorrASM
0000cf20   _DSK6713_AIC23_setFreq
0000cfe0   _MCBSP_close
0000d080   _MCBSP_config
0000d120   __fixdli
0000d1c0   __mpyll
0000d260   __remli
0000d300   _readmsg
0000d440   _unlink
0000d4e0   _writemsg
0000d558   C$$IO$$
0000d580   ___TI_cpp_init
0000d600   __fltlid
0000d680   __llshl
0000d700   _c_int00
0000d780   _memccpy
0000d800   _DSK6713_AIC23_closeCodec
0000d880   ___isinf
0000d8e0   __llshru
0000d940   __subcull
0000d9a0   _IRQ_enable
0000d9e0   _IRQ_reset
0000da60   __args_main
0000daa0   __trunc
0000db00   _IRQ_globalDisable
0000db20   _IRQ_globalEnable
0000db40   _IRQ_nmiEnable
0000db60   _MCBSP_getXmtEventId
0000db80   _MCBSP_read
0000dba0   _MCBSP_rrdy
0000dbc0   _MCBSP_write
0000dbe0   _MCBSP_xrdy
0000dc00   __negll
0000dc20   __nop
0000dc80   C$$EXIT
0000dc80   _abort
0000dca0   _remove
0000dcc0   __IRQ_hookFetchPacket
0000dce0   ___etext__
0000dce0   etext
0000dd00   _fs
0000dd04   _inputsource
0000dd08   _AIC23_data
0000dd80   _tampon
0000de00   _pTampon
0000de04   _frq
0000de08   _nbEchADC
0000de0c   _nbEchDebugMic
0000de10   _IsSound
0000de14   _TrameEnr
0000de18   _GainNum
0000de1c   _SeuilSon
0000de20   _ncorr
0000de24   _ndecalage
0000de28   _nrep
0000de2c   _npadd
0000de30   _VectCorr
0000e230   _VectRep
0000e554   _VectPadder
0000ec74   _index
0000ecb8   _w
0000f0b8   _Sortie_FFT
0000f4b8   _TableInputPadder
0000fcb8   _FenHamming
000100b8   _ntestson
000100bc   _TestAmp
000100e8   _scale
000100f0   _nVerif
000100f4   _TabPeak
0001011c   _FlagLed0
00010120   _TableCos3
00010520   _debug
00010524   _F2
00010540   __ftable
00010720   __tmpnams
00010860   __ft_end
00010864   _errno
00010acc   __IRQ_eventTable
00010b50   __IRQ_intTable
00010b90   __IRQ_dispatchTable
00010b98   _IIR_W1
00010bd4   _IIR_W2
00010c78   _AIC_data
00010c7c   _config
00010ca4   _AIC23CfgData
00010cc4   _hAIC23_handle
00010d78   __MCBSP_hDev0
00010d7c   __MCBSP_hDev1
00010dc8   __cleanup_ptr
00010dcc   __dtors_ptr
00010dd0   ___TI_enable_exit_profile_output
00010dd4   _DSK6713_AIC23_codeccontrolhandle
00010dd8   _DSK6713_AIC23_codecdatahandle
00010ddc   __lock
00010de0   __unlock
00010df8   _DSK6713_version
00010e00   __stack
00011e00   __STACK_END
00011e00   __sys_memory
00012e00   ___cinit__
00012e00   cinit
00013620   __ctypes_
00013724   _IIR_COEFFS
000138d4   _IIR_NB_ORDRE2
000138d8   _PI
000138e0   _Fs
000138e4   _IIR_GAINS
000138ec   _IIR_NO_LIGNE
000138f0   __CIOBUF_
ffffffff   ___TI_pprof_out_hndl
ffffffff   ___TI_prof_data_size
ffffffff   ___TI_prof_data_start
ffffffff   ___binit__
ffffffff   ___c_args__
ffffffff   ___pinit__
ffffffff   binit
ffffffff   pinit

[233 symbols]
