******************************************************************************
               TMS320C6x Linker PC v7.4.20                     
******************************************************************************
>> Linked Mon Mar 20 15:54:36 2017

OUTPUT FILE NAME:   <S5eAPP5_Filtre_IIR_Biquad.out>
ENTRY POINT SYMBOL: "_c_int00"  address: 00004920


MEMORY CONFIGURATION

         name            origin    length      used     unused   attr    fill
----------------------  --------  ---------  --------  --------  ----  --------
  IVECS                 00000000   00000220  00000200  00000020  RWIX
  IRAM                  00000220   0002fde0  00006662  0002977e  RWIX
  SDRAM                 80000000   01000000  00000000  01000000  RWIX
  FLASH                 90000000   00020000  00000000  00020000  RWIX


SECTION ALLOCATION MAP

 output                                  attributes/
section   page    origin      length       input sections
--------  ----  ----------  ----------   ----------------
.vectors   0    00000000    00000200     
                  00000000    00000200     Vectors_intr.obj (.vectors)

.bss       0    00000220    00000000     UNINITIALIZED

.text      0    00000220    00004ac0     
                  00000220    00000900     rts6700.lib : pow.obj (.text:_pow)
                  00000b20    000007e0     C6713Helper_UdeS.obj (.text)
                  00001300    00000720     rts6700.lib : divd.obj (.text:__divd)
                  00001a20    00000500     filtrerCascadeIIR.obj (.text)
                  00001f20    00000480     dsk6713bsl.lib : dsk6713.obj (.text)
                  000023a0    00000380     direct1FIR.obj (.text)
                  00002720    00000340     rts6700.lib : cos.obj (.text:_cos)
                  00002a60    00000320     dsk6713bsl.lib : dsk6713_aic23_opencodec.obj (.text)
                  00002d80    000002a0     main_filtre_IIR_Biquad.obj (.text:retain)
                  00003020    00000240     rts6700.lib : memcpy62.obj (.text:_memcpy)
                  00003260    000001c0     csl6713.lib : csl_irq.obj (.text:_IRQ_map)
                  00003420    000001a0                 : csl_mcbsp.obj (.text:_MCBSP_reset)
                  000035c0    000001a0     rts6700.lib : ldexp.obj (.text:_ldexp)
                  00003760    00000160     dsk6713bsl.lib : dsk6713_aic23_registers.obj (.text)
                  000038c0    00000140     rts6700.lib : frcmpyd_div.obj (.text:__frcmpyd_div)
                  00003a00    00000120     IIR_2ndOrder_directII_ASM.obj (.text)
                  00003b20    00000120     rts6700.lib : frexp.obj (.text:_frexp)
                  00003c40    00000120     main_filtre_IIR_Biquad.obj (.text)
                  00003d60    00000100     csl6713.lib : csl_mcbsp.obj (.text:_MCBSP_open)
                  00003e60    00000100                 : csl_mcbsp.obj (.text:_MCBSP_start)
                  00003f60    00000100     rts6700.lib : autoinit.obj (.text:__auto_init)
                  00004060    000000e0                 : round.obj (.text:__nround)
                  00004140    000000e0                 : strasg.obj (.text:__strasg)
                  00004220    000000e0                 : exit.obj (.text:_exit)
                  00004300    000000e0                 : modf.obj (.text:_modf)
                  000043e0    000000c0                 : cpy_tbl.obj (.text:_copy_in)
                  000044a0    000000c0     direct1FIR_ASM.obj (.text)
                  00004560    000000c0     dsk6713bsl.lib : dsk6713_aic23_setfreq.obj (.text)
                  00004620    000000a0     csl6713.lib : csl_mcbsp.obj (.text:_MCBSP_close)
                  000046c0    000000a0                 : csl_mcbsp.obj (.text:_MCBSP_config)
                  00004760    000000a0     rts6700.lib : mpyll.obj (.text:__mpyll)
                  00004800    000000a0     csl6713.lib : csl_irq.obj (.text:_setMux)
                  000048a0    00000080     rts6700.lib : cpp_init.obj (.text:___TI_cpp_init)
                  00004920    00000080                 : boot.obj (.text:_c_int00)
                  000049a0    00000080     dsk6713bsl.lib : dsk6713_aic23_closecodec.obj (.text)
                  00004a20    00000060     rts6700.lib : llshift.obj (.text:__llshru)
                  00004a80    00000040     csl6713.lib : csl_irq.obj (.text:_IRQ_enable)
                  00004ac0    00000040                 : csl_irq.obj (.text:_IRQ_reset)
                  00004b00    00000040     rts6700.lib : args_main.obj (.text:__args_main)
                  00004b40    00000040                 : trunc.obj (.text:__trunc)
                  00004b80    00000020     Vectors_intr.obj (.text)
                  00004ba0    00000020     csl6713.lib : csl_irq.obj (.text:_IRQ_globalDisable)
                  00004bc0    00000020                 : csl_irq.obj (.text:_IRQ_globalEnable)
                  00004be0    00000020                 : csl_irq.obj (.text:_IRQ_nmiEnable)
                  00004c00    00000020                 : csl_mcbsp.obj (.text:_MCBSP_getXmtEventId)
                  00004c20    00000020                 : csl_mcbsp.obj (.text:_MCBSP_read)
                  00004c40    00000020                 : csl_mcbsp.obj (.text:_MCBSP_rrdy)
                  00004c60    00000020                 : csl_mcbsp.obj (.text:_MCBSP_write)
                  00004c80    00000020                 : csl_mcbsp.obj (.text:_MCBSP_xrdy)
                  00004ca0    00000020     rts6700.lib : exit.obj (.text:_abort)
                  00004cc0    00000020     csl6713.lib : csl_irq.obj (.text)

.stack     0    00004ce0    00001000     UNINITIALIZED
                  00004ce0    00000008     rts6700.lib : boot.obj (.stack)
                  00004ce8    00000ff8     --HOLE--

.cinit     0    00005ce0    000004d4     
                  00005ce0    00000140     rts6700.lib : pow.obj (.cinit)
                  00005e20    0000012c     csl6713.lib : csl_irq.obj (.cinit)
                  00005f4c    00000004     --HOLE-- [fill = 0]
                  00005f50    0000009c     main_filtre_IIR_Biquad.obj (.cinit)
                  00005fec    00000004     --HOLE-- [fill = 0]
                  00005ff0    00000058     C6713Helper_UdeS.obj (.cinit)
                  00006048    00000054     csl6713.lib : csl_mcbsp.obj (.cinit)
                  0000609c    00000004     --HOLE-- [fill = 0]
                  000060a0    00000048     rts6700.lib : cos.obj (.cinit)
                  000060e8    00000030     dsk6713bsl.lib : dsk6713_aic23_registers.obj (.cinit)
                  00006118    0000002c     filtrerCascadeIIR.obj (.cinit)
                  00006144    00000004     --HOLE-- [fill = 0]
                  00006148    0000002c     rts6700.lib : exit.obj (.cinit)
                  00006174    00000004     --HOLE-- [fill = 0]
                  00006178    00000028     dsk6713bsl.lib : dsk6713_aic23_setfreq.obj (.cinit)
                  000061a0    0000000c     rts6700.lib : errno.obj (.cinit)
                  000061ac    00000004     --HOLE-- [fill = 0]
                  000061b0    00000004     (.pad.cinit) [fill = 0]

.far       0    00006200    00000492     UNINITIALIZED
                  00006200    00000120     rts6700.lib : pow.obj (.far)
                  00006320    00000058     C6713Helper_UdeS.obj (.far)
                  00006378    00000008     dsk6713bsl.lib : dsk6713_aic23_opencodec.obj (.far)
                  00006380    0000011c     main_filtre_IIR_Biquad.obj (.far)
                  0000649c    000000f4     csl6713.lib : csl_irq.obj (.far)
                  00006590    00000040     rts6700.lib : cos.obj (.far)
                  000065d0    00000038     csl6713.lib : csl_mcbsp.obj (.far)
                  00006608    00000030     filtrerCascadeIIR.obj (.far)
                  00006638    00000028     dsk6713bsl.lib : dsk6713_aic23_registers.obj (.far)
                  00006660    00000020                    : dsk6713_aic23_setfreq.obj (.far)
                  00006680    0000000c     rts6700.lib : exit.obj (.far)
                  0000668c    00000004                 : errno.obj (.far)
                  00006690    00000002     dsk6713bsl.lib : dsk6713.obj (.far)

.const     0    00006698    0000023c     
                  00006698    00000120     filtrerCascadeIIR.obj (.const:_IIR_COEFFS)
                  000067b8    0000007e     main_filtre_IIR_Biquad.obj (.const:_CoeffsFIR)
                  00006836    00000002     --HOLE-- [fill = 0]
                  00006838    00000040     dsk6713bsl.lib : dsk6713_aic23_opencodec.obj (.const)
                  00006878    00000020                    : dsk6713.obj (.const)
                  00006898    00000018     filtrerCascadeIIR.obj (.const:_IIR_GAINS)
                  000068b0    0000000c     filtrerCascadeIIR.obj (.const:_IIR_NB_ORDRE2)
                  000068bc    0000000c     filtrerCascadeIIR.obj (.const:_IIR_NO_LIGNE)
                  000068c8    0000000c     main_filtre_IIR_Biquad.obj (.const)


GLOBAL SYMBOLS: SORTED ALPHABETICALLY BY Name 

address    name
--------   ----
00000220   $bss
00000220   .bss
00000220   .text
00004ca0   C$$EXIT
00006354   _AIC23CfgData
00006388   _AIC23_data
00006328   _AIC_data
00000b54   _CODEC_start
00000c20   _CODEC_stop
000067b8   _CoeffsFIR
000049a0   _DSK6713_AIC23_closeCodec
00006378   _DSK6713_AIC23_codeccontrolhandle
0000637c   _DSK6713_AIC23_codecdatahandle
00003820   _DSK6713_AIC23_config
00002a60   _DSK6713_AIC23_openCodec
000037fc   _DSK6713_AIC23_rget
00003760   _DSK6713_AIC23_rset
00004560   _DSK6713_AIC23_setFreq
00002334   _DSK6713_getVersion
00001f6c   _DSK6713_init
00002288   _DSK6713_rget
0000229c   _DSK6713_rset
00006690   _DSK6713_version
000022b0   _DSK6713_wait
00002308   _DSK6713_waitusec
000068d0   _Fs
00003a00   _IIR_2ndOrder_directII_ASM
00006698   _IIR_COEFFS
00006898   _IIR_GAINS
000068b0   _IIR_NB_ORDRE2
000068bc   _IIR_NO_LIGNE
00006608   _IIR_W1
00006620   _IIR_W2
00004a80   _IRQ_enable
00004ba0   _IRQ_globalDisable
00004bc0   _IRQ_globalEnable
00003260   _IRQ_map
00004be0   _IRQ_nmiEnable
00004ac0   _IRQ_reset
00004620   _MCBSP_close
000046c0   _MCBSP_config
00004c00   _MCBSP_getXmtEventId
00003d60   _MCBSP_open
00004c20   _MCBSP_read
00003420   _MCBSP_reset
00004c40   _MCBSP_rrdy
00003e60   _MCBSP_start
00004c60   _MCBSP_write
00004c80   _MCBSP_xrdy
000068c8   _PI
00006588   __IRQ_dispatchTable
000064c4   __IRQ_eventTable
00004cc0   __IRQ_hookFetchPacket
00006548   __IRQ_intTable
00006600   __MCBSP_hDev0
00006604   __MCBSP_hDev1
00005ce0   __STACK_END
00001000   __STACK_SIZE
00000001   __TI_args_main
000048a0   ___TI_cpp_init
00006688   ___TI_enable_exit_profile_output
ffffffff   ___TI_pprof_out_hndl
ffffffff   ___TI_prof_data_size
ffffffff   ___TI_prof_data_start
ffffffff   ___binit__
00000220   ___bss__
ffffffff   ___c_args__
00005ce0   ___cinit__
00000220   ___end__
00004ce0   ___etext__
ffffffff   ___pinit__
00000220   ___text__
00004b00   __args_main
00003f60   __auto_init
00006680   __cleanup_ptr
00001300   __divd
00006684   __dtors_ptr
000038c0   __frcmpyd_div
00004a20   __llshru
00004760   __mpyll
00004060   __nround
00004ce0   __stack
00004140   __strasg
00004b40   __trunc
00004ca0   _abort
00004920   _c_int00
00002d80   _c_int11
000011c0   _comm_intr
00000b20   _comm_poll
0000632c   _config
000043e0   _copy_in
00002720   _cos
00006488   _debug
000023a0   _direct1FIR
000044a0   _direct1FIR_ASM
0000668c   _errno
00004220   _exit
00001a20   _filtrerCascadeIIR
00003b20   _frexp
00006484   _frq
00006380   _fs
00006374   _hAIC23_handle
000026b4   _init_tampon
00001c98   _init_w
00001030   _input_left_sample
000010f8   _input_right_sample
00000f2c   _input_sample
00006384   _inputsource
000035c0   _ldexp
00003c40   _main
00003020   _memcpy
00004300   _modf
0000638c   _noCorde
00000d6c   _output_left_sample
00000e4c   _output_right_sample
00000c50   _output_sample
00006480   _pTampon
00000220   _pow
00001db0   _sat_16bits
00006400   _tampon
00000020   _vector1
00000140   _vector10
00000180   _vector12
000001a0   _vector13
000001c0   _vector14
000001e0   _vector15
00000040   _vector2
00000060   _vector3
00000080   _vector4
000000a0   _vector5
000000c0   _vector6
000000e0   _vector7
00000100   _vector8
00000120   _vector9
00000000   _vectors
ffffffff   binit
00005ce0   cinit
00000220   end
00004ce0   etext
ffffffff   pinit


GLOBAL SYMBOLS: SORTED BY Symbol Address 

address    name
--------   ----
00000000   _vectors
00000001   __TI_args_main
00000020   _vector1
00000040   _vector2
00000060   _vector3
00000080   _vector4
000000a0   _vector5
000000c0   _vector6
000000e0   _vector7
00000100   _vector8
00000120   _vector9
00000140   _vector10
00000180   _vector12
000001a0   _vector13
000001c0   _vector14
000001e0   _vector15
00000220   $bss
00000220   .bss
00000220   .text
00000220   ___bss__
00000220   ___end__
00000220   ___text__
00000220   _pow
00000220   end
00000b20   _comm_poll
00000b54   _CODEC_start
00000c20   _CODEC_stop
00000c50   _output_sample
00000d6c   _output_left_sample
00000e4c   _output_right_sample
00000f2c   _input_sample
00001000   __STACK_SIZE
00001030   _input_left_sample
000010f8   _input_right_sample
000011c0   _comm_intr
00001300   __divd
00001a20   _filtrerCascadeIIR
00001c98   _init_w
00001db0   _sat_16bits
00001f6c   _DSK6713_init
00002288   _DSK6713_rget
0000229c   _DSK6713_rset
000022b0   _DSK6713_wait
00002308   _DSK6713_waitusec
00002334   _DSK6713_getVersion
000023a0   _direct1FIR
000026b4   _init_tampon
00002720   _cos
00002a60   _DSK6713_AIC23_openCodec
00002d80   _c_int11
00003020   _memcpy
00003260   _IRQ_map
00003420   _MCBSP_reset
000035c0   _ldexp
00003760   _DSK6713_AIC23_rset
000037fc   _DSK6713_AIC23_rget
00003820   _DSK6713_AIC23_config
000038c0   __frcmpyd_div
00003a00   _IIR_2ndOrder_directII_ASM
00003b20   _frexp
00003c40   _main
00003d60   _MCBSP_open
00003e60   _MCBSP_start
00003f60   __auto_init
00004060   __nround
00004140   __strasg
00004220   _exit
00004300   _modf
000043e0   _copy_in
000044a0   _direct1FIR_ASM
00004560   _DSK6713_AIC23_setFreq
00004620   _MCBSP_close
000046c0   _MCBSP_config
00004760   __mpyll
000048a0   ___TI_cpp_init
00004920   _c_int00
000049a0   _DSK6713_AIC23_closeCodec
00004a20   __llshru
00004a80   _IRQ_enable
00004ac0   _IRQ_reset
00004b00   __args_main
00004b40   __trunc
00004ba0   _IRQ_globalDisable
00004bc0   _IRQ_globalEnable
00004be0   _IRQ_nmiEnable
00004c00   _MCBSP_getXmtEventId
00004c20   _MCBSP_read
00004c40   _MCBSP_rrdy
00004c60   _MCBSP_write
00004c80   _MCBSP_xrdy
00004ca0   C$$EXIT
00004ca0   _abort
00004cc0   __IRQ_hookFetchPacket
00004ce0   ___etext__
00004ce0   __stack
00004ce0   etext
00005ce0   __STACK_END
00005ce0   ___cinit__
00005ce0   cinit
00006328   _AIC_data
0000632c   _config
00006354   _AIC23CfgData
00006374   _hAIC23_handle
00006378   _DSK6713_AIC23_codeccontrolhandle
0000637c   _DSK6713_AIC23_codecdatahandle
00006380   _fs
00006384   _inputsource
00006388   _AIC23_data
0000638c   _noCorde
00006400   _tampon
00006480   _pTampon
00006484   _frq
00006488   _debug
000064c4   __IRQ_eventTable
00006548   __IRQ_intTable
00006588   __IRQ_dispatchTable
00006600   __MCBSP_hDev0
00006604   __MCBSP_hDev1
00006608   _IIR_W1
00006620   _IIR_W2
00006680   __cleanup_ptr
00006684   __dtors_ptr
00006688   ___TI_enable_exit_profile_output
0000668c   _errno
00006690   _DSK6713_version
00006698   _IIR_COEFFS
000067b8   _CoeffsFIR
00006898   _IIR_GAINS
000068b0   _IIR_NB_ORDRE2
000068bc   _IIR_NO_LIGNE
000068c8   _PI
000068d0   _Fs
ffffffff   ___TI_pprof_out_hndl
ffffffff   ___TI_prof_data_size
ffffffff   ___TI_prof_data_start
ffffffff   ___binit__
ffffffff   ___c_args__
ffffffff   ___pinit__
ffffffff   binit
ffffffff   pinit

[140 symbols]
