******************************************************************************
               TMS320C6x Linker PC v7.4.20                     
******************************************************************************
>> Linked Wed Apr 19 13:39:31 2017

OUTPUT FILE NAME:   <CODE_BASE_PROJET_S5.out>
ENTRY POINT SYMBOL: "_c_int00"  address: 000174e0


MEMORY CONFIGURATION

         name            origin    length      used     unused   attr    fill
----------------------  --------  ---------  --------  --------  ----  --------
  IVECS                 00000000   00000220  00000200  00000020  RWIX
  IRAM                  00000220   0002fde0  00025256  0000ab8a  RWIX
  SDRAM                 80000000   01000000  00000000  01000000  RWIX
  FLASH                 90000000   00020000  00000000  00020000  RWIX


SECTION ALLOCATION MAP

 output                                  attributes/
section   page    origin      length       input sections
--------  ----  ----------  ----------   ----------------
.vectors   0    00000000    00000200     
                  00000000    00000200     Vectors_intr.obj (.vectors)

.bss       0    00000220    00000000     UNINITIALIZED

.text      0    00000220    000179a0     
                  00000220    00004780     traitement_audio.obj (.text)
                  000049a0    00002ea0     MAIN.obj (.text)
                  00007840    00002200     Communication_232.obj (.text)
                  00009a40    00000c80     MAIN.obj (.text:retain)
                  0000a6c0    00000900     rts6700.lib : pow.obj (.text:_pow)
                  0000afc0    00000800     C6713Helper_UdeS.obj (.text)
                  0000b7c0    00000780     SPI_driver.obj (.text)
                  0000bf40    00000720     rts6700.lib : divd.obj (.text:__divd)
                  0000c660    000006c0                 : _printfi.obj (.text:__getarg_diouxp)
                  0000cd20    00000640                 : _printfi.obj (.text:__setfield)
                  0000d360    00000560                 : _printfi.obj (.text:__printfi)
                  0000d8c0    000004e0     dsp67x.lib : DSPF_sp_cfftr2_dit.obj (.text)
                  0000dda0    000004c0     rts6700.lib : fputs.obj (.text:_fputs)
                  0000e260    000004c0     filtrerCascadeIIR.obj (.text)
                  0000e720    00000480     dsk6713bsl.lib : dsk6713.obj (.text)
                  0000eba0    00000420     rts6700.lib : _printfi.obj (.text:_fcvt)
                  0000efc0    00000400                 : _printfi.obj (.text:__pproc_fge)
                  0000f3c0    00000400                 : _printfi.obj (.text:_ecvt)
                  0000f7c0    00000380                 : imath64.obj (.text:__divull)
                  0000fb40    00000380                 : memory.obj (.text:_free)
                  0000fec0    00000360                 : _printfi.obj (.text:__pconv_e)
                  00010220    00000360                 : _printfi.obj (.text:__pproc_fwp)
                  00010580    00000340                 : cos.obj (.text:_cos)
                  000108c0    00000320     dsk6713bsl.lib : dsk6713_aic23_opencodec.obj (.text)
                  00010be0    00000300     rts6700.lib : divf.obj (.text:__divf)
                  00010ee0    00000300                 : _printfi.obj (.text:__pproc_diouxp)
                  000111e0    000002e0                 : sin.obj (.text:_sin)
                  000114c0    000002c0                 : _printfi.obj (.text:__pproc_str)
                  00011780    000002c0                 : setvbuf.obj (.text:_setvbuf)
                  00011a40    000002a0                 : _printfi.obj (.text:__pconv_g)
                  00011ce0    000002a0                 : fputc.obj (.text:_fputc)
                  00011f80    00000260                 : imath40.obj (.text:__divul)
                  000121e0    00000260     dsp67x.lib : DSPF_sp_bitrev_cplx.obj (.text)
                  00012440    00000240     rts6700.lib : _printfi.obj (.text:__mcpy)
                  00012680    00000240                 : atan.obj (.text:_atan)
                  000128c0    00000240                 : memory.obj (.text:_malloc)
                  00012b00    00000240                 : memcpy62.obj (.text:_memcpy)
                  00012d40    00000240     bitrev_index.obj (.text)
                  00012f80    00000220     rts6700.lib : trgdrv.obj (.text:_HOSTrename)
                  000131a0    000001e0                 : lowlev.obj (.text:_getdevice)
                  00013380    000001c0     csl6713.lib : csl_irq.obj (.text:_IRQ_map)
                  00013540    000001c0     rts6700.lib : fseek.obj (.text:_fseek)
                  00013700    000001a0     csl6713.lib : csl_mcbsp.obj (.text:_MCBSP_reset)
                  000138a0    000001a0     rts6700.lib : _printfi.obj (.text:__ltostr)
                  00013a40    000001a0                 : _printfi.obj (.text:__pproc_fflags)
                  00013be0    000001a0                 : ldexp.obj (.text:_ldexp)
                  00013d80    00000180     gen_w_r2.obj (.text)
                  00013f00    00000160     IIR_2ndOrder_directII_ASM.obj (.text)
                  00014060    00000160     rts6700.lib : trgdrv.obj (.text:_HOSTlseek)
                  000141c0    00000160                 : fclose.obj (.text:__closefile)
                  00014320    00000160     dsk6713bsl.lib : dsk6713_aic23_registers.obj (.text)
                  00014480    00000140     rts6700.lib : trgdrv.obj (.text:_HOSTread)
                  000145c0    00000140                 : frcmpyd_div.obj (.text:__frcmpyd_div)
                  00014700    00000140                 : strasg.obj (.text:__strasgi)
                  00014840    00000140                 : atoi.obj (.text:_atoi)
                  00014980    00000140                 : ltoa.obj (.text:_ltoa)
                  00014ac0    00000140                 : sqrt.obj (.text:_sqrt)
                  00014c00    00000120                 : trgdrv.obj (.text:_HOSTopen)
                  00014d20    00000120                 : trgdrv.obj (.text:_HOSTwrite)
                  00014e40    00000120                 : divi.obj (.text:__divi)
                  00014f60    00000120                 : _io_perm.obj (.text:__wrt_ok)
                  00015080    00000120                 : lowlev.obj (.text:_close)
                  000151a0    00000120                 : frexp.obj (.text:_frexp)
                  000152c0    00000120                 : memset.obj (.text:_memset)
                  000153e0    00000100                 : trgdrv.obj (.text:_HOSTclose)
                  000154e0    00000100                 : trgdrv.obj (.text:_HOSTunlink)
                  000155e0    00000100     csl6713.lib : csl_mcbsp.obj (.text:_MCBSP_open)
                  000156e0    00000100                 : csl_mcbsp.obj (.text:_MCBSP_start)
                  000157e0    00000100     rts6700.lib : autoinit.obj (.text:__auto_init)
                  000158e0    00000100                 : _printfi.obj (.text:__div)
                  000159e0    00000100                 : imath40.obj (.text:__divli)
                  00015ae0    00000100                 : _printfi.obj (.text:__pconv_f)
                  00015be0    00000100                 : lowlev.obj (.text:_lseek)
                  00015ce0    00000100                 : printf.obj (.text:_printf)
                  00015de0    00000100                 : lowlev.obj (.text:_write)
                  00015ee0    00000100     corr.obj (.text)
                  00015fe0    000000e0     rts6700.lib : fopen.obj (.text:__cleanup)
                  000160c0    000000e0                 : fflush.obj (.text:__doflush)
                  000161a0    000000e0                 : _printfi.obj (.text:__ecpy)
                  00016280    000000e0                 : _printfi.obj (.text:__fcpy)
                  00016360    000000e0                 : round.obj (.text:__nround)
                  00016440    000000e0                 : strasg.obj (.text:__strasg)
                  00016520    000000e0                 : exit.obj (.text:_exit)
                  00016600    000000e0                 : memory.obj (.text:_minsert)
                  000166e0    000000e0                 : modf.obj (.text:_modf)
                  000167c0    000000e0                 : memory.obj (.text:_mremove)
                  000168a0    000000c0     csl6713.lib : csl_gpio.obj (.text:_GPIO_open)
                  00016960    000000c0                 : csl_gpio.obj (.text:_GPIO_reset)
                  00016a20    000000c0     rts6700.lib : divu.obj (.text:__divu)
                  00016ae0    000000c0                 : cpy_tbl.obj (.text:_copy_in)
                  00016ba0    000000c0                 : lowlev.obj (.text:_finddevice)
                  00016c60    000000c0     dsk6713bsl.lib : dsk6713_aic23_setfreq.obj (.text)
                  00016d20    000000a0     csl6713.lib : csl_gpio.obj (.text:_GPIO_intPolarity)
                  00016dc0    000000a0                 : csl_mcbsp.obj (.text:_MCBSP_close)
                  00016e60    000000a0                 : csl_mcbsp.obj (.text:_MCBSP_config)
                  00016f00    000000a0     rts6700.lib : fixdli.obj (.text:__fixdli)
                  00016fa0    000000a0                 : mpyll.obj (.text:__mpyll)
                  00017040    000000a0                 : imath40.obj (.text:__remli)
                  000170e0    000000a0                 : trgmsg.obj (.text:_readmsg)
                  00017180    000000a0     csl6713.lib : csl_irq.obj (.text:_setMux)
                  00017220    000000a0     rts6700.lib : lowlev.obj (.text:_unlink)
                  000172c0    000000a0                 : trgmsg.obj (.text:_writemsg)
                  00017360    00000080                 : cpp_init.obj (.text:___TI_cpp_init)
                  000173e0    00000080                 : fltlid.obj (.text:__fltlid)
                  00017460    00000080                 : llshift.obj (.text:__llshl)
                  000174e0    00000080                 : boot.obj (.text:_c_int00)
                  00017560    00000080                 : memccpy.obj (.text:_memccpy)
                  000175e0    00000080     dsk6713bsl.lib : dsk6713_aic23_closecodec.obj (.text)
                  00017660    00000060     csl6713.lib : csl_gpio.obj (.text:_GPIO_pinDirection)
                  000176c0    00000060     rts6700.lib : isinf.obj (.text:___isinf)
                  00017720    00000060                 : llshift.obj (.text:__llshru)
                  00017780    00000060                 : imath64.obj (.text:__subcull)
                  000177e0    00000040     csl6713.lib : csl_gpio.obj (.text:_GPIO_pinEnable)
                  00017820    00000040                 : csl_irq.obj (.text:_IRQ_enable)
                  00017860    00000040                 : csl_irq.obj (.text:_IRQ_reset)
                  000178a0    00000040     rts6700.lib : _printfi.obj (.text:___isnan)
                  000178e0    00000040                 : args_main.obj (.text:__args_main)
                  00017920    00000040                 : trunc.obj (.text:__trunc)
                  00017960    00000040     SPI_driver.obj (.text:retain)
                  000179a0    00000020     Vectors_intr.obj (.text)
                  000179c0    00000020     csl6713.lib : csl_irq.obj (.text:_IRQ_globalDisable)
                  000179e0    00000020                 : csl_irq.obj (.text:_IRQ_globalEnable)
                  00017a00    00000020                 : csl_irq.obj (.text:_IRQ_nmiEnable)
                  00017a20    00000020                 : csl_irq.obj (.text:_IRQ_setVecs)
                  00017a40    00000020                 : csl_mcbsp.obj (.text:_MCBSP_getXmtEventId)
                  00017a60    00000020                 : csl_mcbsp.obj (.text:_MCBSP_read)
                  00017a80    00000020                 : csl_mcbsp.obj (.text:_MCBSP_rrdy)
                  00017aa0    00000020                 : csl_mcbsp.obj (.text:_MCBSP_write)
                  00017ac0    00000020                 : csl_mcbsp.obj (.text:_MCBSP_xrdy)
                  00017ae0    00000020     rts6700.lib : negll.obj (.text:__negll)
                  00017b00    00000020                 : _lock.obj (.text:__nop)
                  00017b20    00000020                 : printf.obj (.text:__outc)
                  00017b40    00000020                 : printf.obj (.text:__outs)
                  00017b60    00000020                 : exit.obj (.text:_abort)
                  00017b80    00000020                 : remove.obj (.text:_remove)
                  00017ba0    00000020     csl6713.lib : csl_irq.obj (.text)

.far       0    00017bc0    0000a6fc     UNINITIALIZED
                  00017bc0    00009de8     MAIN.obj (.far)
                  000219a8    00000324     rts6700.lib : defs.obj (.far)
                  00021ccc    00000004                 : errno.obj (.far)
                  00021cd0    00000120                 : pow.obj (.far)
                  00021df0    0000011c                 : lowlev.obj (.far)
                  00021f0c    000000f4     csl6713.lib : csl_irq.obj (.far)
                  00022000    00000078     filtrerCascadeIIR.obj (.far)
                  00022078    00000060     rts6700.lib : atan.obj (.far)
                  000220d8    00000058     C6713Helper_UdeS.obj (.far)
                  00022130    00000040     rts6700.lib : cos.obj (.far)
                  00022170    00000040                 : sin.obj (.far)
                  000221b0    00000038     csl6713.lib : csl_mcbsp.obj (.far)
                  000221e8    00000028     dsk6713bsl.lib : dsk6713_aic23_registers.obj (.far)
                  00022210    00000024     SPI_driver.obj (.far)
                  00022234    00000024     csl6713.lib : csl_gpio.obj (.far)
                  00022258    00000020     dsk6713bsl.lib : dsk6713_aic23_setfreq.obj (.far)
                  00022278    00000012     traitement_audio.obj (.far)
                  0002228a    00000002     dsk6713bsl.lib : dsk6713.obj (.far)
                  0002228c    0000000c     rts6700.lib : exit.obj (.far)
                  00022298    00000008     dsk6713bsl.lib : dsk6713_aic23_opencodec.obj (.far)
                  000222a0    00000008     rts6700.lib : _lock.obj (.far)
                  000222a8    00000008                 : memory.obj (.far)
                  000222b0    00000008                 : trgdrv.obj (.far)
                  000222b8    00000004                 : fopen.obj (.far)

.stack     0    000222c0    00001000     UNINITIALIZED
                  000222c0    00000008     rts6700.lib : boot.obj (.stack)
                  000222c8    00000ff8     --HOLE--

.sysmem    0    000232c0    00001000     UNINITIALIZED
                  000232c0    00000008     rts6700.lib : memory.obj (.sysmem)
                  000232c8    00000ff8     --HOLE--

.cinit     0    000242c0    00000c84     
                  000242c0    000005dc     MAIN.obj (.cinit)
                  0002489c    00000004     --HOLE-- [fill = 0]
                  000248a0    00000140     rts6700.lib : pow.obj (.cinit)
                  000249e0    0000012c     csl6713.lib : csl_irq.obj (.cinit)
                  00024b0c    00000004     --HOLE-- [fill = 0]
                  00024b10    00000070     rts6700.lib : atan.obj (.cinit)
                  00024b80    0000005c                 : defs.obj (.cinit)
                  00024bdc    00000004     --HOLE-- [fill = 0]
                  00024be0    0000005c                 : lowlev.obj (.cinit)
                  00024c3c    00000004     --HOLE-- [fill = 0]
                  00024c40    00000058     C6713Helper_UdeS.obj (.cinit)
                  00024c98    00000054     csl6713.lib : csl_mcbsp.obj (.cinit)
                  00024cec    00000004     --HOLE-- [fill = 0]
                  00024cf0    00000048     rts6700.lib : cos.obj (.cinit)
                  00024d38    00000048                 : sin.obj (.cinit)
                  00024d80    00000044     csl6713.lib : csl_gpio.obj (.cinit)
                  00024dc4    00000004     --HOLE-- [fill = 0]
                  00024dc8    00000030     dsk6713bsl.lib : dsk6713_aic23_registers.obj (.cinit)
                  00024df8    0000002c     SPI_driver.obj (.cinit)
                  00024e24    00000004     --HOLE-- [fill = 0]
                  00024e28    0000002c     filtrerCascadeIIR.obj (.cinit)
                  00024e54    00000004     --HOLE-- [fill = 0]
                  00024e58    0000002c     rts6700.lib : exit.obj (.cinit)
                  00024e84    00000004     --HOLE-- [fill = 0]
                  00024e88    0000002c                 : memory.obj (.cinit)
                  00024eb4    00000004     --HOLE-- [fill = 0]
                  00024eb8    00000028     dsk6713bsl.lib : dsk6713_aic23_setfreq.obj (.cinit)
                  00024ee0    0000001c     rts6700.lib : _lock.obj (.cinit)
                  00024efc    00000004     --HOLE-- [fill = 0]
                  00024f00    0000001c     traitement_audio.obj (.cinit)
                  00024f1c    00000004     --HOLE-- [fill = 0]
                  00024f20    0000000c     rts6700.lib : errno.obj (.cinit)
                  00024f2c    00000004     --HOLE-- [fill = 0]
                  00024f30    0000000c                 : fopen.obj (.cinit)
                  00024f3c    00000004     --HOLE-- [fill = 0]
                  00024f40    00000004     (.pad.cinit) [fill = 0]

.const     0    00024f48    00000416     
                  00024f48    00000168     filtrerCascadeIIR.obj (.const:_IIR_COEFFS)
                  000250b0    00000101     rts6700.lib : ctype.obj (.const:.string:__ctypes_)
                  000251b1    00000002                 : fputs.obj (.const:.string)
                  000251b3    00000001     --HOLE-- [fill = 0]
                  000251b4    000000e0     MAIN.obj (.const:.string)
                  00025294    00000040     dsk6713bsl.lib : dsk6713_aic23_opencodec.obj (.const)
                  000252d4    00000023     rts6700.lib : _printfi.obj (.const:.string)
                  000252f7    00000001     --HOLE-- [fill = 0]
                  000252f8    00000020     SPI_driver.obj (.const)
                  00025318    00000020     dsk6713bsl.lib : dsk6713.obj (.const)
                  00025338    0000000c     MAIN.obj (.const)
                  00025344    0000000c     filtrerCascadeIIR.obj (.const:_IIR_GAINS)
                  00025350    00000006     filtrerCascadeIIR.obj (.const:_IIR_NB_ORDRE2)
                  00025356    00000002     --HOLE-- [fill = 0]
                  00025358    00000006     filtrerCascadeIIR.obj (.const:_IIR_NO_LIGNE)

.cio       0    00025360    00000120     UNINITIALIZED
                  00025360    00000120     rts6700.lib : trgmsg.obj (.cio)


GLOBAL SYMBOLS: SORTED ALPHABETICALLY BY Name 

address    name
--------   ----
00000220   $bss
00000220   .bss
00000220   .text
00017b60   C$$EXIT
00017338   C$$IO$$
0002210c   _AIC23CfgData
00017bc0   _AIC23_data
000220e0   _AIC_data
000018c0   _AnalyseFFT_Accord
000012c4   _AnalyseFFT_Singuliere
00001228   _ApplicationFentre
000205e4   _BPM
00020664   _Buff_Notes_Mesure
000206a8   _Buff_int
00021878   _Buff_int_test
00020728   _Buff_note
000218f8   _Buff_note_test
000207c4   _Buff_timing
0000aff4   _CODEC_start
0000b0d8   _CODEC_stop
00020864   _CompPasNote
0002222c   _Config_act
00015ee0   _CorrASM
000003d0   _CorrManip
00004c20   _DO_TRAITEMENT_ASYNCHRONE
00004edc   _DO_TRAITEMENT_SYNCHRONE
000175e0   _DSK6713_AIC23_closeCodec
00022298   _DSK6713_AIC23_codeccontrolhandle
0002229c   _DSK6713_AIC23_codecdatahandle
000143e0   _DSK6713_AIC23_config
000108c0   _DSK6713_AIC23_openCodec
000143bc   _DSK6713_AIC23_rget
00014320   _DSK6713_AIC23_rset
00016c60   _DSK6713_AIC23_setFreq
0000eb34   _DSK6713_getVersion
0000e76c   _DSK6713_init
0000ea88   _DSK6713_rget
0000ea9c   _DSK6713_rset
0002228a   _DSK6713_version
0000eab0   _DSK6713_wait
0000eb08   _DSK6713_waitusec
000121e0   _DSPF_sp_bitrev_cplx
0000d8c0   _DSPF_sp_cfftr2_dit
00022220   _DirectionSettings
0002186c   _F2
00020860   _FLAGNOTE
0002085c   _FLAGPASNOTE
0001f440   _FenHamming
000205dc   _FlagLed0
000076a8   _FonctionTEST
00025340   _Fs
00016d20   _GPIO_intPolarity
000168a0   _GPIO_open
00017660   _GPIO_pinDirection
000177e0   _GPIO_pinEnable
00016960   _GPIO_reset
00017bd8   _GainNum
00001114   _GenHamming
00004438   _GenererMetronome
000153e0   _HOSTclose
00014060   _HOSTlseek
00014c00   _HOSTopen
00014480   _HOSTread
00012f80   _HOSTrename
000154e0   _HOSTunlink
00014d20   _HOSTwrite
00013f00   _IIR_2ndOrder_directII_ASM
00024f48   _IIR_COEFFS
00025344   _IIR_GAINS
00025350   _IIR_NB_ORDRE2
00025358   _IIR_NO_LIGNE
00022000   _IIR_W1
0002203c   _IIR_W2
00017820   _IRQ_enable
000179c0   _IRQ_globalDisable
000179e0   _IRQ_globalEnable
00013380   _IRQ_map
00017a00   _IRQ_nmiEnable
00017860   _IRQ_reset
00017a20   _IRQ_setVecs
0000471c   _InitialiseMetronome
00020694   _Intensite_actu
000205e0   _IsPeriodique
00017bd0   _IsSound
00016dc0   _MCBSP_close
00016e60   _MCBSP_config
00017a40   _MCBSP_getXmtEventId
000155e0   _MCBSP_open
00017a60   _MCBSP_read
00013700   _MCBSP_reset
00017a80   _MCBSP_rrdy
000156e0   _MCBSP_start
00017aa0   _MCBSP_write
00017ac0   _MCBSP_xrdy
00020684   _MesurePrete
0002221c   _My_GPIO_Handle
00022218   _My_MCBSP_handle
0002065c   _NbTemps
00020650   _Nbexecution
00020854   _NewValue
00020858   _NoteLCD
00020690   _Note_actu
00007840   _NotesToPIC
00025338   _PI
00017be0   _Pretraitement
00020850   _ReadValue
00005370   _RecepComm
00021870   _SON
00022230   _SPI_Config_Verif
0000bdf0   _SPI_Read
0000bc90   _SPI_Write
0000b7c0   _SPI_init
00005b34   _SetupALL
00017bdc   _SeuilSon
0001c440   _Sortie_FFT
000205f0   _TabFreqMet
00020514   _TabPeak1
00020578   _TabPeak2
00020868   _TableCos3
0001d440   _TableInputPadder
000205ec   _TempsMet
00020444   _TestAmp
0000065c   _TestIntensite
00000774   _TestPeriodicite
00022224   _Test_bidon
00017bd4   _TrameEnr
00003848   _TrouveNote_WO_Harm
0000207c   _TrouveNote_W_Harm
00018bec   _VectCorr1
000193ec   _VectCorr2
0001a000   _VectPadder1
0001aa00   _VectPadder2
00019bf8   _VectRep1
00019dfc   _VectRep2
00017bec   _VectTrame
00022228   _Verif
00025360   __CIOBUF_
00022240   __GPIO_intTable
00021ff8   __IRQ_dispatchTable
00021f34   __IRQ_eventTable
00017ba0   __IRQ_hookFetchPacket
00021fb8   __IRQ_intTable
000221e0   __MCBSP_hDev0
000221e4   __MCBSP_hDev1
000232c0   __STACK_END
00001000   __STACK_SIZE
00001000   __SYSMEM_SIZE
00000001   __TI_args_main
00017360   ___TI_cpp_init
00022294   ___TI_enable_exit_profile_output
ffffffff   ___TI_pprof_out_hndl
ffffffff   ___TI_prof_data_size
ffffffff   ___TI_prof_data_start
ffffffff   ___binit__
00000220   ___bss__
ffffffff   ___c_args__
000242c0   ___cinit__
00000220   ___end__
00017bc0   ___etext__
000176c0   ___isinf
ffffffff   ___pinit__
00000220   ___text__
000178e0   __args_main
000157e0   __auto_init
00014e40   __c6xabi_divi
00016a20   __c6xabi_divu
00014700   __c6xabi_strasgi
00015fe0   __cleanup
0002228c   __cleanup_ptr
000141c0   __closefile
000250b0   __ctypes_
0000bf40   __divd
00010be0   __divf
00014e40   __divi
000159e0   __divli
00016a20   __divu
00011f80   __divul
0000f7c0   __divull
000160c0   __doflush
00022290   __dtors_ptr
00016f00   __fixdli
000173e0   __fltlid
000145c0   __frcmpyd_div
00021cc8   __ft_end
000219a8   __ftable
00022254   __hGpioDev0
00017460   __llshl
00017720   __llshru
000222a0   __lock
00016fa0   __mpyll
00017ae0   __negll
00017b00   __nop
00016360   __nround
0000d360   __printfi
00017040   __remli
000222c0   __stack
00016440   __strasg
00014700   __strasgi
00017780   __subcull
000232c0   __sys_memory
00021b88   __tmpnams
00017920   __trunc
000222a4   __unlock
00014f60   __wrt_ok
00017b60   _abort
000206a0   _acq_fini
00020680   _amp_note_act
000207bc   _amptemp
00012680   _atan
00014840   _atoi
00000220   _bit_rev
00012d40   _bitrev_index
000174e0   _c_int00
00017960   _c_int04
00009a40   _c_int11
00000e54   _calculFFT
0002069c   _clavier
00015080   _close
0000b670   _comm_intr
0000afc0   _comm_poll
00020844   _comp4mesure
00020678   _comp_notes
0002068c   _compteurBuff
0002064c   _compteurNBfois
00020644   _compteurNBsinus
000207b4   _compteurNoteAlike
00020658   _compteurTemps
00020648   _compteurpulsation
000220e4   _config
00016ae0   _copy_in
00010580   _cos
00021868   _debug
00021874   _desactiveINT
00021ccc   _errno
00016520   _exit
0000e260   _filtrerCascadeIIR
00022210   _flag_SPI
00011ce0   _fputc
0000dda0   _fputs
0000fb40   _free
000205e8   _freqMet
000151a0   _frexp
00017bc4   _frq
00013540   _fseek
00013d80   _gen_w_r2
0002212c   _hAIC23_handle
000207a8   _ii
0001b400   _index
000207c0   _indtemp
0000e5f8   _init_w
00022214   _input_SPI
0000b4e0   _input_left_sample
0000b5a8   _input_right_sample
0000b3dc   _input_sample
00000570   _intensitesynchrone
00013be0   _ldexp
00015be0   _lseek
00014980   _ltoa
000049a0   _main
000128c0   _malloc
00017560   _memccpy
00012b00   _memcpy
000152c0   _memset
00020660   _metready
0002084c   _modeaccords
000166e0   _modf
00020510   _nVerif
00017bc8   _nbEchADC
00017bcc   _nbEchDebugMic
00020674   _nbnotes
00017be4   _ncorr
00019bec   _ndecalage
0002067c   _note_act
000207b8   _notetemp
00019bf4   _npadd
00019bf0   _nrep
00020440   _ntestson
00017be8   _ntrame
0000b21c   _output_left_sample
0000b2fc   _output_right_sample
0000b108   _output_sample
0000103c   _padderFFT
0000a6c0   _pow
00015ce0   _printf
00007b1c   _printpartitionConsole
00005c84   _printpartitionTest
00011ce0   _putc
000170e0   _readmsg
00017b80   _remove
0002050c   _scale
00011780   _setvbuf
000111e0   _sin
00020640   _sonMetronome
00014ac0   _sqrt
00020688   _start
00020698   _start_acq
00020848   _testsynchrone
000207b0   _timingdetecte
000207ac   _traiteaffichage
00003dc4   _traitementtiming
000206a4   _trig_acq
00017220   _unlink
00000020   _vector1
00000140   _vector10
00000180   _vector12
000001a0   _vector13
000001c0   _vector14
000001e0   _vector15
00000040   _vector2
00000060   _vector3
000000a0   _vector5
000000c0   _vector6
000000e0   _vector7
00000100   _vector8
00000120   _vector9
00000000   _vectors
00020654   _volumeMet
0001b440   _w
00015de0   _write
000172c0   _writemsg
00021978   _z
ffffffff   binit
000242c0   cinit
00000220   end
00017bc0   etext
ffffffff   pinit


GLOBAL SYMBOLS: SORTED BY Symbol Address 

address    name
--------   ----
00000000   _vectors
00000001   __TI_args_main
00000020   _vector1
00000040   _vector2
00000060   _vector3
000000a0   _vector5
000000c0   _vector6
000000e0   _vector7
00000100   _vector8
00000120   _vector9
00000140   _vector10
00000180   _vector12
000001a0   _vector13
000001c0   _vector14
000001e0   _vector15
00000220   $bss
00000220   .bss
00000220   .text
00000220   ___bss__
00000220   ___end__
00000220   ___text__
00000220   _bit_rev
00000220   end
000003d0   _CorrManip
00000570   _intensitesynchrone
0000065c   _TestIntensite
00000774   _TestPeriodicite
00000e54   _calculFFT
00001000   __STACK_SIZE
00001000   __SYSMEM_SIZE
0000103c   _padderFFT
00001114   _GenHamming
00001228   _ApplicationFentre
000012c4   _AnalyseFFT_Singuliere
000018c0   _AnalyseFFT_Accord
0000207c   _TrouveNote_W_Harm
00003848   _TrouveNote_WO_Harm
00003dc4   _traitementtiming
00004438   _GenererMetronome
0000471c   _InitialiseMetronome
000049a0   _main
00004c20   _DO_TRAITEMENT_ASYNCHRONE
00004edc   _DO_TRAITEMENT_SYNCHRONE
00005370   _RecepComm
00005b34   _SetupALL
00005c84   _printpartitionTest
000076a8   _FonctionTEST
00007840   _NotesToPIC
00007b1c   _printpartitionConsole
00009a40   _c_int11
0000a6c0   _pow
0000afc0   _comm_poll
0000aff4   _CODEC_start
0000b0d8   _CODEC_stop
0000b108   _output_sample
0000b21c   _output_left_sample
0000b2fc   _output_right_sample
0000b3dc   _input_sample
0000b4e0   _input_left_sample
0000b5a8   _input_right_sample
0000b670   _comm_intr
0000b7c0   _SPI_init
0000bc90   _SPI_Write
0000bdf0   _SPI_Read
0000bf40   __divd
0000d360   __printfi
0000d8c0   _DSPF_sp_cfftr2_dit
0000dda0   _fputs
0000e260   _filtrerCascadeIIR
0000e5f8   _init_w
0000e76c   _DSK6713_init
0000ea88   _DSK6713_rget
0000ea9c   _DSK6713_rset
0000eab0   _DSK6713_wait
0000eb08   _DSK6713_waitusec
0000eb34   _DSK6713_getVersion
0000f7c0   __divull
0000fb40   _free
00010580   _cos
000108c0   _DSK6713_AIC23_openCodec
00010be0   __divf
000111e0   _sin
00011780   _setvbuf
00011ce0   _fputc
00011ce0   _putc
00011f80   __divul
000121e0   _DSPF_sp_bitrev_cplx
00012680   _atan
000128c0   _malloc
00012b00   _memcpy
00012d40   _bitrev_index
00012f80   _HOSTrename
00013380   _IRQ_map
00013540   _fseek
00013700   _MCBSP_reset
00013be0   _ldexp
00013d80   _gen_w_r2
00013f00   _IIR_2ndOrder_directII_ASM
00014060   _HOSTlseek
000141c0   __closefile
00014320   _DSK6713_AIC23_rset
000143bc   _DSK6713_AIC23_rget
000143e0   _DSK6713_AIC23_config
00014480   _HOSTread
000145c0   __frcmpyd_div
00014700   __c6xabi_strasgi
00014700   __strasgi
00014840   _atoi
00014980   _ltoa
00014ac0   _sqrt
00014c00   _HOSTopen
00014d20   _HOSTwrite
00014e40   __c6xabi_divi
00014e40   __divi
00014f60   __wrt_ok
00015080   _close
000151a0   _frexp
000152c0   _memset
000153e0   _HOSTclose
000154e0   _HOSTunlink
000155e0   _MCBSP_open
000156e0   _MCBSP_start
000157e0   __auto_init
000159e0   __divli
00015be0   _lseek
00015ce0   _printf
00015de0   _write
00015ee0   _CorrASM
00015fe0   __cleanup
000160c0   __doflush
00016360   __nround
00016440   __strasg
00016520   _exit
000166e0   _modf
000168a0   _GPIO_open
00016960   _GPIO_reset
00016a20   __c6xabi_divu
00016a20   __divu
00016ae0   _copy_in
00016c60   _DSK6713_AIC23_setFreq
00016d20   _GPIO_intPolarity
00016dc0   _MCBSP_close
00016e60   _MCBSP_config
00016f00   __fixdli
00016fa0   __mpyll
00017040   __remli
000170e0   _readmsg
00017220   _unlink
000172c0   _writemsg
00017338   C$$IO$$
00017360   ___TI_cpp_init
000173e0   __fltlid
00017460   __llshl
000174e0   _c_int00
00017560   _memccpy
000175e0   _DSK6713_AIC23_closeCodec
00017660   _GPIO_pinDirection
000176c0   ___isinf
00017720   __llshru
00017780   __subcull
000177e0   _GPIO_pinEnable
00017820   _IRQ_enable
00017860   _IRQ_reset
000178e0   __args_main
00017920   __trunc
00017960   _c_int04
000179c0   _IRQ_globalDisable
000179e0   _IRQ_globalEnable
00017a00   _IRQ_nmiEnable
00017a20   _IRQ_setVecs
00017a40   _MCBSP_getXmtEventId
00017a60   _MCBSP_read
00017a80   _MCBSP_rrdy
00017aa0   _MCBSP_write
00017ac0   _MCBSP_xrdy
00017ae0   __negll
00017b00   __nop
00017b60   C$$EXIT
00017b60   _abort
00017b80   _remove
00017ba0   __IRQ_hookFetchPacket
00017bc0   _AIC23_data
00017bc0   ___etext__
00017bc0   etext
00017bc4   _frq
00017bc8   _nbEchADC
00017bcc   _nbEchDebugMic
00017bd0   _IsSound
00017bd4   _TrameEnr
00017bd8   _GainNum
00017bdc   _SeuilSon
00017be0   _Pretraitement
00017be4   _ncorr
00017be8   _ntrame
00017bec   _VectTrame
00018bec   _VectCorr1
000193ec   _VectCorr2
00019bec   _ndecalage
00019bf0   _nrep
00019bf4   _npadd
00019bf8   _VectRep1
00019dfc   _VectRep2
0001a000   _VectPadder1
0001aa00   _VectPadder2
0001b400   _index
0001b440   _w
0001c440   _Sortie_FFT
0001d440   _TableInputPadder
0001f440   _FenHamming
00020440   _ntestson
00020444   _TestAmp
0002050c   _scale
00020510   _nVerif
00020514   _TabPeak1
00020578   _TabPeak2
000205dc   _FlagLed0
000205e0   _IsPeriodique
000205e4   _BPM
000205e8   _freqMet
000205ec   _TempsMet
000205f0   _TabFreqMet
00020640   _sonMetronome
00020644   _compteurNBsinus
00020648   _compteurpulsation
0002064c   _compteurNBfois
00020650   _Nbexecution
00020654   _volumeMet
00020658   _compteurTemps
0002065c   _NbTemps
00020660   _metready
00020664   _Buff_Notes_Mesure
00020674   _nbnotes
00020678   _comp_notes
0002067c   _note_act
00020680   _amp_note_act
00020684   _MesurePrete
00020688   _start
0002068c   _compteurBuff
00020690   _Note_actu
00020694   _Intensite_actu
00020698   _start_acq
0002069c   _clavier
000206a0   _acq_fini
000206a4   _trig_acq
000206a8   _Buff_int
00020728   _Buff_note
000207a8   _ii
000207ac   _traiteaffichage
000207b0   _timingdetecte
000207b4   _compteurNoteAlike
000207b8   _notetemp
000207bc   _amptemp
000207c0   _indtemp
000207c4   _Buff_timing
00020844   _comp4mesure
00020848   _testsynchrone
0002084c   _modeaccords
00020850   _ReadValue
00020854   _NewValue
00020858   _NoteLCD
0002085c   _FLAGPASNOTE
00020860   _FLAGNOTE
00020864   _CompPasNote
00020868   _TableCos3
00021868   _debug
0002186c   _F2
00021870   _SON
00021874   _desactiveINT
00021878   _Buff_int_test
000218f8   _Buff_note_test
00021978   _z
000219a8   __ftable
00021b88   __tmpnams
00021cc8   __ft_end
00021ccc   _errno
00021f34   __IRQ_eventTable
00021fb8   __IRQ_intTable
00021ff8   __IRQ_dispatchTable
00022000   _IIR_W1
0002203c   _IIR_W2
000220e0   _AIC_data
000220e4   _config
0002210c   _AIC23CfgData
0002212c   _hAIC23_handle
000221e0   __MCBSP_hDev0
000221e4   __MCBSP_hDev1
00022210   _flag_SPI
00022214   _input_SPI
00022218   _My_MCBSP_handle
0002221c   _My_GPIO_Handle
00022220   _DirectionSettings
00022224   _Test_bidon
00022228   _Verif
0002222c   _Config_act
00022230   _SPI_Config_Verif
00022240   __GPIO_intTable
00022254   __hGpioDev0
0002228a   _DSK6713_version
0002228c   __cleanup_ptr
00022290   __dtors_ptr
00022294   ___TI_enable_exit_profile_output
00022298   _DSK6713_AIC23_codeccontrolhandle
0002229c   _DSK6713_AIC23_codecdatahandle
000222a0   __lock
000222a4   __unlock
000222c0   __stack
000232c0   __STACK_END
000232c0   __sys_memory
000242c0   ___cinit__
000242c0   cinit
00024f48   _IIR_COEFFS
000250b0   __ctypes_
00025338   _PI
00025340   _Fs
00025344   _IIR_GAINS
00025350   _IIR_NB_ORDRE2
00025358   _IIR_NO_LIGNE
00025360   __CIOBUF_
ffffffff   ___TI_pprof_out_hndl
ffffffff   ___TI_prof_data_size
ffffffff   ___TI_prof_data_start
ffffffff   ___binit__
ffffffff   ___c_args__
ffffffff   ___pinit__
ffffffff   binit
ffffffff   pinit

[326 symbols]
