******************************************************************************
               TMS320C6x Linker PC v7.4.20                     
******************************************************************************
>> Linked Tue Jan 24 18:07:39 2017

OUTPUT FILE NAME:   <CodeAPP2.out>
ENTRY POINT SYMBOL: "_c_int00"  address: 0000f4e0


MEMORY CONFIGURATION

         name            origin    length      used     unused   attr    fill
----------------------  --------  ---------  --------  --------  ----  --------
  IVECS                 00000000   00000220  00000000  00000220  RWIX
  IRAM                  00000220   0002fde0  000125ea  0001d7f6  RWIX
  SDRAM                 80000000   01000000  00000000  01000000  RWIX
  FLASH                 90000000   00020000  00000000  00020000  RWIX


SECTION ALLOCATION MAP

 output                                  attributes/
section   page    origin      length       input sections
--------  ----  ----------  ----------   ----------------
.bss       0    00000220    00000000     UNINITIALIZED

.text      0    00000220    0000f720     
                  00000220    00001140     def_fonctions.obj (.text)
                  00001360    00000bc0     rts6700.lib : _scanfi.obj (.text:__scanfi)
                  00001f20    00000900                 : pow.obj (.text:_pow)
                  00002820    000007c0                 : _scanfi.obj (.text:__sset_arg)
                  00002fe0    00000720                 : divd.obj (.text:__divd)
                  00003700    000006c0                 : _printfi.obj (.text:__getarg_diouxp)
                  00003dc0    00000640                 : _printfi.obj (.text:__setfield)
                  00004400    000005e0                 : strtod.obj (.text:_strtod)
                  000049e0    000005e0                 : strtold.obj (.text:_strtold)
                  00004fc0    000005e0                 : strtoll.obj (.text:_strtoll)
                  000055a0    000005a0                 : _scanfi.obj (.text:__sproc_int)
                  00005b40    00000580                 : strtol.obj (.text:_strtol)
                  000060c0    00000560                 : _printfi.obj (.text:__printfi)
                  00006620    00000520                 : strtoul.obj (.text:_strtoul)
                  00006b40    000004c0                 : fputs.obj (.text:_fputs)
                  00007000    000004a0                 : strtoull.obj (.text:_strtoull)
                  000074a0    00000420                 : _printfi.obj (.text:_fcvt)
                  000078c0    00000400                 : _printfi.obj (.text:__pproc_fge)
                  00007cc0    00000400                 : _printfi.obj (.text:_ecvt)
                  000080c0    000003a0                 : _scanfi.obj (.text:__sget_conv)
                  00008460    00000380                 : imath64.obj (.text:__divull)
                  000087e0    00000380                 : _scanfi.obj (.text:__sproc_float)
                  00008b60    00000380                 : memory.obj (.text:_free)
                  00008ee0    00000360                 : _printfi.obj (.text:__pconv_e)
                  00009240    00000360                 : _printfi.obj (.text:__pproc_fwp)
                  000095a0    00000300                 : _printfi.obj (.text:__pproc_diouxp)
                  000098a0    000002c0                 : _printfi.obj (.text:__pproc_str)
                  00009b60    000002c0                 : setvbuf.obj (.text:_setvbuf)
                  00009e20    000002a0                 : _printfi.obj (.text:__pconv_g)
                  0000a0c0    000002a0                 : fputc.obj (.text:_fputc)
                  0000a360    00000260                 : imath40.obj (.text:__divul)
                  0000a5c0    00000240                 : _printfi.obj (.text:__mcpy)
                  0000a800    00000240                 : memory.obj (.text:_malloc)
                  0000aa40    00000240                 : memcpy62.obj (.text:_memcpy)
                  0000ac80    00000220                 : trgdrv.obj (.text:_HOSTrename)
                  0000aea0    00000220                 : _scanfi.obj (.text:__sproc_str)
                  0000b0c0    00000200                 : fscanf.obj (.text:__chkmbc)
                  0000b2c0    000001e0                 : _scanfi.obj (.text:__sproc_lb)
                  0000b4a0    000001e0                 : lowlev.obj (.text:_getdevice)
                  0000b680    000001c0                 : fseek.obj (.text:_fseek)
                  0000b840    000001a0                 : _printfi.obj (.text:__ltostr)
                  0000b9e0    000001a0                 : _printfi.obj (.text:__pproc_fflags)
                  0000bb80    000001a0                 : ldexp.obj (.text:_ldexp)
                  0000bd20    00000180                 : fgetc.obj (.text:_fgetc)
                  0000bea0    00000160                 : trgdrv.obj (.text:_HOSTlseek)
                  0000c000    00000160                 : _bufread.obj (.text:__buff_read)
                  0000c160    00000160                 : fclose.obj (.text:__closefile)
                  0000c2c0    00000160                 : _scanfi.obj (.text:__sget_scanset)
                  0000c420    00000160                 : ungetc.obj (.text:_ungetc)
                  0000c580    00000140                 : trgdrv.obj (.text:_HOSTread)
                  0000c6c0    00000140                 : fltllid.obj (.text:__fltllid)
                  0000c800    00000140                 : frcmpyd_div.obj (.text:__frcmpyd_div)
                  0000c940    00000140                 : atoi.obj (.text:_atoi)
                  0000ca80    00000140                 : ltoa.obj (.text:_ltoa)
                  0000cbc0    00000140     div.obj (.text)
                  0000cd00    00000140     mult.obj (.text)
                  0000ce40    00000120     rts6700.lib : trgdrv.obj (.text:_HOSTopen)
                  0000cf60    00000120                 : trgdrv.obj (.text:_HOSTwrite)
                  0000d080    00000120                 : divi.obj (.text:__divi)
                  0000d1a0    00000120                 : _io_perm.obj (.text:__wrt_ok)
                  0000d2c0    00000120                 : lowlev.obj (.text:_close)
                  0000d3e0    00000120                 : frexp.obj (.text:_frexp)
                  0000d500    00000120                 : memset.obj (.text:_memset)
                  0000d620    00000100                 : trgdrv.obj (.text:_HOSTclose)
                  0000d720    00000100                 : trgdrv.obj (.text:_HOSTunlink)
                  0000d820    00000100                 : autoinit.obj (.text:__auto_init)
                  0000d920    00000100                 : _printfi.obj (.text:__div)
                  0000da20    00000100                 : imath40.obj (.text:__divli)
                  0000db20    00000100                 : _printfi.obj (.text:__pconv_f)
                  0000dc20    00000100                 : lowlev.obj (.text:_lseek)
                  0000dd20    00000100                 : printf.obj (.text:_printf)
                  0000de20    00000100                 : lowlev.obj (.text:_read)
                  0000df20    00000100                 : fscanf.obj (.text:_scanf)
                  0000e020    00000100                 : lowlev.obj (.text:_write)
                  0000e120    000000e0                 : fopen.obj (.text:__cleanup)
                  0000e200    000000e0                 : fflush.obj (.text:__doflush)
                  0000e2e0    000000e0                 : _printfi.obj (.text:__ecpy)
                  0000e3c0    000000e0                 : _printfi.obj (.text:__fcpy)
                  0000e4a0    000000e0                 : round.obj (.text:__nround)
                  0000e580    000000e0                 : _io_perm.obj (.text:__rd_ok)
                  0000e660    000000e0                 : exit.obj (.text:_exit)
                  0000e740    000000e0                 : memory.obj (.text:_minsert)
                  0000e820    000000e0                 : modf.obj (.text:_modf)
                  0000e900    000000e0                 : memory.obj (.text:_mremove)
                  0000e9e0    000000e0     sous.obj (.text)
                  0000eac0    000000c0     rts6700.lib : divu.obj (.text:__divu)
                  0000eb80    000000c0                 : cpy_tbl.obj (.text:_copy_in)
                  0000ec40    000000c0                 : lowlev.obj (.text:_finddevice)
                  0000ed00    000000c0     add.obj (.text)
                  0000edc0    000000a0     rts6700.lib : fixdli.obj (.text:__fixdli)
                  0000ee60    000000a0                 : mpyll.obj (.text:__mpyll)
                  0000ef00    000000a0                 : imath40.obj (.text:__remli)
                  0000efa0    000000a0                 : imath40.obj (.text:__remul)
                  0000f040    000000a0                 : imath64.obj (.text:__remull)
                  0000f0e0    000000a0                 : trgmsg.obj (.text:_readmsg)
                  0000f180    000000a0                 : lowlev.obj (.text:_unlink)
                  0000f220    000000a0                 : trgmsg.obj (.text:_writemsg)
                  0000f2c0    000000a0     app2.obj (.text)
                  0000f360    00000080     rts6700.lib : cpp_init.obj (.text:___TI_cpp_init)
                  0000f3e0    00000080                 : fltlid.obj (.text:__fltlid)
                  0000f460    00000080                 : llshift.obj (.text:__llshl)
                  0000f4e0    00000080                 : boot.obj (.text:_c_int00)
                  0000f560    00000080                 : memccpy.obj (.text:_memccpy)
                  0000f5e0    00000080     encrypt.obj (.text)
                  0000f660    00000060     rts6700.lib : isinf.obj (.text:___isinf)
                  0000f6c0    00000060                 : llshift.obj (.text:__llshru)
                  0000f720    00000060                 : imath64.obj (.text:__subcull)
                  0000f780    00000040                 : _printfi.obj (.text:___isnan)
                  0000f7c0    00000040                 : args_main.obj (.text:__args_main)
                  0000f800    00000040                 : trunc.obj (.text:__trunc)
                  0000f840    00000020                 : fscanf.obj (.text:__inpchar)
                  0000f860    00000020                 : negll.obj (.text:__negll)
                  0000f880    00000020                 : _lock.obj (.text:__nop)
                  0000f8a0    00000020                 : printf.obj (.text:__outc)
                  0000f8c0    00000020                 : printf.obj (.text:__outs)
                  0000f8e0    00000020                 : fscanf.obj (.text:__uninpchar)
                  0000f900    00000020                 : exit.obj (.text:_abort)
                  0000f920    00000020                 : remove.obj (.text:_remove)

.stack     0    0000f940    00001000     UNINITIALIZED
                  0000f940    00000008     rts6700.lib : boot.obj (.stack)
                  0000f948    00000ff8     --HOLE--

.sysmem    0    00010940    00001000     UNINITIALIZED
                  00010940    00000008     rts6700.lib : memory.obj (.sysmem)
                  00010948    00000ff8     --HOLE--

.far       0    00011940    000005ec     UNINITIALIZED
                  00011940    00000324     rts6700.lib : defs.obj (.far)
                  00011c64    00000004                 : errno.obj (.far)
                  00011c68    00000120                 : pow.obj (.far)
                  00011d88    0000011c                 : lowlev.obj (.far)
                  00011ea4    0000000c                 : exit.obj (.far)
                  00011eb0    00000008                 : _lock.obj (.far)
                  00011eb8    00000008                 : memory.obj (.far)
                  00011ec0    00000060     app2.obj (.far)
                  00011f20    00000008     rts6700.lib : trgdrv.obj (.far)
                  00011f28    00000004                 : fopen.obj (.far)

.const     0    00011f30    0000047a     
                  00011f30    00000210     def_fonctions.obj (.const:.string)
                  00012140    00000101     rts6700.lib : ctype.obj (.const:.string:__ctypes_)
                  00012241    00000002                 : fputs.obj (.const:.string)
                  00012243    00000005     --HOLE-- [fill = 0]
                  00012248    00000050                 : strtod.obj (.const:_digits)
                  00012298    00000050                 : strtold.obj (.const:_digits)
                  000122e8    00000048                 : strtod.obj (.const:_powerof10)
                  00012330    00000048                 : strtold.obj (.const:_powerof10)
                  00012378    00000023                 : _printfi.obj (.const:.string)
                  0001239b    00000001     --HOLE-- [fill = 0]
                  0001239c    00000007                 : _scanfi.obj (.const:.string:_flit$1)
                  000123a3    00000001     --HOLE-- [fill = 0]
                  000123a4    00000006                 : _scanfi.obj (.const:.string:_barr$2)

.cinit     0    000123b0    0000031c     
                  000123b0    00000140     rts6700.lib : pow.obj (.cinit)
                  000124f0    00000078     app2.obj (.cinit)
                  00012568    0000005c     rts6700.lib : defs.obj (.cinit)
                  000125c4    00000004     --HOLE-- [fill = 0]
                  000125c8    0000005c                 : lowlev.obj (.cinit)
                  00012624    00000004     --HOLE-- [fill = 0]
                  00012628    0000002c                 : exit.obj (.cinit)
                  00012654    00000004     --HOLE-- [fill = 0]
                  00012658    0000002c                 : memory.obj (.cinit)
                  00012684    00000004     --HOLE-- [fill = 0]
                  00012688    0000001c                 : _lock.obj (.cinit)
                  000126a4    00000004     --HOLE-- [fill = 0]
                  000126a8    0000000c                 : errno.obj (.cinit)
                  000126b4    00000004     --HOLE-- [fill = 0]
                  000126b8    0000000c                 : fopen.obj (.cinit)
                  000126c4    00000004     --HOLE-- [fill = 0]
                  000126c8    00000004     (.pad.cinit) [fill = 0]

.cio       0    000126cc    00000120     UNINITIALIZED
                  000126cc    00000120     rts6700.lib : trgmsg.obj (.cio)

.switch    0    000127ec    00000028     
                  000127ec    00000028     rts6700.lib : _scanfi.obj (.switch:__sset_arg)


GLOBAL SYMBOLS: SORTED ALPHABETICALLY BY Name 

address    name
--------   ----
00000220   $bss
00000220   .bss
00000220   .text
0000f900   C$$EXIT
0000f298   C$$IO$$
0000ed00   _AddEntierNonSigne32bits
0000ed38   _AddEntierSigne32bits
0000ed40   _AddFractionnaire32bits_Q7_24_Q15_16
00000220   _AnalyserListe
00001220   _ChoisirDonnees
00001170   _ChoisirOperandesDoubleS
00001018   _ChoisirOperandesFloatS
00000ec4   _ChoisirOperandesIntNoS
00000f70   _ChoisirOperandesIntS
00000e88   _ConvertirListe
0000ccf8   _DivFlottant32bits
0000cbc0   _DivIncrementation
0000cc74   _DivSubc
0000f5e0   _EncrypterDonnees
000012b4   _EncrypterDonneesC
0000d620   _HOSTclose
0000bea0   _HOSTlseek
0000ce40   _HOSTopen
0000c580   _HOSTread
0000ac80   _HOSTrename
0000d720   _HOSTunlink
0000cf60   _HOSTwrite
00011ec0   _Liste
0000cd00   _MpyEntierNonSigneOp32bitsRes64bits
0000cdc0   _MpyEntierSigneOp32bitsRes64bits
0000ce28   _MpyFlottant64bits
0000cde0   _MpyfractionnaireOp32bitsRes64bits_Q7_24_Q15_16
00000c3c   _ObtenirFormat
00000d50   _ObtenirOperation
00000b2c   _ObtenirType
0000e9e0   _SubEntierNonSigne32bits
0000ea10   _SubEntierSigne32
0000ea8c   _SubFlottant64bits
00011f00   _TabDonnees
00011ee0   _TabDoubleS
00011ecc   _TabIntNoS
00011ed4   _TabIntS
000126cc   __CIOBUF_
00010940   __STACK_END
00001000   __STACK_SIZE
00001000   __SYSMEM_SIZE
00000001   __TI_args_main
0000f360   ___TI_cpp_init
00011eac   ___TI_enable_exit_profile_output
ffffffff   ___TI_pprof_out_hndl
ffffffff   ___TI_prof_data_size
ffffffff   ___TI_prof_data_start
ffffffff   ___binit__
00000220   ___bss__
ffffffff   ___c_args__
000123b0   ___cinit__
00000220   ___end__
0000f940   ___etext__
0000f660   ___isinf
ffffffff   ___pinit__
00000220   ___text__
0000f7c0   __args_main
0000d820   __auto_init
0000c000   __buff_read
0000d080   __c6xabi_divi
0000eac0   __c6xabi_divu
0000e120   __cleanup
00011ea4   __cleanup_ptr
0000c160   __closefile
00012140   __ctypes_
00002fe0   __divd
0000d080   __divi
0000da20   __divli
0000eac0   __divu
0000a360   __divul
00008460   __divull
0000e200   __doflush
00011ea8   __dtors_ptr
0000edc0   __fixdli
0000f3e0   __fltlid
0000c6c0   __fltllid
0000c800   __frcmpyd_div
00011c60   __ft_end
00011940   __ftable
0000f460   __llshl
0000f6c0   __llshru
00011eb0   __lock
0000ee60   __mpyll
0000f860   __negll
0000f880   __nop
0000e4a0   __nround
000060c0   __printfi
0000e580   __rd_ok
0000ef00   __remli
0000efa0   __remul
0000f040   __remull
00001360   __scanfi
0000f940   __stack
0000f720   __subcull
00010940   __sys_memory
00011b20   __tmpnams
0000f800   __trunc
00011eb4   __unlock
0000d1a0   __wrt_ok
0000f900   _abort
0000c940   _atoi
0000f4e0   _c_int00
0000d2c0   _close
0000eb80   _copy_in
00011c64   _errno
0000e660   _exit
0000bd20   _fgetc
0000a0c0   _fputc
00006b40   _fputs
00008b60   _free
0000d3e0   _frexp
0000b680   _fseek
0000bd20   _getc
0000bb80   _ldexp
0000dc20   _lseek
0000ca80   _ltoa
0000f2c0   _main
0000a800   _malloc
0000f560   _memccpy
0000aa40   _memcpy
0000d500   _memset
0000e820   _modf
00001f20   _pow
0000dd20   _printf
0000a0c0   _putc
0000de20   _read
0000f0e0   _readmsg
0000f920   _remove
0000df20   _scanf
00009b60   _setvbuf
00004400   _strtod
00005b40   _strtol
000049e0   _strtold
00004fc0   _strtoll
00006620   _strtoul
00007000   _strtoull
0000c420   _ungetc
0000f180   _unlink
0000e020   _write
0000f220   _writemsg
ffffffff   binit
000123b0   cinit
00000220   end
0000f940   etext
ffffffff   pinit


GLOBAL SYMBOLS: SORTED BY Symbol Address 

address    name
--------   ----
00000001   __TI_args_main
00000220   $bss
00000220   .bss
00000220   .text
00000220   _AnalyserListe
00000220   ___bss__
00000220   ___end__
00000220   ___text__
00000220   end
00000b2c   _ObtenirType
00000c3c   _ObtenirFormat
00000d50   _ObtenirOperation
00000e88   _ConvertirListe
00000ec4   _ChoisirOperandesIntNoS
00000f70   _ChoisirOperandesIntS
00001000   __STACK_SIZE
00001000   __SYSMEM_SIZE
00001018   _ChoisirOperandesFloatS
00001170   _ChoisirOperandesDoubleS
00001220   _ChoisirDonnees
000012b4   _EncrypterDonneesC
00001360   __scanfi
00001f20   _pow
00002fe0   __divd
00004400   _strtod
000049e0   _strtold
00004fc0   _strtoll
00005b40   _strtol
000060c0   __printfi
00006620   _strtoul
00006b40   _fputs
00007000   _strtoull
00008460   __divull
00008b60   _free
00009b60   _setvbuf
0000a0c0   _fputc
0000a0c0   _putc
0000a360   __divul
0000a800   _malloc
0000aa40   _memcpy
0000ac80   _HOSTrename
0000b680   _fseek
0000bb80   _ldexp
0000bd20   _fgetc
0000bd20   _getc
0000bea0   _HOSTlseek
0000c000   __buff_read
0000c160   __closefile
0000c420   _ungetc
0000c580   _HOSTread
0000c6c0   __fltllid
0000c800   __frcmpyd_div
0000c940   _atoi
0000ca80   _ltoa
0000cbc0   _DivIncrementation
0000cc74   _DivSubc
0000ccf8   _DivFlottant32bits
0000cd00   _MpyEntierNonSigneOp32bitsRes64bits
0000cdc0   _MpyEntierSigneOp32bitsRes64bits
0000cde0   _MpyfractionnaireOp32bitsRes64bits_Q7_24_Q15_16
0000ce28   _MpyFlottant64bits
0000ce40   _HOSTopen
0000cf60   _HOSTwrite
0000d080   __c6xabi_divi
0000d080   __divi
0000d1a0   __wrt_ok
0000d2c0   _close
0000d3e0   _frexp
0000d500   _memset
0000d620   _HOSTclose
0000d720   _HOSTunlink
0000d820   __auto_init
0000da20   __divli
0000dc20   _lseek
0000dd20   _printf
0000de20   _read
0000df20   _scanf
0000e020   _write
0000e120   __cleanup
0000e200   __doflush
0000e4a0   __nround
0000e580   __rd_ok
0000e660   _exit
0000e820   _modf
0000e9e0   _SubEntierNonSigne32bits
0000ea10   _SubEntierSigne32
0000ea8c   _SubFlottant64bits
0000eac0   __c6xabi_divu
0000eac0   __divu
0000eb80   _copy_in
0000ed00   _AddEntierNonSigne32bits
0000ed38   _AddEntierSigne32bits
0000ed40   _AddFractionnaire32bits_Q7_24_Q15_16
0000edc0   __fixdli
0000ee60   __mpyll
0000ef00   __remli
0000efa0   __remul
0000f040   __remull
0000f0e0   _readmsg
0000f180   _unlink
0000f220   _writemsg
0000f298   C$$IO$$
0000f2c0   _main
0000f360   ___TI_cpp_init
0000f3e0   __fltlid
0000f460   __llshl
0000f4e0   _c_int00
0000f560   _memccpy
0000f5e0   _EncrypterDonnees
0000f660   ___isinf
0000f6c0   __llshru
0000f720   __subcull
0000f7c0   __args_main
0000f800   __trunc
0000f860   __negll
0000f880   __nop
0000f900   C$$EXIT
0000f900   _abort
0000f920   _remove
0000f940   ___etext__
0000f940   __stack
0000f940   etext
00010940   __STACK_END
00010940   __sys_memory
00011940   __ftable
00011b20   __tmpnams
00011c60   __ft_end
00011c64   _errno
00011ea4   __cleanup_ptr
00011ea8   __dtors_ptr
00011eac   ___TI_enable_exit_profile_output
00011eb0   __lock
00011eb4   __unlock
00011ec0   _Liste
00011ecc   _TabIntNoS
00011ed4   _TabIntS
00011ee0   _TabDoubleS
00011f00   _TabDonnees
00012140   __ctypes_
000123b0   ___cinit__
000123b0   cinit
000126cc   __CIOBUF_
ffffffff   ___TI_pprof_out_hndl
ffffffff   ___TI_prof_data_size
ffffffff   ___TI_prof_data_start
ffffffff   ___binit__
ffffffff   ___c_args__
ffffffff   ___pinit__
ffffffff   binit
ffffffff   pinit

[150 symbols]
