******************************************************************************
               TMS320C6x Linker PC v7.4.20                     
******************************************************************************
>> Linked Fri Mar 03 15:16:00 2017

OUTPUT FILE NAME:   <CodeAPP3.out>
ENTRY POINT SYMBOL: "_c_int00"  address: 00002940


MEMORY CONFIGURATION

         name            origin    length      used     unused   attr    fill
----------------------  --------  ---------  --------  --------  ----  --------
  IVECS                 00000000   00000220  00000200  00000020  RWIX
  IRAM                  00000220   0002fde0  000040b2  0002bd2e  RWIX
  SDRAM                 80000000   01000000  00000000  01000000  RWIX
  FLASH                 90000000   00020000  00000000  00020000  RWIX


SECTION ALLOCATION MAP

 output                                  attributes/
section   page    origin      length       input sections
--------  ----  ----------  ----------   ----------------
.vectors   0    00000000    00000200     
                  00000000    00000200     Vectors_intr.obj (.vectors)

.bss       0    00000220    00000000     UNINITIALIZED

.text      0    00000220    000029e0     
                  00000220    000007e0     c6713dskinit.obj (.text)
                  00000a00    00000580     main.obj (.text)
                  00000f80    00000480     dsk6713bsl.lib : dsk6713.obj (.text)
                  00001400    00000320                    : dsk6713_aic23_opencodec.obj (.text)
                  00001720    00000240     rts6200.lib : memcpy62.obj (.text:_memcpy)
                  00001960    00000240     main.obj (.text:retain)
                  00001ba0    000001c0     csl6713.lib : csl_irq.obj (.text:_IRQ_map)
                  00001d60    000001a0                 : csl_mcbsp.obj (.text:_MCBSP_reset)
                  00001f00    00000160     dsk6713bsl.lib : dsk6713_aic23_registers.obj (.text)
                  00002060    00000100     csl6713.lib : csl_mcbsp.obj (.text:_MCBSP_open)
                  00002160    00000100                 : csl_mcbsp.obj (.text:_MCBSP_start)
                  00002260    00000100     rts6200.lib : autoinit.obj (.text:__auto_init)
                  00002360    000000e0                 : strasg.obj (.text:__strasg)
                  00002440    000000e0                 : exit.obj (.text:_exit)
                  00002520    000000e0     asmfunc.obj (.text)
                  00002600    000000c0     rts6200.lib : cpy_tbl.obj (.text:_copy_in)
                  000026c0    000000c0     dsk6713bsl.lib : dsk6713_aic23_setfreq.obj (.text)
                  00002780    000000a0     csl6713.lib : csl_mcbsp.obj (.text:_MCBSP_config)
                  00002820    000000a0                 : csl_irq.obj (.text:_setMux)
                  000028c0    00000080     rts6200.lib : cpp_init.obj (.text:___TI_cpp_init)
                  00002940    00000080                 : boot.obj (.text:_c_int00)
                  000029c0    00000040     csl6713.lib : csl_irq.obj (.text:_IRQ_enable)
                  00002a00    00000040                 : csl_irq.obj (.text:_IRQ_reset)
                  00002a40    00000040     rts6200.lib : args_main.obj (.text:__args_main)
                  00002a80    00000020     Vectors_intr.obj (.text)
                  00002aa0    00000020     csl6713.lib : csl_irq.obj (.text:_IRQ_globalDisable)
                  00002ac0    00000020                 : csl_irq.obj (.text:_IRQ_globalEnable)
                  00002ae0    00000020                 : csl_irq.obj (.text:_IRQ_nmiEnable)
                  00002b00    00000020                 : csl_irq.obj (.text:_IRQ_setVecs)
                  00002b20    00000020                 : csl_mcbsp.obj (.text:_MCBSP_getXmtEventId)
                  00002b40    00000020                 : csl_mcbsp.obj (.text:_MCBSP_read)
                  00002b60    00000020                 : csl_mcbsp.obj (.text:_MCBSP_rrdy)
                  00002b80    00000020                 : csl_mcbsp.obj (.text:_MCBSP_write)
                  00002ba0    00000020                 : csl_mcbsp.obj (.text:_MCBSP_xrdy)
                  00002bc0    00000020     rts6200.lib : exit.obj (.text:_abort)
                  00002be0    00000020     csl6713.lib : csl_irq.obj (.text)

.stack     0    00002c00    00001000     UNINITIALIZED
                  00002c00    00000008     rts6200.lib : boot.obj (.stack)
                  00002c08    00000ff8     --HOLE--

.cinit     0    00003c00    0000040c     
                  00003c00    0000019c     main.obj (.cinit)
                  00003d9c    00000004     --HOLE-- [fill = 0]
                  00003da0    0000012c     csl6713.lib : csl_irq.obj (.cinit)
                  00003ecc    00000004     --HOLE-- [fill = 0]
                  00003ed0    00000058     c6713dskinit.obj (.cinit)
                  00003f28    00000054     csl6713.lib : csl_mcbsp.obj (.cinit)
                  00003f7c    00000004     --HOLE-- [fill = 0]
                  00003f80    00000030     dsk6713bsl.lib : dsk6713_aic23_registers.obj (.cinit)
                  00003fb0    0000002c     rts6200.lib : exit.obj (.cinit)
                  00003fdc    00000004     --HOLE-- [fill = 0]
                  00003fe0    00000028     dsk6713bsl.lib : dsk6713_aic23_setfreq.obj (.cinit)
                  00004008    00000004     --HOLE-- [fill = 0]

.far       0    0000400c    00000266     UNINITIALIZED
                  0000400c    000000f4     csl6713.lib : csl_irq.obj (.far)
                  00004100    00000084     main.obj (.far)
                  00004184    00000058     c6713dskinit.obj (.far)
                  000041dc    00000038     csl6713.lib : csl_mcbsp.obj (.far)
                  00004214    00000028     dsk6713bsl.lib : dsk6713_aic23_registers.obj (.far)
                  0000423c    00000020                    : dsk6713_aic23_setfreq.obj (.far)
                  0000425c    0000000c     rts6200.lib : exit.obj (.far)
                  00004268    00000008     dsk6713bsl.lib : dsk6713_aic23_opencodec.obj (.far)
                  00004270    00000002                    : dsk6713.obj (.far)

.const     0    00004274    00000060     
                  00004274    00000040     dsk6713bsl.lib : dsk6713_aic23_opencodec.obj (.const)
                  000042b4    00000020                    : dsk6713.obj (.const)


GLOBAL SYMBOLS: SORTED ALPHABETICALLY BY Name 

address    name
--------   ----
00000220   $bss
00000220   .bss
00000220   .text
00002bc0   C$$EXIT
00004190   _AIC23CfgData
00004184   _AIC_data
00004144   _Addr_SDRAM
00004268   _DSK6713_AIC23_codeccontrolhandle
0000426c   _DSK6713_AIC23_codecdatahandle
00001fc0   _DSK6713_AIC23_config
00001400   _DSK6713_AIC23_openCodec
00001f9c   _DSK6713_AIC23_rget
00001f00   _DSK6713_AIC23_rset
000026c0   _DSK6713_AIC23_setFreq
00001394   _DSK6713_getVersion
00000fcc   _DSK6713_init
000012e8   _DSK6713_rget
000012fc   _DSK6713_rset
00004270   _DSK6713_version
00001310   _DSK6713_wait
00001368   _DSK6713_waitusec
00004180   _GainNum
000029c0   _IRQ_enable
00002aa0   _IRQ_globalDisable
00002ac0   _IRQ_globalEnable
00001ba0   _IRQ_map
00002ae0   _IRQ_nmiEnable
00002a00   _IRQ_reset
00002b00   _IRQ_setVecs
00001a74   _ISRConvTermine
00001960   _ISROUTDAC
00001a7c   _ISRTimer1
00004150   _IsADCconvTermine
00004154   _IsDACreadtermine
00002780   _MCBSP_config
00002b20   _MCBSP_getXmtEventId
00002060   _MCBSP_open
00002b40   _MCBSP_read
00001d60   _MCBSP_reset
00002b60   _MCBSP_rrdy
00002160   _MCBSP_start
00002b80   _MCBSP_write
00002ba0   _MCBSP_xrdy
00000c80   _ReadADCConversion
00000bf0   _SetEMIFRegister
00000a1c   _SetGainNum
00000cbc   _SetupAll
00000ca4   _StartADCConversion
00004108   _ValADCIn
0000410c   _ValSon
000040f8   __IRQ_dispatchTable
00004034   __IRQ_eventTable
00002be0   __IRQ_hookFetchPacket
000040b8   __IRQ_intTable
0000420c   __MCBSP_hDev0
00004210   __MCBSP_hDev1
00003c00   __STACK_END
00001000   __STACK_SIZE
00000001   __TI_args_main
000028c0   ___TI_cpp_init
00004264   ___TI_enable_exit_profile_output
ffffffff   ___TI_pprof_out_hndl
ffffffff   ___TI_prof_data_size
ffffffff   ___TI_prof_data_start
ffffffff   ___binit__
00000220   ___bss__
ffffffff   ___c_args__
00003c00   ___cinit__
00000220   ___end__
00002c00   ___etext__
ffffffff   ___pinit__
00000220   ___text__
00002a40   __args_main
00002260   __auto_init
0000425c   __cleanup_ptr
00004260   __dtors_ptr
00002c00   __stack
00002360   __strasg
00002bc0   _abort
00000220   _c6713_dsk_init
00002940   _c_int00
00000340   _comm_intr
0000030c   _comm_poll
00004178   _compLED
000041b0   _config
00000b6c   _configAndStartTimer1
00002600   _copy_in
000025cc   _disableInterruptDAC
00002550   _disableInterruptTIMER1
0000259c   _enableInterruptDAC
0000256c   _enableInterruptGPIO4
00002520   _enableInterruptTIMER1
0000414c   _enableenregistrement
00004148   _enablerejouer
00004168   _etat1
0000416c   _etat2
00004170   _etat3
00004174   _etat4
00000e28   _etatDIP0
00000e74   _etatDIP1
00000ec0   _etatDIP2
00000f0c   _etatDIP3
00002440   _exit
0000417c   _firstPlay
00004100   _fs
000041d8   _hAIC23_handle
00004110   _i
00000f58   _initialiseLED
00000858   _input_left_sample
00000920   _input_right_sample
00000754   _input_sample
00004104   _inputsource
00004114   _ledBool
00000a00   _main
00001720   _memcpy
00004140   _nbEchADC
00004158   _oldDIP0
0000415c   _oldDIP1
00004160   _oldDIP2
00004164   _oldDIP3
00000594   _output_left_sample
00000674   _output_right_sample
00000494   _output_sample
00000c34   _setGPIO
00004118   _tabTest
00000020   _vector1
00000140   _vector10
00000180   _vector12
000001a0   _vector13
000001c0   _vector14
00000040   _vector2
00000060   _vector3
000000a0   _vector5
000000c0   _vector6
000000e0   _vector7
00000100   _vector8
00000120   _vector9
00000000   _vectors
ffffffff   binit
00003c00   cinit
00000220   end
00002c00   etext
ffffffff   pinit


GLOBAL SYMBOLS: SORTED BY Symbol Address 

address    name
--------   ----
00000000   _vectors
00000001   __TI_args_main
00000020   _vector1
00000040   _vector2
00000060   _vector3
000000a0   _vector5
000000c0   _vector6
000000e0   _vector7
00000100   _vector8
00000120   _vector9
00000140   _vector10
00000180   _vector12
000001a0   _vector13
000001c0   _vector14
00000220   $bss
00000220   .bss
00000220   .text
00000220   ___bss__
00000220   ___end__
00000220   ___text__
00000220   _c6713_dsk_init
00000220   end
0000030c   _comm_poll
00000340   _comm_intr
00000494   _output_sample
00000594   _output_left_sample
00000674   _output_right_sample
00000754   _input_sample
00000858   _input_left_sample
00000920   _input_right_sample
00000a00   _main
00000a1c   _SetGainNum
00000b6c   _configAndStartTimer1
00000bf0   _SetEMIFRegister
00000c34   _setGPIO
00000c80   _ReadADCConversion
00000ca4   _StartADCConversion
00000cbc   _SetupAll
00000e28   _etatDIP0
00000e74   _etatDIP1
00000ec0   _etatDIP2
00000f0c   _etatDIP3
00000f58   _initialiseLED
00000fcc   _DSK6713_init
00001000   __STACK_SIZE
000012e8   _DSK6713_rget
000012fc   _DSK6713_rset
00001310   _DSK6713_wait
00001368   _DSK6713_waitusec
00001394   _DSK6713_getVersion
00001400   _DSK6713_AIC23_openCodec
00001720   _memcpy
00001960   _ISROUTDAC
00001a74   _ISRConvTermine
00001a7c   _ISRTimer1
00001ba0   _IRQ_map
00001d60   _MCBSP_reset
00001f00   _DSK6713_AIC23_rset
00001f9c   _DSK6713_AIC23_rget
00001fc0   _DSK6713_AIC23_config
00002060   _MCBSP_open
00002160   _MCBSP_start
00002260   __auto_init
00002360   __strasg
00002440   _exit
00002520   _enableInterruptTIMER1
00002550   _disableInterruptTIMER1
0000256c   _enableInterruptGPIO4
0000259c   _enableInterruptDAC
000025cc   _disableInterruptDAC
00002600   _copy_in
000026c0   _DSK6713_AIC23_setFreq
00002780   _MCBSP_config
000028c0   ___TI_cpp_init
00002940   _c_int00
000029c0   _IRQ_enable
00002a00   _IRQ_reset
00002a40   __args_main
00002aa0   _IRQ_globalDisable
00002ac0   _IRQ_globalEnable
00002ae0   _IRQ_nmiEnable
00002b00   _IRQ_setVecs
00002b20   _MCBSP_getXmtEventId
00002b40   _MCBSP_read
00002b60   _MCBSP_rrdy
00002b80   _MCBSP_write
00002ba0   _MCBSP_xrdy
00002bc0   C$$EXIT
00002bc0   _abort
00002be0   __IRQ_hookFetchPacket
00002c00   ___etext__
00002c00   __stack
00002c00   etext
00003c00   __STACK_END
00003c00   ___cinit__
00003c00   cinit
00004034   __IRQ_eventTable
000040b8   __IRQ_intTable
000040f8   __IRQ_dispatchTable
00004100   _fs
00004104   _inputsource
00004108   _ValADCIn
0000410c   _ValSon
00004110   _i
00004114   _ledBool
00004118   _tabTest
00004140   _nbEchADC
00004144   _Addr_SDRAM
00004148   _enablerejouer
0000414c   _enableenregistrement
00004150   _IsADCconvTermine
00004154   _IsDACreadtermine
00004158   _oldDIP0
0000415c   _oldDIP1
00004160   _oldDIP2
00004164   _oldDIP3
00004168   _etat1
0000416c   _etat2
00004170   _etat3
00004174   _etat4
00004178   _compLED
0000417c   _firstPlay
00004180   _GainNum
00004184   _AIC_data
00004190   _AIC23CfgData
000041b0   _config
000041d8   _hAIC23_handle
0000420c   __MCBSP_hDev0
00004210   __MCBSP_hDev1
0000425c   __cleanup_ptr
00004260   __dtors_ptr
00004264   ___TI_enable_exit_profile_output
00004268   _DSK6713_AIC23_codeccontrolhandle
0000426c   _DSK6713_AIC23_codecdatahandle
00004270   _DSK6713_version
ffffffff   ___TI_pprof_out_hndl
ffffffff   ___TI_prof_data_size
ffffffff   ___TI_prof_data_start
ffffffff   ___binit__
ffffffff   ___c_args__
ffffffff   ___pinit__
ffffffff   binit
ffffffff   pinit

[143 symbols]
