******************************************************************************
               TMS320C6x Linker PC v7.4.20                     
******************************************************************************
>> Linked Wed Mar 15 13:18:31 2017

OUTPUT FILE NAME:   <TestCorr1.out>
ENTRY POINT SYMBOL: "_c_int00"  address: 00010020


MEMORY CONFIGURATION

         name            origin    length      used     unused   attr    fill
----------------------  --------  ---------  --------  --------  ----  --------
  IVECS                 00000000   00000220  00000200  00000020  RWIX
  IRAM                  00000220   0002fde0  000148c0  0001b520  RWIX
  SDRAM                 80000000   01000000  00000000  01000000  RWIX
  FLASH                 90000000   00020000  00000000  00020000  RWIX


SECTION ALLOCATION MAP

 output                                  attributes/
section   page    origin      length       input sections
--------  ----  ----------  ----------   ----------------
.vectors   0    00000000    00000200     
                  00000000    00000200     Vectors_intr.obj (.vectors)

.bss       0    00000220    00000000     UNINITIALIZED

.text      0    00000220    00010380     
                  00000220    00000d60     main.obj (.text)
                  00000f80    00000bc0     rts6700.lib : _scanfi.obj (.text:__scanfi)
                  00001b40    000007e0     c6713dskinit.obj (.text)
                  00002320    000007e0     main.obj (.text:retain)
                  00002b00    000007c0     rts6700.lib : _scanfi.obj (.text:__sset_arg)
                  000032c0    00000720                 : divd.obj (.text:__divd)
                  000039e0    000006c0                 : _printfi.obj (.text:__getarg_diouxp)
                  000040a0    00000640                 : _printfi.obj (.text:__setfield)
                  000046e0    000005e0                 : strtod.obj (.text:_strtod)
                  00004cc0    000005e0                 : strtold.obj (.text:_strtold)
                  000052a0    000005e0                 : strtoll.obj (.text:_strtoll)
                  00005880    000005a0                 : _scanfi.obj (.text:__sproc_int)
                  00005e20    00000580                 : strtol.obj (.text:_strtol)
                  000063a0    00000560                 : _printfi.obj (.text:__printfi)
                  00006900    00000520                 : strtoul.obj (.text:_strtoul)
                  00006e20    000004c0                 : fputs.obj (.text:_fputs)
                  000072e0    000004a0                 : strtoull.obj (.text:_strtoull)
                  00007780    00000480     dsk6713bsl.lib : dsk6713.obj (.text)
                  00007c00    00000420     rts6700.lib : _printfi.obj (.text:_fcvt)
                  00008020    00000400                 : _printfi.obj (.text:__pproc_fge)
                  00008420    00000400                 : _printfi.obj (.text:_ecvt)
                  00008820    000003a0                 : _scanfi.obj (.text:__sget_conv)
                  00008bc0    00000380                 : imath64.obj (.text:__divull)
                  00008f40    00000380                 : _scanfi.obj (.text:__sproc_float)
                  000092c0    00000380                 : memory.obj (.text:_free)
                  00009640    00000360                 : _printfi.obj (.text:__pconv_e)
                  000099a0    00000360                 : _printfi.obj (.text:__pproc_fwp)
                  00009d00    00000320     dsk6713bsl.lib : dsk6713_aic23_opencodec.obj (.text)
                  0000a020    00000300     rts6700.lib : _printfi.obj (.text:__pproc_diouxp)
                  0000a320    000002c0                 : _printfi.obj (.text:__pproc_str)
                  0000a5e0    000002c0                 : setvbuf.obj (.text:_setvbuf)
                  0000a8a0    000002a0                 : _printfi.obj (.text:__pconv_g)
                  0000ab40    000002a0                 : fputc.obj (.text:_fputc)
                  0000ade0    00000260                 : imath40.obj (.text:__divul)
                  0000b040    00000240                 : _printfi.obj (.text:__mcpy)
                  0000b280    00000240                 : memory.obj (.text:_malloc)
                  0000b4c0    00000240                 : memcpy62.obj (.text:_memcpy)
                  0000b700    00000220                 : trgdrv.obj (.text:_HOSTrename)
                  0000b920    00000220                 : _scanfi.obj (.text:__sproc_str)
                  0000bb40    00000200                 : fscanf.obj (.text:__chkmbc)
                  0000bd40    000001e0                 : _scanfi.obj (.text:__sproc_lb)
                  0000bf20    000001e0                 : lowlev.obj (.text:_getdevice)
                  0000c100    000001c0     csl6713.lib : csl_irq.obj (.text:_IRQ_map)
                  0000c2c0    000001c0     rts6700.lib : fseek.obj (.text:_fseek)
                  0000c480    000001a0     csl6713.lib : csl_mcbsp.obj (.text:_MCBSP_reset)
                  0000c620    000001a0     rts6700.lib : _printfi.obj (.text:__ltostr)
                  0000c7c0    000001a0                 : _printfi.obj (.text:__pproc_fflags)
                  0000c960    00000180                 : fgetc.obj (.text:_fgetc)
                  0000cae0    00000160                 : trgdrv.obj (.text:_HOSTlseek)
                  0000cc40    00000160                 : _bufread.obj (.text:__buff_read)
                  0000cda0    00000160                 : fclose.obj (.text:__closefile)
                  0000cf00    00000160                 : _scanfi.obj (.text:__sget_scanset)
                  0000d060    00000160                 : ungetc.obj (.text:_ungetc)
                  0000d1c0    00000160     dsk6713bsl.lib : dsk6713_aic23_registers.obj (.text)
                  0000d320    00000140     rts6700.lib : trgdrv.obj (.text:_HOSTread)
                  0000d460    00000140                 : frcmpyd_div.obj (.text:__frcmpyd_div)
                  0000d5a0    00000140                 : atoi.obj (.text:_atoi)
                  0000d6e0    00000140                 : ltoa.obj (.text:_ltoa)
                  0000d820    00000120                 : trgdrv.obj (.text:_HOSTopen)
                  0000d940    00000120                 : trgdrv.obj (.text:_HOSTwrite)
                  0000da60    00000120                 : divi.obj (.text:__divi)
                  0000db80    00000120                 : _io_perm.obj (.text:__wrt_ok)
                  0000dca0    00000120                 : lowlev.obj (.text:_close)
                  0000ddc0    00000120                 : memset.obj (.text:_memset)
                  0000dee0    00000100                 : trgdrv.obj (.text:_HOSTclose)
                  0000dfe0    00000100                 : trgdrv.obj (.text:_HOSTunlink)
                  0000e0e0    00000100     csl6713.lib : csl_mcbsp.obj (.text:_MCBSP_open)
                  0000e1e0    00000100                 : csl_mcbsp.obj (.text:_MCBSP_start)
                  0000e2e0    00000100     rts6700.lib : autoinit.obj (.text:__auto_init)
                  0000e3e0    00000100                 : _printfi.obj (.text:__div)
                  0000e4e0    00000100                 : imath40.obj (.text:__divli)
                  0000e5e0    00000100                 : _printfi.obj (.text:__pconv_f)
                  0000e6e0    00000100                 : lowlev.obj (.text:_lseek)
                  0000e7e0    00000100                 : printf.obj (.text:_printf)
                  0000e8e0    00000100                 : lowlev.obj (.text:_read)
                  0000e9e0    00000100                 : fscanf.obj (.text:_scanf)
                  0000eae0    00000100                 : lowlev.obj (.text:_write)
                  0000ebe0    000000e0                 : fopen.obj (.text:__cleanup)
                  0000ecc0    000000e0                 : fflush.obj (.text:__doflush)
                  0000eda0    000000e0                 : _printfi.obj (.text:__ecpy)
                  0000ee80    000000e0                 : _printfi.obj (.text:__fcpy)
                  0000ef60    000000e0                 : _io_perm.obj (.text:__rd_ok)
                  0000f040    000000e0                 : strasg.obj (.text:__strasg)
                  0000f120    000000e0                 : exit.obj (.text:_exit)
                  0000f200    000000e0                 : memory.obj (.text:_minsert)
                  0000f2e0    000000e0                 : memory.obj (.text:_mremove)
                  0000f3c0    000000e0     asmfunc.obj (.text)
                  0000f4a0    000000c0     rts6700.lib : divu.obj (.text:__divu)
                  0000f560    000000c0                 : cpy_tbl.obj (.text:_copy_in)
                  0000f620    000000c0                 : lowlev.obj (.text:_finddevice)
                  0000f6e0    000000c0     corr.obj (.text)
                  0000f7a0    000000c0     dsk6713bsl.lib : dsk6713_aic23_setfreq.obj (.text)
                  0000f860    000000a0     csl6713.lib : csl_mcbsp.obj (.text:_MCBSP_config)
                  0000f900    000000a0     rts6700.lib : fixdli.obj (.text:__fixdli)
                  0000f9a0    000000a0                 : mpyll.obj (.text:__mpyll)
                  0000fa40    000000a0                 : imath40.obj (.text:__remli)
                  0000fae0    000000a0                 : imath40.obj (.text:__remul)
                  0000fb80    000000a0                 : imath64.obj (.text:__remull)
                  0000fc20    000000a0                 : trgmsg.obj (.text:_readmsg)
                  0000fcc0    000000a0     csl6713.lib : csl_irq.obj (.text:_setMux)
                  0000fd60    000000a0     rts6700.lib : lowlev.obj (.text:_unlink)
                  0000fe00    000000a0                 : trgmsg.obj (.text:_writemsg)
                  0000fea0    00000080                 : cpp_init.obj (.text:___TI_cpp_init)
                  0000ff20    00000080                 : fltlid.obj (.text:__fltlid)
                  0000ffa0    00000080                 : llshift.obj (.text:__llshl)
                  00010020    00000080                 : boot.obj (.text:_c_int00)
                  000100a0    00000080                 : memccpy.obj (.text:_memccpy)
                  00010120    00000060                 : isinf.obj (.text:___isinf)
                  00010180    00000060                 : llshift.obj (.text:__llshru)
                  000101e0    00000060                 : imath64.obj (.text:__subcull)
                  00010240    00000040     csl6713.lib : csl_irq.obj (.text:_IRQ_enable)
                  00010280    00000040                 : csl_irq.obj (.text:_IRQ_reset)
                  000102c0    00000040     rts6700.lib : _printfi.obj (.text:___isnan)
                  00010300    00000040                 : args_main.obj (.text:__args_main)
                  00010340    00000020     Vectors_intr.obj (.text)
                  00010360    00000020     csl6713.lib : csl_irq.obj (.text:_IRQ_globalDisable)
                  00010380    00000020                 : csl_irq.obj (.text:_IRQ_globalEnable)
                  000103a0    00000020                 : csl_irq.obj (.text:_IRQ_nmiEnable)
                  000103c0    00000020                 : csl_irq.obj (.text:_IRQ_setVecs)
                  000103e0    00000020                 : csl_mcbsp.obj (.text:_MCBSP_getXmtEventId)
                  00010400    00000020                 : csl_mcbsp.obj (.text:_MCBSP_read)
                  00010420    00000020                 : csl_mcbsp.obj (.text:_MCBSP_rrdy)
                  00010440    00000020                 : csl_mcbsp.obj (.text:_MCBSP_write)
                  00010460    00000020                 : csl_mcbsp.obj (.text:_MCBSP_xrdy)
                  00010480    00000020     rts6700.lib : fscanf.obj (.text:__inpchar)
                  000104a0    00000020                 : negll.obj (.text:__negll)
                  000104c0    00000020                 : _lock.obj (.text:__nop)
                  000104e0    00000020                 : printf.obj (.text:__outc)
                  00010500    00000020                 : printf.obj (.text:__outs)
                  00010520    00000020                 : fscanf.obj (.text:__uninpchar)
                  00010540    00000020                 : exit.obj (.text:_abort)
                  00010560    00000020                 : remove.obj (.text:_remove)
                  00010580    00000020     csl6713.lib : csl_irq.obj (.text)

.far       0    000105a0    000019e2     UNINITIALIZED
                  000105a0    000013a0     main.obj (.far)
                  00011940    00000324     rts6700.lib : defs.obj (.far)
                  00011c64    0000011c                 : lowlev.obj (.far)
                  00011d80    000000f4     csl6713.lib : csl_irq.obj (.far)
                  00011e74    00000058     c6713dskinit.obj (.far)
                  00011ecc    00000038     csl6713.lib : csl_mcbsp.obj (.far)
                  00011f04    00000028     dsk6713bsl.lib : dsk6713_aic23_registers.obj (.far)
                  00011f2c    00000020                    : dsk6713_aic23_setfreq.obj (.far)
                  00011f4c    0000000c     rts6700.lib : exit.obj (.far)
                  00011f58    00000008     dsk6713bsl.lib : dsk6713_aic23_opencodec.obj (.far)
                  00011f60    00000008     rts6700.lib : _lock.obj (.far)
                  00011f68    00000008                 : memory.obj (.far)
                  00011f70    00000008                 : trgdrv.obj (.far)
                  00011f78    00000004                 : errno.obj (.far)
                  00011f7c    00000004                 : fopen.obj (.far)
                  00011f80    00000002     dsk6713bsl.lib : dsk6713.obj (.far)

.stack     0    00011f88    00001000     UNINITIALIZED
                  00011f88    00000008     rts6700.lib : boot.obj (.stack)
                  00011f90    00000ff8     --HOLE--

.sysmem    0    00012f88    00001000     UNINITIALIZED
                  00012f88    00000008     rts6700.lib : memory.obj (.sysmem)
                  00012f90    00000ff8     --HOLE--

.cinit     0    00013f88    0000071c     
                  00013f88    0000037c     main.obj (.cinit)
                  00014304    00000004     --HOLE-- [fill = 0]
                  00014308    0000012c     csl6713.lib : csl_irq.obj (.cinit)
                  00014434    00000004     --HOLE-- [fill = 0]
                  00014438    0000005c     rts6700.lib : defs.obj (.cinit)
                  00014494    00000004     --HOLE-- [fill = 0]
                  00014498    0000005c                 : lowlev.obj (.cinit)
                  000144f4    00000004     --HOLE-- [fill = 0]
                  000144f8    00000058     c6713dskinit.obj (.cinit)
                  00014550    00000054     csl6713.lib : csl_mcbsp.obj (.cinit)
                  000145a4    00000004     --HOLE-- [fill = 0]
                  000145a8    00000030     dsk6713bsl.lib : dsk6713_aic23_registers.obj (.cinit)
                  000145d8    0000002c     rts6700.lib : exit.obj (.cinit)
                  00014604    00000004     --HOLE-- [fill = 0]
                  00014608    0000002c                 : memory.obj (.cinit)
                  00014634    00000004     --HOLE-- [fill = 0]
                  00014638    00000028     dsk6713bsl.lib : dsk6713_aic23_setfreq.obj (.cinit)
                  00014660    0000001c     rts6700.lib : _lock.obj (.cinit)
                  0001467c    00000004     --HOLE-- [fill = 0]
                  00014680    0000000c                 : errno.obj (.cinit)
                  0001468c    00000004     --HOLE-- [fill = 0]
                  00014690    0000000c                 : fopen.obj (.cinit)
                  0001469c    00000004     --HOLE-- [fill = 0]
                  000146a0    00000004     (.pad.cinit) [fill = 0]

.const     0    000146a8    000002fa     
                  000146a8    00000101     rts6700.lib : ctype.obj (.const:.string:__ctypes_)
                  000147a9    00000002                 : fputs.obj (.const:.string)
                  000147ab    00000005     --HOLE-- [fill = 0]
                  000147b0    00000050                 : strtod.obj (.const:_digits)
                  00014800    00000050                 : strtold.obj (.const:_digits)
                  00014850    00000048                 : strtod.obj (.const:_powerof10)
                  00014898    00000048                 : strtold.obj (.const:_powerof10)
                  000148e0    00000040     dsk6713bsl.lib : dsk6713_aic23_opencodec.obj (.const)
                  00014920    00000030     main.obj (.const:.string)
                  00014950    00000023     rts6700.lib : _printfi.obj (.const:.string)
                  00014973    00000001     --HOLE-- [fill = 0]
                  00014974    00000020     dsk6713bsl.lib : dsk6713.obj (.const)
                  00014994    00000007     rts6700.lib : _scanfi.obj (.const:.string:_flit$1)
                  0001499b    00000001     --HOLE-- [fill = 0]
                  0001499c    00000006                 : _scanfi.obj (.const:.string:_barr$2)

.cio       0    000149a4    00000120     UNINITIALIZED
                  000149a4    00000120     rts6700.lib : trgmsg.obj (.cio)

.switch    0    00014ac4    00000028     
                  00014ac4    00000028     rts6700.lib : _scanfi.obj (.switch:__sset_arg)


GLOBAL SYMBOLS: SORTED ALPHABETICALLY BY Name 

address    name
--------   ----
00000220   $bss
00000220   .bss
00000220   .text
00010540   C$$EXIT
0000fe78   C$$IO$$
00011e80   _AIC23CfgData
00011e74   _AIC_data
0001062c   _ActualPos
000105ec   _Addr_SDRAM
00010730   _BuffFiltre
0000f6e0   _CorrASM
000003ec   _CorrManip
00011f58   _DSK6713_AIC23_codeccontrolhandle
00011f5c   _DSK6713_AIC23_codecdatahandle
0000d280   _DSK6713_AIC23_config
00009d00   _DSK6713_AIC23_openCodec
0000d25c   _DSK6713_AIC23_rget
0000d1c0   _DSK6713_AIC23_rset
0000f7a0   _DSK6713_AIC23_setFreq
00007b94   _DSK6713_getVersion
000077cc   _DSK6713_init
00007ae8   _DSK6713_rget
00007afc   _DSK6713_rset
00011f80   _DSK6713_version
00007b10   _DSK6713_wait
00007b68   _DSK6713_waitusec
00010688   _FIRCoe
00010628   _FlagLed0
00010630   _GainNum
0000dee0   _HOSTclose
0000cae0   _HOSTlseek
0000d820   _HOSTopen
0000d320   _HOSTread
0000b700   _HOSTrename
0000dfe0   _HOSTunlink
0000d940   _HOSTwrite
00010240   _IRQ_enable
00010360   _IRQ_globalDisable
00010380   _IRQ_globalEnable
0000c100   _IRQ_map
000103a0   _IRQ_nmiEnable
00010280   _IRQ_reset
000103c0   _IRQ_setVecs
00002af8   _ISRConvTermine
000026c0   _ISROUTDAC
00002320   _ISRTimer1
000105f8   _IsADCconvTermine
000105fc   _IsDACreadtermine
0001160c   _IsSound
0000f860   _MCBSP_config
000103e0   _MCBSP_getXmtEventId
0000e0e0   _MCBSP_open
00010400   _MCBSP_read
0000c480   _MCBSP_reset
00010420   _MCBSP_rrdy
0000e1e0   _MCBSP_start
00010440   _MCBSP_write
00010460   _MCBSP_xrdy
00000c94   _ReadADCConversion
00000c04   _SetEMIFRegister
00000a28   _SetGainNum
00000cd0   _SetupAll
00011604   _SeuilSon
00000cb8   _StartADCConversion
00011618   _TabPeak
000115dc   _TestAmp
000004f8   _TestIntensite
0000066c   _TestPeriodicite
00011608   _TrameEnr
000105b2   _ValADCIn
000105b4   _ValSon
00010794   _VectCorr
00010eb8   _VectPadder
00010b94   _VectRep
000149a4   __CIOBUF_
00011e6c   __IRQ_dispatchTable
00011da8   __IRQ_eventTable
00010580   __IRQ_hookFetchPacket
00011e2c   __IRQ_intTable
00011efc   __MCBSP_hDev0
00011f00   __MCBSP_hDev1
00012f88   __STACK_END
00001000   __STACK_SIZE
00001000   __SYSMEM_SIZE
00000001   __TI_args_main
0000fea0   ___TI_cpp_init
00011f54   ___TI_enable_exit_profile_output
ffffffff   ___TI_pprof_out_hndl
ffffffff   ___TI_prof_data_size
ffffffff   ___TI_prof_data_start
ffffffff   ___binit__
00000220   ___bss__
ffffffff   ___c_args__
00013f88   ___cinit__
00000220   ___end__
000105a0   ___etext__
00010120   ___isinf
ffffffff   ___pinit__
00000220   ___text__
00010300   __args_main
0000e2e0   __auto_init
0000cc40   __buff_read
0000da60   __c6xabi_divi
0000f4a0   __c6xabi_divu
0000ebe0   __cleanup
00011f4c   __cleanup_ptr
0000cda0   __closefile
000146a8   __ctypes_
000032c0   __divd
0000da60   __divi
0000e4e0   __divli
0000f4a0   __divu
0000ade0   __divul
00008bc0   __divull
0000ecc0   __doflush
00011f50   __dtors_ptr
0000f900   __fixdli
0000ff20   __fltlid
0000d460   __frcmpyd_div
00011c60   __ft_end
00011940   __ftable
0000ffa0   __llshl
00010180   __llshru
00011f60   __lock
0000f9a0   __mpyll
000104a0   __negll
000104c0   __nop
000063a0   __printfi
0000ef60   __rd_ok
0000fa40   __remli
0000fae0   __remul
0000fb80   __remull
00000f80   __scanfi
00011f88   __stack
0000f040   __strasg
000101e0   __subcull
00012f88   __sys_memory
00011b20   __tmpnams
00011f64   __unlock
0000db80   __wrt_ok
000105a0   _a
00010540   _abort
0000d5a0   _atoi
00010638   _bufferFiltre
00001b40   _c6713_dsk_init
00010020   _c_int00
0000dca0   _close
00001c60   _comm_intr
00001c2c   _comm_poll
00010620   _compLED
00011ea0   _config
00000b7c   _configAndStartTimer1
0000f560   _copy_in
00011610   _debugMic
0000f46c   _disableInterruptDAC
0000f3f0   _disableInterruptTIMER1
0000f43c   _enableInterruptDAC
0000f40c   _enableInterruptGPIO4
0000f3c0   _enableInterruptTIMER1
000105f4   _enableenregistrement
000105f0   _enablerejouer
00011f78   _errno
00010610   _etat1
00010614   _etat2
00010618   _etat3
0001061c   _etat4
00000e24   _etatDIP0
00000e70   _etatDIP1
00000ebc   _etatDIP2
00000f08   _etatDIP3
0000f120   _exit
0000c960   _fgetc
00010634   _filterON
00010624   _firstPlay
0000ab40   _fputc
00006e20   _fputs
000092c0   _free
000105ac   _fs
0000c2c0   _fseek
0000c960   _getc
00011ec8   _hAIC23_handle
000105b8   _i
00000f54   _initialiseLED
00002178   _input_left_sample
00002240   _input_right_sample
00002074   _input_sample
000105b0   _inputsource
000105bc   _ledBool
0000e6e0   _lseek
0000d6e0   _ltoa
00000220   _main
0000b280   _malloc
000100a0   _memccpy
0000b4c0   _memcpy
0000ddc0   _memset
0001193c   _nVerif
000105e8   _nbEchADC
00010784   _ncorr
00010788   _ndecalage
00010790   _npadd
0001078c   _nrep
000115d8   _ntestson
00010600   _oldDIP0
00010604   _oldDIP1
00010608   _oldDIP2
0001060c   _oldDIP3
00001eb4   _output_left_sample
00001f94   _output_right_sample
00001db4   _output_sample
0000e7e0   _printf
0000ab40   _putc
0000e8e0   _read
0000fc20   _readmsg
00010560   _remove
00011614   _scale
0000e9e0   _scanf
00000c48   _setGPIO
0000a5e0   _setvbuf
000046e0   _strtod
00005e20   _strtol
00004cc0   _strtold
000052a0   _strtoll
00006900   _strtoul
000072e0   _strtoull
000105c0   _tabTest
0000d060   _ungetc
0000fd60   _unlink
00000020   _vector1
00000140   _vector10
00000180   _vector12
000001a0   _vector13
000001c0   _vector14
00000040   _vector2
00000060   _vector3
000000a0   _vector5
000000c0   _vector6
000000e0   _vector7
00000100   _vector8
00000120   _vector9
00000000   _vectors
0000eae0   _write
0000fe00   _writemsg
ffffffff   binit
00013f88   cinit
00000220   end
000105a0   etext
ffffffff   pinit


GLOBAL SYMBOLS: SORTED BY Symbol Address 

address    name
--------   ----
00000000   _vectors
00000001   __TI_args_main
00000020   _vector1
00000040   _vector2
00000060   _vector3
000000a0   _vector5
000000c0   _vector6
000000e0   _vector7
00000100   _vector8
00000120   _vector9
00000140   _vector10
00000180   _vector12
000001a0   _vector13
000001c0   _vector14
00000220   $bss
00000220   .bss
00000220   .text
00000220   ___bss__
00000220   ___end__
00000220   ___text__
00000220   _main
00000220   end
000003ec   _CorrManip
000004f8   _TestIntensite
0000066c   _TestPeriodicite
00000a28   _SetGainNum
00000b7c   _configAndStartTimer1
00000c04   _SetEMIFRegister
00000c48   _setGPIO
00000c94   _ReadADCConversion
00000cb8   _StartADCConversion
00000cd0   _SetupAll
00000e24   _etatDIP0
00000e70   _etatDIP1
00000ebc   _etatDIP2
00000f08   _etatDIP3
00000f54   _initialiseLED
00000f80   __scanfi
00001000   __STACK_SIZE
00001000   __SYSMEM_SIZE
00001b40   _c6713_dsk_init
00001c2c   _comm_poll
00001c60   _comm_intr
00001db4   _output_sample
00001eb4   _output_left_sample
00001f94   _output_right_sample
00002074   _input_sample
00002178   _input_left_sample
00002240   _input_right_sample
00002320   _ISRTimer1
000026c0   _ISROUTDAC
00002af8   _ISRConvTermine
000032c0   __divd
000046e0   _strtod
00004cc0   _strtold
000052a0   _strtoll
00005e20   _strtol
000063a0   __printfi
00006900   _strtoul
00006e20   _fputs
000072e0   _strtoull
000077cc   _DSK6713_init
00007ae8   _DSK6713_rget
00007afc   _DSK6713_rset
00007b10   _DSK6713_wait
00007b68   _DSK6713_waitusec
00007b94   _DSK6713_getVersion
00008bc0   __divull
000092c0   _free
00009d00   _DSK6713_AIC23_openCodec
0000a5e0   _setvbuf
0000ab40   _fputc
0000ab40   _putc
0000ade0   __divul
0000b280   _malloc
0000b4c0   _memcpy
0000b700   _HOSTrename
0000c100   _IRQ_map
0000c2c0   _fseek
0000c480   _MCBSP_reset
0000c960   _fgetc
0000c960   _getc
0000cae0   _HOSTlseek
0000cc40   __buff_read
0000cda0   __closefile
0000d060   _ungetc
0000d1c0   _DSK6713_AIC23_rset
0000d25c   _DSK6713_AIC23_rget
0000d280   _DSK6713_AIC23_config
0000d320   _HOSTread
0000d460   __frcmpyd_div
0000d5a0   _atoi
0000d6e0   _ltoa
0000d820   _HOSTopen
0000d940   _HOSTwrite
0000da60   __c6xabi_divi
0000da60   __divi
0000db80   __wrt_ok
0000dca0   _close
0000ddc0   _memset
0000dee0   _HOSTclose
0000dfe0   _HOSTunlink
0000e0e0   _MCBSP_open
0000e1e0   _MCBSP_start
0000e2e0   __auto_init
0000e4e0   __divli
0000e6e0   _lseek
0000e7e0   _printf
0000e8e0   _read
0000e9e0   _scanf
0000eae0   _write
0000ebe0   __cleanup
0000ecc0   __doflush
0000ef60   __rd_ok
0000f040   __strasg
0000f120   _exit
0000f3c0   _enableInterruptTIMER1
0000f3f0   _disableInterruptTIMER1
0000f40c   _enableInterruptGPIO4
0000f43c   _enableInterruptDAC
0000f46c   _disableInterruptDAC
0000f4a0   __c6xabi_divu
0000f4a0   __divu
0000f560   _copy_in
0000f6e0   _CorrASM
0000f7a0   _DSK6713_AIC23_setFreq
0000f860   _MCBSP_config
0000f900   __fixdli
0000f9a0   __mpyll
0000fa40   __remli
0000fae0   __remul
0000fb80   __remull
0000fc20   _readmsg
0000fd60   _unlink
0000fe00   _writemsg
0000fe78   C$$IO$$
0000fea0   ___TI_cpp_init
0000ff20   __fltlid
0000ffa0   __llshl
00010020   _c_int00
000100a0   _memccpy
00010120   ___isinf
00010180   __llshru
000101e0   __subcull
00010240   _IRQ_enable
00010280   _IRQ_reset
00010300   __args_main
00010360   _IRQ_globalDisable
00010380   _IRQ_globalEnable
000103a0   _IRQ_nmiEnable
000103c0   _IRQ_setVecs
000103e0   _MCBSP_getXmtEventId
00010400   _MCBSP_read
00010420   _MCBSP_rrdy
00010440   _MCBSP_write
00010460   _MCBSP_xrdy
000104a0   __negll
000104c0   __nop
00010540   C$$EXIT
00010540   _abort
00010560   _remove
00010580   __IRQ_hookFetchPacket
000105a0   ___etext__
000105a0   _a
000105a0   etext
000105ac   _fs
000105b0   _inputsource
000105b2   _ValADCIn
000105b4   _ValSon
000105b8   _i
000105bc   _ledBool
000105c0   _tabTest
000105e8   _nbEchADC
000105ec   _Addr_SDRAM
000105f0   _enablerejouer
000105f4   _enableenregistrement
000105f8   _IsADCconvTermine
000105fc   _IsDACreadtermine
00010600   _oldDIP0
00010604   _oldDIP1
00010608   _oldDIP2
0001060c   _oldDIP3
00010610   _etat1
00010614   _etat2
00010618   _etat3
0001061c   _etat4
00010620   _compLED
00010624   _firstPlay
00010628   _FlagLed0
0001062c   _ActualPos
00010630   _GainNum
00010634   _filterON
00010638   _bufferFiltre
00010688   _FIRCoe
00010730   _BuffFiltre
00010784   _ncorr
00010788   _ndecalage
0001078c   _nrep
00010790   _npadd
00010794   _VectCorr
00010b94   _VectRep
00010eb8   _VectPadder
000115d8   _ntestson
000115dc   _TestAmp
00011604   _SeuilSon
00011608   _TrameEnr
0001160c   _IsSound
00011610   _debugMic
00011614   _scale
00011618   _TabPeak
0001193c   _nVerif
00011940   __ftable
00011b20   __tmpnams
00011c60   __ft_end
00011da8   __IRQ_eventTable
00011e2c   __IRQ_intTable
00011e6c   __IRQ_dispatchTable
00011e74   _AIC_data
00011e80   _AIC23CfgData
00011ea0   _config
00011ec8   _hAIC23_handle
00011efc   __MCBSP_hDev0
00011f00   __MCBSP_hDev1
00011f4c   __cleanup_ptr
00011f50   __dtors_ptr
00011f54   ___TI_enable_exit_profile_output
00011f58   _DSK6713_AIC23_codeccontrolhandle
00011f5c   _DSK6713_AIC23_codecdatahandle
00011f60   __lock
00011f64   __unlock
00011f78   _errno
00011f80   _DSK6713_version
00011f88   __stack
00012f88   __STACK_END
00012f88   __sys_memory
00013f88   ___cinit__
00013f88   cinit
000146a8   __ctypes_
000149a4   __CIOBUF_
ffffffff   ___TI_pprof_out_hndl
ffffffff   ___TI_prof_data_size
ffffffff   ___TI_prof_data_start
ffffffff   ___binit__
ffffffff   ___c_args__
ffffffff   ___pinit__
ffffffff   binit
ffffffff   pinit

[247 symbols]
