******************************************************************************
               TMS320C6x Linker PC v7.4.20                     
******************************************************************************
>> Linked Sun Mar 19 16:22:14 2017

OUTPUT FILE NAME:   <TestCorr1.out>
ENTRY POINT SYMBOL: "_c_int00"  address: 00010100


MEMORY CONFIGURATION

         name            origin    length      used     unused   attr    fill
----------------------  --------  ---------  --------  --------  ----  --------
  IVECS                 00000000   00000220  00000200  00000020  RWIX
  IRAM                  00000220   0002fde0  00018894  0001754c  RWIX
  SDRAM                 80000000   01000000  00000000  01000000  RWIX
  FLASH                 90000000   00020000  00000000  00020000  RWIX


SECTION ALLOCATION MAP

 output                                  attributes/
section   page    origin      length       input sections
--------  ----  ----------  ----------   ----------------
.vectors   0    00000000    00000200     
                  00000000    00000200     Vectors_intr.obj (.vectors)

.bss       0    00000220    00000000     UNINITIALIZED

.text      0    00000220    00010460     
                  00000220    00000e40     main.obj (.text)
                  00001060    00000bc0     rts6700.lib : _scanfi.obj (.text:__scanfi)
                  00001c20    000007e0     c6713dskinit.obj (.text)
                  00002400    000007e0     main.obj (.text:retain)
                  00002be0    000007c0     rts6700.lib : _scanfi.obj (.text:__sset_arg)
                  000033a0    00000720                 : divd.obj (.text:__divd)
                  00003ac0    000006c0                 : _printfi.obj (.text:__getarg_diouxp)
                  00004180    00000640                 : _printfi.obj (.text:__setfield)
                  000047c0    000005e0                 : strtod.obj (.text:_strtod)
                  00004da0    000005e0                 : strtold.obj (.text:_strtold)
                  00005380    000005e0                 : strtoll.obj (.text:_strtoll)
                  00005960    000005a0                 : _scanfi.obj (.text:__sproc_int)
                  00005f00    00000580                 : strtol.obj (.text:_strtol)
                  00006480    00000560                 : _printfi.obj (.text:__printfi)
                  000069e0    00000520                 : strtoul.obj (.text:_strtoul)
                  00006f00    000004c0                 : fputs.obj (.text:_fputs)
                  000073c0    000004a0                 : strtoull.obj (.text:_strtoull)
                  00007860    00000480     dsk6713bsl.lib : dsk6713.obj (.text)
                  00007ce0    00000420     rts6700.lib : _printfi.obj (.text:_fcvt)
                  00008100    00000400                 : _printfi.obj (.text:__pproc_fge)
                  00008500    00000400                 : _printfi.obj (.text:_ecvt)
                  00008900    000003a0                 : _scanfi.obj (.text:__sget_conv)
                  00008ca0    00000380                 : imath64.obj (.text:__divull)
                  00009020    00000380                 : _scanfi.obj (.text:__sproc_float)
                  000093a0    00000380                 : memory.obj (.text:_free)
                  00009720    00000360                 : _printfi.obj (.text:__pconv_e)
                  00009a80    00000360                 : _printfi.obj (.text:__pproc_fwp)
                  00009de0    00000320     dsk6713bsl.lib : dsk6713_aic23_opencodec.obj (.text)
                  0000a100    00000300     rts6700.lib : _printfi.obj (.text:__pproc_diouxp)
                  0000a400    000002c0                 : _printfi.obj (.text:__pproc_str)
                  0000a6c0    000002c0                 : setvbuf.obj (.text:_setvbuf)
                  0000a980    000002a0                 : _printfi.obj (.text:__pconv_g)
                  0000ac20    000002a0                 : fputc.obj (.text:_fputc)
                  0000aec0    00000260                 : imath40.obj (.text:__divul)
                  0000b120    00000240                 : _printfi.obj (.text:__mcpy)
                  0000b360    00000240                 : memory.obj (.text:_malloc)
                  0000b5a0    00000240                 : memcpy62.obj (.text:_memcpy)
                  0000b7e0    00000220                 : trgdrv.obj (.text:_HOSTrename)
                  0000ba00    00000220                 : _scanfi.obj (.text:__sproc_str)
                  0000bc20    00000200                 : fscanf.obj (.text:__chkmbc)
                  0000be20    000001e0                 : _scanfi.obj (.text:__sproc_lb)
                  0000c000    000001e0                 : lowlev.obj (.text:_getdevice)
                  0000c1e0    000001c0     csl6713.lib : csl_irq.obj (.text:_IRQ_map)
                  0000c3a0    000001c0     rts6700.lib : fseek.obj (.text:_fseek)
                  0000c560    000001a0     csl6713.lib : csl_mcbsp.obj (.text:_MCBSP_reset)
                  0000c700    000001a0     rts6700.lib : _printfi.obj (.text:__ltostr)
                  0000c8a0    000001a0                 : _printfi.obj (.text:__pproc_fflags)
                  0000ca40    00000180                 : fgetc.obj (.text:_fgetc)
                  0000cbc0    00000160                 : trgdrv.obj (.text:_HOSTlseek)
                  0000cd20    00000160                 : _bufread.obj (.text:__buff_read)
                  0000ce80    00000160                 : fclose.obj (.text:__closefile)
                  0000cfe0    00000160                 : _scanfi.obj (.text:__sget_scanset)
                  0000d140    00000160                 : ungetc.obj (.text:_ungetc)
                  0000d2a0    00000160     dsk6713bsl.lib : dsk6713_aic23_registers.obj (.text)
                  0000d400    00000140     rts6700.lib : trgdrv.obj (.text:_HOSTread)
                  0000d540    00000140                 : frcmpyd_div.obj (.text:__frcmpyd_div)
                  0000d680    00000140                 : atoi.obj (.text:_atoi)
                  0000d7c0    00000140                 : ltoa.obj (.text:_ltoa)
                  0000d900    00000120                 : trgdrv.obj (.text:_HOSTopen)
                  0000da20    00000120                 : trgdrv.obj (.text:_HOSTwrite)
                  0000db40    00000120                 : divi.obj (.text:__divi)
                  0000dc60    00000120                 : _io_perm.obj (.text:__wrt_ok)
                  0000dd80    00000120                 : lowlev.obj (.text:_close)
                  0000dea0    00000120                 : memset.obj (.text:_memset)
                  0000dfc0    00000100                 : trgdrv.obj (.text:_HOSTclose)
                  0000e0c0    00000100                 : trgdrv.obj (.text:_HOSTunlink)
                  0000e1c0    00000100     csl6713.lib : csl_mcbsp.obj (.text:_MCBSP_open)
                  0000e2c0    00000100                 : csl_mcbsp.obj (.text:_MCBSP_start)
                  0000e3c0    00000100     rts6700.lib : autoinit.obj (.text:__auto_init)
                  0000e4c0    00000100                 : _printfi.obj (.text:__div)
                  0000e5c0    00000100                 : imath40.obj (.text:__divli)
                  0000e6c0    00000100                 : _printfi.obj (.text:__pconv_f)
                  0000e7c0    00000100                 : lowlev.obj (.text:_lseek)
                  0000e8c0    00000100                 : printf.obj (.text:_printf)
                  0000e9c0    00000100                 : lowlev.obj (.text:_read)
                  0000eac0    00000100                 : fscanf.obj (.text:_scanf)
                  0000ebc0    00000100                 : lowlev.obj (.text:_write)
                  0000ecc0    000000e0                 : fopen.obj (.text:__cleanup)
                  0000eda0    000000e0                 : fflush.obj (.text:__doflush)
                  0000ee80    000000e0                 : _printfi.obj (.text:__ecpy)
                  0000ef60    000000e0                 : _printfi.obj (.text:__fcpy)
                  0000f040    000000e0                 : _io_perm.obj (.text:__rd_ok)
                  0000f120    000000e0                 : strasg.obj (.text:__strasg)
                  0000f200    000000e0                 : exit.obj (.text:_exit)
                  0000f2e0    000000e0                 : memory.obj (.text:_minsert)
                  0000f3c0    000000e0                 : memory.obj (.text:_mremove)
                  0000f4a0    000000e0     asmfunc.obj (.text)
                  0000f580    000000c0     rts6700.lib : divu.obj (.text:__divu)
                  0000f640    000000c0                 : cpy_tbl.obj (.text:_copy_in)
                  0000f700    000000c0                 : lowlev.obj (.text:_finddevice)
                  0000f7c0    000000c0     corr.obj (.text)
                  0000f880    000000c0     dsk6713bsl.lib : dsk6713_aic23_setfreq.obj (.text)
                  0000f940    000000a0     csl6713.lib : csl_mcbsp.obj (.text:_MCBSP_config)
                  0000f9e0    000000a0     rts6700.lib : fixdli.obj (.text:__fixdli)
                  0000fa80    000000a0                 : mpyll.obj (.text:__mpyll)
                  0000fb20    000000a0                 : imath40.obj (.text:__remli)
                  0000fbc0    000000a0                 : imath40.obj (.text:__remul)
                  0000fc60    000000a0                 : imath64.obj (.text:__remull)
                  0000fd00    000000a0                 : trgmsg.obj (.text:_readmsg)
                  0000fda0    000000a0     csl6713.lib : csl_irq.obj (.text:_setMux)
                  0000fe40    000000a0     rts6700.lib : lowlev.obj (.text:_unlink)
                  0000fee0    000000a0                 : trgmsg.obj (.text:_writemsg)
                  0000ff80    00000080                 : cpp_init.obj (.text:___TI_cpp_init)
                  00010000    00000080                 : fltlid.obj (.text:__fltlid)
                  00010080    00000080                 : llshift.obj (.text:__llshl)
                  00010100    00000080                 : boot.obj (.text:_c_int00)
                  00010180    00000080                 : memccpy.obj (.text:_memccpy)
                  00010200    00000060                 : isinf.obj (.text:___isinf)
                  00010260    00000060                 : llshift.obj (.text:__llshru)
                  000102c0    00000060                 : imath64.obj (.text:__subcull)
                  00010320    00000040     csl6713.lib : csl_irq.obj (.text:_IRQ_enable)
                  00010360    00000040                 : csl_irq.obj (.text:_IRQ_reset)
                  000103a0    00000040     rts6700.lib : _printfi.obj (.text:___isnan)
                  000103e0    00000040                 : args_main.obj (.text:__args_main)
                  00010420    00000020     Vectors_intr.obj (.text)
                  00010440    00000020     csl6713.lib : csl_irq.obj (.text:_IRQ_globalDisable)
                  00010460    00000020                 : csl_irq.obj (.text:_IRQ_globalEnable)
                  00010480    00000020                 : csl_irq.obj (.text:_IRQ_nmiEnable)
                  000104a0    00000020                 : csl_irq.obj (.text:_IRQ_setVecs)
                  000104c0    00000020                 : csl_mcbsp.obj (.text:_MCBSP_getXmtEventId)
                  000104e0    00000020                 : csl_mcbsp.obj (.text:_MCBSP_read)
                  00010500    00000020                 : csl_mcbsp.obj (.text:_MCBSP_rrdy)
                  00010520    00000020                 : csl_mcbsp.obj (.text:_MCBSP_write)
                  00010540    00000020                 : csl_mcbsp.obj (.text:_MCBSP_xrdy)
                  00010560    00000020     rts6700.lib : fscanf.obj (.text:__inpchar)
                  00010580    00000020                 : negll.obj (.text:__negll)
                  000105a0    00000020                 : _lock.obj (.text:__nop)
                  000105c0    00000020                 : printf.obj (.text:__outc)
                  000105e0    00000020                 : printf.obj (.text:__outs)
                  00010600    00000020                 : fscanf.obj (.text:__uninpchar)
                  00010620    00000020                 : exit.obj (.text:_abort)
                  00010640    00000020                 : remove.obj (.text:_remove)
                  00010660    00000020     csl6713.lib : csl_irq.obj (.text)

.far       0    00010680    000058ae     UNINITIALIZED
                  00010680    0000526c     main.obj (.far)
                  000158ec    00000324     rts6700.lib : defs.obj (.far)
                  00015c10    0000011c                 : lowlev.obj (.far)
                  00015d2c    000000f4     csl6713.lib : csl_irq.obj (.far)
                  00015e20    00000058     c6713dskinit.obj (.far)
                  00015e78    00000038     csl6713.lib : csl_mcbsp.obj (.far)
                  00015eb0    00000028     dsk6713bsl.lib : dsk6713_aic23_registers.obj (.far)
                  00015ed8    00000020                    : dsk6713_aic23_setfreq.obj (.far)
                  00015ef8    0000000c     rts6700.lib : exit.obj (.far)
                  00015f04    00000008     dsk6713bsl.lib : dsk6713_aic23_opencodec.obj (.far)
                  00015f0c    00000008     rts6700.lib : _lock.obj (.far)
                  00015f14    00000008                 : memory.obj (.far)
                  00015f1c    00000008                 : trgdrv.obj (.far)
                  00015f24    00000004                 : errno.obj (.far)
                  00015f28    00000004                 : fopen.obj (.far)
                  00015f2c    00000002     dsk6713bsl.lib : dsk6713.obj (.far)

.stack     0    00015f30    00001000     UNINITIALIZED
                  00015f30    00000008     rts6700.lib : boot.obj (.stack)
                  00015f38    00000ff8     --HOLE--

.sysmem    0    00016f30    00001000     UNINITIALIZED
                  00016f30    00000008     rts6700.lib : memory.obj (.sysmem)
                  00016f38    00000ff8     --HOLE--

.cinit     0    00017f30    0000071c     
                  00017f30    0000037c     main.obj (.cinit)
                  000182ac    00000004     --HOLE-- [fill = 0]
                  000182b0    0000012c     csl6713.lib : csl_irq.obj (.cinit)
                  000183dc    00000004     --HOLE-- [fill = 0]
                  000183e0    0000005c     rts6700.lib : defs.obj (.cinit)
                  0001843c    00000004     --HOLE-- [fill = 0]
                  00018440    0000005c                 : lowlev.obj (.cinit)
                  0001849c    00000004     --HOLE-- [fill = 0]
                  000184a0    00000058     c6713dskinit.obj (.cinit)
                  000184f8    00000054     csl6713.lib : csl_mcbsp.obj (.cinit)
                  0001854c    00000004     --HOLE-- [fill = 0]
                  00018550    00000030     dsk6713bsl.lib : dsk6713_aic23_registers.obj (.cinit)
                  00018580    0000002c     rts6700.lib : exit.obj (.cinit)
                  000185ac    00000004     --HOLE-- [fill = 0]
                  000185b0    0000002c                 : memory.obj (.cinit)
                  000185dc    00000004     --HOLE-- [fill = 0]
                  000185e0    00000028     dsk6713bsl.lib : dsk6713_aic23_setfreq.obj (.cinit)
                  00018608    0000001c     rts6700.lib : _lock.obj (.cinit)
                  00018624    00000004     --HOLE-- [fill = 0]
                  00018628    0000000c                 : errno.obj (.cinit)
                  00018634    00000004     --HOLE-- [fill = 0]
                  00018638    0000000c                 : fopen.obj (.cinit)
                  00018644    00000004     --HOLE-- [fill = 0]
                  00018648    00000004     (.pad.cinit) [fill = 0]

.const     0    00018650    00000322     
                  00018650    00000101     rts6700.lib : ctype.obj (.const:.string:__ctypes_)
                  00018751    00000002                 : fputs.obj (.const:.string)
                  00018753    00000001     --HOLE-- [fill = 0]
                  00018754    0000005c     main.obj (.const:.string)
                  000187b0    00000050     rts6700.lib : strtod.obj (.const:_digits)
                  00018800    00000050                 : strtold.obj (.const:_digits)
                  00018850    00000048                 : strtod.obj (.const:_powerof10)
                  00018898    00000048                 : strtold.obj (.const:_powerof10)
                  000188e0    00000040     dsk6713bsl.lib : dsk6713_aic23_opencodec.obj (.const)
                  00018920    00000023     rts6700.lib : _printfi.obj (.const:.string)
                  00018943    00000001     --HOLE-- [fill = 0]
                  00018944    00000020     dsk6713bsl.lib : dsk6713.obj (.const)
                  00018964    00000007     rts6700.lib : _scanfi.obj (.const:.string:_flit$1)
                  0001896b    00000001     --HOLE-- [fill = 0]
                  0001896c    00000006                 : _scanfi.obj (.const:.string:_barr$2)

.cio       0    00018974    00000120     UNINITIALIZED
                  00018974    00000120     rts6700.lib : trgmsg.obj (.cio)

.switch    0    00018a94    00000028     
                  00018a94    00000028     rts6700.lib : _scanfi.obj (.switch:__sset_arg)


GLOBAL SYMBOLS: SORTED ALPHABETICALLY BY Name 

address    name
--------   ----
00000220   $bss
00000220   .bss
00000220   .text
00010620   C$$EXIT
0000ff58   C$$IO$$
00015e2c   _AIC23CfgData
00015e20   _AIC_data
0001070c   _ActualPos
000106cc   _Addr_SDRAM
00010810   _BuffFiltre
0000f7c0   _CorrASM
000003ec   _CorrManip
00015f04   _DSK6713_AIC23_codeccontrolhandle
00015f08   _DSK6713_AIC23_codecdatahandle
0000d360   _DSK6713_AIC23_config
00009de0   _DSK6713_AIC23_openCodec
0000d33c   _DSK6713_AIC23_rget
0000d2a0   _DSK6713_AIC23_rset
0000f880   _DSK6713_AIC23_setFreq
00007c74   _DSK6713_getVersion
000078ac   _DSK6713_init
00007bc8   _DSK6713_rget
00007bdc   _DSK6713_rset
00015f2c   _DSK6713_version
00007bf0   _DSK6713_wait
00007c48   _DSK6713_waitusec
00010768   _FIRCoe
00010708   _FlagLed0
00010710   _GainNum
0000dfc0   _HOSTclose
0000cbc0   _HOSTlseek
0000d900   _HOSTopen
0000d400   _HOSTread
0000b7e0   _HOSTrename
0000e0c0   _HOSTunlink
0000da20   _HOSTwrite
00010320   _IRQ_enable
00010440   _IRQ_globalDisable
00010460   _IRQ_globalEnable
0000c1e0   _IRQ_map
00010480   _IRQ_nmiEnable
00010360   _IRQ_reset
000104a0   _IRQ_setVecs
00002bd8   _ISRConvTermine
000027a0   _ISROUTDAC
00002400   _ISRTimer1
000106d8   _IsADCconvTermine
000106dc   _IsDACreadtermine
000158ac   _IsSound
0000f940   _MCBSP_config
000104c0   _MCBSP_getXmtEventId
0000e1c0   _MCBSP_open
000104e0   _MCBSP_read
0000c560   _MCBSP_reset
00010500   _MCBSP_rrdy
0000e2c0   _MCBSP_start
00010520   _MCBSP_write
00010540   _MCBSP_xrdy
00000d60   _ReadADCConversion
00000cd0   _SetEMIFRegister
00000afc   _SetGainNum
00000d9c   _SetupAll
000158a4   _SeuilSon
00000d84   _StartADCConversion
000158c4   _TabPeak
0001587c   _TestAmp
000004f8   _TestIntensite
0000066c   _TestPeriodicite
000158a8   _TrameEnr
00010692   _ValADCIn
00010694   _ValSon
00010874   _VectCorr
00013078   _VectPadder
00012874   _VectRep
00018974   __CIOBUF_
00015e18   __IRQ_dispatchTable
00015d54   __IRQ_eventTable
00010660   __IRQ_hookFetchPacket
00015dd8   __IRQ_intTable
00015ea8   __MCBSP_hDev0
00015eac   __MCBSP_hDev1
00016f30   __STACK_END
00001000   __STACK_SIZE
00001000   __SYSMEM_SIZE
00000001   __TI_args_main
0000ff80   ___TI_cpp_init
00015f00   ___TI_enable_exit_profile_output
ffffffff   ___TI_pprof_out_hndl
ffffffff   ___TI_prof_data_size
ffffffff   ___TI_prof_data_start
ffffffff   ___binit__
00000220   ___bss__
ffffffff   ___c_args__
00017f30   ___cinit__
00000220   ___end__
00010680   ___etext__
00010200   ___isinf
ffffffff   ___pinit__
00000220   ___text__
000103e0   __args_main
0000e3c0   __auto_init
0000cd20   __buff_read
0000db40   __c6xabi_divi
0000f580   __c6xabi_divu
0000ecc0   __cleanup
00015ef8   __cleanup_ptr
0000ce80   __closefile
00018650   __ctypes_
000033a0   __divd
0000db40   __divi
0000e5c0   __divli
0000f580   __divu
0000aec0   __divul
00008ca0   __divull
0000eda0   __doflush
00015efc   __dtors_ptr
0000f9e0   __fixdli
00010000   __fltlid
0000d540   __frcmpyd_div
00015c0c   __ft_end
000158ec   __ftable
00010080   __llshl
00010260   __llshru
00015f0c   __lock
0000fa80   __mpyll
00010580   __negll
000105a0   __nop
00006480   __printfi
0000f040   __rd_ok
0000fb20   __remli
0000fbc0   __remul
0000fc60   __remull
00001060   __scanfi
00015f30   __stack
0000f120   __strasg
000102c0   __subcull
00016f30   __sys_memory
00015acc   __tmpnams
00015f10   __unlock
0000dc60   __wrt_ok
00010680   _a
00010620   _abort
0000d680   _atoi
00010718   _bufferFiltre
00001c20   _c6713_dsk_init
00010100   _c_int00
0000dd80   _close
00001d40   _comm_intr
00001d0c   _comm_poll
00010700   _compLED
00015e4c   _config
00000c4c   _configAndStartTimer1
0000f640   _copy_in
000158b0   _debugMic
0000f54c   _disableInterruptDAC
0000f4d0   _disableInterruptTIMER1
0000f51c   _enableInterruptDAC
0000f4ec   _enableInterruptGPIO4
0000f4a0   _enableInterruptTIMER1
000106d4   _enableenregistrement
000106d0   _enablerejouer
00015f24   _errno
000106f0   _etat1
000106f4   _etat2
000106f8   _etat3
000106fc   _etat4
00000ef0   _etatDIP0
00000f3c   _etatDIP1
00000f88   _etatDIP2
00000fd4   _etatDIP3
0000f200   _exit
0000ca40   _fgetc
00010714   _filterON
00010704   _firstPlay
0000ac20   _fputc
00006f00   _fputs
000093a0   _free
0001068c   _fs
0000c3a0   _fseek
0000ca40   _getc
00015e74   _hAIC23_handle
00010698   _i
00001020   _initialiseLED
00002258   _input_left_sample
00002320   _input_right_sample
00002154   _input_sample
00010690   _inputsource
0001069c   _ledBool
0000e7c0   _lseek
0000d7c0   _ltoa
00000220   _main
0000b360   _malloc
00010180   _memccpy
0000b5a0   _memcpy
0000dea0   _memset
000158c0   _nVerif
000106c8   _nbEchADC
00010864   _ncorr
00010868   _ndecalage
00010870   _npadd
0001086c   _nrep
00015878   _ntestson
000106e0   _oldDIP0
000106e4   _oldDIP1
000106e8   _oldDIP2
000106ec   _oldDIP3
00001f94   _output_left_sample
00002074   _output_right_sample
00001e94   _output_sample
0000e8c0   _printf
0000ac20   _putc
0000e9c0   _read
0000fd00   _readmsg
00010640   _remove
000158b8   _scale
0000eac0   _scanf
00000d14   _setGPIO
0000a6c0   _setvbuf
000047c0   _strtod
00005f00   _strtol
00004da0   _strtold
00005380   _strtoll
000069e0   _strtoul
000073c0   _strtoull
000106a0   _tabTest
0000d140   _ungetc
0000fe40   _unlink
00000020   _vector1
00000140   _vector10
00000180   _vector12
000001a0   _vector13
000001c0   _vector14
00000040   _vector2
00000060   _vector3
000000a0   _vector5
000000c0   _vector6
000000e0   _vector7
00000100   _vector8
00000120   _vector9
00000000   _vectors
0000ebc0   _write
0000fee0   _writemsg
ffffffff   binit
00017f30   cinit
00000220   end
00010680   etext
ffffffff   pinit


GLOBAL SYMBOLS: SORTED BY Symbol Address 

address    name
--------   ----
00000000   _vectors
00000001   __TI_args_main
00000020   _vector1
00000040   _vector2
00000060   _vector3
000000a0   _vector5
000000c0   _vector6
000000e0   _vector7
00000100   _vector8
00000120   _vector9
00000140   _vector10
00000180   _vector12
000001a0   _vector13
000001c0   _vector14
00000220   $bss
00000220   .bss
00000220   .text
00000220   ___bss__
00000220   ___end__
00000220   ___text__
00000220   _main
00000220   end
000003ec   _CorrManip
000004f8   _TestIntensite
0000066c   _TestPeriodicite
00000afc   _SetGainNum
00000c4c   _configAndStartTimer1
00000cd0   _SetEMIFRegister
00000d14   _setGPIO
00000d60   _ReadADCConversion
00000d84   _StartADCConversion
00000d9c   _SetupAll
00000ef0   _etatDIP0
00000f3c   _etatDIP1
00000f88   _etatDIP2
00000fd4   _etatDIP3
00001000   __STACK_SIZE
00001000   __SYSMEM_SIZE
00001020   _initialiseLED
00001060   __scanfi
00001c20   _c6713_dsk_init
00001d0c   _comm_poll
00001d40   _comm_intr
00001e94   _output_sample
00001f94   _output_left_sample
00002074   _output_right_sample
00002154   _input_sample
00002258   _input_left_sample
00002320   _input_right_sample
00002400   _ISRTimer1
000027a0   _ISROUTDAC
00002bd8   _ISRConvTermine
000033a0   __divd
000047c0   _strtod
00004da0   _strtold
00005380   _strtoll
00005f00   _strtol
00006480   __printfi
000069e0   _strtoul
00006f00   _fputs
000073c0   _strtoull
000078ac   _DSK6713_init
00007bc8   _DSK6713_rget
00007bdc   _DSK6713_rset
00007bf0   _DSK6713_wait
00007c48   _DSK6713_waitusec
00007c74   _DSK6713_getVersion
00008ca0   __divull
000093a0   _free
00009de0   _DSK6713_AIC23_openCodec
0000a6c0   _setvbuf
0000ac20   _fputc
0000ac20   _putc
0000aec0   __divul
0000b360   _malloc
0000b5a0   _memcpy
0000b7e0   _HOSTrename
0000c1e0   _IRQ_map
0000c3a0   _fseek
0000c560   _MCBSP_reset
0000ca40   _fgetc
0000ca40   _getc
0000cbc0   _HOSTlseek
0000cd20   __buff_read
0000ce80   __closefile
0000d140   _ungetc
0000d2a0   _DSK6713_AIC23_rset
0000d33c   _DSK6713_AIC23_rget
0000d360   _DSK6713_AIC23_config
0000d400   _HOSTread
0000d540   __frcmpyd_div
0000d680   _atoi
0000d7c0   _ltoa
0000d900   _HOSTopen
0000da20   _HOSTwrite
0000db40   __c6xabi_divi
0000db40   __divi
0000dc60   __wrt_ok
0000dd80   _close
0000dea0   _memset
0000dfc0   _HOSTclose
0000e0c0   _HOSTunlink
0000e1c0   _MCBSP_open
0000e2c0   _MCBSP_start
0000e3c0   __auto_init
0000e5c0   __divli
0000e7c0   _lseek
0000e8c0   _printf
0000e9c0   _read
0000eac0   _scanf
0000ebc0   _write
0000ecc0   __cleanup
0000eda0   __doflush
0000f040   __rd_ok
0000f120   __strasg
0000f200   _exit
0000f4a0   _enableInterruptTIMER1
0000f4d0   _disableInterruptTIMER1
0000f4ec   _enableInterruptGPIO4
0000f51c   _enableInterruptDAC
0000f54c   _disableInterruptDAC
0000f580   __c6xabi_divu
0000f580   __divu
0000f640   _copy_in
0000f7c0   _CorrASM
0000f880   _DSK6713_AIC23_setFreq
0000f940   _MCBSP_config
0000f9e0   __fixdli
0000fa80   __mpyll
0000fb20   __remli
0000fbc0   __remul
0000fc60   __remull
0000fd00   _readmsg
0000fe40   _unlink
0000fee0   _writemsg
0000ff58   C$$IO$$
0000ff80   ___TI_cpp_init
00010000   __fltlid
00010080   __llshl
00010100   _c_int00
00010180   _memccpy
00010200   ___isinf
00010260   __llshru
000102c0   __subcull
00010320   _IRQ_enable
00010360   _IRQ_reset
000103e0   __args_main
00010440   _IRQ_globalDisable
00010460   _IRQ_globalEnable
00010480   _IRQ_nmiEnable
000104a0   _IRQ_setVecs
000104c0   _MCBSP_getXmtEventId
000104e0   _MCBSP_read
00010500   _MCBSP_rrdy
00010520   _MCBSP_write
00010540   _MCBSP_xrdy
00010580   __negll
000105a0   __nop
00010620   C$$EXIT
00010620   _abort
00010640   _remove
00010660   __IRQ_hookFetchPacket
00010680   ___etext__
00010680   _a
00010680   etext
0001068c   _fs
00010690   _inputsource
00010692   _ValADCIn
00010694   _ValSon
00010698   _i
0001069c   _ledBool
000106a0   _tabTest
000106c8   _nbEchADC
000106cc   _Addr_SDRAM
000106d0   _enablerejouer
000106d4   _enableenregistrement
000106d8   _IsADCconvTermine
000106dc   _IsDACreadtermine
000106e0   _oldDIP0
000106e4   _oldDIP1
000106e8   _oldDIP2
000106ec   _oldDIP3
000106f0   _etat1
000106f4   _etat2
000106f8   _etat3
000106fc   _etat4
00010700   _compLED
00010704   _firstPlay
00010708   _FlagLed0
0001070c   _ActualPos
00010710   _GainNum
00010714   _filterON
00010718   _bufferFiltre
00010768   _FIRCoe
00010810   _BuffFiltre
00010864   _ncorr
00010868   _ndecalage
0001086c   _nrep
00010870   _npadd
00010874   _VectCorr
00012874   _VectRep
00013078   _VectPadder
00015878   _ntestson
0001587c   _TestAmp
000158a4   _SeuilSon
000158a8   _TrameEnr
000158ac   _IsSound
000158b0   _debugMic
000158b8   _scale
000158c0   _nVerif
000158c4   _TabPeak
000158ec   __ftable
00015acc   __tmpnams
00015c0c   __ft_end
00015d54   __IRQ_eventTable
00015dd8   __IRQ_intTable
00015e18   __IRQ_dispatchTable
00015e20   _AIC_data
00015e2c   _AIC23CfgData
00015e4c   _config
00015e74   _hAIC23_handle
00015ea8   __MCBSP_hDev0
00015eac   __MCBSP_hDev1
00015ef8   __cleanup_ptr
00015efc   __dtors_ptr
00015f00   ___TI_enable_exit_profile_output
00015f04   _DSK6713_AIC23_codeccontrolhandle
00015f08   _DSK6713_AIC23_codecdatahandle
00015f0c   __lock
00015f10   __unlock
00015f24   _errno
00015f2c   _DSK6713_version
00015f30   __stack
00016f30   __STACK_END
00016f30   __sys_memory
00017f30   ___cinit__
00017f30   cinit
00018650   __ctypes_
00018974   __CIOBUF_
ffffffff   ___TI_pprof_out_hndl
ffffffff   ___TI_prof_data_size
ffffffff   ___TI_prof_data_start
ffffffff   ___binit__
ffffffff   ___c_args__
ffffffff   ___pinit__
ffffffff   binit
ffffffff   pinit

[247 symbols]
