******************************************************************************
               TMS320C6x Linker PC v7.4.20                     
******************************************************************************
>> Linked Sat Mar 11 21:54:32 2017

OUTPUT FILE NAME:   <TestCorr1.out>
ENTRY POINT SYMBOL: "_c_int00"  address: 0000ffc0


MEMORY CONFIGURATION

         name            origin    length      used     unused   attr    fill
----------------------  --------  ---------  --------  --------  ----  --------
  IVECS                 00000000   00000220  00000200  00000020  RWIX
  IRAM                  00000220   0002fde0  000138e8  0001c4f8  RWIX
  SDRAM                 80000000   01000000  00000000  01000000  RWIX
  FLASH                 90000000   00020000  00000000  00020000  RWIX


SECTION ALLOCATION MAP

 output                                  attributes/
section   page    origin      length       input sections
--------  ----  ----------  ----------   ----------------
.vectors   0    00000000    00000200     
                  00000000    00000200     Vectors_intr.obj (.vectors)

.bss       0    00000220    00000000     UNINITIALIZED

.text      0    00000220    00010320     
                  00000220    00000d00     main.obj (.text)
                  00000f20    00000bc0     rts6700.lib : _scanfi.obj (.text:__scanfi)
                  00001ae0    000007e0     c6713dskinit.obj (.text)
                  000022c0    000007e0     main.obj (.text:retain)
                  00002aa0    000007c0     rts6700.lib : _scanfi.obj (.text:__sset_arg)
                  00003260    00000720                 : divd.obj (.text:__divd)
                  00003980    000006c0                 : _printfi.obj (.text:__getarg_diouxp)
                  00004040    00000640                 : _printfi.obj (.text:__setfield)
                  00004680    000005e0                 : strtod.obj (.text:_strtod)
                  00004c60    000005e0                 : strtold.obj (.text:_strtold)
                  00005240    000005e0                 : strtoll.obj (.text:_strtoll)
                  00005820    000005a0                 : _scanfi.obj (.text:__sproc_int)
                  00005dc0    00000580                 : strtol.obj (.text:_strtol)
                  00006340    00000560                 : _printfi.obj (.text:__printfi)
                  000068a0    00000520                 : strtoul.obj (.text:_strtoul)
                  00006dc0    000004c0                 : fputs.obj (.text:_fputs)
                  00007280    000004a0                 : strtoull.obj (.text:_strtoull)
                  00007720    00000480     dsk6713bsl.lib : dsk6713.obj (.text)
                  00007ba0    00000420     rts6700.lib : _printfi.obj (.text:_fcvt)
                  00007fc0    00000400                 : _printfi.obj (.text:__pproc_fge)
                  000083c0    00000400                 : _printfi.obj (.text:_ecvt)
                  000087c0    000003a0                 : _scanfi.obj (.text:__sget_conv)
                  00008b60    00000380                 : imath64.obj (.text:__divull)
                  00008ee0    00000380                 : _scanfi.obj (.text:__sproc_float)
                  00009260    00000380                 : memory.obj (.text:_free)
                  000095e0    00000360                 : _printfi.obj (.text:__pconv_e)
                  00009940    00000360                 : _printfi.obj (.text:__pproc_fwp)
                  00009ca0    00000320     dsk6713bsl.lib : dsk6713_aic23_opencodec.obj (.text)
                  00009fc0    00000300     rts6700.lib : _printfi.obj (.text:__pproc_diouxp)
                  0000a2c0    000002c0                 : _printfi.obj (.text:__pproc_str)
                  0000a580    000002c0                 : setvbuf.obj (.text:_setvbuf)
                  0000a840    000002a0                 : _printfi.obj (.text:__pconv_g)
                  0000aae0    000002a0                 : fputc.obj (.text:_fputc)
                  0000ad80    00000260                 : imath40.obj (.text:__divul)
                  0000afe0    00000240                 : _printfi.obj (.text:__mcpy)
                  0000b220    00000240                 : memory.obj (.text:_malloc)
                  0000b460    00000240                 : memcpy62.obj (.text:_memcpy)
                  0000b6a0    00000220                 : trgdrv.obj (.text:_HOSTrename)
                  0000b8c0    00000220                 : _scanfi.obj (.text:__sproc_str)
                  0000bae0    00000200                 : fscanf.obj (.text:__chkmbc)
                  0000bce0    000001e0                 : _scanfi.obj (.text:__sproc_lb)
                  0000bec0    000001e0                 : lowlev.obj (.text:_getdevice)
                  0000c0a0    000001c0     csl6713.lib : csl_irq.obj (.text:_IRQ_map)
                  0000c260    000001c0     rts6700.lib : fseek.obj (.text:_fseek)
                  0000c420    000001a0     csl6713.lib : csl_mcbsp.obj (.text:_MCBSP_reset)
                  0000c5c0    000001a0     rts6700.lib : _printfi.obj (.text:__ltostr)
                  0000c760    000001a0                 : _printfi.obj (.text:__pproc_fflags)
                  0000c900    00000180                 : fgetc.obj (.text:_fgetc)
                  0000ca80    00000160                 : trgdrv.obj (.text:_HOSTlseek)
                  0000cbe0    00000160                 : _bufread.obj (.text:__buff_read)
                  0000cd40    00000160                 : fclose.obj (.text:__closefile)
                  0000cea0    00000160                 : _scanfi.obj (.text:__sget_scanset)
                  0000d000    00000160                 : ungetc.obj (.text:_ungetc)
                  0000d160    00000160     dsk6713bsl.lib : dsk6713_aic23_registers.obj (.text)
                  0000d2c0    00000140     rts6700.lib : trgdrv.obj (.text:_HOSTread)
                  0000d400    00000140                 : frcmpyd_div.obj (.text:__frcmpyd_div)
                  0000d540    00000140                 : atoi.obj (.text:_atoi)
                  0000d680    00000140                 : ltoa.obj (.text:_ltoa)
                  0000d7c0    00000120                 : trgdrv.obj (.text:_HOSTopen)
                  0000d8e0    00000120                 : trgdrv.obj (.text:_HOSTwrite)
                  0000da00    00000120                 : divi.obj (.text:__divi)
                  0000db20    00000120                 : _io_perm.obj (.text:__wrt_ok)
                  0000dc40    00000120                 : lowlev.obj (.text:_close)
                  0000dd60    00000120                 : memset.obj (.text:_memset)
                  0000de80    00000100                 : trgdrv.obj (.text:_HOSTclose)
                  0000df80    00000100                 : trgdrv.obj (.text:_HOSTunlink)
                  0000e080    00000100     csl6713.lib : csl_mcbsp.obj (.text:_MCBSP_open)
                  0000e180    00000100                 : csl_mcbsp.obj (.text:_MCBSP_start)
                  0000e280    00000100     rts6700.lib : autoinit.obj (.text:__auto_init)
                  0000e380    00000100                 : _printfi.obj (.text:__div)
                  0000e480    00000100                 : imath40.obj (.text:__divli)
                  0000e580    00000100                 : _printfi.obj (.text:__pconv_f)
                  0000e680    00000100                 : lowlev.obj (.text:_lseek)
                  0000e780    00000100                 : printf.obj (.text:_printf)
                  0000e880    00000100                 : lowlev.obj (.text:_read)
                  0000e980    00000100                 : fscanf.obj (.text:_scanf)
                  0000ea80    00000100                 : lowlev.obj (.text:_write)
                  0000eb80    000000e0                 : fopen.obj (.text:__cleanup)
                  0000ec60    000000e0                 : fflush.obj (.text:__doflush)
                  0000ed40    000000e0                 : _printfi.obj (.text:__ecpy)
                  0000ee20    000000e0                 : _printfi.obj (.text:__fcpy)
                  0000ef00    000000e0                 : _io_perm.obj (.text:__rd_ok)
                  0000efe0    000000e0                 : strasg.obj (.text:__strasg)
                  0000f0c0    000000e0                 : exit.obj (.text:_exit)
                  0000f1a0    000000e0                 : memory.obj (.text:_minsert)
                  0000f280    000000e0                 : memory.obj (.text:_mremove)
                  0000f360    000000e0     asmfunc.obj (.text)
                  0000f440    000000c0     rts6700.lib : divu.obj (.text:__divu)
                  0000f500    000000c0                 : cpy_tbl.obj (.text:_copy_in)
                  0000f5c0    000000c0                 : lowlev.obj (.text:_finddevice)
                  0000f680    000000c0     corr.obj (.text)
                  0000f740    000000c0     dsk6713bsl.lib : dsk6713_aic23_setfreq.obj (.text)
                  0000f800    000000a0     csl6713.lib : csl_mcbsp.obj (.text:_MCBSP_config)
                  0000f8a0    000000a0     rts6700.lib : fixdli.obj (.text:__fixdli)
                  0000f940    000000a0                 : mpyll.obj (.text:__mpyll)
                  0000f9e0    000000a0                 : imath40.obj (.text:__remli)
                  0000fa80    000000a0                 : imath40.obj (.text:__remul)
                  0000fb20    000000a0                 : imath64.obj (.text:__remull)
                  0000fbc0    000000a0                 : trgmsg.obj (.text:_readmsg)
                  0000fc60    000000a0     csl6713.lib : csl_irq.obj (.text:_setMux)
                  0000fd00    000000a0     rts6700.lib : lowlev.obj (.text:_unlink)
                  0000fda0    000000a0                 : trgmsg.obj (.text:_writemsg)
                  0000fe40    00000080                 : cpp_init.obj (.text:___TI_cpp_init)
                  0000fec0    00000080                 : fltlid.obj (.text:__fltlid)
                  0000ff40    00000080                 : llshift.obj (.text:__llshl)
                  0000ffc0    00000080                 : boot.obj (.text:_c_int00)
                  00010040    00000080                 : memccpy.obj (.text:_memccpy)
                  000100c0    00000060                 : isinf.obj (.text:___isinf)
                  00010120    00000060                 : llshift.obj (.text:__llshru)
                  00010180    00000060                 : imath64.obj (.text:__subcull)
                  000101e0    00000040     csl6713.lib : csl_irq.obj (.text:_IRQ_enable)
                  00010220    00000040                 : csl_irq.obj (.text:_IRQ_reset)
                  00010260    00000040     rts6700.lib : _printfi.obj (.text:___isnan)
                  000102a0    00000040                 : args_main.obj (.text:__args_main)
                  000102e0    00000020     Vectors_intr.obj (.text)
                  00010300    00000020     csl6713.lib : csl_irq.obj (.text:_IRQ_globalDisable)
                  00010320    00000020                 : csl_irq.obj (.text:_IRQ_globalEnable)
                  00010340    00000020                 : csl_irq.obj (.text:_IRQ_nmiEnable)
                  00010360    00000020                 : csl_irq.obj (.text:_IRQ_setVecs)
                  00010380    00000020                 : csl_mcbsp.obj (.text:_MCBSP_getXmtEventId)
                  000103a0    00000020                 : csl_mcbsp.obj (.text:_MCBSP_read)
                  000103c0    00000020                 : csl_mcbsp.obj (.text:_MCBSP_rrdy)
                  000103e0    00000020                 : csl_mcbsp.obj (.text:_MCBSP_write)
                  00010400    00000020                 : csl_mcbsp.obj (.text:_MCBSP_xrdy)
                  00010420    00000020     rts6700.lib : fscanf.obj (.text:__inpchar)
                  00010440    00000020                 : negll.obj (.text:__negll)
                  00010460    00000020                 : _lock.obj (.text:__nop)
                  00010480    00000020                 : printf.obj (.text:__outc)
                  000104a0    00000020                 : printf.obj (.text:__outs)
                  000104c0    00000020                 : fscanf.obj (.text:__uninpchar)
                  000104e0    00000020                 : exit.obj (.text:_abort)
                  00010500    00000020                 : remove.obj (.text:_remove)
                  00010520    00000020     csl6713.lib : csl_irq.obj (.text)

.stack     0    00010540    00001000     UNINITIALIZED
                  00010540    00000008     rts6700.lib : boot.obj (.stack)
                  00010548    00000ff8     --HOLE--

.sysmem    0    00011540    00001000     UNINITIALIZED
                  00011540    00000008     rts6700.lib : memory.obj (.sysmem)
                  00011548    00000ff8     --HOLE--

.far       0    00012540    00000a4a     UNINITIALIZED
                  00012540    00000408     main.obj (.far)
                  00012948    00000324     rts6700.lib : defs.obj (.far)
                  00012c6c    0000011c                 : lowlev.obj (.far)
                  00012d88    000000f4     csl6713.lib : csl_irq.obj (.far)
                  00012e7c    00000058     c6713dskinit.obj (.far)
                  00012ed4    00000038     csl6713.lib : csl_mcbsp.obj (.far)
                  00012f0c    00000028     dsk6713bsl.lib : dsk6713_aic23_registers.obj (.far)
                  00012f34    00000020                    : dsk6713_aic23_setfreq.obj (.far)
                  00012f54    0000000c     rts6700.lib : exit.obj (.far)
                  00012f60    00000008     dsk6713bsl.lib : dsk6713_aic23_opencodec.obj (.far)
                  00012f68    00000008     rts6700.lib : _lock.obj (.far)
                  00012f70    00000008                 : memory.obj (.far)
                  00012f78    00000008                 : trgdrv.obj (.far)
                  00012f80    00000004                 : errno.obj (.far)
                  00012f84    00000004                 : fopen.obj (.far)
                  00012f88    00000002     dsk6713bsl.lib : dsk6713.obj (.far)

.cinit     0    00012f90    0000070c     
                  00012f90    0000036c     main.obj (.cinit)
                  000132fc    00000004     --HOLE-- [fill = 0]
                  00013300    0000012c     csl6713.lib : csl_irq.obj (.cinit)
                  0001342c    00000004     --HOLE-- [fill = 0]
                  00013430    0000005c     rts6700.lib : defs.obj (.cinit)
                  0001348c    00000004     --HOLE-- [fill = 0]
                  00013490    0000005c                 : lowlev.obj (.cinit)
                  000134ec    00000004     --HOLE-- [fill = 0]
                  000134f0    00000058     c6713dskinit.obj (.cinit)
                  00013548    00000054     csl6713.lib : csl_mcbsp.obj (.cinit)
                  0001359c    00000004     --HOLE-- [fill = 0]
                  000135a0    00000030     dsk6713bsl.lib : dsk6713_aic23_registers.obj (.cinit)
                  000135d0    0000002c     rts6700.lib : exit.obj (.cinit)
                  000135fc    00000004     --HOLE-- [fill = 0]
                  00013600    0000002c                 : memory.obj (.cinit)
                  0001362c    00000004     --HOLE-- [fill = 0]
                  00013630    00000028     dsk6713bsl.lib : dsk6713_aic23_setfreq.obj (.cinit)
                  00013658    0000001c     rts6700.lib : _lock.obj (.cinit)
                  00013674    00000004     --HOLE-- [fill = 0]
                  00013678    0000000c                 : errno.obj (.cinit)
                  00013684    00000004     --HOLE-- [fill = 0]
                  00013688    0000000c                 : fopen.obj (.cinit)
                  00013694    00000004     --HOLE-- [fill = 0]
                  00013698    00000004     (.pad.cinit) [fill = 0]

.const     0    000136a0    0000032a     
                  000136a0    00000101     rts6700.lib : ctype.obj (.const:.string:__ctypes_)
                  000137a1    00000002                 : fputs.obj (.const:.string)
                  000137a3    00000001     --HOLE-- [fill = 0]
                  000137a4    00000064     main.obj (.const:.string)
                  00013808    00000050     rts6700.lib : strtod.obj (.const:_digits)
                  00013858    00000050                 : strtold.obj (.const:_digits)
                  000138a8    00000048                 : strtod.obj (.const:_powerof10)
                  000138f0    00000048                 : strtold.obj (.const:_powerof10)
                  00013938    00000040     dsk6713bsl.lib : dsk6713_aic23_opencodec.obj (.const)
                  00013978    00000023     rts6700.lib : _printfi.obj (.const:.string)
                  0001399b    00000001     --HOLE-- [fill = 0]
                  0001399c    00000020     dsk6713bsl.lib : dsk6713.obj (.const)
                  000139bc    00000007     rts6700.lib : _scanfi.obj (.const:.string:_flit$1)
                  000139c3    00000001     --HOLE-- [fill = 0]
                  000139c4    00000006                 : _scanfi.obj (.const:.string:_barr$2)

.cio       0    000139cc    00000120     UNINITIALIZED
                  000139cc    00000120     rts6700.lib : trgmsg.obj (.cio)

.switch    0    00013aec    00000028     
                  00013aec    00000028     rts6700.lib : _scanfi.obj (.switch:__sset_arg)


GLOBAL SYMBOLS: SORTED ALPHABETICALLY BY Name 

address    name
--------   ----
00000220   $bss
00000220   .bss
00000220   .text
000104e0   C$$EXIT
0000fe18   C$$IO$$
00012e88   _AIC23CfgData
00012e7c   _AIC_data
000125c8   _ActualPos
0001258c   _Addr_SDRAM
000126d0   _BuffFiltre
0000f680   _CorrASM
00000454   _CorrManip
00012f60   _DSK6713_AIC23_codeccontrolhandle
00012f64   _DSK6713_AIC23_codecdatahandle
0000d220   _DSK6713_AIC23_config
00009ca0   _DSK6713_AIC23_openCodec
0000d1fc   _DSK6713_AIC23_rget
0000d160   _DSK6713_AIC23_rset
0000f740   _DSK6713_AIC23_setFreq
00007b34   _DSK6713_getVersion
0000776c   _DSK6713_init
00007a88   _DSK6713_rget
00007a9c   _DSK6713_rset
00012f88   _DSK6713_version
00007ab0   _DSK6713_wait
00007b08   _DSK6713_waitusec
00012628   _FIRCoe
000125cc   _GainNum
0000de80   _HOSTclose
0000ca80   _HOSTlseek
0000d7c0   _HOSTopen
0000d2c0   _HOSTread
0000b6a0   _HOSTrename
0000df80   _HOSTunlink
0000d8e0   _HOSTwrite
000101e0   _IRQ_enable
00010300   _IRQ_globalDisable
00010320   _IRQ_globalEnable
0000c0a0   _IRQ_map
00010340   _IRQ_nmiEnable
00010220   _IRQ_reset
00010360   _IRQ_setVecs
00002a98   _ISRConvTermine
00002660   _ISROUTDAC
000022c0   _ISRTimer1
00012598   _IsADCconvTermine
0001259c   _IsDACreadtermine
000128c4   _IsSound
0000f800   _MCBSP_config
00010380   _MCBSP_getXmtEventId
0000e080   _MCBSP_open
000103a0   _MCBSP_read
0000c420   _MCBSP_reset
000103c0   _MCBSP_rrdy
0000e180   _MCBSP_start
000103e0   _MCBSP_write
00010400   _MCBSP_xrdy
00000c20   _ReadADCConversion
00000b90   _SetEMIFRegister
000009b8   _SetGainNum
00000c5c   _SetupAll
000128bc   _SeuilSon
00000c44   _StartADCConversion
000128d0   _TabPeak
00012894   _TestAmp
00000548   _TestIntensite
00000630   _TestPeriodicite
000128c0   _TrameEnr
00012552   _ValADCIn
00012554   _ValSon
00012734   _VectCorr
000127e4   _VectPadder
00012770   _VectRep
000139cc   __CIOBUF_
00012e74   __IRQ_dispatchTable
00012db0   __IRQ_eventTable
00010520   __IRQ_hookFetchPacket
00012e34   __IRQ_intTable
00012f04   __MCBSP_hDev0
00012f08   __MCBSP_hDev1
00011540   __STACK_END
00001000   __STACK_SIZE
00001000   __SYSMEM_SIZE
00000001   __TI_args_main
0000fe40   ___TI_cpp_init
00012f5c   ___TI_enable_exit_profile_output
ffffffff   ___TI_pprof_out_hndl
ffffffff   ___TI_prof_data_size
ffffffff   ___TI_prof_data_start
ffffffff   ___binit__
00000220   ___bss__
ffffffff   ___c_args__
00012f90   ___cinit__
00000220   ___end__
00010540   ___etext__
000100c0   ___isinf
ffffffff   ___pinit__
00000220   ___text__
000102a0   __args_main
0000e280   __auto_init
0000cbe0   __buff_read
0000da00   __c6xabi_divi
0000f440   __c6xabi_divu
0000eb80   __cleanup
00012f54   __cleanup_ptr
0000cd40   __closefile
000136a0   __ctypes_
00003260   __divd
0000da00   __divi
0000e480   __divli
0000f440   __divu
0000ad80   __divul
00008b60   __divull
0000ec60   __doflush
00012f58   __dtors_ptr
0000f8a0   __fixdli
0000fec0   __fltlid
0000d400   __frcmpyd_div
00012c68   __ft_end
00012948   __ftable
0000ff40   __llshl
00010120   __llshru
00012f68   __lock
0000f940   __mpyll
00010440   __negll
00010460   __nop
00006340   __printfi
0000ef00   __rd_ok
0000f9e0   __remli
0000fa80   __remul
0000fb20   __remull
00000f20   __scanfi
00010540   __stack
0000efe0   __strasg
00010180   __subcull
00011540   __sys_memory
00012b28   __tmpnams
00012f6c   __unlock
0000db20   __wrt_ok
00012540   _a
000104e0   _abort
0000d540   _atoi
000125d4   _bufferFiltre
00001ae0   _c6713_dsk_init
0000ffc0   _c_int00
0000dc40   _close
00001c00   _comm_intr
00001bcc   _comm_poll
000125c0   _compLED
00012ea8   _config
00000b0c   _configAndStartTimer1
0000f500   _copy_in
000128c8   _debugMic
0000f40c   _disableInterruptDAC
0000f390   _disableInterruptTIMER1
0000f3dc   _enableInterruptDAC
0000f3ac   _enableInterruptGPIO4
0000f360   _enableInterruptTIMER1
00012594   _enableenregistrement
00012590   _enablerejouer
00012f80   _errno
000125b0   _etat1
000125b4   _etat2
000125b8   _etat3
000125bc   _etat4
00000db0   _etatDIP0
00000dfc   _etatDIP1
00000e48   _etatDIP2
00000e94   _etatDIP3
0000f0c0   _exit
0000c900   _fgetc
000125d0   _filterON
000125c4   _firstPlay
0000aae0   _fputc
00006dc0   _fputs
00009260   _free
0001254c   _fs
0000c260   _fseek
0000c900   _getc
00012ed0   _hAIC23_handle
00012558   _i
00000ee0   _initialiseLED
00002118   _input_left_sample
000021e0   _input_right_sample
00002014   _input_sample
00012550   _inputsource
0001255c   _ledBool
0000e680   _lseek
0000d680   _ltoa
00000220   _main
0000b220   _malloc
00010040   _memccpy
0000b460   _memcpy
0000dd60   _memset
00012944   _nVerif
00012588   _nbEchADC
00012724   _ncorr
00012728   _ndecalage
00012730   _npadd
0001272c   _nrep
00012890   _ntestson
000125a0   _oldDIP0
000125a4   _oldDIP1
000125a8   _oldDIP2
000125ac   _oldDIP3
00001e54   _output_left_sample
00001f34   _output_right_sample
00001d54   _output_sample
0000e780   _printf
0000aae0   _putc
0000e880   _read
0000fbc0   _readmsg
00010500   _remove
000128cc   _scale
0000e980   _scanf
00000bd4   _setGPIO
0000a580   _setvbuf
00004680   _strtod
00005dc0   _strtol
00004c60   _strtold
00005240   _strtoll
000068a0   _strtoul
00007280   _strtoull
00012560   _tabTest
0000d000   _ungetc
0000fd00   _unlink
00000020   _vector1
00000140   _vector10
00000180   _vector12
000001a0   _vector13
000001c0   _vector14
00000040   _vector2
00000060   _vector3
000000a0   _vector5
000000c0   _vector6
000000e0   _vector7
00000100   _vector8
00000120   _vector9
00000000   _vectors
0000ea80   _write
0000fda0   _writemsg
ffffffff   binit
00012f90   cinit
00000220   end
00010540   etext
ffffffff   pinit


GLOBAL SYMBOLS: SORTED BY Symbol Address 

address    name
--------   ----
00000000   _vectors
00000001   __TI_args_main
00000020   _vector1
00000040   _vector2
00000060   _vector3
000000a0   _vector5
000000c0   _vector6
000000e0   _vector7
00000100   _vector8
00000120   _vector9
00000140   _vector10
00000180   _vector12
000001a0   _vector13
000001c0   _vector14
00000220   $bss
00000220   .bss
00000220   .text
00000220   ___bss__
00000220   ___end__
00000220   ___text__
00000220   _main
00000220   end
00000454   _CorrManip
00000548   _TestIntensite
00000630   _TestPeriodicite
000009b8   _SetGainNum
00000b0c   _configAndStartTimer1
00000b90   _SetEMIFRegister
00000bd4   _setGPIO
00000c20   _ReadADCConversion
00000c44   _StartADCConversion
00000c5c   _SetupAll
00000db0   _etatDIP0
00000dfc   _etatDIP1
00000e48   _etatDIP2
00000e94   _etatDIP3
00000ee0   _initialiseLED
00000f20   __scanfi
00001000   __STACK_SIZE
00001000   __SYSMEM_SIZE
00001ae0   _c6713_dsk_init
00001bcc   _comm_poll
00001c00   _comm_intr
00001d54   _output_sample
00001e54   _output_left_sample
00001f34   _output_right_sample
00002014   _input_sample
00002118   _input_left_sample
000021e0   _input_right_sample
000022c0   _ISRTimer1
00002660   _ISROUTDAC
00002a98   _ISRConvTermine
00003260   __divd
00004680   _strtod
00004c60   _strtold
00005240   _strtoll
00005dc0   _strtol
00006340   __printfi
000068a0   _strtoul
00006dc0   _fputs
00007280   _strtoull
0000776c   _DSK6713_init
00007a88   _DSK6713_rget
00007a9c   _DSK6713_rset
00007ab0   _DSK6713_wait
00007b08   _DSK6713_waitusec
00007b34   _DSK6713_getVersion
00008b60   __divull
00009260   _free
00009ca0   _DSK6713_AIC23_openCodec
0000a580   _setvbuf
0000aae0   _fputc
0000aae0   _putc
0000ad80   __divul
0000b220   _malloc
0000b460   _memcpy
0000b6a0   _HOSTrename
0000c0a0   _IRQ_map
0000c260   _fseek
0000c420   _MCBSP_reset
0000c900   _fgetc
0000c900   _getc
0000ca80   _HOSTlseek
0000cbe0   __buff_read
0000cd40   __closefile
0000d000   _ungetc
0000d160   _DSK6713_AIC23_rset
0000d1fc   _DSK6713_AIC23_rget
0000d220   _DSK6713_AIC23_config
0000d2c0   _HOSTread
0000d400   __frcmpyd_div
0000d540   _atoi
0000d680   _ltoa
0000d7c0   _HOSTopen
0000d8e0   _HOSTwrite
0000da00   __c6xabi_divi
0000da00   __divi
0000db20   __wrt_ok
0000dc40   _close
0000dd60   _memset
0000de80   _HOSTclose
0000df80   _HOSTunlink
0000e080   _MCBSP_open
0000e180   _MCBSP_start
0000e280   __auto_init
0000e480   __divli
0000e680   _lseek
0000e780   _printf
0000e880   _read
0000e980   _scanf
0000ea80   _write
0000eb80   __cleanup
0000ec60   __doflush
0000ef00   __rd_ok
0000efe0   __strasg
0000f0c0   _exit
0000f360   _enableInterruptTIMER1
0000f390   _disableInterruptTIMER1
0000f3ac   _enableInterruptGPIO4
0000f3dc   _enableInterruptDAC
0000f40c   _disableInterruptDAC
0000f440   __c6xabi_divu
0000f440   __divu
0000f500   _copy_in
0000f680   _CorrASM
0000f740   _DSK6713_AIC23_setFreq
0000f800   _MCBSP_config
0000f8a0   __fixdli
0000f940   __mpyll
0000f9e0   __remli
0000fa80   __remul
0000fb20   __remull
0000fbc0   _readmsg
0000fd00   _unlink
0000fda0   _writemsg
0000fe18   C$$IO$$
0000fe40   ___TI_cpp_init
0000fec0   __fltlid
0000ff40   __llshl
0000ffc0   _c_int00
00010040   _memccpy
000100c0   ___isinf
00010120   __llshru
00010180   __subcull
000101e0   _IRQ_enable
00010220   _IRQ_reset
000102a0   __args_main
00010300   _IRQ_globalDisable
00010320   _IRQ_globalEnable
00010340   _IRQ_nmiEnable
00010360   _IRQ_setVecs
00010380   _MCBSP_getXmtEventId
000103a0   _MCBSP_read
000103c0   _MCBSP_rrdy
000103e0   _MCBSP_write
00010400   _MCBSP_xrdy
00010440   __negll
00010460   __nop
000104e0   C$$EXIT
000104e0   _abort
00010500   _remove
00010520   __IRQ_hookFetchPacket
00010540   ___etext__
00010540   __stack
00010540   etext
00011540   __STACK_END
00011540   __sys_memory
00012540   _a
0001254c   _fs
00012550   _inputsource
00012552   _ValADCIn
00012554   _ValSon
00012558   _i
0001255c   _ledBool
00012560   _tabTest
00012588   _nbEchADC
0001258c   _Addr_SDRAM
00012590   _enablerejouer
00012594   _enableenregistrement
00012598   _IsADCconvTermine
0001259c   _IsDACreadtermine
000125a0   _oldDIP0
000125a4   _oldDIP1
000125a8   _oldDIP2
000125ac   _oldDIP3
000125b0   _etat1
000125b4   _etat2
000125b8   _etat3
000125bc   _etat4
000125c0   _compLED
000125c4   _firstPlay
000125c8   _ActualPos
000125cc   _GainNum
000125d0   _filterON
000125d4   _bufferFiltre
00012628   _FIRCoe
000126d0   _BuffFiltre
00012724   _ncorr
00012728   _ndecalage
0001272c   _nrep
00012730   _npadd
00012734   _VectCorr
00012770   _VectRep
000127e4   _VectPadder
00012890   _ntestson
00012894   _TestAmp
000128bc   _SeuilSon
000128c0   _TrameEnr
000128c4   _IsSound
000128c8   _debugMic
000128cc   _scale
000128d0   _TabPeak
00012944   _nVerif
00012948   __ftable
00012b28   __tmpnams
00012c68   __ft_end
00012db0   __IRQ_eventTable
00012e34   __IRQ_intTable
00012e74   __IRQ_dispatchTable
00012e7c   _AIC_data
00012e88   _AIC23CfgData
00012ea8   _config
00012ed0   _hAIC23_handle
00012f04   __MCBSP_hDev0
00012f08   __MCBSP_hDev1
00012f54   __cleanup_ptr
00012f58   __dtors_ptr
00012f5c   ___TI_enable_exit_profile_output
00012f60   _DSK6713_AIC23_codeccontrolhandle
00012f64   _DSK6713_AIC23_codecdatahandle
00012f68   __lock
00012f6c   __unlock
00012f80   _errno
00012f88   _DSK6713_version
00012f90   ___cinit__
00012f90   cinit
000136a0   __ctypes_
000139cc   __CIOBUF_
ffffffff   ___TI_pprof_out_hndl
ffffffff   ___TI_prof_data_size
ffffffff   ___TI_prof_data_start
ffffffff   ___binit__
ffffffff   ___c_args__
ffffffff   ___pinit__
ffffffff   binit
ffffffff   pinit

[246 symbols]
