******************************************************************************
               TMS320C6x Linker PC v7.4.20                     
******************************************************************************
>> Linked Fri Mar 31 18:15:53 2017

OUTPUT FILE NAME:   <DEMO_COM_RS232.out>
ENTRY POINT SYMBOL: "_c_int00"  address: 000021a0


MEMORY CONFIGURATION

         name            origin    length      used     unused   attr    fill
----------------------  --------  ---------  --------  --------  ----  --------
  IVECS                 00000000   00000220  00000200  00000020  RWIX
  IRAM                  00000220   0002fde0  00003796  0002c64a  RWIX
  SDRAM                 80000000   01000000  00000000  01000000  RWIX
  FLASH                 90000000   00020000  00000000  00020000  RWIX


SECTION ALLOCATION MAP

 output                                  attributes/
section   page    origin      length       input sections
--------  ----  ----------  ----------   ----------------
.vectors   0    00000000    00000200     
                  00000000    00000200     Vectors.obj (.vectors)

.bss       0    00000220    00000000     UNINITIALIZED

.text      0    00000220    00002360     
                  00000220    00000780     SPI_driver.obj (.text)
                  000009a0    00000480     dsk6713bsl.lib : dsk6713.obj (.text)
                  00000e20    00000240     rts6700.lib : memcpy62.obj (.text:_memcpy)
                  00001060    000001c0     csl6713.lib : csl_irq.obj (.text:_IRQ_map)
                  00001220    000001a0     Telephone.obj (.text)
                  000013c0    000001a0     csl6713.lib : csl_mcbsp.obj (.text:_MCBSP_reset)
                  00001560    000001a0     dsk6713bsl.lib : dsk6713_led.obj (.text)
                  00001700    00000140     rts6700.lib : strasg.obj (.text:__strasgi)
                  00001840    00000100     csl6713.lib : csl_mcbsp.obj (.text:_MCBSP_open)
                  00001940    00000100                 : csl_mcbsp.obj (.text:_MCBSP_start)
                  00001a40    00000100     rts6700.lib : autoinit.obj (.text:__auto_init)
                  00001b40    000000e0                 : strasg.obj (.text:__strasg)
                  00001c20    000000e0                 : exit.obj (.text:_exit)
                  00001d00    000000c0     csl6713.lib : csl_gpio.obj (.text:_GPIO_open)
                  00001dc0    000000c0                 : csl_gpio.obj (.text:_GPIO_reset)
                  00001e80    000000c0     rts6700.lib : cpy_tbl.obj (.text:_copy_in)
                  00001f40    000000a0     csl6713.lib : csl_gpio.obj (.text:_GPIO_intPolarity)
                  00001fe0    000000a0                 : csl_mcbsp.obj (.text:_MCBSP_config)
                  00002080    000000a0                 : csl_irq.obj (.text:_setMux)
                  00002120    00000080     rts6700.lib : cpp_init.obj (.text:___TI_cpp_init)
                  000021a0    00000080                 : boot.obj (.text:_c_int00)
                  00002220    00000080     dsk6713bsl.lib : dsk6713_dip.obj (.text)
                  000022a0    00000060     csl6713.lib : csl_gpio.obj (.text:_GPIO_pinDirection)
                  00002300    00000040                 : csl_gpio.obj (.text:_GPIO_pinEnable)
                  00002340    00000040                 : csl_irq.obj (.text:_IRQ_enable)
                  00002380    00000040                 : csl_irq.obj (.text:_IRQ_reset)
                  000023c0    00000040     rts6700.lib : args_main.obj (.text:__args_main)
                  00002400    00000040     SPI_driver.obj (.text:retain)
                  00002440    00000020     Vectors.obj (.text)
                  00002460    00000020     csl6713.lib : csl_irq.obj (.text:_IRQ_globalEnable)
                  00002480    00000020                 : csl_irq.obj (.text:_IRQ_nmiEnable)
                  000024a0    00000020                 : csl_irq.obj (.text:_IRQ_setVecs)
                  000024c0    00000020                 : csl_mcbsp.obj (.text:_MCBSP_read)
                  000024e0    00000020                 : csl_mcbsp.obj (.text:_MCBSP_rrdy)
                  00002500    00000020                 : csl_mcbsp.obj (.text:_MCBSP_write)
                  00002520    00000020                 : csl_mcbsp.obj (.text:_MCBSP_xrdy)
                  00002540    00000020     rts6700.lib : exit.obj (.text:_abort)
                  00002560    00000020     csl6713.lib : csl_irq.obj (.text)

.stack     0    00002580    00001000     UNINITIALIZED
                  00002580    00000008     rts6700.lib : boot.obj (.stack)
                  00002588    00000ff8     --HOLE--

.cinit     0    00003580    00000264     
                  00003580    0000012c     csl6713.lib : csl_irq.obj (.cinit)
                  000036ac    00000004     --HOLE-- [fill = 0]
                  000036b0    00000054                 : csl_mcbsp.obj (.cinit)
                  00003704    00000004     --HOLE-- [fill = 0]
                  00003708    00000044                 : csl_gpio.obj (.cinit)
                  0000374c    00000004     --HOLE-- [fill = 0]
                  00003750    0000002c     SPI_driver.obj (.cinit)
                  0000377c    00000004     --HOLE-- [fill = 0]
                  00003780    0000002c     rts6700.lib : exit.obj (.cinit)
                  000037ac    00000004     --HOLE-- [fill = 0]
                  000037b0    0000002a     Telephone.obj (.cinit)
                  000037da    00000006     --HOLE-- [fill = 0]
                  000037e0    00000004     (.pad.cinit) [fill = 0]

.far       0    000037e4    00000192     UNINITIALIZED
                  000037e4    000000f4     csl6713.lib : csl_irq.obj (.far)
                  000038d8    00000038                 : csl_mcbsp.obj (.far)
                  00003910    00000028     SPI_driver.obj (.far)
                  00003938    00000024     csl6713.lib : csl_gpio.obj (.far)
                  0000395c    0000000c     rts6700.lib : exit.obj (.far)
                  00003968    0000000a     Telephone.obj (.far)
                  00003972    00000002     dsk6713bsl.lib : dsk6713.obj (.far)
                  00003974    00000002                    : dsk6713_led.obj (.far)

.const     0    00003978    00000040     
                  00003978    00000020     SPI_driver.obj (.const)
                  00003998    00000020     dsk6713bsl.lib : dsk6713.obj (.const)


GLOBAL SYMBOLS: SORTED ALPHABETICALLY BY Name 

address    name
--------   ----
00000220   $bss
00000220   .bss
00000220   .text
00002540   C$$EXIT
0000392c   _Config_act
00003934   _DSK6713_AIC23_CONTROLHANDLE
00002228   _DSK6713_DIP_get
00002220   _DSK6713_DIP_init
00001560   _DSK6713_LED_init
00001588   _DSK6713_LED_off
000015e4   _DSK6713_LED_on
00001640   _DSK6713_LED_toggle
00000db4   _DSK6713_getVersion
000009ec   _DSK6713_init
00000d08   _DSK6713_rget
00000d1c   _DSK6713_rset
00003972   _DSK6713_version
00000d30   _DSK6713_wait
00000d88   _DSK6713_waitusec
00003920   _DirectionSettings
00001340   _EcrireNom
00001368   _EnableGlobalInterrupts
00001f40   _GPIO_intPolarity
00001d00   _GPIO_open
000022a0   _GPIO_pinDirection
00002300   _GPIO_pinEnable
00001dc0   _GPIO_reset
00002340   _IRQ_enable
00002460   _IRQ_globalEnable
00001060   _IRQ_map
00002480   _IRQ_nmiEnable
00002380   _IRQ_reset
000024a0   _IRQ_setVecs
0000396c   _LastDip
00001fe0   _MCBSP_config
00001840   _MCBSP_open
000024c0   _MCBSP_read
000013c0   _MCBSP_reset
000024e0   _MCBSP_rrdy
00001940   _MCBSP_start
00002500   _MCBSP_write
00002520   _MCBSP_xrdy
0000391c   _My_GPIO_Handle
00003918   _My_MCBSP_handle
00003970   _ReadValue
00003930   _SPI_Config_Verif
00000860   _SPI_Read
00000718   _SPI_Write
00000220   _SPI_init
00003924   _Test_bidon
00003928   _Verif
00003944   __GPIO_intTable
000038d0   __IRQ_dispatchTable
0000380c   __IRQ_eventTable
00002560   __IRQ_hookFetchPacket
00003890   __IRQ_intTable
00003908   __MCBSP_hDev0
0000390c   __MCBSP_hDev1
00003580   __STACK_END
00001000   __STACK_SIZE
00000001   __TI_args_main
00002120   ___TI_cpp_init
00003964   ___TI_enable_exit_profile_output
ffffffff   ___TI_pprof_out_hndl
ffffffff   ___TI_prof_data_size
ffffffff   ___TI_prof_data_start
ffffffff   ___binit__
00000220   ___bss__
ffffffff   ___c_args__
00003580   ___cinit__
00000220   ___end__
00002580   ___etext__
ffffffff   ___pinit__
00000220   ___text__
000023c0   __args_main
00001a40   __auto_init
00001700   __c6xabi_strasgi
0000395c   __cleanup_ptr
00003960   __dtors_ptr
00003958   __hGpioDev0
00002580   __stack
00001b40   __strasg
00001700   __strasgi
00002540   _abort
000021a0   _c_int00
00002400   _c_int04
00001e80   _copy_in
00001c20   _exit
00003910   _flag_SPI
00003914   _input_SPI
00003968   _is_comp
00001220   _main
00000e20   _memcpy
00000020   _vector1
00000140   _vector10
00000160   _vector11
00000180   _vector12
000001a0   _vector13
000001c0   _vector14
000001e0   _vector15
00000040   _vector2
00000060   _vector3
000000a0   _vector5
000000c0   _vector6
000000e0   _vector7
00000100   _vector8
00000120   _vector9
00000000   _vectors
ffffffff   binit
00003580   cinit
00000220   end
00002580   etext
ffffffff   pinit


GLOBAL SYMBOLS: SORTED BY Symbol Address 

address    name
--------   ----
00000000   _vectors
00000001   __TI_args_main
00000020   _vector1
00000040   _vector2
00000060   _vector3
000000a0   _vector5
000000c0   _vector6
000000e0   _vector7
00000100   _vector8
00000120   _vector9
00000140   _vector10
00000160   _vector11
00000180   _vector12
000001a0   _vector13
000001c0   _vector14
000001e0   _vector15
00000220   $bss
00000220   .bss
00000220   .text
00000220   _SPI_init
00000220   ___bss__
00000220   ___end__
00000220   ___text__
00000220   end
00000718   _SPI_Write
00000860   _SPI_Read
000009ec   _DSK6713_init
00000d08   _DSK6713_rget
00000d1c   _DSK6713_rset
00000d30   _DSK6713_wait
00000d88   _DSK6713_waitusec
00000db4   _DSK6713_getVersion
00000e20   _memcpy
00001000   __STACK_SIZE
00001060   _IRQ_map
00001220   _main
00001340   _EcrireNom
00001368   _EnableGlobalInterrupts
000013c0   _MCBSP_reset
00001560   _DSK6713_LED_init
00001588   _DSK6713_LED_off
000015e4   _DSK6713_LED_on
00001640   _DSK6713_LED_toggle
00001700   __c6xabi_strasgi
00001700   __strasgi
00001840   _MCBSP_open
00001940   _MCBSP_start
00001a40   __auto_init
00001b40   __strasg
00001c20   _exit
00001d00   _GPIO_open
00001dc0   _GPIO_reset
00001e80   _copy_in
00001f40   _GPIO_intPolarity
00001fe0   _MCBSP_config
00002120   ___TI_cpp_init
000021a0   _c_int00
00002220   _DSK6713_DIP_init
00002228   _DSK6713_DIP_get
000022a0   _GPIO_pinDirection
00002300   _GPIO_pinEnable
00002340   _IRQ_enable
00002380   _IRQ_reset
000023c0   __args_main
00002400   _c_int04
00002460   _IRQ_globalEnable
00002480   _IRQ_nmiEnable
000024a0   _IRQ_setVecs
000024c0   _MCBSP_read
000024e0   _MCBSP_rrdy
00002500   _MCBSP_write
00002520   _MCBSP_xrdy
00002540   C$$EXIT
00002540   _abort
00002560   __IRQ_hookFetchPacket
00002580   ___etext__
00002580   __stack
00002580   etext
00003580   __STACK_END
00003580   ___cinit__
00003580   cinit
0000380c   __IRQ_eventTable
00003890   __IRQ_intTable
000038d0   __IRQ_dispatchTable
00003908   __MCBSP_hDev0
0000390c   __MCBSP_hDev1
00003910   _flag_SPI
00003914   _input_SPI
00003918   _My_MCBSP_handle
0000391c   _My_GPIO_Handle
00003920   _DirectionSettings
00003924   _Test_bidon
00003928   _Verif
0000392c   _Config_act
00003930   _SPI_Config_Verif
00003934   _DSK6713_AIC23_CONTROLHANDLE
00003944   __GPIO_intTable
00003958   __hGpioDev0
0000395c   __cleanup_ptr
00003960   __dtors_ptr
00003964   ___TI_enable_exit_profile_output
00003968   _is_comp
0000396c   _LastDip
00003970   _ReadValue
00003972   _DSK6713_version
ffffffff   ___TI_pprof_out_hndl
ffffffff   ___TI_prof_data_size
ffffffff   ___TI_prof_data_start
ffffffff   ___binit__
ffffffff   ___c_args__
ffffffff   ___pinit__
ffffffff   binit
ffffffff   pinit

[113 symbols]
