******************************************************************************
               TMS320C6x Linker PC v7.4.20                     
******************************************************************************
>> Linked Mon Apr 03 12:11:20 2017

OUTPUT FILE NAME:   <DEMO_COM_RS232.out>
ENTRY POINT SYMBOL: "_c_int00"  address: 00009940


MEMORY CONFIGURATION

         name            origin    length      used     unused   attr    fill
----------------------  --------  ---------  --------  --------  ----  --------
  IVECS                 00000000   00000220  00000200  00000020  RWIX
  IRAM                  00000220   0002fde0  0000c988  00023458  RWIX
  SDRAM                 80000000   01000000  00000000  01000000  RWIX
  FLASH                 90000000   00020000  00000000  00020000  RWIX


SECTION ALLOCATION MAP

 output                                  attributes/
section   page    origin      length       input sections
--------  ----  ----------  ----------   ----------------
.vectors   0    00000000    00000200     
                  00000000    00000200     Vectors.obj (.vectors)

.bss       0    00000220    00000000     UNINITIALIZED

.text      0    00000220    00009d80     
                  00000220    000007a0     SPI_driver.obj (.text)
                  000009c0    00000720     rts6700.lib : divd.obj (.text:__divd)
                  000010e0    000006c0                 : _printfi.obj (.text:__getarg_diouxp)
                  000017a0    00000640                 : _printfi.obj (.text:__setfield)
                  00001de0    00000560                 : _printfi.obj (.text:__printfi)
                  00002340    000004c0                 : fputs.obj (.text:_fputs)
                  00002800    00000480     dsk6713bsl.lib : dsk6713.obj (.text)
                  00002c80    00000420     rts6700.lib : _printfi.obj (.text:_fcvt)
                  000030a0    00000400                 : _printfi.obj (.text:__pproc_fge)
                  000034a0    00000400                 : _printfi.obj (.text:_ecvt)
                  000038a0    00000380                 : imath64.obj (.text:__divull)
                  00003c20    00000380                 : memory.obj (.text:_free)
                  00003fa0    00000360                 : _printfi.obj (.text:__pconv_e)
                  00004300    00000360                 : _printfi.obj (.text:__pproc_fwp)
                  00004660    00000300                 : _printfi.obj (.text:__pproc_diouxp)
                  00004960    000002c0                 : _printfi.obj (.text:__pproc_str)
                  00004c20    000002c0                 : setvbuf.obj (.text:_setvbuf)
                  00004ee0    000002a0                 : _printfi.obj (.text:__pconv_g)
                  00005180    000002a0                 : fputc.obj (.text:_fputc)
                  00005420    00000280     Telephone.obj (.text)
                  000056a0    00000260     rts6700.lib : imath40.obj (.text:__divul)
                  00005900    00000240                 : _printfi.obj (.text:__mcpy)
                  00005b40    00000240                 : memory.obj (.text:_malloc)
                  00005d80    00000240                 : memcpy62.obj (.text:_memcpy)
                  00005fc0    00000220                 : trgdrv.obj (.text:_HOSTrename)
                  000061e0    000001e0                 : lowlev.obj (.text:_getdevice)
                  000063c0    000001c0     csl6713.lib : csl_irq.obj (.text:_IRQ_map)
                  00006580    000001c0     rts6700.lib : fseek.obj (.text:_fseek)
                  00006740    000001a0     csl6713.lib : csl_mcbsp.obj (.text:_MCBSP_reset)
                  000068e0    000001a0     rts6700.lib : _printfi.obj (.text:__ltostr)
                  00006a80    000001a0                 : _printfi.obj (.text:__pproc_fflags)
                  00006c20    000001a0     dsk6713bsl.lib : dsk6713_led.obj (.text)
                  00006dc0    00000160     rts6700.lib : trgdrv.obj (.text:_HOSTlseek)
                  00006f20    00000160                 : fclose.obj (.text:__closefile)
                  00007080    00000140                 : trgdrv.obj (.text:_HOSTread)
                  000071c0    00000140                 : frcmpyd_div.obj (.text:__frcmpyd_div)
                  00007300    00000140                 : strasg.obj (.text:__strasgi)
                  00007440    00000140                 : atoi.obj (.text:_atoi)
                  00007580    00000140                 : ltoa.obj (.text:_ltoa)
                  000076c0    00000120                 : trgdrv.obj (.text:_HOSTopen)
                  000077e0    00000120                 : trgdrv.obj (.text:_HOSTwrite)
                  00007900    00000120                 : _io_perm.obj (.text:__wrt_ok)
                  00007a20    00000120                 : lowlev.obj (.text:_close)
                  00007b40    00000120                 : memset.obj (.text:_memset)
                  00007c60    00000100                 : trgdrv.obj (.text:_HOSTclose)
                  00007d60    00000100                 : trgdrv.obj (.text:_HOSTunlink)
                  00007e60    00000100     csl6713.lib : csl_mcbsp.obj (.text:_MCBSP_open)
                  00007f60    00000100                 : csl_mcbsp.obj (.text:_MCBSP_start)
                  00008060    00000100     rts6700.lib : autoinit.obj (.text:__auto_init)
                  00008160    00000100                 : _printfi.obj (.text:__div)
                  00008260    00000100                 : imath40.obj (.text:__divli)
                  00008360    00000100                 : _printfi.obj (.text:__pconv_f)
                  00008460    00000100                 : lowlev.obj (.text:_lseek)
                  00008560    00000100                 : printf.obj (.text:_printf)
                  00008660    00000100                 : lowlev.obj (.text:_write)
                  00008760    000000e0                 : fopen.obj (.text:__cleanup)
                  00008840    000000e0                 : fflush.obj (.text:__doflush)
                  00008920    000000e0                 : _printfi.obj (.text:__ecpy)
                  00008a00    000000e0                 : _printfi.obj (.text:__fcpy)
                  00008ae0    000000e0                 : strasg.obj (.text:__strasg)
                  00008bc0    000000e0                 : exit.obj (.text:_exit)
                  00008ca0    000000e0                 : memory.obj (.text:_minsert)
                  00008d80    000000e0                 : memory.obj (.text:_mremove)
                  00008e60    000000c0     csl6713.lib : csl_gpio.obj (.text:_GPIO_open)
                  00008f20    000000c0                 : csl_gpio.obj (.text:_GPIO_reset)
                  00008fe0    000000c0     rts6700.lib : divu.obj (.text:__divu)
                  000090a0    000000c0                 : cpy_tbl.obj (.text:_copy_in)
                  00009160    000000c0                 : lowlev.obj (.text:_finddevice)
                  00009220    000000a0     csl6713.lib : csl_gpio.obj (.text:_GPIO_intPolarity)
                  000092c0    000000a0                 : csl_mcbsp.obj (.text:_MCBSP_config)
                  00009360    000000a0     rts6700.lib : fixdli.obj (.text:__fixdli)
                  00009400    000000a0                 : mpyll.obj (.text:__mpyll)
                  000094a0    000000a0                 : imath40.obj (.text:__remli)
                  00009540    000000a0                 : trgmsg.obj (.text:_readmsg)
                  000095e0    000000a0     csl6713.lib : csl_irq.obj (.text:_setMux)
                  00009680    000000a0     rts6700.lib : lowlev.obj (.text:_unlink)
                  00009720    000000a0                 : trgmsg.obj (.text:_writemsg)
                  000097c0    00000080                 : cpp_init.obj (.text:___TI_cpp_init)
                  00009840    00000080                 : fltlid.obj (.text:__fltlid)
                  000098c0    00000080                 : llshift.obj (.text:__llshl)
                  00009940    00000080                 : boot.obj (.text:_c_int00)
                  000099c0    00000080                 : memccpy.obj (.text:_memccpy)
                  00009a40    00000080     dsk6713bsl.lib : dsk6713_dip.obj (.text)
                  00009ac0    00000060     csl6713.lib : csl_gpio.obj (.text:_GPIO_pinDirection)
                  00009b20    00000060     rts6700.lib : isinf.obj (.text:___isinf)
                  00009b80    00000060                 : llshift.obj (.text:__llshru)
                  00009be0    00000060                 : imath64.obj (.text:__subcull)
                  00009c40    00000040     csl6713.lib : csl_gpio.obj (.text:_GPIO_pinEnable)
                  00009c80    00000040                 : csl_irq.obj (.text:_IRQ_enable)
                  00009cc0    00000040                 : csl_irq.obj (.text:_IRQ_reset)
                  00009d00    00000040     rts6700.lib : _printfi.obj (.text:___isnan)
                  00009d40    00000040                 : args_main.obj (.text:__args_main)
                  00009d80    00000040     SPI_driver.obj (.text:retain)
                  00009dc0    00000020     Vectors.obj (.text)
                  00009de0    00000020     csl6713.lib : csl_irq.obj (.text:_IRQ_globalEnable)
                  00009e00    00000020                 : csl_irq.obj (.text:_IRQ_nmiEnable)
                  00009e20    00000020                 : csl_irq.obj (.text:_IRQ_setVecs)
                  00009e40    00000020                 : csl_mcbsp.obj (.text:_MCBSP_read)
                  00009e60    00000020                 : csl_mcbsp.obj (.text:_MCBSP_rrdy)
                  00009e80    00000020                 : csl_mcbsp.obj (.text:_MCBSP_write)
                  00009ea0    00000020                 : csl_mcbsp.obj (.text:_MCBSP_xrdy)
                  00009ec0    00000020     rts6700.lib : negll.obj (.text:__negll)
                  00009ee0    00000020                 : _lock.obj (.text:__nop)
                  00009f00    00000020                 : printf.obj (.text:__outc)
                  00009f20    00000020                 : printf.obj (.text:__outs)
                  00009f40    00000020                 : exit.obj (.text:_abort)
                  00009f60    00000020                 : remove.obj (.text:_remove)
                  00009f80    00000020     csl6713.lib : csl_irq.obj (.text)

.stack     0    00009fa0    00001000     UNINITIALIZED
                  00009fa0    00000008     rts6700.lib : boot.obj (.stack)
                  00009fa8    00000ff8     --HOLE--

.sysmem    0    0000afa0    00001000     UNINITIALIZED
                  0000afa0    00000008     rts6700.lib : memory.obj (.sysmem)
                  0000afa8    00000ff8     --HOLE--

.far       0    0000bfa0    000005ee     UNINITIALIZED
                  0000bfa0    00000324     rts6700.lib : defs.obj (.far)
                  0000c2c4    0000011c                 : lowlev.obj (.far)
                  0000c3e0    000000f4     csl6713.lib : csl_irq.obj (.far)
                  0000c4d4    00000038                 : csl_mcbsp.obj (.far)
                  0000c50c    00000028     SPI_driver.obj (.far)
                  0000c534    00000024     csl6713.lib : csl_gpio.obj (.far)
                  0000c558    0000000c     rts6700.lib : exit.obj (.far)
                  0000c564    0000000a     Telephone.obj (.far)
                  0000c56e    00000002     dsk6713bsl.lib : dsk6713.obj (.far)
                  0000c570    00000008     rts6700.lib : _lock.obj (.far)
                  0000c578    00000008                 : memory.obj (.far)
                  0000c580    00000008                 : trgdrv.obj (.far)
                  0000c588    00000004                 : fopen.obj (.far)
                  0000c58c    00000002     dsk6713bsl.lib : dsk6713_led.obj (.far)

.cinit     0    0000c590    00000384     
                  0000c590    0000012c     csl6713.lib : csl_irq.obj (.cinit)
                  0000c6bc    00000004     --HOLE-- [fill = 0]
                  0000c6c0    0000005c     rts6700.lib : defs.obj (.cinit)
                  0000c71c    00000004     --HOLE-- [fill = 0]
                  0000c720    0000005c                 : lowlev.obj (.cinit)
                  0000c77c    00000004     --HOLE-- [fill = 0]
                  0000c780    00000054     csl6713.lib : csl_mcbsp.obj (.cinit)
                  0000c7d4    00000004     --HOLE-- [fill = 0]
                  0000c7d8    00000044                 : csl_gpio.obj (.cinit)
                  0000c81c    00000004     --HOLE-- [fill = 0]
                  0000c820    0000002c     SPI_driver.obj (.cinit)
                  0000c84c    00000004     --HOLE-- [fill = 0]
                  0000c850    0000002c     rts6700.lib : exit.obj (.cinit)
                  0000c87c    00000004     --HOLE-- [fill = 0]
                  0000c880    0000002c                 : memory.obj (.cinit)
                  0000c8ac    00000004     --HOLE-- [fill = 0]
                  0000c8b0    0000002a     Telephone.obj (.cinit)
                  0000c8da    00000006     --HOLE-- [fill = 0]
                  0000c8e0    0000001c     rts6700.lib : _lock.obj (.cinit)
                  0000c8fc    00000004     --HOLE-- [fill = 0]
                  0000c900    0000000c                 : fopen.obj (.cinit)
                  0000c90c    00000004     --HOLE-- [fill = 0]
                  0000c910    00000004     (.pad.cinit) [fill = 0]

.const     0    0000c914    00000176     
                  0000c914    00000101     rts6700.lib : ctype.obj (.const:.string:__ctypes_)
                  0000ca15    00000023                 : _printfi.obj (.const:.string)
                  0000ca38    00000020     SPI_driver.obj (.const)
                  0000ca58    00000020     dsk6713bsl.lib : dsk6713.obj (.const)
                  0000ca78    00000010     Telephone.obj (.const:.string)
                  0000ca88    00000002     rts6700.lib : fputs.obj (.const:.string)

.cio       0    0000ca8c    00000120     UNINITIALIZED
                  0000ca8c    00000120     rts6700.lib : trgmsg.obj (.cio)


GLOBAL SYMBOLS: SORTED ALPHABETICALLY BY Name 

address    name
--------   ----
00000220   $bss
00000220   .bss
00000220   .text
00009f40   C$$EXIT
00009798   C$$IO$$
0000c528   _Config_act
0000c530   _DSK6713_AIC23_CONTROLHANDLE
00009a48   _DSK6713_DIP_get
00009a40   _DSK6713_DIP_init
00006c20   _DSK6713_LED_init
00006c48   _DSK6713_LED_off
00006ca4   _DSK6713_LED_on
00006d00   _DSK6713_LED_toggle
00002c14   _DSK6713_getVersion
0000284c   _DSK6713_init
00002b68   _DSK6713_rget
00002b7c   _DSK6713_rset
0000c56e   _DSK6713_version
00002b90   _DSK6713_wait
00002be8   _DSK6713_waitusec
0000c51c   _DirectionSettings
00005594   _EcrireNom
00005648   _EnableGlobalInterrupts
00009220   _GPIO_intPolarity
00008e60   _GPIO_open
00009ac0   _GPIO_pinDirection
00009c40   _GPIO_pinEnable
00008f20   _GPIO_reset
00007c60   _HOSTclose
00006dc0   _HOSTlseek
000076c0   _HOSTopen
00007080   _HOSTread
00005fc0   _HOSTrename
00007d60   _HOSTunlink
000077e0   _HOSTwrite
00009c80   _IRQ_enable
00009de0   _IRQ_globalEnable
000063c0   _IRQ_map
00009e00   _IRQ_nmiEnable
00009cc0   _IRQ_reset
00009e20   _IRQ_setVecs
0000c568   _LastDip
000092c0   _MCBSP_config
00007e60   _MCBSP_open
00009e40   _MCBSP_read
00006740   _MCBSP_reset
00009e60   _MCBSP_rrdy
00007f60   _MCBSP_start
00009e80   _MCBSP_write
00009ea0   _MCBSP_xrdy
0000c518   _My_GPIO_Handle
0000c514   _My_MCBSP_handle
0000c56c   _ReadValue
0000c52c   _SPI_Config_Verif
00000878   _SPI_Read
00000718   _SPI_Write
00000220   _SPI_init
0000c520   _Test_bidon
0000c524   _Verif
0000ca8c   __CIOBUF_
0000c540   __GPIO_intTable
0000c4cc   __IRQ_dispatchTable
0000c408   __IRQ_eventTable
00009f80   __IRQ_hookFetchPacket
0000c48c   __IRQ_intTable
0000c504   __MCBSP_hDev0
0000c508   __MCBSP_hDev1
0000afa0   __STACK_END
00001000   __STACK_SIZE
00001000   __SYSMEM_SIZE
00000001   __TI_args_main
000097c0   ___TI_cpp_init
0000c560   ___TI_enable_exit_profile_output
ffffffff   ___TI_pprof_out_hndl
ffffffff   ___TI_prof_data_size
ffffffff   ___TI_prof_data_start
ffffffff   ___binit__
00000220   ___bss__
ffffffff   ___c_args__
0000c590   ___cinit__
00000220   ___end__
00009fa0   ___etext__
00009b20   ___isinf
ffffffff   ___pinit__
00000220   ___text__
00009d40   __args_main
00008060   __auto_init
00008fe0   __c6xabi_divu
00007300   __c6xabi_strasgi
00008760   __cleanup
0000c558   __cleanup_ptr
00006f20   __closefile
0000c914   __ctypes_
000009c0   __divd
00008260   __divli
00008fe0   __divu
000056a0   __divul
000038a0   __divull
00008840   __doflush
0000c55c   __dtors_ptr
00009360   __fixdli
00009840   __fltlid
000071c0   __frcmpyd_div
0000c2c0   __ft_end
0000bfa0   __ftable
0000c554   __hGpioDev0
000098c0   __llshl
00009b80   __llshru
0000c570   __lock
00009400   __mpyll
00009ec0   __negll
00009ee0   __nop
00001de0   __printfi
000094a0   __remli
00009fa0   __stack
00008ae0   __strasg
00007300   __strasgi
00009be0   __subcull
0000afa0   __sys_memory
0000c180   __tmpnams
0000c574   __unlock
00007900   __wrt_ok
00009f40   _abort
00007440   _atoi
00009940   _c_int00
00009d80   _c_int04
00007a20   _close
000090a0   _copy_in
00008bc0   _exit
0000c50c   _flag_SPI
00005180   _fputc
00002340   _fputs
00003c20   _free
00006580   _fseek
0000c510   _input_SPI
0000c564   _is_comp
00008460   _lseek
00007580   _ltoa
00005420   _main
00005b40   _malloc
000099c0   _memccpy
00005d80   _memcpy
00007b40   _memset
00008560   _printf
00005180   _putc
00009540   _readmsg
00009f60   _remove
00004c20   _setvbuf
00009680   _unlink
00000020   _vector1
00000140   _vector10
00000160   _vector11
00000180   _vector12
000001a0   _vector13
000001c0   _vector14
000001e0   _vector15
00000040   _vector2
00000060   _vector3
000000a0   _vector5
000000c0   _vector6
000000e0   _vector7
00000100   _vector8
00000120   _vector9
00000000   _vectors
00008660   _write
00009720   _writemsg
ffffffff   binit
0000c590   cinit
00000220   end
00009fa0   etext
ffffffff   pinit


GLOBAL SYMBOLS: SORTED BY Symbol Address 

address    name
--------   ----
00000000   _vectors
00000001   __TI_args_main
00000020   _vector1
00000040   _vector2
00000060   _vector3
000000a0   _vector5
000000c0   _vector6
000000e0   _vector7
00000100   _vector8
00000120   _vector9
00000140   _vector10
00000160   _vector11
00000180   _vector12
000001a0   _vector13
000001c0   _vector14
000001e0   _vector15
00000220   $bss
00000220   .bss
00000220   .text
00000220   _SPI_init
00000220   ___bss__
00000220   ___end__
00000220   ___text__
00000220   end
00000718   _SPI_Write
00000878   _SPI_Read
000009c0   __divd
00001000   __STACK_SIZE
00001000   __SYSMEM_SIZE
00001de0   __printfi
00002340   _fputs
0000284c   _DSK6713_init
00002b68   _DSK6713_rget
00002b7c   _DSK6713_rset
00002b90   _DSK6713_wait
00002be8   _DSK6713_waitusec
00002c14   _DSK6713_getVersion
000038a0   __divull
00003c20   _free
00004c20   _setvbuf
00005180   _fputc
00005180   _putc
00005420   _main
00005594   _EcrireNom
00005648   _EnableGlobalInterrupts
000056a0   __divul
00005b40   _malloc
00005d80   _memcpy
00005fc0   _HOSTrename
000063c0   _IRQ_map
00006580   _fseek
00006740   _MCBSP_reset
00006c20   _DSK6713_LED_init
00006c48   _DSK6713_LED_off
00006ca4   _DSK6713_LED_on
00006d00   _DSK6713_LED_toggle
00006dc0   _HOSTlseek
00006f20   __closefile
00007080   _HOSTread
000071c0   __frcmpyd_div
00007300   __c6xabi_strasgi
00007300   __strasgi
00007440   _atoi
00007580   _ltoa
000076c0   _HOSTopen
000077e0   _HOSTwrite
00007900   __wrt_ok
00007a20   _close
00007b40   _memset
00007c60   _HOSTclose
00007d60   _HOSTunlink
00007e60   _MCBSP_open
00007f60   _MCBSP_start
00008060   __auto_init
00008260   __divli
00008460   _lseek
00008560   _printf
00008660   _write
00008760   __cleanup
00008840   __doflush
00008ae0   __strasg
00008bc0   _exit
00008e60   _GPIO_open
00008f20   _GPIO_reset
00008fe0   __c6xabi_divu
00008fe0   __divu
000090a0   _copy_in
00009220   _GPIO_intPolarity
000092c0   _MCBSP_config
00009360   __fixdli
00009400   __mpyll
000094a0   __remli
00009540   _readmsg
00009680   _unlink
00009720   _writemsg
00009798   C$$IO$$
000097c0   ___TI_cpp_init
00009840   __fltlid
000098c0   __llshl
00009940   _c_int00
000099c0   _memccpy
00009a40   _DSK6713_DIP_init
00009a48   _DSK6713_DIP_get
00009ac0   _GPIO_pinDirection
00009b20   ___isinf
00009b80   __llshru
00009be0   __subcull
00009c40   _GPIO_pinEnable
00009c80   _IRQ_enable
00009cc0   _IRQ_reset
00009d40   __args_main
00009d80   _c_int04
00009de0   _IRQ_globalEnable
00009e00   _IRQ_nmiEnable
00009e20   _IRQ_setVecs
00009e40   _MCBSP_read
00009e60   _MCBSP_rrdy
00009e80   _MCBSP_write
00009ea0   _MCBSP_xrdy
00009ec0   __negll
00009ee0   __nop
00009f40   C$$EXIT
00009f40   _abort
00009f60   _remove
00009f80   __IRQ_hookFetchPacket
00009fa0   ___etext__
00009fa0   __stack
00009fa0   etext
0000afa0   __STACK_END
0000afa0   __sys_memory
0000bfa0   __ftable
0000c180   __tmpnams
0000c2c0   __ft_end
0000c408   __IRQ_eventTable
0000c48c   __IRQ_intTable
0000c4cc   __IRQ_dispatchTable
0000c504   __MCBSP_hDev0
0000c508   __MCBSP_hDev1
0000c50c   _flag_SPI
0000c510   _input_SPI
0000c514   _My_MCBSP_handle
0000c518   _My_GPIO_Handle
0000c51c   _DirectionSettings
0000c520   _Test_bidon
0000c524   _Verif
0000c528   _Config_act
0000c52c   _SPI_Config_Verif
0000c530   _DSK6713_AIC23_CONTROLHANDLE
0000c540   __GPIO_intTable
0000c554   __hGpioDev0
0000c558   __cleanup_ptr
0000c55c   __dtors_ptr
0000c560   ___TI_enable_exit_profile_output
0000c564   _is_comp
0000c568   _LastDip
0000c56c   _ReadValue
0000c56e   _DSK6713_version
0000c570   __lock
0000c574   __unlock
0000c590   ___cinit__
0000c590   cinit
0000c914   __ctypes_
0000ca8c   __CIOBUF_
ffffffff   ___TI_pprof_out_hndl
ffffffff   ___TI_prof_data_size
ffffffff   ___TI_prof_data_start
ffffffff   ___binit__
ffffffff   ___c_args__
ffffffff   ___pinit__
ffffffff   binit
ffffffff   pinit

[171 symbols]
